xyz:INTC: 99 日 / 特徴量 229 / 目的変数 6
  [1/99] dt=2026-05-04
  [10/99] dt=2026-05-13
  [20/99] dt=2026-05-23
  [30/99] dt=2026-06-02
  [40/99] dt=2026-06-12
  [50/99] dt=2026-06-22
  [60/99] dt=2026-07-02
  [70/99] dt=2026-07-12
  [80/99] dt=2026-07-22
  [90/99] dt=2026-08-01

全列有限の行 1,693,113 / 1,710,720 (99.0%)
|r|>0.99 の重複ペア 130 組 / 単連結 |r|>0.95 で 221 → 157 群
shape: (12, 5)
┌───────────────────────┬─────┬────────────┬─────────────┬─────────────┐
│ family                ┆ n   ┆ finite_p50 ┆ max_abs_fwd ┆ max_abs_bwd │
│ ---                   ┆ --- ┆ ---        ┆ ---         ┆ ---         │
│ str                   ┆ u32 ┆ f64        ┆ f64         ┆ f64         │
╞═══════════════════════╪═════╪════════════╪═════════════╪═════════════╡
│ 1 価格と最良気配      ┆ 17  ┆ 0.999942   ┆ 0.018649    ┆ 0.32413     │
│ 10 取消               ┆ 23  ┆ 1.0        ┆ 0.006165    ┆ 0.071104    │
│ 11 指値の到着         ┆ 6   ┆ 1.0        ┆ 0.003754    ┆ 0.008623    │
│ 12 攻撃的な約定フロー ┆ 15  ┆ 1.0        ┆ 0.016651    ┆ 0.212031    │
│ 2 板の偏り OBI        ┆ 19  ┆ 1.0        ┆ 0.076347    ┆ 0.097866    │
│ …                     ┆ …   ┆ …          ┆ …           ┆ …           │
│ 5 板の形              ┆ 17  ┆ 0.999942   ┆ 0.022985    ┆ 0.040267    │
│ 6 板の隙間            ┆ 16  ┆ 1.0        ┆ 0.040175    ┆ 0.024984    │
│ 7 板の弾力性          ┆ 9   ┆ 0.999942   ┆ 0.065545    ┆ 0.049377    │
│ 8 OFI                 ┆ 27  ┆ 0.999942   ┆ 0.015301    ┆ 0.523749    │
│ 9 指値フロー          ┆ 23  ┆ 1.0        ┆ 0.014146    ┆ 0.104866    │
└───────────────────────┴─────┴────────────┴─────────────┴─────────────┘
shape: (15, 8)
┌────────────┬────────────┬────────────┬───────────┬───────────┬───────────┬───────────┬───────────┐
│ feature    ┆ family     ┆ fwd_micro_ ┆ fwd_micro ┆ bwd_mid_1 ┆ pl_micro_ ┆ is_1st    ┆ oos_2nd   │
│ ---        ┆ ---        ┆ 10s        ┆ _10s_t    ┆ 0s        ┆ 10s       ┆ ---       ┆ ---       │
│ str        ┆ str        ┆ ---        ┆ ---       ┆ ---       ┆ ---       ┆ f64       ┆ f64       │
│            ┆            ┆ f64        ┆ f64       ┆ f64       ┆ f64       ┆           ┆           │
╞════════════╪════════════╪════════════╪═══════════╪═══════════╪═══════════╪═══════════╪═══════════╡
│ tick       ┆ 1 価格と最 ┆ NaN        ┆ NaN       ┆ NaN       ┆ NaN       ┆ NaN       ┆ NaN       │
│            ┆ 良気配     ┆            ┆           ┆           ┆           ┆           ┆           │
│ delta1     ┆ 4 マイクロ ┆ -0.10163   ┆ -20.08281 ┆ -0.035923 ┆ 0.001083  ┆ -0.121844 ┆ -0.08182  │
│            ┆ プライス   ┆            ┆ 2         ┆           ┆           ┆           ┆           │
│ delta1_bp  ┆ 4 マイクロ ┆ -0.101586  ┆ -20.07665 ┆ -0.035922 ┆ 0.00113   ┆ -0.121742 ┆ -0.081832 │
│            ┆ プライス   ┆            ┆ 1         ┆           ┆           ┆           ┆           │
│ obi_x_spre ┆ 4 マイクロ ┆ -0.101586  ┆ -20.07665 ┆ -0.035922 ┆ 0.00113   ┆ -0.121742 ┆ -0.081832 │
│ ad         ┆ プライス   ┆            ┆ 1         ┆           ┆           ┆           ┆           │
│ delta_disa ┆ 4 マイクロ ┆ -0.100523  ┆ -22.71207 ┆ 0.017991  ┆ 0.000322  ┆ -0.118366 ┆ -0.083037 │
│ gree       ┆ プライス   ┆            ┆ 3         ┆           ┆           ┆           ┆           │
│ …          ┆ …          ┆ …          ┆ …         ┆ …         ┆ …         ┆ …         ┆ …         │
│ obi_sign   ┆ 2 板の偏り ┆ -0.066002  ┆ -24.96045 ┆ 0.006982  ┆ 0.002154  ┆ -0.070944 ┆ -0.061159 │
│            ┆ OBI        ┆            ┆ 9         ┆           ┆           ┆           ┆           │
│ elast_asym ┆ 7          ┆ 0.065545   ┆ 23.262745 ┆ -0.049377 ┆ -0.001416 ┆ 0.071712  ┆ 0.0595    │
│            ┆ 板の弾力性 ┆            ┆           ┆           ┆           ┆           ┆           │
│ log_depth_ ┆ 2 板の偏り ┆ -0.056688  ┆ -21.29382 ┆ 0.0156    ┆ 0.002282  ┆ -0.060277 ┆ -0.053172 │
│ ratio      ┆ OBI        ┆            ┆           ┆           ┆           ┆           ┆           │
│ micro_ret  ┆ 4 マイクロ ┆ -0.054881  ┆ -7.649874 ┆ 0.264101  ┆ -0.000311 ┆ -0.057393 ┆ -0.052419 │
│            ┆ プライス   ┆            ┆           ┆           ┆           ┆           ┆           │
│ d_micro    ┆ 4 マイクロ ┆ -0.054871  ┆ -7.634657 ┆ 0.264022  ┆ -0.00036  ┆ -0.057418 ┆ -0.052376 │
│            ┆ プライス   ┆            ┆           ┆           ┆           ┆           ┆           │
└────────────┴────────────┴────────────┴───────────┴───────────┴───────────┴───────────┴───────────┘
