=== inputs ready Sat Sep  5 12:36:38     2026 ===
xyz:INTC: 99 日 / 特徴量 229 / 目的変数 6
  [1/99] dt=2026-05-04
  [10/99] dt=2026-05-13
  [20/99] dt=2026-05-23
  [30/99] dt=2026-06-02
  [40/99] dt=2026-06-12
  [50/99] dt=2026-06-22
  [60/99] dt=2026-07-02
  [70/99] dt=2026-07-12
  [80/99] dt=2026-07-22
  [90/99] dt=2026-08-01

全列有限の行 1,693,113 / 1,710,720 (99.0%)
|r|>0.99 の重複ペア 130 組 / 単連結 |r|>0.95 で 221 → 157 群
shape: (12, 5)
┌───────────────────────┬─────┬────────────┬─────────────┬─────────────┐
│ family                ┆ n   ┆ finite_p50 ┆ max_abs_fwd ┆ max_abs_bwd │
│ ---                   ┆ --- ┆ ---        ┆ ---         ┆ ---         │
│ str                   ┆ u32 ┆ f64        ┆ f64         ┆ f64         │
╞═══════════════════════╪═════╪════════════╪═════════════╪═════════════╡
│ 1 価格と最良気配      ┆ 17  ┆ 0.999942   ┆ 0.018649    ┆ 0.32413     │
│ 10 取消               ┆ 23  ┆ 1.0        ┆ 0.006165    ┆ 0.071104    │
│ 11 指値の到着         ┆ 6   ┆ 1.0        ┆ 0.003754    ┆ 0.008623    │
│ 12 攻撃的な約定フロー ┆ 15  ┆ 1.0        ┆ 0.016651    ┆ 0.212031    │
│ 2 板の偏り OBI        ┆ 19  ┆ 1.0        ┆ 0.076347    ┆ 0.097866    │
│ …                     ┆ …   ┆ …          ┆ …           ┆ …           │
│ 5 板の形              ┆ 17  ┆ 0.999942   ┆ 0.022985    ┆ 0.040267    │
│ 6 板の隙間            ┆ 16  ┆ 1.0        ┆ 0.040175    ┆ 0.024984    │
│ 7 板の弾力性          ┆ 9   ┆ 0.999942   ┆ 0.065545    ┆ 0.049377    │
│ 8 OFI                 ┆ 27  ┆ 0.999942   ┆ 0.015301    ┆ 0.523749    │
│ 9 指値フロー          ┆ 23  ┆ 1.0        ┆ 0.014146    ┆ 0.104866    │
└───────────────────────┴─────┴────────────┴─────────────┴─────────────┘
shape: (15, 8)
┌────────────┬────────────┬────────────┬───────────┬───────────┬───────────┬───────────┬───────────┐
│ feature    ┆ family     ┆ fwd_micro_ ┆ fwd_micro ┆ bwd_mid_1 ┆ pl_micro_ ┆ is_1st    ┆ oos_2nd   │
│ ---        ┆ ---        ┆ 10s        ┆ _10s_t    ┆ 0s        ┆ 10s       ┆ ---       ┆ ---       │
│ str        ┆ str        ┆ ---        ┆ ---       ┆ ---       ┆ ---       ┆ f64       ┆ f64       │
│            ┆            ┆ f64        ┆ f64       ┆ f64       ┆ f64       ┆           ┆           │
╞════════════╪════════════╪════════════╪═══════════╪═══════════╪═══════════╪═══════════╪═══════════╡
│ tick       ┆ 1 価格と最 ┆ NaN        ┆ NaN       ┆ NaN       ┆ NaN       ┆ NaN       ┆ NaN       │
│            ┆ 良気配     ┆            ┆           ┆           ┆           ┆           ┆           │
│ delta1     ┆ 4 マイクロ ┆ -0.10163   ┆ -20.08281 ┆ -0.035923 ┆ 0.001083  ┆ -0.121844 ┆ -0.08182  │
│            ┆ プライス   ┆            ┆ 2         ┆           ┆           ┆           ┆           │
│ delta1_bp  ┆ 4 マイクロ ┆ -0.101586  ┆ -20.07665 ┆ -0.035922 ┆ 0.00113   ┆ -0.121742 ┆ -0.081832 │
│            ┆ プライス   ┆            ┆ 1         ┆           ┆           ┆           ┆           │
│ obi_x_spre ┆ 4 マイクロ ┆ -0.101586  ┆ -20.07665 ┆ -0.035922 ┆ 0.00113   ┆ -0.121742 ┆ -0.081832 │
│ ad         ┆ プライス   ┆            ┆ 1         ┆           ┆           ┆           ┆           │
│ delta_disa ┆ 4 マイクロ ┆ -0.100523  ┆ -22.71207 ┆ 0.017991  ┆ 0.000322  ┆ -0.118366 ┆ -0.083037 │
│ gree       ┆ プライス   ┆            ┆ 3         ┆           ┆           ┆           ┆           │
│ …          ┆ …          ┆ …          ┆ …         ┆ …         ┆ …         ┆ …         ┆ …         │
│ obi_sign   ┆ 2 板の偏り ┆ -0.066002  ┆ -24.96045 ┆ 0.006982  ┆ 0.002154  ┆ -0.070944 ┆ -0.061159 │
│            ┆ OBI        ┆            ┆ 9         ┆           ┆           ┆           ┆           │
│ elast_asym ┆ 7          ┆ 0.065545   ┆ 23.262745 ┆ -0.049377 ┆ -0.001416 ┆ 0.071712  ┆ 0.0595    │
│            ┆ 板の弾力性 ┆            ┆           ┆           ┆           ┆           ┆           │
│ log_depth_ ┆ 2 板の偏り ┆ -0.056688  ┆ -21.29382 ┆ 0.0156    ┆ 0.002282  ┆ -0.060277 ┆ -0.053172 │
│ ratio      ┆ OBI        ┆            ┆           ┆           ┆           ┆           ┆           │
│ micro_ret  ┆ 4 マイクロ ┆ -0.054881  ┆ -7.649874 ┆ 0.264101  ┆ -0.000311 ┆ -0.057393 ┆ -0.052419 │
│            ┆ プライス   ┆            ┆           ┆           ┆           ┆           ┆           │
│ d_micro    ┆ 4 マイクロ ┆ -0.054871  ┆ -7.634657 ┆ 0.264022  ┆ -0.00036  ┆ -0.057418 ┆ -0.052376 │
│            ┆ プライス   ┆            ┆           ┆           ┆           ┆           ┆           │
└────────────┴────────────┴────────────┴───────────┴───────────┴───────────┴───────────┴───────────┘
--- analyze INTC ok
保存: C:\Users\ii562\Downloads\Memory\charts\xyz_INTC_featlib.png
保存: C:\Users\ii562\Downloads\Memory\charts\xyz_INTC_featlib_corr.png
--- plot INTC ok
恒等式 δ = (s/2)·OBI1 の最大誤差 3.690e-06 bp

五分位ごとの将来 microprice リターン (bp, 日クラスタ t)
  Q1 n=   331,072 δ= -1.061bp  1s: +0.4065 (t=+17.53)  10s: +0.6399 (t=+21.84)  60s: +0.7980 (t=+13.69)
  Q2 n=   349,581 δ= -0.426bp  1s: +0.0683 (t= +9.81)  10s: +0.1419 (t= +9.97)  60s: +0.0985 (t= +2.05)
  Q3 n=   337,177 δ= +0.002bp  1s: -0.0011 (t= -0.32)  10s: -0.0092 (t= -0.88)  60s: +0.0181 (t= +0.40)
  Q4 n=   351,832 δ= +0.421bp  1s: -0.0511 (t= -7.25)  10s: -0.1204 (t= -8.24)  60s: -0.1693 (t= -3.83)
  Q5 n=   323,680 δ= +0.985bp  1s: -0.4172 (t=-19.20)  10s: -0.6509 (t=-23.47)  60s: -0.7261 (t=-13.26)

回帰係数 (1σ あたり bp, 日クラスタ t)
  fwd_micro_1s: solo_obi -0.1893(t=-17.36)  solo_delta -0.3204(t=-16.75)  b_obi +0.2146(t=+10.00)  b_spread -0.0382(t= -1.52)  b_delta -0.5235(t=-15.50)
  fwd_micro_10s: solo_obi -0.3176(t=-22.17)  solo_delta -0.4720(t=-22.13)  b_obi +0.2086(t= +8.62)  b_spread -0.0495(t= -1.46)  b_delta -0.6852(t=-19.98)
  fwd_micro_60s: solo_obi -0.3637(t=-17.17)  solo_delta -0.5381(t=-20.72)  b_obi +0.2208(t= +5.73)  b_spread +0.0137(t= +0.26)  b_delta -0.7622(t=-16.87)
保存: C:\Users\ii562\Downloads\Memory\charts\xyz_INTC_featlib_delta.png
--- delta INTC ok
xyz:INTC: 決着した指値 279,939,039 本(右打ち切り 7,246 本は除外)
  reduce_only を除いた集計対象 278,463,375 本 / 32,188,980,794 枚
  一度でも約定した本数 2,205,786 = 0.792%
  約定した数量 42,760,401 枚 = 0.133%
  寿命 p10 0.066s  中央 1.081s  p90 37.13s  p99 451.2s
  結末: {'canceled': 278420978, 'filled': 1416054, 'reduceOnlyCanceled': 80250, 'selfTradeCanceled': 19509, 'scheduledCancel': 1655, 'marginCanceled': 467, 'liquidatedCanceled': 126}

  束の間の注文(約定せずに閾値以内で消えた割合)
     0.05s 以内   本数   9.53%   数量   8.72%
     0.10s 以内   本数  14.84%   数量  14.11%
     0.20s 以内   本数  22.27%   数量  21.56%
     0.50s 以内   本数  44.16%   数量  42.75%
     1.00s 以内   本数  55.68%   数量  55.04%
     2.00s 以内   本数  66.40%   数量  65.28%
     5.00s 以内   本数  78.47%   数量  76.85%
    10.00s 以内   本数  85.73%   数量  84.08%

  約定確率(本数基準・行 = 最良からの距離、列 = 前に居た量)
                  先客なし        ≤1      1–10    10–100    100–1k       >1k
          内側    7.545%    ―         ―         ―         ―         ―     
          最良    ―         7.984%    4.103%    2.121%    0.879%    0.282%
         1–2    1.972%    2.449%    1.347%    0.731%    0.337%    0.128%
         3–5    1.463%    1.254%    0.790%    0.470%    0.221%    0.133%
        6–10    0.841%    0.643%    0.402%    0.271%    0.134%    0.083%
       11–25    0.364%    0.260%    0.201%    0.184%    0.111%    0.062%
       26–50    0.174%    0.167%    0.146%    0.150%    0.086%    0.060%
         51+    0.116%    0.127%    0.170%    0.137%    0.083%    0.037%
保存: C:\Users\ii562\Downloads\Memory\charts\xyz_INTC_orderlife.png
--- orderlife INTC ok
xyz:MU: 21 日 / 特徴量 229 / 目的変数 6
  [1/21] dt=2026-05-04
  [10/21] dt=2026-05-13
  [20/21] dt=2026-05-23

全列有限の行 345,539 / 362,880 (95.2%)
|r|>0.99 の重複ペア 149 組 / 単連結 |r|>0.95 で 221 → 159 群
shape: (12, 5)
┌───────────────────────┬─────┬────────────┬─────────────┬─────────────┐
│ family                ┆ n   ┆ finite_p50 ┆ max_abs_fwd ┆ max_abs_bwd │
│ ---                   ┆ --- ┆ ---        ┆ ---         ┆ ---         │
│ str                   ┆ u32 ┆ f64        ┆ f64         ┆ f64         │
╞═══════════════════════╪═════╪════════════╪═════════════╪═════════════╡
│ 1 価格と最良気配      ┆ 17  ┆ 0.999939   ┆ 0.046094    ┆ 0.317942    │
│ 10 取消               ┆ 23  ┆ 1.0        ┆ 0.012554    ┆ 0.085497    │
│ 11 指値の到着         ┆ 6   ┆ 1.0        ┆ 0.00951     ┆ 0.008721    │
│ 12 攻撃的な約定フロー ┆ 15  ┆ 1.0        ┆ 0.04681     ┆ 0.255255    │
│ 2 板の偏り OBI        ┆ 19  ┆ 1.0        ┆ 0.128546    ┆ 0.016906    │
│ …                     ┆ …   ┆ …          ┆ …           ┆ …           │
│ 5 板の形              ┆ 17  ┆ 0.999939   ┆ 0.037279    ┆ 0.037297    │
│ 6 板の隙間            ┆ 16  ┆ 1.0        ┆ 0.081904    ┆ 0.025548    │
│ 7 板の弾力性          ┆ 9   ┆ 0.999939   ┆ 0.126906    ┆ 0.007499    │
│ 8 OFI                 ┆ 27  ┆ 0.999939   ┆ 0.057196    ┆ 0.369869    │
│ 9 指値フロー          ┆ 23  ┆ 1.0        ┆ 0.022121    ┆ 0.089508    │
└───────────────────────┴─────┴────────────┴─────────────┴─────────────┘
shape: (15, 8)
┌────────────┬────────────┬────────────┬───────────┬───────────┬───────────┬───────────┬───────────┐
│ feature    ┆ family     ┆ fwd_micro_ ┆ fwd_micro ┆ bwd_mid_1 ┆ pl_micro_ ┆ is_1st    ┆ oos_2nd   │
│ ---        ┆ ---        ┆ 10s        ┆ _10s_t    ┆ 0s        ┆ 10s       ┆ ---       ┆ ---       │
│ str        ┆ str        ┆ ---        ┆ ---       ┆ ---       ┆ ---       ┆ f64       ┆ f64       │
│            ┆            ┆ f64        ┆ f64       ┆ f64       ┆ f64       ┆           ┆           │
╞════════════╪════════════╪════════════╪═══════════╪═══════════╪═══════════╪═══════════╪═══════════╡
│ tick       ┆ 1 価格と最 ┆ NaN        ┆ NaN       ┆ NaN       ┆ NaN       ┆ NaN       ┆ NaN       │
│            ┆ 良気配     ┆            ┆           ┆           ┆           ┆           ┆           │
│ delta1_bp  ┆ 4 マイクロ ┆ -0.149398  ┆ -8.009275 ┆ 0.00788   ┆ 0.001679  ┆ -0.193448 ┆ -0.109352 │
│            ┆ プライス   ┆            ┆           ┆           ┆           ┆           ┆           │
│ obi_x_spre ┆ 4 マイクロ ┆ -0.149398  ┆ -8.009275 ┆ 0.00788   ┆ 0.001679  ┆ -0.193448 ┆ -0.109352 │
│ ad         ┆ プライス   ┆            ┆           ┆           ┆           ┆           ┆           │
│ delta1     ┆ 4 マイクロ ┆ -0.149364  ┆ -8.014214 ┆ 0.008036  ┆ 0.00167   ┆ -0.19328  ┆ -0.109441 │
│            ┆ プライス   ┆            ┆           ┆           ┆           ┆           ┆           │
│ micro_slop ┆ 4 マイクロ ┆ 0.128546   ┆ 9.823042  ┆ -0.006514 ┆ 0.000442  ┆ 0.168071  ┆ 0.092614  │
│ e          ┆ プライス   ┆            ┆           ┆           ┆           ┆           ┆           │
│ …          ┆ …          ┆ …          ┆ …         ┆ …         ┆ …         ┆ …         ┆ …         │
│ obi1       ┆ 2 板の偏り ┆ -0.097399  ┆ -6.358931 ┆ 0.013514  ┆ 0.00241   ┆ -0.135632 ┆ -0.062641 │
│            ┆ OBI        ┆            ┆           ┆           ┆           ┆           ┆           │
│ elast_a    ┆ 7          ┆ -0.094732  ┆ -7.09539  ┆ 0.000164  ┆ 0.00053   ┆ -0.128534 ┆ -0.064003 │
│            ┆ 板の弾力性 ┆            ┆           ┆           ┆           ┆           ┆           │
│ obi_sign   ┆ 2 板の偏り ┆ -0.091482  ┆ -7.190997 ┆ 0.011696  ┆ 0.001659  ┆ -0.125664 ┆ -0.060408 │
│            ┆ OBI        ┆            ┆           ┆           ┆           ┆           ┆           │
│ log_depth_ ┆ 2 板の偏り ┆ -0.083164  ┆ -5.591299 ┆ 0.015965  ┆ 0.002426  ┆ -0.11826  ┆ -0.051259 │
│ ratio      ┆ OBI        ┆            ┆           ┆           ┆           ┆           ┆           │
│ delta2     ┆ 4 マイクロ ┆ -0.082472  ┆ -8.30975  ┆ 0.013052  ┆ 0.002463  ┆ -0.097026 ┆ -0.069241 │
│            ┆ プライス   ┆            ┆           ┆           ┆           ┆           ┆           │
└────────────┴────────────┴────────────┴───────────┴───────────┴───────────┴───────────┴───────────┘
--- analyze MU ok
共通 21 日 (2026-05-04 〜 2026-05-24) / xyz:INTC 99 日, xyz:MU 21 日
Traceback (most recent call last):
  File "C:\Users\ii562\Downloads\Memory\scripts\featlib_compare.py", line 155, in <module>
    main()
    ~~~~^^
  File "C:\Users\ii562\Downloads\Memory\scripts\featlib_compare.py", line 79, in main
    pa, ra, ea = scan(ta, days)
                 ~~~~^^^^^^^^^^
  File "C:\Users\ii562\Downloads\Memory\scripts\featlib_compare.py", line 47, in scan
    t = pl.read_parquet(fp, columns=[c for c in KEY + [TGT, "mid", "spread_bp"]
                                     if c])
  File "C:\Users\ii562\Downloads\Memory\.venv\Lib\site-packages\polars\_utils\deprecation.py", line 132, in wrapper
    return function(*args, **kwargs)
  File "C:\Users\ii562\Downloads\Memory\.venv\Lib\site-packages\polars\_utils\deprecation.py", line 132, in wrapper
    return function(*args, **kwargs)
  File "C:\Users\ii562\Downloads\Memory\.venv\Lib\site-packages\polars\io\parquet\functions.py", line 303, in read_parquet
    ret = lf._collect_eager()
  File "C:\Users\ii562\Downloads\Memory\.venv\Lib\site-packages\polars\lazyframe\frame.py", line 2240, in _collect_eager
    return _eager_engine().collect(
           ~~~~~~~~~~~~~~~~~~~~~~~^
        self, optimizations=optimizations, background=False
        ^^^^^^^^^^^^^^^^^^^^^^^^^^^^^^^^^^^^^^^^^^^^^^^^^^^
    )
    ^
  File "C:\Users\ii562\Downloads\Memory\.venv\Lib\site-packages\polars\lazyframe\engine.py", line 435, in collect
    return wrap_df(ldf.collect(self.name, callback))
                   ~~~~~~~~~~~^^^^^^^^^^^^^^^^^^^^^
polars.exceptions.DuplicateError: projections contained duplicate output name 'spread_bp'. It's possible that multiple expressions are returning the same default column name. If this is the case, try renaming the columns with `.alias("new_name")` to avoid duplicate column names.

Resolved plan until failure:

	---> FAILED HERE RESOLVING 'select' <---
Parquet SCAN [C:/Users/ii562/Downloads/Memory/data/featlib_xyz_INTC/dt=2026-05-04.parquet]
PROJECT */237 COLUMNS
ESTIMATED ROWS: 17280

This error occurred with the following context stack:
	[1] 'select'

=== analysis done Sat Sep  5 12:38:59     2026 ===
