xyz:INTC: 口座 × 日 35,241 行 / 実口座 7,498 者
  1 日あたり 指値を出した口座 中央 360 者 (最小 141 / 最大 718)
  数量の HHI 中央 0.1195 → 実効 8.37 者
  上位 1 者 27.6% / 上位 5 者 61.7% / 上位 10 者 79.6%

  数量上位 12 者(口座は通し番号のみ・アドレスは載せない)
    wid       本数      枚数  日数  買い比  最良以内  1秒以内  約定率  寿命s   中央枚
      1  9,021,348 5,103,962,368    53   0.602     0.022    0.611  0.0012   1.41  456.310
      2 32,493,602 4,628,001,293    99   0.510     0.038    0.594  0.0011  16.94   99.400
      3 19,706,219 2,908,065,219    35   0.483     0.564    0.950  0.0026  16.60  100.000
      4  4,020,016 2,244,549,234    34   0.482     0.001    0.602  0.0007  11.66  460.459
      5 18,075,727 1,893,708,859    96   0.490     0.232    0.699  0.0066  14.15   99.429
      6  3,782,810 1,327,097,727    75   0.496     0.059    0.689  0.0068   3.27  373.382
      7  4,463,709 902,868,686    73   0.535     0.013    0.517  0.0017  18.30  200.000
      8  2,196,489 767,863,423    66   0.501     0.070    0.230  0.0163  95.06  338.594
      9  3,696,611 764,775,173    89   0.540     0.080    0.441  0.0055   9.77  195.160
     10  3,903,734 739,688,773    99   0.491     0.000    0.224  0.0008  38.35  180.675
     11  1,575,691 721,928,829    78   0.742     0.004    0.476  0.0004  34.12  444.017
     12 12,805,930 691,754,276    90   0.513     0.011    0.407  0.0020   9.75   49.159
保存: C:\Users\ii562\Downloads\Memory\charts\xyz_INTC_wallet_orders.png
=== wallet done Sat Sep  5 12:39:40     2026 ===
