[BBO] 35,169,386 行 / 98 日
[skip] BBO が無い日を除外: ['2026-08-10']
[日] 98 日 = 立会日 67 / 閉場日 31
  10/98  読み 0.00 GB
  20/98  読み 0.00 GB
  30/98  読み 0.00 GB
  40/98  読み 0.00 GB
  50/98  読み 0.00 GB
  60/98  読み 0.00 GB
  70/98  読み 0.87 GB
  80/98  読み 1.31 GB
  90/98  読み 2.22 GB
  98/98  読み 2.22 GB

=== 深さ帯ごとの注文到着率(件/秒)。日ごとに率を出して日平均 ===

--- 開場前 1h(67 日)---
側              mid より内       0–1       1–2       2–5      5–10     10–25     25–50    50–100      100+        合計
買い(bid)           1.78      6.84      5.52      9.82      7.60      8.41      3.65      1.40      1.55     46.56
売り(ask)           1.82      6.77      5.50      9.79      7.28      8.28      3.52      1.49      1.60     46.05

--- 開場後 1h(67 日)---
側              mid より内       0–1       1–2       2–5      5–10     10–25     25–50    50–100      100+        合計
買い(bid)           5.36     11.32     10.74     24.52     23.04     26.86     11.37      5.13      4.68    123.03
売り(ask)           5.45     11.44     10.85     24.82     23.00     26.55     10.98      5.15      4.85    123.08

--- 昼 12 時 ET(67 日)---
側              mid より内       0–1       1–2       2–5      5–10     10–25     25–50    50–100      100+        合計
買い(bid)           2.44      9.20      7.74     14.45     11.17     11.04      4.50      1.90      2.16     64.60
売り(ask)           2.46      9.17      7.69     14.12     10.78     10.99      4.21      1.92      2.14     63.47

--- 閉場前 1h(67 日)---
側              mid より内       0–1       1–2       2–5      5–10     10–25     25–50    50–100      100+        合計
買い(bid)           2.47      8.82      7.57     14.23     11.25     11.35      4.47      1.85      2.32     64.31
売り(ask)           2.53      9.27      7.94     14.62     10.96     11.01      4.55      1.97      2.29     65.16

--- 夜 12 時 ET(67 日)---
側              mid より内       0–1       1–2       2–5      5–10     10–25     25–50    50–100      100+        合計
買い(bid)           1.15      4.55      3.75      6.29      4.56      5.24      2.37      0.93      0.99     29.83
売り(ask)           1.13      4.51      3.83      6.39      4.50      5.13      2.12      0.92      1.05     29.57

--- 閉場日 昼 12 時 ET(31 日)---
側              mid より内       0–1       1–2       2–5      5–10     10–25     25–50    50–100      100+        合計
買い(bid)           0.15      0.84      0.65      1.21      0.81      0.76      0.45      0.39      0.37      5.62
売り(ask)           0.15      0.80      0.67      1.30      0.94      1.14      0.43      0.22      0.42      6.06

--- (参考) 昼 12 時 UTC(67 日)---
側              mid より内       0–1       1–2       2–5      5–10     10–25     25–50    50–100      100+        合計
買い(bid)           1.59      6.35      5.13      9.08      6.96      7.72      3.26      1.28      1.35     42.72
売り(ask)           1.62      6.30      5.10      9.01      6.60      7.59      3.11      1.37      1.45     42.13

--- (参考) 夜 12 時 UTC(67 日)---
側              mid より内       0–1       1–2       2–5      5–10     10–25     25–50    50–100      100+        合計
買い(bid)           2.51      7.39      6.67     12.63      9.87     11.14      4.94      1.96      2.12     59.22
売り(ask)           2.52      7.45      6.69     12.53      9.55     10.98      4.92      2.00      1.97     58.62

[読み取り] 2.22 GB(Glacier IR 取得 + 転送の概算 $0.27)
-> data/arrival_depth_xyz_MU.parquet / .csv
