C:\Users\ii562\Downloads\Memory\scripts\build_bb.py:162: RuntimeWarning: invalid value encountered in divide
  ofi_z=pl.Series(np.where(s60 > 0, (of - m60) / s60, np.nan)),
[bb] 1 分足 141,120 本 / 使える足 140,499 本 (99.6%) / 98 日
[bb] 帯の幅 中央 57bp (立会 79bp / 時間外 51bp)
[bb] |z|>2 の足 11.90% (正規なら 4.55%)

[A] 帯の位置 z ごとの OBI / OFI(resid = 直前 20 分のリターンを回帰で抜いた残差)
shape: (13, 11)
┌────────┬────────┬───────┬────────┬───┬─────────────┬───────────┬─────────┬────────┐
│ z_lo   ┆ z_hi   ┆ n     ┆ z_mid  ┆ … ┆ ofi_z_resid ┆ abs_ofi_z ┆ ret_1m  ┆ fwd_5m │
│ ---    ┆ ---    ┆ ---   ┆ ---    ┆   ┆ ---         ┆ ---       ┆ ---     ┆ ---    │
│ f64    ┆ f64    ┆ i64   ┆ f64    ┆   ┆ f64         ┆ f64       ┆ f64     ┆ f64    │
╞════════╪════════╪═══════╪════════╪═══╪═════════════╪═══════════╪═════════╪════════╡
│ -9.000 ┆ -2.500 ┆ 2407  ┆ -2.744 ┆ … ┆ -1.160      ┆ 1.430     ┆ -21.741 ┆ 1.574  │
│ -2.500 ┆ -2.000 ┆ 5728  ┆ -2.189 ┆ … ┆ -0.589      ┆ 0.964     ┆ -11.678 ┆ 1.152  │
│ -2.000 ┆ -1.500 ┆ 12232 ┆ -1.718 ┆ … ┆ -0.262      ┆ 0.767     ┆ -6.107  ┆ -0.089 │
│ -1.500 ┆ -1.000 ┆ 16557 ┆ -1.240 ┆ … ┆ -0.042      ┆ 0.678     ┆ -1.850  ┆ -0.787 │
│ -1.000 ┆ -0.500 ┆ 16743 ┆ -0.756 ┆ … ┆ 0.049       ┆ 0.665     ┆ -0.161  ┆ -0.885 │
│ -0.500 ┆ -0.250 ┆ 7880  ┆ -0.376 ┆ … ┆ 0.029       ┆ 0.664     ┆ 0.296   ┆ -0.351 │
│ -0.250 ┆ 0.250  ┆ 14979 ┆ -0.000 ┆ … ┆ -0.003      ┆ 0.679     ┆ -0.019  ┆ -0.477 │
│ 0.250  ┆ 0.500  ┆ 7828  ┆ 0.379  ┆ … ┆ -0.050      ┆ 0.673     ┆ 0.175   ┆ 0.160  │
│ 0.500  ┆ 1.000  ┆ 17042 ┆ 0.756  ┆ … ┆ -0.050      ┆ 0.675     ┆ 0.239   ┆ 0.848  │
│ 1.000  ┆ 1.500  ┆ 17560 ┆ 1.245  ┆ … ┆ 0.029       ┆ 0.672     ┆ 1.960   ┆ 1.016  │
│ 1.500  ┆ 2.000  ┆ 12955 ┆ 1.713  ┆ … ┆ 0.255       ┆ 0.765     ┆ 5.676   ┆ 0.468  │
│ 2.000  ┆ 2.500  ┆ 6053  ┆ 2.193  ┆ … ┆ 0.575       ┆ 0.969     ┆ 10.730  ┆ 1.372  │
│ 2.500  ┆ 9.000  ┆ 2535  ┆ 2.764  ┆ … ┆ 1.184       ┆ 1.496     ┆ 20.227  ┆ 2.819  │
└────────┴────────┴───────┴────────┴───┴─────────────┴───────────┴─────────┴────────┘

[B] 参考: 1 分 OFI のラグ 1 自己相関 = +0.1809(これが「減衰」の下限。バンド固有の減衰はこれを超えた分だけ)

[B1] 到達の前後で OFI(到達の向きに符号をそろえた平均)
shape: (21, 5)
┌─────────┬──────────────┬──────────────┬────────────────┬────────────────┐
│ rel_min ┆ 上バンド到達 ┆ 下バンド到達 ┆ 中間線を上抜け ┆ 中間線を下抜け │
│ ---     ┆ ---          ┆ ---          ┆ ---            ┆ ---            │
│ i64     ┆ f64          ┆ f64          ┆ f64            ┆ f64            │
╞═════════╪══════════════╪══════════════╪════════════════╪════════════════╡
│ -10     ┆ 0.029        ┆ 0.052        ┆ -0.049         ┆ -0.038         │
│ -9      ┆ 0.054        ┆ 0.089        ┆ -0.036         ┆ -0.025         │
│ -8      ┆ 0.068        ┆ 0.078        ┆ -0.051         ┆ -0.048         │
│ -7      ┆ 0.075        ┆ 0.113        ┆ -0.048         ┆ -0.037         │
│ -6      ┆ 0.136        ┆ 0.147        ┆ -0.079         ┆ -0.047         │
│ -5      ┆ 0.156        ┆ 0.178        ┆ -0.048         ┆ -0.027         │
│ -4      ┆ 0.192        ┆ 0.197        ┆ -0.048         ┆ -0.018         │
│ -3      ┆ 0.242        ┆ 0.263        ┆ -0.045         ┆ -0.017         │
│ -2      ┆ 0.273        ┆ 0.271        ┆ -0.039         ┆ -0.027         │
│ -1      ┆ 0.326        ┆ 0.364        ┆ 0.009          ┆ 0.002          │
│ 0       ┆ 1.142        ┆ 1.140        ┆ 0.738          ┆ 0.743          │
│ 1       ┆ 0.121        ┆ 0.074        ┆ 0.071          ┆ 0.063          │
│ 2       ┆ 0.031        ┆ 0.010        ┆ 0.016          ┆ 0.024          │
│ 3       ┆ -0.006       ┆ 0.009        ┆ 0.017          ┆ 0.022          │
│ 4       ┆ -0.013       ┆ 0.030        ┆ -0.010         ┆ -0.002         │
│ 5       ┆ -0.037       ┆ -0.042       ┆ 0.022          ┆ 0.025          │
│ 6       ┆ -0.009       ┆ -0.035       ┆ 0.016          ┆ -0.004         │
│ 7       ┆ -0.027       ┆ -0.008       ┆ -0.016         ┆ 0.009          │
│ 8       ┆ -0.016       ┆ -0.008       ┆ 0.011          ┆ 0.005          │
│ 9       ┆ -0.030       ┆ -0.048       ┆ -0.004         ┆ -0.000         │
│ 10      ┆ -0.014       ┆ -0.003       ┆ 0.014          ┆ 0.004          │
└─────────┴──────────────┴──────────────┴────────────────┴────────────────┘

[B2] ★同じ 1 分リターンの層で帯の内側に居た足を引いた「超過」
shape: (21, 5)
┌─────────┬──────────────┬──────────────┬────────────────┬────────────────┐
│ rel_min ┆ 上バンド到達 ┆ 下バンド到達 ┆ 中間線を上抜け ┆ 中間線を下抜け │
│ ---     ┆ ---          ┆ ---          ┆ ---            ┆ ---            │
│ i64     ┆ f64          ┆ f64          ┆ f64            ┆ f64            │
╞═════════╪══════════════╪══════════════╪════════════════╪════════════════╡
│ -10     ┆ 0.116        ┆ 0.117        ┆ 0.019          ┆ 0.018          │
│ -9      ┆ 0.146        ┆ 0.176        ┆ 0.039          ┆ 0.044          │
│ -8      ┆ 0.175        ┆ 0.181        ┆ 0.037          ┆ 0.031          │
│ -7      ┆ 0.190        ┆ 0.224        ┆ 0.046          ┆ 0.046          │
│ -6      ┆ 0.271        ┆ 0.263        ┆ 0.033          ┆ 0.049          │
│ -5      ┆ 0.287        ┆ 0.289        ┆ 0.058          ┆ 0.055          │
│ -4      ┆ 0.316        ┆ 0.299        ┆ 0.055          ┆ 0.061          │
│ -3      ┆ 0.367        ┆ 0.366        ┆ 0.060          ┆ 0.065          │
│ -2      ┆ 0.386        ┆ 0.379        ┆ 0.055          ┆ 0.052          │
│ -1      ┆ 0.378        ┆ 0.418        ┆ 0.053          ┆ 0.038          │
│ 0       ┆ 0.436        ┆ 0.430        ┆ 0.150          ┆ 0.160          │
│ 1       ┆ 0.053        ┆ 0.005        ┆ 0.014          ┆ 0.001          │
│ 2       ┆ -0.002       ┆ -0.008       ┆ -0.007         ┆ 0.008          │
│ 3       ┆ -0.024       ┆ 0.002        ┆ 0.007          ┆ 0.014          │
│ 4       ┆ -0.024       ┆ 0.033        ┆ -0.017         ┆ -0.001         │
│ 5       ┆ -0.050       ┆ -0.050       ┆ 0.012          ┆ 0.020          │
│ 6       ┆ -0.001       ┆ -0.022       ┆ 0.019          ┆ 0.003          │
│ 7       ┆ -0.035       ┆ -0.006       ┆ -0.021         ┆ 0.012          │
│ 8       ┆ -0.033       ┆ -0.012       ┆ 0.002          ┆ -0.000         │
│ 9       ┆ -0.033       ┆ -0.044       ┆ -0.007         ┆ 0.002          │
│ 10      ┆ -0.023       ┆ -0.006       ┆ 0.007          ┆ -0.001         │
└─────────┴──────────────┴──────────────┴────────────────┴────────────────┘

[B3] 同じく 1 分リターンの超過(到達の向き。正なら順行が続く)
shape: (21, 5)
┌─────────┬──────────────┬──────────────┬────────────────┬────────────────┐
│ rel_min ┆ 上バンド到達 ┆ 下バンド到達 ┆ 中間線を上抜け ┆ 中間線を下抜け │
│ ---     ┆ ---          ┆ ---          ┆ ---            ┆ ---            │
│ i64     ┆ f64          ┆ f64          ┆ f64            ┆ f64            │
╞═════════╪══════════════╪══════════════╪════════════════╪════════════════╡
│ -10     ┆ 2.381        ┆ 2.342        ┆ 0.494          ┆ 0.590          │
│ -9      ┆ 2.918        ┆ 2.843        ┆ 0.703          ┆ 0.709          │
│ -8      ┆ 3.489        ┆ 2.869        ┆ 0.894          ┆ 0.672          │
│ -7      ┆ 3.956        ┆ 4.322        ┆ 1.065          ┆ 1.071          │
│ -6      ┆ 4.603        ┆ 4.658        ┆ 0.856          ┆ 1.028          │
│ -5      ┆ 4.910        ┆ 5.127        ┆ 1.107          ┆ 0.934          │
│ -4      ┆ 5.693        ┆ 5.350        ┆ 1.322          ┆ 1.048          │
│ -3      ┆ 6.171        ┆ 6.326        ┆ 1.264          ┆ 1.052          │
│ -2      ┆ 6.366        ┆ 7.140        ┆ 1.177          ┆ 1.079          │
│ -1      ┆ 6.312        ┆ 6.896        ┆ 0.776          ┆ 0.783          │
│ 0       ┆ 2.784        ┆ 3.515        ┆ 0.860          ┆ 0.919          │
│ 1       ┆ 0.919        ┆ 0.161        ┆ 0.452          ┆ 0.021          │
│ 2       ┆ 0.532        ┆ -0.361       ┆ 0.039          ┆ 0.097          │
│ 3       ┆ 0.007        ┆ 0.232        ┆ -0.032         ┆ 0.085          │
│ 4       ┆ 0.148        ┆ 0.009        ┆ -0.009         ┆ 0.073          │
│ 5       ┆ -0.073       ┆ -0.950       ┆ -0.018         ┆ 0.189          │
│ 6       ┆ 0.697        ┆ -0.291       ┆ 0.259          ┆ -0.072         │
│ 7       ┆ 0.180        ┆ 0.048        ┆ 0.025          ┆ 0.275          │
│ 8       ┆ 0.399        ┆ 0.069        ┆ -0.029         ┆ -0.168         │
│ 9       ┆ -0.002       ┆ 0.043        ┆ 0.018          ┆ 0.190          │
│ 10      ┆ 0.481        ┆ 0.502        ┆ 0.167          ┆ -0.177         │
└─────────┴──────────────┴──────────────┴────────────────┴────────────────┘
shape: (4, 2)
┌────────────────┬──────┐
│ event          ┆ n    │
│ ---            ┆ ---  │
│ str            ┆ i64  │
╞════════════════╪══════╡
│ 上バンド到達   ┆ 4083 │
│ 下バンド到達   ┆ 4103 │
│ 中間線を上抜け ┆ 8242 │
│ 中間線を下抜け ┆ 8237 │
└────────────────┴──────┘

[B4] 到達の次の分の OFI は、ただの持続(AR(1))より速く落ちるか
   上バンド到達         到達時 1.142 → 次の分 0.121。持続だけなら 0.207 のはず → 実測はその 0.59 倍
   下バンド到達         到達時 1.140 → 次の分 0.074。持続だけなら 0.206 のはず → 実測はその 0.36 倍
   中間線を上抜け        到達時 0.738 → 次の分 0.071。持続だけなら 0.133 のはず → 実測はその 0.53 倍
   中間線を下抜け        到達時 0.743 → 次の分 0.063。持続だけなら 0.134 のはず → 実測はその 0.47 倍

[C] 三本線の突破 — 突破した足の OFI は「続くか戻るか」を分けるか
   上バンド突破       n= 4085  |OFI| 平均 1.290(全体 0.742 の 1.74 倍)  AUC 0.513 [0.495, 0.530] / プラセボ 0.499  5 分後が順方向 51.2%
   下バンド突破       n= 4110  |OFI| 平均 1.278(全体 0.742 の 1.72 倍)  AUC 0.496 [0.481, 0.512] / プラセボ 0.503  5 分後が順方向 46.8%
   中間線 上抜け      n= 8249  |OFI| 平均 0.898(全体 0.742 の 1.21 倍)  AUC 0.505 [0.493, 0.518] / プラセボ 0.500  5 分後が順方向 50.3%
   中間線 下抜け      n= 8245  |OFI| 平均 0.892(全体 0.742 の 1.20 倍)  AUC 0.506 [0.494, 0.518] / プラセボ 0.510  5 分後が順方向 50.5%

   突破した足の OFI 五分位 → 5 分後のリターン(bp・突破の向き)
shape: (5, 5)
┌──────────┬──────────────┬──────────────┬───────────────┬───────────────┐
│ quintile ┆ 上バンド突破 ┆ 下バンド突破 ┆ 中間線 上抜け ┆ 中間線 下抜け │
│ ---      ┆ ---          ┆ ---          ┆ ---           ┆ ---           │
│ i64      ┆ f64          ┆ f64          ┆ f64           ┆ f64           │
╞══════════╪══════════════╪══════════════╪═══════════════╪═══════════════╡
│ 1        ┆ 0.701        ┆ 0.839        ┆ -0.595        ┆ 0.526         │
│ 2        ┆ 0.593        ┆ -0.953       ┆ -0.406        ┆ 1.014         │
│ 3        ┆ 2.144        ┆ -1.033       ┆ 0.574         ┆ 0.186         │
│ 4        ┆ 2.014        ┆ -1.815       ┆ 0.900         ┆ 0.518         │
│ 5        ┆ 2.170        ┆ 0.766        ┆ 1.560         ┆ 1.827         │
└──────────┴──────────────┴──────────────┴───────────────┴───────────────┘
shape: (5, 5)
┌──────────┬──────────────┬──────────────┬───────────────┬───────────────┐
│ quintile ┆ 上バンド突破 ┆ 下バンド突破 ┆ 中間線 上抜け ┆ 中間線 下抜け │
│ ---      ┆ ---          ┆ ---          ┆ ---           ┆ ---           │
│ i64      ┆ f64          ┆ f64          ┆ f64           ┆ f64           │
╞══════════╪══════════════╪══════════════╪═══════════════╪═══════════════╡
│ 1        ┆ 0.486        ┆ 0.474        ┆ 0.495         ┆ 0.494         │
│ 2        ┆ 0.517        ┆ 0.472        ┆ 0.492         ┆ 0.500         │
│ 3        ┆ 0.517        ┆ 0.468        ┆ 0.516         ┆ 0.509         │
│ 4        ┆ 0.531        ┆ 0.461        ┆ 0.508         ┆ 0.520         │
│ 5        ┆ 0.512        ┆ 0.465        ┆ 0.504         ┆ 0.503         │
└──────────┴──────────────┴──────────────┴───────────────┴───────────────┘
