C:\Users\ii562\Downloads\Memory\scripts\build_bb.py:162: RuntimeWarning: invalid value encountered in divide
  ofi_z=pl.Series(np.where(s60 > 0, (of - m60) / s60, np.nan)),
[bb] 1 分足 141,120 本 / 使える足 140,490 本 (99.6%) / 98 日
[bb] 帯の幅 中央 57bp (立会 79bp / 時間外 51bp)
[bb] |z|>2 の足 18.34% (正規なら 4.55%)

[A] 帯の位置 z ごとの OBI / OFI(resid = 直前 20 分のリターンを回帰で抜いた残差)
shape: (13, 11)
┌────────┬────────┬───────┬────────┬───┬─────────────┬───────────┬─────────┬────────┐
│ z_lo   ┆ z_hi   ┆ n     ┆ z_mid  ┆ … ┆ ofi_z_resid ┆ abs_ofi_z ┆ ret_1m  ┆ fwd_5m │
│ ---    ┆ ---    ┆ ---   ┆ ---    ┆   ┆ ---         ┆ ---       ┆ ---     ┆ ---    │
│ f64    ┆ f64    ┆ i64   ┆ f64    ┆   ┆ f64         ┆ f64       ┆ f64     ┆ f64    │
╞════════╪════════╪═══════╪════════╪═══╪═════════════╪═══════════╪═════════╪════════╡
│ -9.000 ┆ -2.500 ┆ 5972  ┆ -2.957 ┆ … ┆ -0.843      ┆ 1.177     ┆ -15.950 ┆ 0.995  │
│ -2.500 ┆ -2.000 ┆ 6586  ┆ -2.210 ┆ … ┆ -0.383      ┆ 0.828     ┆ -8.278  ┆ 1.052  │
│ -2.000 ┆ -1.500 ┆ 11181 ┆ -1.723 ┆ … ┆ -0.159      ┆ 0.724     ┆ -4.338  ┆ -0.455 │
│ -1.500 ┆ -1.000 ┆ 14767 ┆ -1.238 ┆ … ┆ -0.010      ┆ 0.675     ┆ -1.311  ┆ -0.940 │
│ -1.000 ┆ -0.500 ┆ 15612 ┆ -0.750 ┆ … ┆ 0.051       ┆ 0.666     ┆ -0.102  ┆ -0.871 │
│ -0.500 ┆ -0.250 ┆ 7503  ┆ -0.376 ┆ … ┆ 0.035       ┆ 0.664     ┆ 0.287   ┆ -0.026 │
│ -0.250 ┆ 0.250  ┆ 14661 ┆ -0.001 ┆ … ┆ -0.004      ┆ 0.679     ┆ -0.024  ┆ -0.684 │
│ 0.250  ┆ 0.500  ┆ 7509  ┆ 0.375  ┆ … ┆ -0.064      ┆ 0.673     ┆ 0.044   ┆ 0.256  │
│ 0.500  ┆ 1.000  ┆ 16033 ┆ 0.756  ┆ … ┆ -0.050      ┆ 0.675     ┆ 0.250   ┆ 0.775  │
│ 1.000  ┆ 1.500  ┆ 15346 ┆ 1.243  ┆ … ┆ -0.000      ┆ 0.673     ┆ 1.523   ┆ 1.175  │
│ 1.500  ┆ 2.000  ┆ 12115 ┆ 1.722  ┆ … ┆ 0.158       ┆ 0.720     ┆ 4.059   ┆ 0.656  │
│ 2.000  ┆ 2.500  ┆ 6810  ┆ 2.212  ┆ … ┆ 0.373       ┆ 0.828     ┆ 7.638   ┆ 0.292  │
│ 2.500  ┆ 9.000  ┆ 6338  ┆ 2.963  ┆ … ┆ 0.837       ┆ 1.193     ┆ 14.799  ┆ 2.220  │
└────────┴────────┴───────┴────────┴───┴─────────────┴───────────┴─────────┴────────┘

[B] 参考: 1 分 OFI のラグ 1 自己相関 = +0.1800(これが「減衰」の下限。バンド固有の減衰はこれを超えた分だけ)

[B1] 到達の前後で OFI(到達の向きに符号をそろえた平均)
shape: (21, 5)
┌─────────┬──────────────┬──────────────┬────────────────┬────────────────┐
│ rel_min ┆ 上バンド到達 ┆ 下バンド到達 ┆ 中間線を上抜け ┆ 中間線を下抜け │
│ ---     ┆ ---          ┆ ---          ┆ ---            ┆ ---            │
│ i64     ┆ f64          ┆ f64          ┆ f64            ┆ f64            │
╞═════════╪══════════════╪══════════════╪════════════════╪════════════════╡
│ -10     ┆ 0.053        ┆ 0.063        ┆ -0.048         ┆ -0.044         │
│ -9      ┆ 0.072        ┆ 0.101        ┆ -0.050         ┆ -0.025         │
│ -8      ┆ 0.079        ┆ 0.100        ┆ -0.046         ┆ -0.033         │
│ -7      ┆ 0.088        ┆ 0.122        ┆ -0.050         ┆ -0.025         │
│ -6      ┆ 0.129        ┆ 0.153        ┆ -0.078         ┆ -0.035         │
│ -5      ┆ 0.149        ┆ 0.165        ┆ -0.050         ┆ -0.020         │
│ -4      ┆ 0.176        ┆ 0.177        ┆ -0.053         ┆ -0.017         │
│ -3      ┆ 0.206        ┆ 0.229        ┆ -0.033         ┆ -0.019         │
│ -2      ┆ 0.218        ┆ 0.212        ┆ -0.045         ┆ -0.023         │
│ -1      ┆ 0.264        ┆ 0.253        ┆ 0.017          ┆ 0.002          │
│ 0       ┆ 1.042        ┆ 1.050        ┆ 0.741          ┆ 0.743          │
│ 1       ┆ 0.133        ┆ 0.090        ┆ 0.063          ┆ 0.068          │
│ 2       ┆ 0.012        ┆ 0.022        ┆ 0.018          ┆ 0.024          │
│ 3       ┆ -0.004       ┆ 0.007        ┆ 0.017          ┆ 0.017          │
│ 4       ┆ -0.010       ┆ 0.006        ┆ -0.003         ┆ -0.003         │
│ 5       ┆ -0.048       ┆ -0.031       ┆ 0.025          ┆ 0.029          │
│ 6       ┆ -0.037       ┆ -0.025       ┆ 0.008          ┆ -0.008         │
│ 7       ┆ -0.024       ┆ -0.025       ┆ -0.013         ┆ 0.006          │
│ 8       ┆ -0.015       ┆ -0.009       ┆ 0.012          ┆ 0.005          │
│ 9       ┆ -0.032       ┆ -0.034       ┆ -0.011         ┆ 0.002          │
│ 10      ┆ -0.027       ┆ -0.025       ┆ 0.012          ┆ 0.008          │
└─────────┴──────────────┴──────────────┴────────────────┴────────────────┘

[B2] ★同じ 1 分リターンの層で帯の内側に居た足を引いた「超過」
shape: (21, 5)
┌─────────┬──────────────┬──────────────┬────────────────┬────────────────┐
│ rel_min ┆ 上バンド到達 ┆ 下バンド到達 ┆ 中間線を上抜け ┆ 中間線を下抜け │
│ ---     ┆ ---          ┆ ---          ┆ ---            ┆ ---            │
│ i64     ┆ f64          ┆ f64          ┆ f64            ┆ f64            │
╞═════════╪══════════════╪══════════════╪════════════════╪════════════════╡
│ -10     ┆ 0.135        ┆ 0.131        ┆ 0.022          ┆ 0.015          │
│ -9      ┆ 0.159        ┆ 0.189        ┆ 0.024          ┆ 0.044          │
│ -8      ┆ 0.182        ┆ 0.203        ┆ 0.042          ┆ 0.048          │
│ -7      ┆ 0.196        ┆ 0.228        ┆ 0.042          ┆ 0.058          │
│ -6      ┆ 0.257        ┆ 0.265        ┆ 0.031          ┆ 0.059          │
│ -5      ┆ 0.266        ┆ 0.270        ┆ 0.050          ┆ 0.062          │
│ -4      ┆ 0.288        ┆ 0.270        ┆ 0.043          ┆ 0.058          │
│ -3      ┆ 0.315        ┆ 0.316        ┆ 0.063          ┆ 0.054          │
│ -2      ┆ 0.310        ┆ 0.306        ┆ 0.036          ┆ 0.048          │
│ -1      ┆ 0.299        ┆ 0.295        ┆ 0.050          ┆ 0.031          │
│ 0       ┆ 0.356        ┆ 0.359        ┆ 0.151          ┆ 0.158          │
│ 1       ┆ 0.063        ┆ 0.018        ┆ 0.002          ┆ 0.003          │
│ 2       ┆ -0.019       ┆ 0.007        ┆ -0.005         ┆ 0.010          │
│ 3       ┆ -0.020       ┆ 0.004        ┆ 0.008          ┆ 0.013          │
│ 4       ┆ -0.017       ┆ 0.006        ┆ -0.007         ┆ -0.003         │
│ 5       ┆ -0.061       ┆ -0.040       ┆ 0.013          ┆ 0.023          │
│ 6       ┆ -0.027       ┆ -0.015       ┆ 0.012          ┆ -0.002         │
│ 7       ┆ -0.029       ┆ -0.025       ┆ -0.016         ┆ 0.008          │
│ 8       ┆ -0.030       ┆ -0.012       ┆ 0.003          ┆ 0.002          │
│ 9       ┆ -0.035       ┆ -0.031       ┆ -0.014         ┆ 0.005          │
│ 10      ┆ -0.036       ┆ -0.026       ┆ 0.004          ┆ 0.004          │
└─────────┴──────────────┴──────────────┴────────────────┴────────────────┘

[B3] 同じく 1 分リターンの超過(到達の向き。正なら順行が続く)
shape: (21, 5)
┌─────────┬──────────────┬──────────────┬────────────────┬────────────────┐
│ rel_min ┆ 上バンド到達 ┆ 下バンド到達 ┆ 中間線を上抜け ┆ 中間線を下抜け │
│ ---     ┆ ---          ┆ ---          ┆ ---            ┆ ---            │
│ i64     ┆ f64          ┆ f64          ┆ f64            ┆ f64            │
╞═════════╪══════════════╪══════════════╪════════════════╪════════════════╡
│ -10     ┆ 2.717        ┆ 2.683        ┆ 0.597          ┆ 0.667          │
│ -9      ┆ 2.902        ┆ 3.370        ┆ 0.526          ┆ 0.781          │
│ -8      ┆ 3.764        ┆ 3.242        ┆ 0.833          ┆ 0.783          │
│ -7      ┆ 3.993        ┆ 4.403        ┆ 1.043          ┆ 1.186          │
│ -6      ┆ 4.469        ┆ 4.699        ┆ 0.906          ┆ 1.106          │
│ -5      ┆ 4.800        ┆ 4.926        ┆ 0.999          ┆ 0.920          │
│ -4      ┆ 5.050        ┆ 5.086        ┆ 1.109          ┆ 1.013          │
│ -3      ┆ 5.517        ┆ 5.220        ┆ 1.279          ┆ 0.727          │
│ -2      ┆ 5.316        ┆ 5.905        ┆ 0.962          ┆ 0.965          │
│ -1      ┆ 4.960        ┆ 5.198        ┆ 0.690          ┆ 0.690          │
│ 0       ┆ 2.079        ┆ 2.861        ┆ 0.886          ┆ 0.936          │
│ 1       ┆ 0.940        ┆ 0.452        ┆ 0.315          ┆ 0.006          │
│ 2       ┆ 0.300        ┆ -0.019       ┆ 0.086          ┆ 0.150          │
│ 3       ┆ 0.102        ┆ 0.262        ┆ 0.037          ┆ 0.116          │
│ 4       ┆ 0.101        ┆ -0.210       ┆ 0.076          ┆ -0.098         │
│ 5       ┆ -0.254       ┆ -0.543       ┆ 0.031          ┆ 0.202          │
│ 6       ┆ 0.515        ┆ -0.323       ┆ 0.281          ┆ -0.107         │
│ 7       ┆ 0.119        ┆ -0.215       ┆ 0.023          ┆ 0.254          │
│ 8       ┆ 0.366        ┆ -0.172       ┆ -0.035         ┆ -0.049         │
│ 9       ┆ 0.012        ┆ 0.156        ┆ -0.174         ┆ 0.195          │
│ 10      ┆ -0.097       ┆ 0.264        ┆ 0.201          ┆ -0.134         │
└─────────┴──────────────┴──────────────┴────────────────┴────────────────┘
shape: (4, 2)
┌────────────────┬──────┐
│ event          ┆ n    │
│ ---            ┆ ---  │
│ str            ┆ i64  │
╞════════════════╪══════╡
│ 上バンド到達   ┆ 5208 │
│ 下バンド到達   ┆ 5224 │
│ 中間線を上抜け ┆ 8049 │
│ 中間線を下抜け ┆ 8042 │
└────────────────┴──────┘

[B4] 到達の次の分の OFI は、ただの持続(AR(1))より速く落ちるか
   上バンド到達         到達時 1.042 → 次の分 0.133。持続だけなら 0.188 のはず → 実測はその 0.71 倍
   下バンド到達         到達時 1.050 → 次の分 0.090。持続だけなら 0.189 のはず → 実測はその 0.48 倍
   中間線を上抜け        到達時 0.741 → 次の分 0.063。持続だけなら 0.133 のはず → 実測はその 0.47 倍
   中間線を下抜け        到達時 0.743 → 次の分 0.068。持続だけなら 0.134 のはず → 実測はその 0.51 倍

[C] 三本線の突破 — 突破した足の OFI は「続くか戻るか」を分けるか
   上バンド突破       n= 5208  |OFI| 平均 1.189(全体 0.742 の 1.60 倍)  AUC 0.511 [0.496, 0.522] / プラセボ 0.495  5 分後が順方向 49.9%
   下バンド突破       n= 5229  |OFI| 平均 1.182(全体 0.742 の 1.59 倍)  AUC 0.494 [0.479, 0.509] / プラセボ 0.499  5 分後が順方向 48.0%
   中間線 上抜け      n= 8055  |OFI| 平均 0.901(全体 0.742 の 1.22 倍)  AUC 0.508 [0.496, 0.520] / プラセボ 0.504  5 分後が順方向 50.2%
   中間線 下抜け      n= 8050  |OFI| 平均 0.891(全体 0.742 の 1.20 倍)  AUC 0.503 [0.491, 0.516] / プラセボ 0.512  5 分後が順方向 50.5%

   突破した足の OFI 五分位 → 5 分後のリターン(bp・突破の向き)
shape: (5, 5)
┌──────────┬──────────────┬──────────────┬───────────────┬───────────────┐
│ quintile ┆ 上バンド突破 ┆ 下バンド突破 ┆ 中間線 上抜け ┆ 中間線 下抜け │
│ ---      ┆ ---          ┆ ---          ┆ ---           ┆ ---           │
│ i64      ┆ f64          ┆ f64          ┆ f64           ┆ f64           │
╞══════════╪══════════════╪══════════════╪═══════════════╪═══════════════╡
│ 1        ┆ 1.992        ┆ 1.313        ┆ -0.836        ┆ -0.022        │
│ 2        ┆ -1.046       ┆ -0.253       ┆ 0.191         ┆ 0.898         │
│ 3        ┆ 0.883        ┆ -0.141       ┆ 0.170         ┆ 0.776         │
│ 4        ┆ 1.651        ┆ 0.116        ┆ 1.040         ┆ 0.511         │
│ 5        ┆ 1.944        ┆ 0.952        ┆ 1.681         ┆ 1.493         │
└──────────┴──────────────┴──────────────┴───────────────┴───────────────┘
shape: (5, 5)
┌──────────┬──────────────┬──────────────┬───────────────┬───────────────┐
│ quintile ┆ 上バンド突破 ┆ 下バンド突破 ┆ 中間線 上抜け ┆ 中間線 下抜け │
│ ---      ┆ ---          ┆ ---          ┆ ---           ┆ ---           │
│ i64      ┆ f64          ┆ f64          ┆ f64           ┆ f64           │
╞══════════╪══════════════╪══════════════╪═══════════════╪═══════════════╡
│ 1        ┆ 0.487        ┆ 0.481        ┆ 0.489         ┆ 0.491         │
│ 2        ┆ 0.496        ┆ 0.485        ┆ 0.495         ┆ 0.502         │
│ 3        ┆ 0.487        ┆ 0.482        ┆ 0.513         ┆ 0.516         │
│ 4        ┆ 0.516        ┆ 0.489        ┆ 0.504         ┆ 0.522         │
│ 5        ┆ 0.511        ┆ 0.466        ┆ 0.507         ┆ 0.496         │
└──────────┴──────────────┴──────────────┴───────────────┴───────────────┘
