
===== xyz:MU =====
特徴量 229 本のうち十分位が切れたのは 172 本(残り 57 本は前日の分位が潰れて切れない)
検定 3,096 通り / 日数 20 / Bonferroni の |t| 閾値 5.73
  実測                       |t|>1.96  1697 (54.8%) / |t|>5.73   865 (27.9%) / かつ |差|>2.83bp   0  |差| 中央 0.199bp 最大 11.57bp
  プラセボ(1 営業日ずらし)           |t|>1.96   223 ( 7.2%) / |t|>5.73     0 ( 0.0%) / かつ |差|>2.83bp   0  |差| 中央 0.020bp 最大 8.68bp

  |D10 − D1| の上位 8(Bonferroni 通過)
shape: (8, 8)
┌────────────────┬────────────────────┬───────────────┬────────┬────────┬───────────┬─────────┬──────────────┐
│ feature        ┆ family             ┆ target        ┆ d1     ┆ d10    ┆ spread_bp ┆ t       ┆ monotone_rho │
│ ---            ┆ ---                ┆ ---           ┆ ---    ┆ ---    ┆ ---       ┆ ---     ┆ ---          │
│ str            ┆ str                ┆ str           ┆ f64    ┆ f64    ┆ f64       ┆ f64     ┆ f64          │
╞════════════════╪════════════════════╪═══════════════╪════════╪════════╪═══════════╪═════════╪══════════════╡
│ obi_near_deep  ┆ 2 板の偏り OBI     ┆ fwd_micro_60s ┆ 1.360  ┆ -1.402 ┆ -2.785    ┆ -8.056  ┆ -1.000       │
│ micro_slope    ┆ 4 マイクロプライス ┆ fwd_micro_60s ┆ -1.402 ┆ 1.360  ┆ 2.785     ┆ 8.056   ┆ 1.000        │
│ delta1_bp      ┆ 4 マイクロプライス ┆ fwd_micro_10s ┆ 1.198  ┆ -1.190 ┆ -2.672    ┆ -11.163 ┆ -0.988       │
│ obi_x_spread   ┆ 4 マイクロプライス ┆ fwd_micro_10s ┆ 1.198  ┆ -1.190 ┆ -2.672    ┆ -11.163 ┆ -0.988       │
│ ofi_ewma       ┆ 8 OFI              ┆ fwd_mid_60s   ┆ -0.993 ┆ 1.565  ┆ 2.657     ┆ 7.653   ┆ 1.000        │
│ delta_disagree ┆ 4 マイクロプライス ┆ fwd_micro_30s ┆ 1.215  ┆ -1.170 ┆ -2.654    ┆ -7.400  ┆ -0.976       │
│ delta_disagree ┆ 4 マイクロプライス ┆ fwd_micro_60s ┆ 1.440  ┆ -0.984 ┆ -2.647    ┆ -6.875  ┆ -0.976       │
│ delta1         ┆ 4 マイクロプライス ┆ fwd_micro_10s ┆ 1.197  ┆ -1.182 ┆ -2.630    ┆ -11.277 ┆ -0.988       │
└────────────────┴────────────────────┴───────────────┴────────┴────────┴───────────┴─────────┴──────────────┘

===== xyz:INTC =====
特徴量 229 本のうち十分位が切れたのは 197 本(残り 32 本は前日の分位が潰れて切れない)
検定 3,546 通り / 日数 98 / Bonferroni の |t| 閾値 4.57
  実測                       |t|>1.96  1900 (53.6%) / |t|>4.57  1274 (35.9%) / かつ |差|>2.83bp   0  |差| 中央 0.146bp 最大 15.59bp
  プラセボ(1 営業日ずらし)           |t|>1.96   218 ( 6.1%) / |t|>4.57     2 ( 0.1%) / かつ |差|>2.83bp   0  |差| 中央 0.013bp 最大 3.83bp

  |D10 − D1| の上位 8(Bonferroni 通過)
shape: (8, 8)
┌────────────────┬────────────────────┬───────────────┬───────┬────────┬───────────┬─────────┬──────────────┐
│ feature        ┆ family             ┆ target        ┆ d1    ┆ d10    ┆ spread_bp ┆ t       ┆ monotone_rho │
│ ---            ┆ ---                ┆ ---           ┆ ---   ┆ ---    ┆ ---       ┆ ---     ┆ ---          │
│ str            ┆ str                ┆ str           ┆ f64   ┆ f64    ┆ f64       ┆ f64     ┆ f64          │
╞════════════════╪════════════════════╪═══════════════╪═══════╪════════╪═══════════╪═════════╪══════════════╡
│ delta_disagree ┆ 4 マイクロプライス ┆ fwd_micro_60s ┆ 0.794 ┆ -0.804 ┆ -1.630    ┆ -16.522 ┆ -0.988       │
│ delta1         ┆ 4 マイクロプライス ┆ fwd_micro_30s ┆ 0.770 ┆ -0.764 ┆ -1.606    ┆ -19.340 ┆ -0.988       │
│ delta1_bp      ┆ 4 マイクロプライス ┆ fwd_micro_30s ┆ 0.778 ┆ -0.757 ┆ -1.601    ┆ -18.900 ┆ -0.988       │
│ obi_x_spread   ┆ 4 マイクロプライス ┆ fwd_micro_30s ┆ 0.778 ┆ -0.757 ┆ -1.601    ┆ -18.900 ┆ -0.988       │
│ delta1         ┆ 4 マイクロプライス ┆ fwd_micro_60s ┆ 0.811 ┆ -0.742 ┆ -1.584    ┆ -15.703 ┆ -0.964       │
│ delta_disagree ┆ 4 マイクロプライス ┆ fwd_micro_30s ┆ 0.764 ┆ -0.783 ┆ -1.577    ┆ -19.082 ┆ -1.000       │
│ delta1_bp      ┆ 4 マイクロプライス ┆ fwd_micro_60s ┆ 0.812 ┆ -0.735 ┆ -1.575    ┆ -15.160 ┆ -0.964       │
│ obi_x_spread   ┆ 4 マイクロプライス ┆ fwd_micro_60s ┆ 0.812 ┆ -0.735 ┆ -1.575    ┆ -15.160 ┆ -0.964       │
└────────────────┴────────────────────┴───────────────┴───────┴────────┴───────────┴─────────┴──────────────┘

===== ホライズン別(Bonferroni 通過 / 有効本数)=====
shape: (9, 5)
┌─────────┬────────────┬──────────────┬──────────────┬────────────────┐
│ horizon ┆ xyz:MU mid ┆ xyz:MU micro ┆ xyz:INTC mid ┆ xyz:INTC micro │
│ ---     ┆ ---        ┆ ---          ┆ ---          ┆ ---            │
│ str     ┆ i64        ┆ i64          ┆ i64          ┆ i64            │
╞═════════╪════════════╪══════════════╪══════════════╪════════════════╡
│ 100ms   ┆ 48         ┆ 37           ┆ 83           ┆ 65             │
│ 300ms   ┆ 56         ┆ 52           ┆ 89           ┆ 69             │
│ 500ms   ┆ 70         ┆ 54           ┆ 90           ┆ 72             │
│ 1s      ┆ 57         ┆ 50           ┆ 88           ┆ 72             │
│ 3s      ┆ 62         ┆ 40           ┆ 87           ┆ 67             │
│ 5s      ┆ 63         ┆ 44           ┆ 90           ┆ 63             │
│ 10s     ┆ 53         ┆ 41           ┆ 81           ┆ 60             │
│ 30s     ┆ 46         ┆ 32           ┆ 69           ┆ 40             │
│ 60s     ┆ 36         ┆ 24           ┆ 61           ┆ 28             │
└─────────┴────────────┴──────────────┴──────────────┴────────────────┘
プラセボはどのホライズンでも通過 2 本 / 費用 2.83bp を超えたセルは 0 本

===== 2 銘柄で同じ向きか(共通の特徴量 × 目的変数)=====
shape: (9, 5)
┌─────────┬───────────────┬─────────────────┬───────────────┬─────────────────┐
│ horizon ┆ rank_corr_mid ┆ rank_corr_micro ┆ same_sign_mid ┆ same_sign_micro │
│ ---     ┆ ---           ┆ ---             ┆ ---           ┆ ---             │
│ str     ┆ f64           ┆ f64             ┆ f64           ┆ f64             │
╞═════════╪═══════════════╪═════════════════╪═══════════════╪═════════════════╡
│ 100ms   ┆ 0.681         ┆ 0.687           ┆ 0.712         ┆ 0.794           │
│ 300ms   ┆ 0.646         ┆ 0.673           ┆ 0.676         ┆ 0.765           │
│ 500ms   ┆ 0.668         ┆ 0.612           ┆ 0.747         ┆ 0.706           │
│ 1s      ┆ 0.676         ┆ 0.588           ┆ 0.759         ┆ 0.659           │
│ 3s      ┆ 0.684         ┆ 0.630           ┆ 0.759         ┆ 0.706           │
│ 5s      ┆ 0.705         ┆ 0.680           ┆ 0.747         ┆ 0.712           │
│ 10s     ┆ 0.697         ┆ 0.723           ┆ 0.771         ┆ 0.735           │
│ 30s     ┆ 0.745         ┆ 0.765           ┆ 0.835         ┆ 0.812           │
│ 60s     ┆ 0.724         ┆ 0.730           ┆ 0.824         ┆ 0.800           │
└─────────┴───────────────┴─────────────────┴───────────────┴─────────────────┘
