共通 21 日 (2026-05-04 〜 2026-05-24)

2 版の相関: 中央 0.9705 / 下位 5% 0.7864 / 0.9 未満 68 本

一致が悪い順:
shape: (14, 5)
┌───────────────┬───────────────────┬───────────┬───────────┬───────────┐
│ feature       ┆ corr_two_versions ┆ rel_level ┆ r_real    ┆ r_l1      │
│ ---           ┆ ---               ┆ ---       ┆ ---       ┆ ---       │
│ str           ┆ f64               ┆ f64       ┆ f64       ┆ f64       │
╞═══════════════╪═══════════════════╪═══════════╪═══════════╪═══════════╡
│ liq_density   ┆ 0.721585          ┆ -0.084264 ┆ 0.00169   ┆ -0.001168 │
│ depth_diff    ┆ 0.727119          ┆ -0.05484  ┆ -0.021071 ┆ -0.026717 │
│ d_depth       ┆ 0.732973          ┆ 0.046552  ┆ 0.004959  ┆ 0.004986  │
│ depth_bbo     ┆ 0.748116          ┆ -0.039545 ┆ 0.007188  ┆ 0.003166  │
│ qb1           ┆ 0.756829          ┆ -0.040451 ┆ -0.012385 ┆ -0.018146 │
│ cum_b1        ┆ 0.756829          ┆ -0.040451 ┆ -0.012385 ┆ -0.018146 │
│ d_spread      ┆ 0.757153          ┆ 0.071429  ┆ 0.001946  ┆ -0.007555 │
│ ofi_lv2       ┆ 0.768295          ┆ 0.045178  ┆ -0.020991 ┆ -0.021753 │
│ ofi_lv3       ┆ 0.772469          ┆ 0.094745  ┆ -0.016055 ┆ -0.017607 │
│ local_slope_b ┆ 0.780183          ┆ -0.034734 ┆ 0.015442  ┆ 0.020123  │
│ qa1           ┆ 0.786355          ┆ -0.037628 ┆ 0.019876  ┆ 0.020917  │
│ cum_a1        ┆ 0.786355          ┆ -0.037628 ┆ 0.019876  ┆ 0.020917  │
│ ofi_lv5       ┆ 0.788762          ┆ 0.051444  ┆ -0.012304 ┆ -0.014364 │
│ slope_asym    ┆ 0.789344          ┆ -0.053607 ┆ 0.010211  ┆ 0.014138  │
└───────────────┴───────────────────┴───────────┴───────────┴───────────┘

目的変数との相関: 順位相関 0.9920 / |差| 中央 0.00232 / 最大 0.03154
差の大きい順:
shape: (8, 4)
┌─────────────┬───────────┬───────────┬───────────┐
│ feature     ┆ r_real    ┆ r_l1      ┆ dr        │
│ ---         ┆ ---       ┆ ---       ┆ ---       │
│ str         ┆ f64       ┆ f64       ┆ f64       │
╞═════════════╪═══════════╪═══════════╪═══════════╡
│ d_ask       ┆ 0.040147  ┆ 0.008606  ┆ -0.031541 │
│ d_mid       ┆ 0.046094  ┆ 0.016234  ┆ -0.02986  │
│ d_micro     ┆ -0.039525 ┆ -0.067897 ┆ -0.028372 │
│ micro_ret   ┆ -0.039485 ┆ -0.067761 ┆ -0.028277 │
│ d_bid       ┆ 0.04001   ┆ 0.018774  ┆ -0.021235 │
│ micro_mom   ┆ -0.016785 ┆ -0.034425 ┆ -0.01764  │
│ delta3      ┆ -0.060022 ┆ -0.071683 ┆ -0.011661 │
│ spread_tick ┆ -0.005053 ┆ -0.01559  ┆ -0.010537 │
└─────────────┴───────────┴───────────┴───────────┘
保存: C:\Users\ii562\Downloads\Memory\charts\xyz_MU_featlib_bbo_effect.png
