[build] 14:37:09 start
[譌･] 蜈ｨ 99 / 譛ｪ蜃ｦ逅・96
    [讀懃ｮ余 迚・・縺ｪ縺・0 / 繧ｯ繝ｭ繧ｹ 0(譛螟ｧ 0 繝・ぅ繝・け) / 豁｣蟶ｸ 86,400
  2026-05-07  譁ｭ髱｢ 86,400  ﾎｵ=1.469 local=1.543 deep=1.349  (1/96)
    [讀懃ｮ余 迚・・縺ｪ縺・0 / 繧ｯ繝ｭ繧ｹ 0(譛螟ｧ 0 繝・ぅ繝・け) / 豁｣蟶ｸ 86,400
  2026-05-08  譁ｭ髱｢ 86,400  ﾎｵ=1.466 local=1.575 deep=1.215  (2/96)
    [讀懃ｮ余 迚・・縺ｪ縺・0 / 繧ｯ繝ｭ繧ｹ 0(譛螟ｧ 0 繝・ぅ繝・け) / 豁｣蟶ｸ 86,400
  2026-05-09  譁ｭ髱｢ 86,400  ﾎｵ=1.458 local=1.248 deep=1.588  (3/96)
    [讀懃ｮ余 迚・・縺ｪ縺・0 / 繧ｯ繝ｭ繧ｹ 0(譛螟ｧ 0 繝・ぅ繝・け) / 豁｣蟶ｸ 86,400
  2026-05-10  譁ｭ髱｢ 86,400  ﾎｵ=1.399 local=0.836 deep=1.105  (4/96)
    [讀懃ｮ余 迚・・縺ｪ縺・0 / 繧ｯ繝ｭ繧ｹ 0(譛螟ｧ 0 繝・ぅ繝・け) / 豁｣蟶ｸ 86,400
  2026-05-11  譁ｭ髱｢ 86,400  ﾎｵ=1.368 local=1.518 deep=1.149  (5/96)
    [讀懃ｮ余 迚・・縺ｪ縺・0 / 繧ｯ繝ｭ繧ｹ 0(譛螟ｧ 0 繝・ぅ繝・け) / 豁｣蟶ｸ 86,400
  2026-05-12  譁ｭ髱｢ 86,400  ﾎｵ=1.278 local=1.542 deep=0.866  (6/96)
    [讀懃ｮ余 迚・・縺ｪ縺・0 / 繧ｯ繝ｭ繧ｹ 0(譛螟ｧ 0 繝・ぅ繝・け) / 豁｣蟶ｸ 86,400
  2026-05-13  譁ｭ髱｢ 86,400  ﾎｵ=1.399 local=1.663 deep=0.925  (7/96)
    [讀懃ｮ余 迚・・縺ｪ縺・0 / 繧ｯ繝ｭ繧ｹ 0(譛螟ｧ 0 繝・ぅ繝・け) / 豁｣蟶ｸ 86,400
  2026-05-14  譁ｭ髱｢ 86,400  ﾎｵ=1.319 local=1.565 deep=0.900  (8/96)
    [讀懃ｮ余 迚・・縺ｪ縺・0 / 繧ｯ繝ｭ繧ｹ 0(譛螟ｧ 0 繝・ぅ繝・け) / 豁｣蟶ｸ 86,400
  2026-05-15  譁ｭ髱｢ 86,400  ﾎｵ=1.259 local=1.479 deep=1.000  (9/96)
    [讀懃ｮ余 迚・・縺ｪ縺・0 / 繧ｯ繝ｭ繧ｹ 0(譛螟ｧ 0 繝・ぅ繝・け) / 豁｣蟶ｸ 86,400
  2026-05-16  譁ｭ髱｢ 86,400  ﾎｵ=1.420 local=1.555 deep=1.155  (10/96)
    [讀懃ｮ余 迚・・縺ｪ縺・0 / 繧ｯ繝ｭ繧ｹ 0(譛螟ｧ 0 繝・ぅ繝・け) / 豁｣蟶ｸ 86,400
  2026-05-17  譁ｭ髱｢ 86,400  ﾎｵ=1.376 local=1.352 deep=1.148  (11/96)
    [讀懃ｮ余 迚・・縺ｪ縺・0 / 繧ｯ繝ｭ繧ｹ 36,000(譛螟ｧ 8847 繝・ぅ繝・け) / 豁｣蟶ｸ 50,400
  2026-05-18  譁ｭ髱｢ 50,400  ﾎｵ=1.283 local=1.319 deep=1.236  (12/96)
    [讀懃ｮ余 迚・・縺ｪ縺・0 / 繧ｯ繝ｭ繧ｹ 0(譛螟ｧ 0 繝・ぅ繝・け) / 豁｣蟶ｸ 86,400
  2026-05-19  譁ｭ髱｢ 86,400  ﾎｵ=1.257 local=1.380 deep=0.933  (13/96)
    [讀懃ｮ余 迚・・縺ｪ縺・0 / 繧ｯ繝ｭ繧ｹ 32,388(譛螟ｧ 2088 繝・ぅ繝・け) / 豁｣蟶ｸ 54,012
  2026-05-20  譁ｭ髱｢ 54,012  ﾎｵ=1.282 local=1.347 deep=0.874  (14/96)
    [讀懃ｮ余 迚・・縺ｪ縺・0 / 繧ｯ繝ｭ繧ｹ 0(譛螟ｧ 0 繝・ぅ繝・け) / 豁｣蟶ｸ 86,400
  2026-05-21  譁ｭ髱｢ 86,400  ﾎｵ=1.275 local=1.481 deep=0.826  (15/96)
    [讀懃ｮ余 迚・・縺ｪ縺・0 / 繧ｯ繝ｭ繧ｹ 0(譛螟ｧ 0 繝・ぅ繝・け) / 豁｣蟶ｸ 86,400
  2026-05-22  譁ｭ髱｢ 86,400  ﾎｵ=1.219 local=1.447 deep=0.800  (16/96)
    [讀懃ｮ余 迚・・縺ｪ縺・2 / 繧ｯ繝ｭ繧ｹ 0(譛螟ｧ 0 繝・ぅ繝・け) / 豁｣蟶ｸ 86,398
  2026-05-23  譁ｭ髱｢ 86,398  ﾎｵ=1.360 local=1.516 deep=1.009  (17/96)
    [讀懃ｮ余 迚・・縺ｪ縺・0 / 繧ｯ繝ｭ繧ｹ 0(譛螟ｧ 0 繝・ぅ繝・け) / 豁｣蟶ｸ 86,400
  2026-05-24  譁ｭ髱｢ 86,400  ﾎｵ=1.453 local=1.812 deep=1.035  (18/96)
    [讀懃ｮ余 迚・・縺ｪ縺・0 / 繧ｯ繝ｭ繧ｹ 0(譛螟ｧ 0 繝・ぅ繝・け) / 豁｣蟶ｸ 86,400
  2026-05-25  譁ｭ髱｢ 86,400  ﾎｵ=1.355 local=2.118 deep=0.867  (19/96)
2026-05-26: 萓｡譬ｼ縺ｮ蟷・′蠎・☆縺弱ｋ(383,314,505 繝・ぅ繝・け)
[build] 14:40:06 end
