[wait] 22:51:59 waiting for L1 fetch
[wait] 22:51:59 70 / 99 days, fetchers 2
[wait] 22:53:59 70 / 99 days, fetchers 2
[wait] 22:56:00 71 / 99 days, fetchers 2
[wait] 22:58:00 72 / 99 days, fetchers 2
[wait] 23:00:00 73 / 99 days, fetchers 2
[wait] 23:02:01 73 / 99 days, fetchers 2
[wait] 23:04:01 76 / 99 days, fetchers 2
[wait] 23:06:02 76 / 99 days, fetchers 2
[wait] 23:08:02 77 / 99 days, fetchers 2
[wait] 23:10:02 78 / 99 days, fetchers 2
[wait] 23:12:02 78 / 99 days, fetchers 2
[wait] 23:14:03 79 / 99 days, fetchers 4
[wait] 23:16:03 79 / 99 days, fetchers 2
[wait] 23:18:03 80 / 99 days, fetchers 2
[wait] 23:20:03 80 / 99 days, fetchers 2
[wait] 23:22:03 80 / 99 days, fetchers 2
[wait] 23:24:04 83 / 99 days, fetchers 2
[wait] 23:26:04 84 / 99 days, fetchers 2
[wait] 23:28:04 84 / 99 days, fetchers 2
[wait] 23:30:05 84 / 99 days, fetchers 2
[wait] 23:32:05 84 / 99 days, fetchers 2
[wait] 23:34:05 85 / 99 days, fetchers 2
[wait] 23:36:06 86 / 99 days, fetchers 2
[wait] 23:38:06 86 / 99 days, fetchers 2
[wait] 23:40:06 86 / 99 days, fetchers 2
[wait] 23:42:06 86 / 99 days, fetchers 2
[wait] 23:44:06 86 / 99 days, fetchers 2
[wait] 23:46:07 86 / 99 days, fetchers 2
[wait] 23:48:08 87 / 99 days, fetchers 2
[wait] 23:50:08 89 / 99 days, fetchers 2
[wait] 23:52:09 90 / 99 days, fetchers 2
[wait] 23:54:09 90 / 99 days, fetchers 2
[wait] 23:56:09 90 / 99 days, fetchers 2
[wait] 23:58:11 92 / 99 days, fetchers 2
[wait] 00:00:11 92 / 99 days, fetchers 2
[wait] 00:02:11 92 / 99 days, fetchers 2
[wait] 00:04:12 92 / 99 days, fetchers 2
[wait] 00:06:13 93 / 99 days, fetchers 2
[wait] 00:08:13 94 / 99 days, fetchers 2
[wait] 00:10:14 94 / 99 days, fetchers 2
[wait] 00:12:15 96 / 99 days, fetchers 2
[wait] 00:14:15 98 / 99 days, fetchers 2
[wait] 00:16:16 98 / 99 days, fetchers 2
[wait] 00:18:16 98 / 99 days, fetchers 2
[wait] 00:20:17 99 / 99 days, fetchers 2
[wait] 00:22:17 99 / 99 days, fetchers 2
[wait] 00:24:18 99 / 99 days, fetchers 2
[wait] 00:26:19 99 / 99 days, fetchers 2
[wait] 00:28:19 99 / 99 days, fetchers 2
[wait] 00:30:19 99 / 99 days, fetchers 2
[wait] 00:32:20 99 / 99 days, fetchers 2
[wait] 00:34:20 99 / 99 days, fetchers 2
[wait] 00:36:21 99 / 99 days, fetchers 2
[wait] 00:38:21 99 / 99 days, fetchers 2
[wait] 00:40:22 99 / 99 days, fetchers 2
[wait] 00:42:22 99 / 99 days, fetchers 2
[wait] 00:44:23 99 / 99 days, fetchers 2
[wait] 00:46:23 99 / 99 days, fetchers 2
[wait] 00:48:24 99 / 99 days, fetchers 2
[wait] 00:50:24 99 / 99 days, fetchers 2
[wait] 00:52:24 99 / 99 days, fetchers 2
[wait] 00:54:25 99 / 99 days, fetchers 2
[wait] 00:56:25 99 / 99 days, fetchers 2
[wait] 00:58:25 99 / 99 days, fetchers 2
[wait] 01:00:26 99 / 99 days, fetchers 2
[wait] 01:02:26 99 / 99 days, fetchers 2
[wait] 01:04:27 99 / 99 days, fetchers 2
[wait] 01:06:27 99 / 99 days, fetchers 2
[wait] 01:08:27 99 / 99 days, fetchers 2
[wait] 01:10:28 99 / 99 days, fetchers 2
[wait] 01:12:28 99 / 99 days, fetchers 2
[wait] 01:14:29 99 / 99 days, fetchers 2
[wait] 01:16:29 99 / 99 days, fetchers 2
[wait] 01:18:30 99 / 99 days, fetchers 2
[wait] 01:20:30 99 / 99 days, fetchers 2
[wait] 01:22:31 99 / 99 days, fetchers 2
[wait] 01:24:31 99 / 99 days, fetchers 2
[wait] 01:26:32 99 / 99 days, fetchers 2
[wait] 01:28:34 99 / 99 days, fetchers 2
[wait] 01:30:34 99 / 99 days, fetchers 2
[wait] 01:32:35 99 / 99 days, fetchers 2
[wait] 01:34:36 99 / 99 days, fetchers 2
[wait] 01:36:37 99 / 99 days, fetchers 2
[wait] 01:38:37 99 / 99 days, fetchers 2
[wait] 01:40:38 99 / 99 days, fetchers 2
[wait] 01:42:38 99 / 99 days, fetchers 2
[wait] 01:44:38 99 / 99 days, fetchers 2
[wait] 01:46:39 99 / 99 days, fetchers 2
[wait] 01:48:40 99 / 99 days, fetchers 2
[wait] 01:50:41 99 / 99 days, fetchers 2
[wait] 01:52:41 99 / 99 days, fetchers 2
[wait] 01:54:41 99 / 99 days, fetchers 2
[wait] 01:56:42 99 / 99 days, fetchers 2
[wait] 01:58:43 99 / 99 days, fetchers 2
[wait] 02:00:44 99 / 99 days, fetchers 2
[wait] 02:02:44 99 / 99 days, fetchers 2
[wait] 02:04:45 99 / 99 days, fetchers 2
[wait] 02:06:46 99 / 99 days, fetchers 2
[wait] 02:08:47 99 / 99 days, fetchers 2
[wait] 02:10:48 99 / 99 days, fetchers 2
[wait] 02:13:04 99 / 99 days, fetchers 2
[wait] 02:15:06 99 / 99 days, fetchers 2
[wait] 02:17:07 99 / 99 days, fetchers 2
[wait] 02:19:09 99 / 99 days, fetchers 2
[wait] 02:21:09 99 / 99 days, fetchers 2
[wait] 02:23:10 99 / 99 days, fetchers 2
[wait] 02:25:10 99 / 99 days, fetchers 2
[wait] 02:27:11 99 / 99 days, fetchers 2
[wait] 02:29:13 99 / 99 days, fetchers 2
[wait] 02:31:14 99 / 99 days, fetchers 2
[wait] 02:33:15 99 / 99 days, fetchers 0
[build] 02:33:15 start
[load] 99 譌･蛻・
  2026-05-04 live 1,317 豌ｴ貅・1,073
  2026-05-05 live 1,523 豌ｴ貅・1,265
  2026-05-06 live 1,904 豌ｴ貅・1,611
  2026-05-07 live 1,432 豌ｴ貅・1,193
  2026-05-08 live 2,019 豌ｴ貅・1,657
  2026-05-09 live 2,207 豌ｴ貅・1,866
  2026-05-10 live 2,312 豌ｴ貅・1,951
  2026-05-11 live 3,060 豌ｴ貅・2,601
  2026-05-12 live 3,025 豌ｴ貅・2,584
  2026-05-13 live 3,043 豌ｴ貅・2,644
  2026-05-14 live 2,852 豌ｴ貅・2,470
  2026-05-15 live 2,548 豌ｴ貅・2,212
  2026-05-16 live 2,350 豌ｴ貅・2,037
  2026-05-17 live 2,376 豌ｴ貅・2,025
  2026-05-18 live 2,900 豌ｴ貅・2,390
  2026-05-19 live 3,173 豌ｴ貅・2,506
  2026-05-20 live 3,849 豌ｴ貅・3,043
  2026-05-21 live 3,826 豌ｴ貅・3,005
  2026-05-22 live 3,524 豌ｴ貅・2,740
  2026-05-23 live 3,415 豌ｴ貅・2,670
  2026-05-24 live 3,652 豌ｴ貅・2,881
  2026-05-25 live 3,624 豌ｴ貅・2,836
  2026-05-26 live 4,318 豌ｴ貅・3,478
  2026-05-27 live 5,914 豌ｴ貅・4,810
  2026-05-28 live 5,836 豌ｴ貅・4,718
  2026-05-29 live 5,299 豌ｴ貅・4,323
  2026-05-30 live 5,508 豌ｴ貅・4,492
  2026-05-31 live 5,429 豌ｴ貅・4,393
  2026-06-01 live 5,470 豌ｴ貅・4,317
  2026-06-02 live 5,967 豌ｴ貅・4,652
  2026-06-03 live 5,187 豌ｴ貅・4,123
  2026-06-04 live 5,453 豌ｴ貅・4,486
  2026-06-05 live 5,410 豌ｴ貅・4,561
  2026-06-06 live 5,750 豌ｴ貅・4,772
  2026-06-07 live 5,976 豌ｴ貅・4,946
  2026-06-08 live 6,356 豌ｴ貅・5,142
  2026-06-09 live 7,047 豌ｴ貅・5,671
  2026-06-10 live 7,584 豌ｴ貅・6,147
  2026-06-11 live 7,453 豌ｴ貅・5,775
  2026-06-12 live 6,984 豌ｴ貅・5,508
  2026-06-13 live 6,876 豌ｴ貅・5,448
  2026-06-14 live 6,978 豌ｴ貅・5,454
  2026-06-15 live 6,607 豌ｴ貅・5,104
  2026-06-16 live 6,872 豌ｴ貅・5,290
  2026-06-17 live 6,697 豌ｴ貅・5,193
  2026-06-18 live 7,031 豌ｴ貅・5,432
  2026-06-19 live 7,199 豌ｴ貅・5,675
  2026-06-20 live 6,880 豌ｴ貅・5,412
  2026-06-21 live 6,951 豌ｴ貅・5,472
  2026-06-22 live 7,124 豌ｴ貅・5,514
  2026-06-23 live 8,266 豌ｴ貅・6,100
  2026-06-24 live 8,444 豌ｴ貅・6,412
  2026-06-25 live 8,611 豌ｴ貅・6,359
  2026-06-26 live 8,028 豌ｴ貅・6,034
  2026-06-27 live 8,604 豌ｴ貅・6,333
  2026-06-28 live 8,215 豌ｴ貅・6,178
  2026-06-29 live 9,072 豌ｴ貅・6,634
  2026-06-30 live 9,282 豌ｴ貅・6,750
  2026-07-01 live 8,844 豌ｴ貅・6,418
  2026-07-02 live 9,396 豌ｴ貅・6,857
  2026-07-03 live 9,482 豌ｴ貅・6,816
  2026-07-04 live 9,633 豌ｴ貅・6,909
  2026-07-05 live 9,660 豌ｴ貅・6,928
  2026-07-06 live 9,598 豌ｴ貅・7,050
  2026-07-07 live 9,837 豌ｴ貅・7,304
  2026-07-08 live 9,956 豌ｴ貅・7,509
  2026-07-09 live 9,998 豌ｴ貅・7,345
  2026-07-10 live 9,951 豌ｴ貅・7,501
  2026-07-11 live 9,811 豌ｴ貅・7,433
  2026-07-12 live 9,531 豌ｴ貅・7,230
  2026-07-13 live 9,663 豌ｴ貅・7,425
  2026-07-14 live 9,643 豌ｴ貅・7,394
  2026-07-15 live 10,300 豌ｴ貅・7,796
  2026-07-16 live 11,025 豌ｴ貅・8,227
  2026-07-17 live 10,666 豌ｴ貅・8,255
  2026-07-18 live 11,247 豌ｴ貅・8,669
  2026-07-19 live 11,068 豌ｴ貅・8,661
  2026-07-20 live 11,229 豌ｴ貅・8,724
  2026-07-21 live 10,762 豌ｴ貅・8,106
  2026-07-22 live 11,268 豌ｴ貅・8,390
  2026-07-23 live 11,663 豌ｴ貅・8,553
  2026-07-24 live 11,030 豌ｴ貅・8,534
  2026-07-25 live 10,697 豌ｴ貅・8,260
  2026-07-26 live 10,830 豌ｴ貅・8,226
  2026-07-27 live 9,866 豌ｴ貅・7,584
  2026-07-28 live 9,974 豌ｴ貅・7,718
  2026-07-29 live 11,879 豌ｴ貅・8,889
  2026-07-30 live 13,815 豌ｴ貅・10,343
  2026-07-31 live 12,904 豌ｴ貅・9,653
  2026-08-01 live 13,096 豌ｴ貅・9,766
  2026-08-02 live 12,970 豌ｴ貅・9,612
  2026-08-03 live 13,162 豌ｴ貅・9,742
  2026-08-04 live 13,140 豌ｴ貅・9,862
  2026-08-05 live 13,024 豌ｴ貅・9,700
  2026-08-06 live 12,782 豌ｴ貅・9,491
  2026-08-07 live 12,400 豌ｴ貅・9,176
  2026-08-08 live 12,116 豌ｴ貅・8,984
  2026-08-09 live 12,242 豌ｴ貅・9,084
  2026-08-10 live 12,934 豌ｴ貅・9,579
[讀懃ｮ余 open 譎ゅ↓荳｡蛛ｴ縺昴ｍ縺｣縺ｦ縺・◆ 564,294,888 荳ｭ 繧ｯ繝ｭ繧ｹ 563,569,582 (99.871%)
System.Management.Automation.RemoteException
[髮・ｨ・ 豕ｨ譁・560,418,751 / 蟄､蜈・6,656,517 / reduce_only 髯､螟・3,863,207
  蜈ｨ菴薙・邏・ｮ夂紫 1.385%
System.Management.Automation.RemoteException
=== 繝・ぅ繝・け豌ｴ貅門挨 ===
  謾ｹ蝟・<0)       2,801,034  邏・ｮ夂紫 14.305%
  0(譛濶ｯ)        3,194,787  邏・ｮ夂紫  3.845%
  1              425,332  邏・ｮ夂紫  2.520%
  2              312,556  邏・ｮ夂紫  2.446%
  3-4            596,909  邏・ｮ夂紫  2.273%
  5-9          1,455,595  邏・ｮ夂紫  2.488%
  10-19        4,041,074  邏・ｮ夂紫  2.011%
  20-49        9,354,449  邏・ｮ夂紫  1.102%
  50+        538,237,015  邏・ｮ夂紫  1.298%
System.Management.Automation.RemoteException
=== 繧ｭ繝･繝ｼ菴咲ｽｮ蛻･(閾ｪ蛻・ｈ繧雁燕縺ｮ譛ｬ謨ｰ)===
  0(蜈磯ｭ)      226,491,582  邏・ｮ夂紫  2.215%
  1          139,783,356  邏・ｮ夂紫  0.977%
  2           73,065,564  邏・ｮ夂紫  0.785%
  3-4         67,230,775  邏・ｮ夂紫  0.717%
  5-9         46,935,504  邏・ｮ夂紫  0.606%
  10-19        6,522,089  邏・ｮ夂紫  0.604%
  20+            389,881  邏・ｮ夂紫  0.867%
System.Management.Automation.RemoteException
-> data/fill_rate_cells_xyz_MU.parquet
[build] 04:42:48 end
[chart] C:\Users\ii562\Downloads\Memory\charts\xyz_MU_fill_rate.png
[done] 04:42:52
