=== fetch done Sat Sep  5 11:25:07     2026 ===
  [1/99] 2026-05-04 すでに有り(板だけ通した)
  [2/99] 2026-05-05 すでに有り(板だけ通した)
  [3/99] 2026-05-06 すでに有り(板だけ通した)
  [4/99] 2026-05-07 すでに有り(板だけ通した)
  [5/99] 2026-05-08 差分 4,208,040 → bbo 165,811 行 (残クロス 0 除外) 退去 6,237 回 / 1,111,155.020 枚 / 負丸め 10,553  繰越 1,326 本  8.3s
  [6/99] 2026-05-09 差分 360,830 → bbo 16,569 行 (残クロス 0 除外) 退去 615 回 / 91,470.950 枚 / 負丸め 693  繰越 1,290 本  0.8s
  [7/99] 2026-05-10 差分 311,706 → bbo 27,753 行 (残クロス 0 除外) 退去 2,133 回 / 221,327.680 枚 / 負丸め 2,226  繰越 1,419 本  0.8s
  [8/99] 2026-05-11 差分 5,443,203 → bbo 232,914 行 (残クロス 0 除外) 退去 7,901 回 / 1,003,835.970 枚 / 負丸め 13,905  繰越 1,486 本  9.7s
  [9/99] 2026-05-12 差分 6,446,379 → bbo 232,792 行 (残クロス 0 除外) 退去 5,486 回 / 763,695.970 枚 / 負丸め 10,772  繰越 1,977 本  10.9s
  [10/99] 2026-05-13 差分 5,112,001 → bbo 208,105 行 (残クロス 0 除外) 退去 9,329 回 / 821,120.320 枚 / 負丸め 16,961  繰越 2,227 本  7.8s
  [11/99] 2026-05-14 差分 5,894,810 → bbo 233,111 行 (残クロス 0 除外) 退去 15,236 回 / 1,527,394.920 枚 / 負丸め 26,400  繰越 2,061 本  7.5s
  [12/99] 2026-05-15 差分 6,755,206 → bbo 275,628 行 (残クロス 0 除外) 退去 7,587 回 / 1,185,300.920 枚 / 負丸め 14,964  繰越 2,012 本  10.6s
  [13/99] 2026-05-16 差分 385,590 → bbo 30,460 行 (残クロス 0 除外) 退去 1,902 回 / 191,746.070 枚 / 負丸め 2,287  繰越 1,757 本  0.6s
  [14/99] 2026-05-17 差分 547,174 → bbo 45,661 行 (残クロス 0 除外) 退去 997 回 / 102,724.570 枚 / 負丸め 1,529  繰越 1,711 本  0.7s
  [15/99] 2026-05-18 差分 6,727,589 → bbo 298,828 行 (残クロス 0 除外) 退去 7,293 回 / 1,205,411.480 枚 / 負丸め 13,591  繰越 2,681 本  7.9s
  [16/99] 2026-05-19 差分 6,993,271 → bbo 296,025 行 (残クロス 0 除外) 退去 5,795 回 / 1,015,274.220 枚 / 負丸め 10,386  繰越 3,024 本  10.0s
  [17/99] 2026-05-20 差分 6,149,916 → bbo 272,586 行 (残クロス 0 除外) 退去 6,044 回 / 928,263.940 枚 / 負丸め 10,349  繰越 3,631 本  8.6s
  [18/99] 2026-05-21 差分 6,063,188 → bbo 276,176 行 (残クロス 0 除外) 退去 5,296 回 / 1,022,740.790 枚 / 負丸め 9,714  繰越 3,607 本  7.5s
  [19/99] 2026-05-22 差分 4,526,719 → bbo 214,228 行 (残クロス 0 除外) 退去 15,938 回 / 4,053,219.000 枚 / 負丸め 33,868  繰越 3,474 本  5.7s
  [20/99] 2026-05-23 差分 563,989 → bbo 46,950 行 (残クロス 0 除外) 退去 6,486 回 / 640,975.430 枚 / 負丸め 7,722  繰越 3,435 本  0.7s
  [21/99] 2026-05-24 差分 574,617 → bbo 48,576 行 (残クロス 0 除外) 退去 5,205 回 / 369,783.870 枚 / 負丸め 7,286  繰越 3,458 本  0.7s
  [22/99] 2026-05-25 差分 827,724 → bbo 60,479 行 (残クロス 0 除外) 退去 2,352 回 / 263,513.000 枚 / 負丸め 2,605  繰越 3,518 本  1.2s
  [23/99] 2026-05-26 差分 5,757,447 → bbo 239,208 行 (残クロス 0 除外) 退去 11,148 回 / 1,658,998.330 枚 / 負丸め 24,352  繰越 3,521 本  6.8s
  [24/99] 2026-05-27 差分 4,424,622 → bbo 207,832 行 (残クロス 0 除外) 退去 8,273 回 / 1,167,995.060 枚 / 負丸め 15,552  繰越 4,018 本  5.1s
  [25/99] 2026-05-28 差分 4,705,013 → bbo 218,774 行 (残クロス 0 除外) 退去 9,346 回 / 1,600,834.910 枚 / 負丸め 17,830  繰越 4,161 本  5.2s
  [26/99] 2026-05-29 差分 4,581,752 → bbo 182,329 行 (残クロス 0 除外) 退去 8,105 回 / 1,149,020.380 枚 / 負丸め 13,304  繰越 4,197 本  5.3s
  [27/99] 2026-05-30 差分 412,944 → bbo 27,977 行 (残クロス 0 除外) 退去 5,125 回 / 577,867.660 枚 / 負丸め 5,790  繰越 4,302 本  0.5s
  [28/99] 2026-05-31 差分 404,188 → bbo 24,610 行 (残クロス 0 除外) 退去 2,220 回 / 217,180.530 枚 / 負丸め 2,634  繰越 4,326 本  0.4s
  [29/99] 2026-06-01 差分 6,256,625 → bbo 267,333 行 (残クロス 0 除外) 退去 13,545 回 / 2,347,666.650 枚 / 負丸め 24,122  繰越 4,345 本  6.4s
  [30/99] 2026-06-02 差分 5,001,812 → bbo 237,181 行 (残クロス 0 除外) 退去 6,213 回 / 939,589.200 枚 / 負丸め 9,402  繰越 4,576 本  5.5s
  [31/99] 2026-06-03 差分 6,244,625 → bbo 265,125 行 (残クロス 0 除外) 退去 10,433 回 / 1,956,990.480 枚 / 負丸め 17,369  繰越 4,356 本  6.3s
  [32/99] 2026-06-04 差分 6,679,796 → bbo 282,148 行 (残クロス 0 除外) 退去 15,149 回 / 3,443,873.800 枚 / 負丸め 27,159  繰越 4,480 本  7.0s
  [33/99] 2026-06-05 差分 7,579,594 → bbo 303,601 行 (残クロス 0 除外) 退去 30,059 回 / 6,752,089.230 枚 / 負丸め 62,189  繰越 4,310 本  7.8s
  [34/99] 2026-06-06 差分 1,271,133 → bbo 77,936 行 (残クロス 0 除外) 退去 9,554 回 / 713,377.820 枚 / 負丸め 13,603  繰越 4,277 本  1.4s
  [35/99] 2026-06-07 差分 1,533,529 → bbo 72,283 行 (残クロス 0 除外) 退去 9,414 回 / 728,712.900 枚 / 負丸め 15,625  繰越 4,374 本  1.6s
  [36/99] 2026-06-08 差分 8,848,347 → bbo 331,604 行 (残クロス 0 除外) 退去 18,614 回 / 1,978,401.180 枚 / 負丸め 33,780  繰越 4,793 本  9.0s
  [37/99] 2026-06-09 差分 7,977,255 → bbo 277,560 行 (残クロス 0 除外) 退去 36,067 回 / 10,229,231.920 枚 / 負丸め 70,796  繰越 5,281 本  8.9s
  [38/99] 2026-06-10 差分 8,797,347 → bbo 351,184 行 (残クロス 0 除外) 退去 10,272 回 / 2,098,875.560 枚 / 負丸め 19,106  繰越 5,255 本  27.5s
  [39/99] 2026-06-11 差分 9,730,204 → bbo 352,518 行 (残クロス 0 除外) 退去 11,913 回 / 2,533,727.750 枚 / 負丸め 24,887  繰越 5,396 本  31.1s
  [40/99] 2026-06-12 差分 8,225,558 → bbo 330,028 行 (残クロス 0 除外) 退去 10,186 回 / 2,069,537.200 枚 / 負丸め 21,415  繰越 5,579 本  38.2s
  [41/99] 2026-06-13 差分 775,262 → bbo 46,315 行 (残クロス 0 除外) 退去 6,998 回 / 678,017.290 枚 / 負丸め 8,594  繰越 5,358 本  4.8s
  [42/99] 2026-06-14 差分 1,006,290 → bbo 67,056 行 (残クロス 0 除外) 退去 9,403 回 / 888,971.160 枚 / 負丸め 12,031  繰越 5,402 本  10.1s
  [43/99] 2026-06-15 差分 5,945,001 → bbo 247,382 行 (残クロス 0 除外) 退去 13,100 回 / 1,993,828.650 枚 / 負丸め 23,398  繰越 5,593 本  25.4s
  [44/99] 2026-06-16 差分 6,400,374 → bbo 246,178 行 (残クロス 0 除外) 退去 8,098 回 / 1,377,713.660 枚 / 負丸め 13,785  繰越 5,554 本  8.5s
  [45/99] 2026-06-17 差分 7,109,755 → bbo 277,835 行 (残クロス 0 除外) 退去 9,297 回 / 1,865,252.910 枚 / 負丸め 17,273  繰越 5,582 本  24.7s
  [46/99] 2026-06-18 差分 8,322,967 → bbo 298,901 行 (残クロス 0 除外) 退去 16,827 回 / 3,399,663.590 枚 / 負丸め 35,508  繰越 5,523 本  31.5s
  [47/99] 2026-06-19 差分 2,503,085 → bbo 132,178 行 (残クロス 0 除外) 退去 13,505 回 / 1,621,023.600 枚 / 負丸め 21,587  繰越 5,538 本  6.1s
  [48/99] 2026-06-20 差分 1,098,822 → bbo 58,395 行 (残クロス 0 除外) 退去 6,537 回 / 643,529.120 枚 / 負丸め 8,612  繰越 5,567 本  1.9s
  [49/99] 2026-06-21 差分 851,443 → bbo 45,490 行 (残クロス 0 除外) 退去 4,805 回 / 512,740.420 枚 / 負丸め 6,516  繰越 5,566 本  2.2s
  [50/99] 2026-06-22 差分 7,391,867 → bbo 267,274 行 (残クロス 0 除外) 退去 17,833 回 / 2,445,561.610 枚 / 負丸め 33,038  繰越 5,688 本  41.4s
  [51/99] 2026-06-23 差分 8,917,371 → bbo 337,090 行 (残クロス 0 除外) 退去 18,901 回 / 3,702,585.440 枚 / 負丸め 38,242  繰越 5,472 本  42.6s
  [52/99] 2026-06-24 差分 7,044,645 → bbo 255,029 行 (残クロス 0 除外) 退去 12,366 回 / 2,140,943.670 枚 / 負丸め 25,402  繰越 5,549 本  36.9s
  [53/99] 2026-06-25 差分 7,105,699 → bbo 231,605 行 (残クロス 1 除外) 退去 10,916 回 / 2,092,230.320 枚 / 負丸め 22,407  繰越 5,710 本  32.9s
  [54/99] 2026-06-26 差分 7,193,046 → bbo 236,253 行 (残クロス 0 除外) 退去 10,780 回 / 1,828,848.520 枚 / 負丸め 22,506  繰越 5,651 本  28.8s
  [55/99] 2026-06-27 差分 540,403 → bbo 29,968 行 (残クロス 0 除外) 退去 5,268 回 / 716,793.440 枚 / 負丸め 5,913  繰越 5,800 本  2.1s
  [56/99] 2026-06-28 差分 772,812 → bbo 45,303 行 (残クロス 0 除外) 退去 8,885 回 / 1,233,664.610 枚 / 負丸め 12,724  繰越 5,831 本  3.1s
  [57/99] 2026-06-29 差分 6,134,914 → bbo 201,579 行 (残クロス 0 除外) 退去 9,174 回 / 1,850,945.690 枚 / 負丸め 18,773  繰越 5,842 本  22.4s
  [58/99] 2026-06-30 差分 4,763,995 → bbo 169,411 行 (残クロス 0 除外) 退去 11,297 回 / 2,355,201.780 枚 / 負丸め 23,469  繰越 5,916 本  15.8s
  [59/99] 2026-07-01 差分 5,493,633 → bbo 199,221 行 (残クロス 0 除外) 退去 18,186 回 / 3,948,564.030 枚 / 負丸め 38,254  繰越 5,777 本  16.8s
  [60/99] 2026-07-02 差分 8,479,051 → bbo 290,899 行 (残クロス 0 除外) 退去 17,469 回 / 3,785,626.060 枚 / 負丸め 37,104  繰越 5,809 本  27.8s
  [61/99] 2026-07-03 差分 1,341,360 → bbo 87,638 行 (残クロス 0 除外) 退去 10,374 回 / 1,519,560.400 枚 / 負丸め 16,546  繰越 5,617 本  5.4s
  [62/99] 2026-07-04 差分 582,532 → bbo 37,013 行 (残クロス 0 除外) 退去 5,067 回 / 917,494.290 枚 / 負丸め 7,038  繰越 5,694 本  3.2s
  [63/99] 2026-07-05 差分 582,494 → bbo 27,831 行 (残クロス 0 除外) 退去 4,874 回 / 801,746.690 枚 / 負丸め 6,615  繰越 5,702 本  3.0s
  [64/99] 2026-07-06 差分 6,747,010 → bbo 250,359 行 (残クロス 0 除外) 退去 13,559 回 / 2,963,929.670 枚 / 負丸め 27,918  繰越 5,863 本  14.5s
  [65/99] 2026-07-07 差分 8,421,399 → bbo 335,646 行 (残クロス 0 除外) 退去 20,163 回 / 5,191,448.560 枚 / 負丸め 44,272  繰越 6,238 本  13.5s
  [66/99] 2026-07-08 差分 9,746,130 → bbo 347,271 行 (残クロス 0 除外) 退去 18,867 回 / 4,638,463.810 枚 / 負丸め 41,544  繰越 6,057 本  10.3s
  [67/99] 2026-07-09 差分 7,931,580 → bbo 291,111 行 (残クロス 0 除外) 退去 11,036 回 / 2,181,209.350 枚 / 負丸め 20,822  繰越 5,983 本  8.0s
  [68/99] 2026-07-10 差分 6,586,308 → bbo 242,235 行 (残クロス 0 除外) 退去 9,315 回 / 1,904,923.220 枚 / 負丸め 16,721  繰越 5,887 本  6.9s
  [69/99] 2026-07-11 差分 1,392,404 → bbo 79,458 行 (残クロス 0 除外) 退去 3,455 回 / 484,809.600 枚 / 負丸め 4,156  繰越 5,871 本  1.5s
  [70/99] 2026-07-12 差分 1,223,581 → bbo 61,220 行 (残クロス 0 除外) 退去 5,120 回 / 683,932.530 枚 / 負丸め 6,089  繰越 5,865 本  1.4s
  [71/99] 2026-07-13 差分 8,202,105 → bbo 317,259 行 (残クロス 0 除外) 退去 10,833 回 / 2,220,112.440 枚 / 負丸め 19,586  繰越 5,972 本  9.8s
  [72/99] 2026-07-14 差分 7,539,443 → bbo 313,991 行 (残クロス 0 除外) 退去 12,630 回 / 2,965,708.170 枚 / 負丸め 24,477  繰越 6,091 本  9.3s
  [73/99] 2026-07-15 差分 8,030,073 → bbo 330,126 行 (残クロス 0 除外) 退去 12,758 回 / 2,774,550.730 枚 / 負丸め 28,366  繰越 6,671 本  8.8s
  [74/99] 2026-07-16 差分 10,190,857 → bbo 404,516 行 (残クロス 0 除外) 退去 30,059 回 / 7,018,018.850 枚 / 負丸め 60,191  繰越 7,157 本  11.0s
  [75/99] 2026-07-17 差分 14,031,274 → bbo 523,438 行 (残クロス 0 除外) 退去 38,862 回 / 8,223,678.880 枚 / 負丸め 80,957  繰越 6,712 本  15.1s
  [76/99] 2026-07-18 差分 760,548 → bbo 90,606 行 (残クロス 0 除外) 退去 6,527 回 / 644,578.790 枚 / 負丸め 7,412  繰越 6,752 本  0.9s
  [77/99] 2026-07-19 差分 1,552,993 → bbo 137,464 行 (残クロス 0 除外) 退去 7,314 回 / 668,192.380 枚 / 負丸め 12,395  繰越 6,751 本  1.8s
  [78/99] 2026-07-20 差分 9,415,364 → bbo 430,616 行 (残クロス 0 除外) 退去 30,795 回 / 6,405,888.100 枚 / 負丸め 60,617  繰越 6,791 本  13.7s
  [79/99] 2026-07-21 差分 6,032,234 → bbo 258,326 行 (残クロス 0 除外) 退去 9,032 回 / 2,032,791.910 枚 / 負丸め 18,319  繰越 6,800 本  8.9s
  [80/99] 2026-07-22 差分 6,473,563 → bbo 287,661 行 (残クロス 0 除外) 退去 14,891 回 / 3,697,677.610 枚 / 負丸め 35,405  繰越 6,683 本  9.3s
  [81/99] 2026-07-23 差分 11,864,372 → bbo 425,981 行 (残クロス 0 除外) 退去 26,135 回 / 7,461,548.580 枚 / 負丸め 62,800  繰越 6,764 本  19.0s
  [82/99] 2026-07-24 差分 13,549,287 → bbo 428,212 行 (残クロス 0 除外) 退去 38,986 回 / 9,844,157.730 枚 / 負丸め 88,381  繰越 6,882 本  18.6s
  [83/99] 2026-07-25 差分 1,132,857 → bbo 101,075 行 (残クロス 0 除外) 退去 9,729 回 / 918,849.690 枚 / 負丸め 15,456  繰越 6,861 本  1.7s
  [84/99] 2026-07-26 差分 1,452,807 → bbo 114,208 行 (残クロス 0 除外) 退去 12,593 回 / 1,234,456.320 枚 / 負丸め 24,135  繰越 6,909 本  1.6s
  [85/99] 2026-07-27 差分 13,059,600 → bbo 447,006 行 (残クロス 0 除外) 退去 55,129 回 / 12,737,880.880 枚 / 負丸め 126,624  繰越 6,819 本  14.6s
  [86/99] 2026-07-28 差分 16,253,571 → bbo 551,690 行 (残クロス 0 除外) 退去 69,368 回 / 16,349,558.950 枚 / 負丸め 152,724  繰越 6,710 本  19.1s
  [87/99] 2026-07-29 差分 19,251,958 → bbo 580,511 行 (残クロス 0 除外) 退去 73,762 回 / 14,662,181.850 枚 / 負丸め 151,402  繰越 6,822 本  27.5s
  [88/99] 2026-07-30 差分 12,649,028 → bbo 469,411 行 (残クロス 0 除外) 退去 55,468 回 / 11,849,684.740 枚 / 負丸め 116,744  繰越 7,158 本  16.3s
  [89/99] 2026-07-31 差分 13,410,706 → bbo 502,034 行 (残クロス 0 除外) 退去 47,098 回 / 4,958,394.400 枚 / 負丸め 87,108  繰越 7,188 本  56.6s
  [90/99] 2026-08-01 差分 918,240 → bbo 87,796 行 (残クロス 0 除外) 退去 9,074 回 / 1,013,137.430 枚 / 負丸め 11,847  繰越 7,237 本  1.9s
  [91/99] 2026-08-02 差分 1,577,430 → bbo 126,284 行 (残クロス 0 除外) 退去 10,842 回 / 970,357.230 枚 / 負丸め 15,426  繰越 7,309 本  11.5s
  [92/99] 2026-08-03 差分 10,301,147 → bbo 401,785 行 (残クロス 0 除外) 退去 39,907 回 / 6,390,618.390 枚 / 負丸め 87,243  繰越 7,414 本  48.5s
  [93/99] 2026-08-04 差分 12,607,952 → bbo 466,581 行 (残クロス 0 除外) 退去 53,595 回 / 7,088,921.140 枚 / 負丸め 123,829  繰越 7,412 本  95.4s
  [94/99] 2026-08-05 差分 10,959,294 → bbo 415,429 行 (残クロス 0 除外) 退去 33,302 回 / 5,542,353.200 枚 / 負丸め 71,584  繰越 7,328 本  44.9s
  [95/99] 2026-08-06 差分 8,812,122 → bbo 357,583 行 (残クロス 0 除外) 退去 23,155 回 / 3,988,825.520 枚 / 負丸め 47,410  繰越 7,390 本  35.0s
  [96/99] 2026-08-07 差分 6,583,620 → bbo 263,642 行 (残クロス 0 除外) 退去 20,551 回 / 4,761,052.140 枚 / 負丸め 41,135  繰越 7,220 本  24.4s
  [97/99] 2026-08-08 差分 479,230 → bbo 33,523 行 (残クロス 0 除外) 退去 5,013 回 / 1,085,449.230 枚 / 負丸め 4,062  繰越 7,206 本  1.8s
  [98/99] 2026-08-09 差分 474,740 → bbo 31,448 行 (残クロス 0 除外) 退去 6,919 回 / 1,297,064.850 枚 / 負丸め 7,698  繰越 7,212 本  2.0s
  [99/99] 2026-08-10 差分 8,400,958 → bbo 256,115 行 (残クロス 0 除外) 退去 30,592 回 / 5,425,352.980 枚 / 負丸め 68,460  繰越 7,520 本  19.5s
書き出し C:\Users\ii562\Downloads\Memory\data\bbo_xyz_INTC.parquet  22,318,813 行 / 99 日 (残クロス除外 1 / 退去 1,463,862 回)
=== bbo done Sat Sep  5 11:46:49     2026 ===
bbo 22,311,817 行 (異常 6,996 除外) / L1 99 日
  [1/99] 2026-05-04  特徴量 235 個 → 17,280 行
  [5/99] 2026-05-08  特徴量 235 個 → 17,280 行
  [10/99] 2026-05-13  特徴量 235 個 → 17,280 行
  [15/99] 2026-05-18  特徴量 235 個 → 17,280 行
  [20/99] 2026-05-23  特徴量 235 個 → 17,280 行
  [25/99] 2026-05-28  特徴量 235 個 → 17,280 行
  [30/99] 2026-06-02  特徴量 235 個 → 17,280 行
  [35/99] 2026-06-07  特徴量 235 個 → 17,280 行
  [40/99] 2026-06-12  特徴量 235 個 → 17,280 行
  [45/99] 2026-06-17  特徴量 235 個 → 17,280 行
  [50/99] 2026-06-22  特徴量 235 個 → 17,280 行
  [55/99] 2026-06-27  特徴量 235 個 → 17,280 行
  [60/99] 2026-07-02  特徴量 235 個 → 17,280 行
  [65/99] 2026-07-07  特徴量 235 個 → 17,280 行
  [70/99] 2026-07-12  特徴量 235 個 → 17,280 行
  [75/99] 2026-07-17  特徴量 235 個 → 17,280 行
  [80/99] 2026-07-22  特徴量 235 個 → 17,280 行
  [85/99] 2026-07-27  特徴量 235 個 → 17,280 行
  [90/99] 2026-08-01  特徴量 235 個 → 17,280 行
  [95/99] 2026-08-06  特徴量 235 個 → 17,280 行
書き出し C:\Users\ii562\Downloads\Memory\data\featlib_xyz_INTC  (99 日)
=== featlib done Sat Sep  5 12:24:28     2026 ===
  [1/99] 2026-05-04 発注 1,758,240 / 決着 1,757,590 / 未決 650  4.4s
  [2/99] 2026-05-05 発注 1,566,059 / 決着 1,565,557 / 未決 1,152  4.0s
  [3/99] 2026-05-06 発注 2,125,264 / 決着 2,124,938 / 未決 1,478  5.4s
  [4/99] 2026-05-07 発注 2,146,319 / 決着 2,146,838 / 未決 959  5.5s
  [5/99] 2026-05-08 発注 2,104,188 / 決着 2,103,823 / 未決 1,324  5.5s
  [6/99] 2026-05-09 発注 180,395 / 決着 180,431 / 未決 1,288  0.5s
  [7/99] 2026-05-10 発注 155,914 / 決着 155,785 / 未決 1,417  0.5s
  [8/99] 2026-05-11 発注 2,721,618 / 決着 2,721,551 / 未決 1,484  7.1s
  [9/99] 2026-05-12 発注 3,223,415 / 決着 3,222,924 / 未決 1,975  8.8s
  [10/99] 2026-05-13 発注 2,556,099 / 決着 2,555,849 / 未決 2,225  7.0s
  [11/99] 2026-05-14 発注 2,947,298 / 決着 2,947,466 / 未決 2,057  8.4s
  [12/99] 2026-05-15 発注 3,377,557 / 決着 3,377,607 / 未決 2,007  9.4s
  [13/99] 2026-05-16 発注 192,657 / 決着 192,912 / 未決 1,752  0.6s
  [14/99] 2026-05-17 発注 273,559 / 決着 273,605 / 未決 1,706  0.8s
  [15/99] 2026-05-18 発注 3,364,246 / 決着 3,363,292 / 未決 2,660  9.0s
  [16/99] 2026-05-19 発注 3,496,759 / 決着 3,496,459 / 未決 2,960  9.4s
  [17/99] 2026-05-20 発注 3,075,229 / 決着 3,074,642 / 未決 3,547  7.8s
  [18/99] 2026-05-21 発注 3,031,567 / 決着 3,031,599 / 未決 3,515  7.6s
  [19/99] 2026-05-22 発注 2,263,256 / 決着 2,263,402 / 未決 3,369  5.6s
  [20/99] 2026-05-23 発注 281,959 / 決着 281,998 / 未決 3,330  0.8s
  [21/99] 2026-05-24 発注 287,300 / 決着 287,277 / 未決 3,353  0.8s
  [22/99] 2026-05-25 発注 413,888 / 決着 413,828 / 未決 3,413  1.1s
  [23/99] 2026-05-26 発注 2,878,711 / 決着 2,878,710 / 未決 3,414  7.1s
  [24/99] 2026-05-27 発注 2,212,556 / 決着 2,212,061 / 未決 3,909  5.5s
  [25/99] 2026-05-28 発注 2,352,566 / 決着 2,352,423 / 未決 4,052  5.8s
  [26/99] 2026-05-29 発注 2,290,877 / 決着 2,290,841 / 未決 4,088  5.7s
  [27/99] 2026-05-30 発注 206,502 / 決着 206,397 / 未決 4,193  0.6s
  [28/99] 2026-05-31 発注 202,089 / 決着 202,065 / 未決 4,217  0.6s
  [29/99] 2026-06-01 発注 3,128,308 / 決着 3,128,289 / 未決 4,236  7.9s
  [30/99] 2026-06-02 発注 2,500,997 / 決着 2,500,782 / 未決 4,451  6.4s
  [31/99] 2026-06-03 発注 3,122,182 / 決着 3,122,410 / 未決 4,223  8.1s
  [32/99] 2026-06-04 発注 3,339,938 / 決着 3,339,818 / 未決 4,343  8.6s
  [33/99] 2026-06-05 発注 3,789,700 / 決着 3,789,879 / 未決 4,164  9.5s
  [34/99] 2026-06-06 発注 635,534 / 決着 635,567 / 未決 4,131  1.7s
  [35/99] 2026-06-07 発注 766,800 / 決着 766,703 / 未決 4,228  2.1s
  [36/99] 2026-06-08 発注 4,424,342 / 決着 4,423,931 / 未決 4,639  11.0s
  [37/99] 2026-06-09 発注 3,988,818 / 決着 3,988,342 / 未決 5,115  10.2s
  [38/99] 2026-06-10 発注 4,398,616 / 決着 4,398,647 / 未決 5,084  11.5s
  [39/99] 2026-06-11 発注 4,865,132 / 決着 4,865,011 / 未決 5,205  12.6s
  [40/99] 2026-06-12 発注 4,112,839 / 決着 4,112,672 / 未決 5,372  10.5s
  [41/99] 2026-06-13 発注 387,516 / 決着 387,737 / 未決 5,151  1.1s
  [42/99] 2026-06-14 発注 503,158 / 決着 503,118 / 未決 5,191  1.5s
  [43/99] 2026-06-15 発注 2,972,578 / 決着 2,972,399 / 未決 5,370  7.3s
  [44/99] 2026-06-16 発注 3,200,142 / 決着 3,200,202 / 未決 5,310  8.0s
  [45/99] 2026-06-17 発注 3,554,888 / 決着 3,554,860 / 未決 5,338  8.8s
  [46/99] 2026-06-18 発注 4,161,434 / 決着 4,161,502 / 未決 5,270  10.4s
  [47/99] 2026-06-19 発注 1,251,535 / 決着 1,251,521 / 未決 5,284  3.2s
  [48/99] 2026-06-20 発注 549,420 / 決着 549,391 / 未決 5,313  1.5s
  [49/99] 2026-06-21 発注 425,718 / 決着 425,719 / 未決 5,312  1.2s
  [50/99] 2026-06-22 発注 3,695,985 / 決着 3,695,863 / 未決 5,434  9.1s
  [51/99] 2026-06-23 発注 4,458,544 / 決着 4,458,775 / 未決 5,203  11.4s
  [52/99] 2026-06-24 発注 3,522,351 / 決着 3,522,276 / 未決 5,278  9.3s
  [53/99] 2026-06-25 発注 3,552,925 / 決着 3,552,764 / 未決 5,439  9.0s
  [54/99] 2026-06-26 発注 3,596,493 / 決着 3,596,552 / 未決 5,380  9.2s
  [55/99] 2026-06-27 発注 270,276 / 決着 270,127 / 未決 5,529  0.8s
  [56/99] 2026-06-28 発注 386,421 / 決着 386,390 / 未決 5,560  1.2s
  [57/99] 2026-06-29 発注 3,067,462 / 決着 3,067,451 / 未決 5,571  7.9s
  [58/99] 2026-06-30 発注 2,382,030 / 決着 2,381,957 / 未決 5,644  7.1s
  [59/99] 2026-07-01 発注 2,746,744 / 決着 2,746,883 / 未決 5,505  7.5s
  [60/99] 2026-07-02 発注 4,239,539 / 決着 4,239,507 / 未決 5,537  11.5s
  [61/99] 2026-07-03 発注 670,582 / 決着 670,774 / 未決 5,345  1.9s
  [62/99] 2026-07-04 発注 291,304 / 決着 291,227 / 未決 5,422  0.8s
  [63/99] 2026-07-05 発注 291,250 / 決着 291,242 / 未決 5,430  1.1s
  [64/99] 2026-07-06 発注 3,373,581 / 決着 3,373,420 / 未決 5,591  8.7s
  [65/99] 2026-07-07 発注 4,210,880 / 決着 4,210,506 / 未決 5,965  11.3s
  [66/99] 2026-07-08 発注 4,872,972 / 決着 4,873,153 / 未決 5,784  13.4s
  [67/99] 2026-07-09 発注 3,965,752 / 決着 3,965,826 / 未決 5,710  10.4s
  [68/99] 2026-07-10 発注 3,293,104 / 決着 3,293,200 / 未決 5,614  8.5s
  [69/99] 2026-07-11 発注 696,193 / 決着 696,209 / 未決 5,598  1.9s
  [70/99] 2026-07-12 発注 611,787 / 決着 611,793 / 未決 5,592  1.7s
  [71/99] 2026-07-13 発注 4,101,103 / 決着 4,100,996 / 未決 5,699  10.2s
  [72/99] 2026-07-14 発注 3,769,781 / 決着 3,769,662 / 未決 5,818  9.7s
  [73/99] 2026-07-15 発注 4,015,321 / 決着 4,014,741 / 未決 6,398  11.8s
  [74/99] 2026-07-16 発注 5,095,671 / 決着 5,095,185 / 未決 6,884  13.7s
  [75/99] 2026-07-17 発注 7,015,414 / 決着 7,015,859 / 未決 6,439  18.2s
  [76/99] 2026-07-18 発注 380,294 / 決着 380,254 / 未決 6,479  1.1s
  [77/99] 2026-07-19 発注 776,495 / 決着 776,496 / 未決 6,478  2.2s
  [78/99] 2026-07-20 発注 4,707,699 / 決着 4,707,659 / 未決 6,518  11.5s
  [79/99] 2026-07-21 発注 3,016,120 / 決着 3,016,111 / 未決 6,527  7.7s
  [80/99] 2026-07-22 発注 3,236,722 / 決着 3,236,839 / 未決 6,410  8.1s
  [81/99] 2026-07-23 発注 5,932,219 / 決着 5,932,138 / 未決 6,491  15.8s
  [82/99] 2026-07-24 発注 6,774,697 / 決着 6,774,579 / 未決 6,609  17.2s
  [83/99] 2026-07-25 発注 566,418 / 決着 566,439 / 未決 6,588  1.5s
  [84/99] 2026-07-26 発注 726,427 / 決着 726,379 / 未決 6,636  2.0s
  [85/99] 2026-07-27 発注 6,529,752 / 決着 6,529,842 / 未決 6,546  16.2s
  [86/99] 2026-07-28 発注 8,126,730 / 決着 8,126,839 / 未決 6,437  21.8s
  [87/99] 2026-07-29 発注 9,626,030 / 決着 9,625,918 / 未決 6,549  26.4s
  [88/99] 2026-07-30 発注 6,324,678 / 決着 6,324,342 / 未決 6,885  16.3s
  [89/99] 2026-07-31 発注 6,705,366 / 決着 6,705,336 / 未決 6,915  17.0s
  [90/99] 2026-08-01 発注 459,143 / 決着 459,094 / 未決 6,964  1.3s
  [91/99] 2026-08-02 発注 788,751 / 決着 788,679 / 未決 7,036  2.1s
  [92/99] 2026-08-03 発注 5,150,617 / 決着 5,150,512 / 未決 7,141  12.7s
  [93/99] 2026-08-04 発注 6,303,972 / 決着 6,303,974 / 未決 7,139  15.8s
  [94/99] 2026-08-05 発注 5,479,595 / 決着 5,479,679 / 未決 7,055  14.1s
  [95/99] 2026-08-06 発注 4,406,084 / 決着 4,406,022 / 未決 7,117  11.0s
  [96/99] 2026-08-07 発注 3,291,722 / 決着 3,291,892 / 未決 6,947  8.3s
  [97/99] 2026-08-08 発注 239,608 / 決着 239,622 / 未決 6,933  0.8s
  [98/99] 2026-08-09 発注 237,372 / 決着 237,367 / 未決 6,938  0.7s
  [99/99] 2026-08-10 発注 4,200,627 / 決着 4,200,319 / 未決 7,246  10.2s
右打ち切り 7,246 本 → orderlife_xyz_INTC_censored.parquet
=== orderlife done Sat Sep  5 12:36:37     2026 ===
