=== post 21:31 ===
  2026-05-04  292 列  1s
  2026-05-05  292 列  1s
  2026-05-06  292 列  1s
  2026-05-07  292 列  1s
  2026-05-08  292 列  1s
  2026-05-09  292 列  1s
  2026-05-10  292 列  1s
  2026-05-11  292 列  1s
  2026-05-12  292 列  1s
  2026-05-13  292 列  1s
  2026-05-14  292 列  1s
  2026-05-15  292 列  1s
  2026-05-16  292 列  1s
  2026-05-17  292 列  1s
  2026-05-18  292 列  1s
  2026-05-19  292 列  1s
  2026-05-20  292 列  1s
  2026-05-21  292 列  1s
  2026-05-22  292 列  1s
  2026-05-23  292 列  1s
  2026-05-24  292 列  1s
  2026-05-25  292 列  1s
  2026-05-26  292 列  1s
  2026-05-27  292 列  1s
  2026-05-28  292 列  1s
  2026-05-29  292 列  1s
  2026-05-30  292 列  1s
  2026-05-31  292 列  1s
  2026-06-01  292 列  1s
  2026-06-02  292 列  1s
  2026-06-03  292 列  1s
  2026-06-04  292 列  1s
  2026-06-05  292 列  1s
  2026-06-06  292 列  1s
  2026-06-07  292 列  1s
  2026-06-08  292 列  1s
  2026-06-09  292 列  1s
  2026-06-10  292 列  1s
  2026-06-11  292 列  1s
  2026-06-12  292 列  1s
  2026-06-13  292 列  1s
  2026-06-14  292 列  1s
  2026-06-15  292 列  1s
  2026-06-16  292 列  1s
  2026-06-17  292 列  1s
  2026-06-18  292 列  1s
  2026-06-19  292 列  1s
  2026-06-20  292 列  1s
  2026-06-21  292 列  1s
  2026-06-22  292 列  1s
  2026-06-23  292 列  1s
  2026-06-24  292 列  1s
  2026-06-25  292 列  1s
  2026-06-26  292 列  1s
  2026-06-27  292 列  1s
  2026-06-28  292 列  1s
  2026-06-29  292 列  1s
  2026-06-30  292 列  1s
  2026-07-01  292 列  1s
  2026-07-02  292 列  1s
  2026-07-03  292 列  1s
  2026-07-04  292 列  1s
  2026-07-05  292 列  1s
  2026-07-06  292 列  1s
  2026-07-07  292 列  1s
  2026-07-08  292 列  1s
  2026-07-09  292 列  1s
  2026-07-10  292 列  1s
  2026-07-11  292 列  1s
  2026-07-12  292 列  1s
  2026-07-13  292 列  1s
  2026-07-14  292 列  1s
  2026-07-15  292 列  1s
  2026-07-16  292 列  1s
  2026-07-17  292 列  1s
  2026-07-18  292 列  1s
  2026-07-19  292 列  1s
  2026-07-20  292 列  1s
  2026-07-21  292 列  1s
  2026-07-22  292 列  1s
  2026-07-23  292 列  1s
  2026-07-24  292 列  1s
  2026-07-25  292 列  1s
  2026-07-26  292 列  1s
  2026-07-27  292 列  1s
  2026-07-28  292 列  1s
  2026-07-29  292 列  1s
  2026-07-30  292 列  1s
  2026-07-31  292 列  1s
  2026-08-01  292 列  1s
  2026-08-02  292 列  1s
  2026-08-03  292 列  1s
  2026-08-04  292 列  1s
  2026-08-05  292 列  1s
  2026-08-06  292 列  1s
  2026-08-07  292 列  1s
  2026-08-08  292 列  1s
  2026-08-09  292 列  1s
  2026-08-10  292 列  1s
=== fit pool 21:32 ===
xyz_INTC: 99 日 / 特徴量 972 本 xyz_INTC 577 + xyz_INTC_life 105 + xyz_INTC_post 290 × 7 ホライズン = 6804 セル
標本 A 427,680 行 / 標本 B 142,560 行
  60/972
  120/972
  180/972
  240/972
  300/972
  360/972
  420/972
  480/972
  540/972
  600/972
  660/972
  720/972
  780/972
  840/972
  900/972
  960/972
  972/972
shape: (12, 5)
┌────────────────────────┬──────────────────────┬───────────┬───────────┬───────────┐
│ col                    ┆ family               ┆ r_fwd     ┆ r_bwd     ┆ r_plc     │
│ ---                    ┆ ---                  ┆ ---       ┆ ---       ┆ ---       │
│ str                    ┆ str                  ┆ f64       ┆ f64       ┆ f64       │
╞════════════════════════╪══════════════════════╪═══════════╪═══════════╪═══════════╡
│ delta_bp__x__spread_bp ┆ 70 交互作用          ┆ -0.117851 ┆ 0.176457  ┆ -0.006596 │
│ delta_bp__dev          ┆ 63 平均回帰          ┆ -0.116147 ┆ 0.185798  ┆ -0.005408 │
│ delta_bp               ┆ 2.1 マイクロプライス ┆ -0.114851 ┆ 0.17887   ┆ -0.006563 │
│ delta_bp__z            ┆ 60 衝撃(z 得点)      ┆ -0.113252 ┆ 0.181823  ┆ -0.00422  │
│ delta_bp__pct          ┆ 68 移動分布          ┆ -0.113129 ┆ 0.173262  ┆ -0.006566 │
│ …                      ┆ …                    ┆ …         ┆ …         ┆ …         │
│ ask_micro              ┆ 2.1 マイクロプライス ┆ 0.088664  ┆ -0.145645 ┆ 0.00719   │
│ delta_norm             ┆ 2.1 マイクロプライス ┆ -0.087681 ┆ 0.166193  ┆ -0.005639 │
│ micro_bid              ┆ 2.1 マイクロプライス ┆ -0.083389 ┆ 0.145211  ┆ -0.002818 │
│ obi1__dev              ┆ 63 平均回帰          ┆ -0.081778 ┆ 0.155823  ┆ -0.003697 │
│ obi1__z                ┆ 60 衝撃(z 得点)      ┆ -0.0815   ┆ 0.154142  ┆ -0.003014 │
└────────────────────────┴──────────────────────┴───────────┴───────────┴───────────┘
=== fit daily 21:47 ===
xyz_INTC: 99 日 / 特徴量 972 本 xyz_INTC 577 + xyz_INTC_life 105 + xyz_INTC_post 290 × 7 ホライズン = 6804 セル
標本 A 427,680 行 / 標本 B 142,560 行
日ごとの符号一致を書き出した
=== fit corr 21:47 ===
xyz_INTC: 99 日 / 特徴量 972 本 xyz_INTC 577 + xyz_INTC_life 105 + xyz_INTC_post 290 × 7 ホライズン = 6804 セル
標本 A 427,680 行 / 標本 B 142,560 行
  60/972
  120/972
  180/972
  240/972
  300/972
  360/972
  420/972
  480/972
  540/972
  600/972
  660/972
  720/972
  780/972
  840/972
  900/972
  960/972
  972/972
|r|>0.99 のペア 144 組 / 471,906 組
=== plots 21:49 ===
保存: C:\Users\ii562\Downloads\Memory\charts\xyz_INTC_l4feat.png
保存: C:\Users\ii562\Downloads\Memory\charts\xyz_INTC_l4feat_h.png
保存: C:\Users\ii562\Downloads\Memory\charts\xyz_INTC_l4feat_dist.png
保存: C:\Users\ii562\Downloads\Memory\charts\xyz_INTC_l4feat_corr.png
=== ALL DONE 21:50 ===
