=== fit pool 21:51 ===
xyz_INTC: 99 日 / 特徴量 972 本 xyz_INTC 577 + xyz_INTC_life 105 + xyz_INTC_post 290 × 7 ホライズン = 6804 セル
標本 A 427,680 行 / 標本 B 142,560 行
  60/972
  120/972
  180/972
  240/972
  300/972
  360/972
  420/972
  480/972
  540/972
  600/972
  660/972
  720/972
  780/972
  840/972
  900/972
  960/972
  972/972
shape: (12, 5)
┌────────────────────────┬──────────────────────┬───────────┬───────────┬───────────┐
│ col                    ┆ family               ┆ r_fwd     ┆ r_bwd     ┆ r_plc     │
│ ---                    ┆ ---                  ┆ ---       ┆ ---       ┆ ---       │
│ str                    ┆ str                  ┆ f64       ┆ f64       ┆ f64       │
╞════════════════════════╪══════════════════════╪═══════════╪═══════════╪═══════════╡
│ delta_bp__x__spread_bp ┆ 70 交互作用          ┆ -0.117851 ┆ 0.176457  ┆ -0.006596 │
│ delta_bp__dev          ┆ 63 平均回帰          ┆ -0.116147 ┆ 0.185798  ┆ -0.005408 │
│ delta_bp               ┆ 2.1 マイクロプライス ┆ -0.114851 ┆ 0.17887   ┆ -0.006563 │
│ delta_bp__z            ┆ 60 衝撃(z 得点)      ┆ -0.113252 ┆ 0.181823  ┆ -0.00422  │
│ delta_bp__pct          ┆ 68 移動分布          ┆ -0.113129 ┆ 0.173262  ┆ -0.006566 │
│ …                      ┆ …                    ┆ …         ┆ …         ┆ …         │
│ ask_micro              ┆ 2.1 マイクロプライス ┆ 0.088664  ┆ -0.145645 ┆ 0.00719   │
│ delta_norm             ┆ 2.1 マイクロプライス ┆ -0.087681 ┆ 0.166193  ┆ -0.005639 │
│ micro_bid              ┆ 2.1 マイクロプライス ┆ -0.083389 ┆ 0.145211  ┆ -0.002818 │
│ obi1__dev              ┆ 63 平均回帰          ┆ -0.081778 ┆ 0.155823  ┆ -0.003697 │
│ obi1__z                ┆ 60 衝撃(z 得点)      ┆ -0.0815   ┆ 0.154142  ┆ -0.003014 │
└────────────────────────┴──────────────────────┴───────────┴───────────┴───────────┘
=== fit daily 22:20 ===
xyz_INTC: 99 日 / 特徴量 972 本 xyz_INTC 577 + xyz_INTC_life 105 + xyz_INTC_post 290 × 7 ホライズン = 6804 セル
標本 A 427,680 行 / 標本 B 142,560 行
日ごとの符号一致を書き出した
=== plots 22:21 ===
保存: C:\Users\ii562\Downloads\Memory\charts\xyz_INTC_l4feat.png
保存: C:\Users\ii562\Downloads\Memory\charts\xyz_INTC_l4feat_h.png
保存: C:\Users\ii562\Downloads\Memory\charts\xyz_INTC_l4feat_dist.png
保存: C:\Users\ii562\Downloads\Memory\charts\xyz_INTC_l4feat_corr.png
=== ALL DONE 22:21 ===
