[A] 価格帯 72 / 清算が起きた帯 69
    単位時間あたり清算額の上位:
shape: (5, 4)
┌───────────┬──────────────┬───────────┬───────────────┐
│ px_bucket ┆ liq_usd      ┆ dwell_h   ┆ liq_per_hour  │
│ ---       ┆ ---          ┆ ---       ┆ ---           │
│ f64       ┆ f64          ┆ f64       ┆ f64           │
╞═══════════╪══════════════╪═══════════╪═══════════════╡
│ 590.0     ┆ 712657.96645 ┆ 3.193349  ┆ 223169.466052 │
│ 1010.0    ┆ 3.6699e6     ┆ 30.064204 ┆ 122068.635197 │
│ 690.0     ┆ 691436.08358 ┆ 6.145379  ┆ 112513.178981 │
│ 1100.0    ┆ 686055.6096  ┆ 7.214659  ┆ 95091.891015  │
│ 680.0     ┆ 857555.50683 ┆ 9.052601  ┆ 94730.284698  │
└───────────┴──────────────┴───────────┴───────────────┘
    log(清算額) と log(滞在時間) の相関 0.522

[B] ラウンド 2,919 個 / 1 ラウンドあたり中央 2 件・最大 193 件
    同じミリ秒に起きる清算の割合 80.4%
    ラウンド間隔の最小 2.558 秒 / 2.9〜3.2 秒に入る割合 24.9%
    連鎖 2075 本(1 ラウンドで終わる 1571 本)
      上位  1 連鎖で全体の   5.6%
      上位  5 連鎖で全体の  18.9%
      上位 10 連鎖で全体の  27.9%
      上位 50 連鎖で全体の  53.7%
    最長の連鎖: 8 ラウンド
    最大の連鎖: 5 ラウンド 211 件 $3.20M 12 秒 ロング比率 1.00
    2 ラウンド以上の連鎖 504 本のうち、9 割以上が同じ向き 100.0%
    ラウンドの大きさ別「次の刻み(3.5 秒以内)も清算が続く」確率:
      1 件       :  19.3%  n=1,174
      2〜4 件     :  32.3%  n=1,017
      5〜19 件    :  37.3%  n=573
      20 件以上    :  48.7%  n=154
    続く確率 実測 28.9% / 時間内一様の帰無 2.25% [1.78, 2.71] → 比 13 倍

[D] 清算された口座 3,765  上位 1 8.3% / 上位 10 33.1% / 上位 100 70.9%
    HHI 0.0175(実効 57 口座) / ジニ 0.927
    1 回だけ清算された口座 2,154 (57.2%) / 10 回以上 247
    相手方 1,158  上位 1 7.6% / 上位 10 40.9%  HHI 0.0242

[E] 時刻帯(UTC)の清算強度 上位
shape: (4, 6)
┌─────┬──────────┬────────┬──────────┬──────┬────────────────┐
│ h   ┆ vol_usd  ┆ n_tr   ┆ liq_usd  ┆ n    ┆ liq_per_vol_bp │
│ --- ┆ ---      ┆ ---    ┆ ---      ┆ ---  ┆ ---            │
│ i8  ┆ f64      ┆ u32    ┆ f64      ┆ u32  ┆ f64            │
╞═════╪══════════╪════════╪══════════╪══════╪════════════════╡
│ 20  ┆ 9.7560e8 ┆ 452941 ┆ 6.4365e6 ┆ 1178 ┆ 65.97544       │
│ 0   ┆ 9.9179e8 ┆ 659345 ┆ 5.5140e6 ┆ 2187 ┆ 55.59666       │
│ 3   ┆ 3.9509e8 ┆ 303968 ┆ 1.9680e6 ┆ 398  ┆ 49.810803      │
│ 22  ┆ 5.3373e8 ┆ 335210 ┆ 2.6037e6 ┆ 664  ┆ 48.783808      │
└─────┴──────────┴────────┴──────────┴──────┴────────────────┘
shape: (3, 6)
┌─────┬──────────┬─────────┬──────────────┬──────┬────────────────┐
│ h   ┆ vol_usd  ┆ n_tr    ┆ liq_usd      ┆ n    ┆ liq_per_vol_bp │
│ --- ┆ ---      ┆ ---     ┆ ---          ┆ ---  ┆ ---            │
│ i8  ┆ f64      ┆ u32     ┆ f64          ┆ u32  ┆ f64            │
╞═════╪══════════╪═════════╪══════════════╪══════╪════════════════╡
│ 10  ┆ 5.4173e8 ┆ 346895  ┆ 138910.97871 ┆ 74   ┆ 2.564192       │
│ 12  ┆ 7.7230e8 ┆ 439215  ┆ 271559.5021  ┆ 76   ┆ 3.516239       │
│ 13  ┆ 2.9512e9 ┆ 1064318 ┆ 2.8032e6     ┆ 1394 ┆ 9.498235       │
└─────┴──────────┴─────────┴──────────────┴──────┴────────────────┘

[F] 清算のあった日 78 / 99
    日次 清算/出来高 中央値 7.7 bp / 最大 170.6 bp
    日次 清算枚数/平均 OI 中央値 0.14% / 最大 8.41%
    OI を実際に減らした分 中央値 0.04% / 最大 4.28%
    log(日次清算額) と 日中値幅 の相関 0.671 / 日次リターン との相関 -0.072

[G] 価格帯への「何回目の訪問」か別の清算強度(括弧は価格帯を入れ替えた 1000 回の bootstrap 95% 区間)
    1 回目       訪問    72 / 滞在     93.5 h / 清算 $  5.58M  1 時間あたり $  59.7k [32.0, 107.7] / 出来高比  86.5 bp [47.2, 146.2]
    2 回目       訪問    70 / 滞在    119.9 h / 清算 $  2.63M  1 時間あたり $  21.9k [6.4, 51.6] / 出来高比  41.2 bp [11.8, 84.8]
    3〜5 回目     訪問   187 / 滞在    289.8 h / 清算 $  7.93M  1 時間あたり $  27.4k [7.9, 58.3] / 出来高比  50.9 bp [15.3, 96.5]
    6 回目以降     訪問  1340 / 滞在   1871.5 h / 清算 $ 40.45M  1 時間あたり $  21.6k [15.7, 28.4] / 出来高比  21.4 bp [15.8, 27.8]
    訪問 1,669 回 / 価格帯 72
