C:\Users\ii562\Downloads\Memory\scripts\build_nightdisc.py:252: RuntimeWarning: Mean of empty slice
  KO = np.nanmean(np.c_[KOa, KOb], axis=1)
C:\Users\ii562\Downloads\Memory\scripts\build_nightdisc.py:253: RuntimeWarning: Mean of empty slice
  JP = np.nanmean(np.c_[JPa, JPb], axis=1)
[A] 1 日 48 個の 30 分刻みで「その瞬間の跳ね」を測る(1 秒の |Δmid| の全体中央値は 0.140bp)
shape: (11, 8)
┌───────┬─────────────────────┬───────┬──────────┬───────┬────────┬────────┬─────────┐
│ utc   ┆ mark                ┆ jump1 ┆ jump1_wk ┆ pre60 ┆ post60 ┆ asym60 ┆ asym300 │
│ ---   ┆ ---                 ┆ ---   ┆ ---      ┆ ---   ┆ ---    ┆ ---    ┆ ---     │
│ str   ┆ str                 ┆ f64   ┆ f64      ┆ f64   ┆ f64    ┆ f64    ┆ f64     │
╞═══════╪═════════════════════╪═══════╪══════════╪═══════╪════════╪════════╪═════════╡
│ 00:00 ┆ 東京・ソウル 寄り   ┆ 1.05  ┆ 0.00     ┆ 6.20  ┆ 21.11  ┆ 3.41   ┆ 3.79    │
│ 01:00 ┆ 台北 寄り           ┆ 1.49  ┆ 0.43     ┆ 5.80  ┆ 14.70  ┆ 2.54   ┆ 1.28    │
│ 02:30 ┆ 東京 前引け         ┆ 0.79  ┆ 0.14     ┆ 6.94  ┆ 7.52   ┆ 1.08   ┆ 1.20    │
│ 03:30 ┆ 東京 後場寄り       ┆ 0.85  ┆ 0.21     ┆ 5.11  ┆ 7.78   ┆ 1.52   ┆ 0.68    │
│ 05:30 ┆ 台北 引け           ┆ 1.26  ┆ 0.06     ┆ 4.69  ┆ 5.64   ┆ 1.20   ┆ 1.50    │
│ 06:00 ┆ 東京 引け           ┆ 0.82  ┆ 0.44     ┆ 4.46  ┆ 8.68   ┆ 1.95   ┆ 1.26    │
│ 06:30 ┆ ソウル 引け         ┆ 0.66  ┆ 0.11     ┆ 6.31  ┆ 4.96   ┆ 0.79   ┆ 1.04    │
│ 07:00 ┆ 欧州 寄り           ┆ 0.97  ┆ 0.06     ┆ 4.47  ┆ 9.43   ┆ 2.11   ┆ 1.39    │
│ 08:00 ┆ ロンドン寄り/米プレ ┆ 1.50  ┆ 0.24     ┆ 4.78  ┆ 13.63  ┆ 2.85   ┆ 3.63    │
│ 13:30 ┆ 米国 寄り           ┆ 13.79 ┆ 0.05     ┆ 12.98 ┆ 60.20  ┆ 4.64   ┆ 1.91    │
│ 20:00 ┆ 米国 引け           ┆ 2.17  ┆ 0.06     ┆ 20.71 ┆ 15.06  ┆ 0.73   ┆ 0.38    │
└───────┴─────────────────────┴───────┴──────────┴───────┴────────┴────────┴─────────┘
    市場の刻みでない 37 点の背景: jump1 中央 0.78bp / 90% 点 1.93bp / 最大 2.82bp | asym60 中央 1.33 / 90% 点 1.91 / 最大 4.33
    48 点の中での順位(1 = 最大):
      jump1   : 東京・ソウル 寄り18位 / 台北 寄り13位 / 東京 前引け28位 / 東京 後場寄り23位 / 台北 引け16位 / 東京 引け25位 / ソウル 引け35位 / 欧州 寄り20位 / ロンドン寄り/米プレ11位 / 米国 寄り1位 / 米国 引け4位
      asym60  : 東京・ソウル 寄り3位 / 台北 寄り5位 / 東京 前引け38位 / 東京 後場寄り19位 / 台北 引け31位 / 東京 引け8位 / ソウル 引け46位 / 欧州 寄り7位 / ロンドン寄り/米プレ4位 / 米国 寄り1位 / 米国 引け48位
      asym300 : 東京・ソウル 寄り1位 / 台北 寄り19位 / 東京 前引け29位 / 東京 後場寄り47位 / 台北 引け8位 / 東京 引け21位 / ソウル 引け36位 / 欧州 寄り14位 / ロンドン寄り/米プレ2位 / 米国 寄り4位 / 米国 引け48位

[B] 夜の値動き(perp の 00:00→08:00 UTC)を何が説明するか
   全変数がそろう 48 営業日 / 夜の値動きの標準偏差 275bp
   指数先物だけ(NQ+日経)          R²=0.7727 adjR²=0.7626  nq=+4.34(+8.0) nk=-0.32(-1.0)
   アジアのメモリ現物だけ            R²=0.7305 adjR²=0.6985  ko_ss=+0.08(+0.7) ko_hx=+0.35(+3.6) jp_kx=+0.05(+0.8) jp_tel=-0.02(-0.1) tw_tsmc=+0.01(+0.0)
   両方                     R²=0.8502 adjR²=0.8240  nq=+3.00(+3.6) nk=-0.28(-0.8) ko_ss=+0.00(+0.0) ko_hx=+0.25(+2.7) jp_kx=-0.02(-0.3) jp_tel=-0.05(-0.5) tw_tsmc=-0.01(-0.0)
     指数先物にアジア現物を足す: ΔR² +0.0776 F(5,40)=4.14 p=0.003973
     アジア現物に指数先物を足す: ΔR² +0.1197 F(2,40)=15.99 p=7.899e-06
     プラセボ(アジアを 1 営業日ずらす): ΔR² +0.0179

[C] 夜の 1 時間ごと — アジアの足 i =[ts_i, ts_i+1h) と同じ窓で perp を取る
   サムスン電子         n= 462  同じ 1 時間 +0.673 | perp が次の 1 時間で追う -0.008 | アジアが次の 1 時間で追う -0.002 | perp の前の 1 時間 -0.034
   SK ハイニックス      n= 462  同じ 1 時間 +0.741 | perp が次の 1 時間で追う +0.017 | アジアが次の 1 時間で追う +0.000 | perp の前の 1 時間 -0.041
   キオクシア          n= 438  同じ 1 時間 +0.467 | perp が次の 1 時間で追う -0.058 | アジアが次の 1 時間で追う +0.014 | perp の前の 1 時間 -0.029
   東京エレクトロン       n= 462  同じ 1 時間 +0.416 | perp が次の 1 時間で追う -0.008 | アジアが次の 1 時間で追う -0.050 | perp の前の 1 時間 -0.046
   TSMC           n= 340  同じ 1 時間 +0.293 | perp が次の 1 時間で追う -0.039 | アジアが次の 1 時間で追う +0.012 | perp の前の 1 時間 +0.064
   NQ 先物          n= 536  同じ 1 時間 +0.739 | perp が次の 1 時間で追う +0.027 | アジアが次の 1 時間で追う +0.029 | perp の前の 1 時間 -0.012
   日経先物           n= 540  同じ 1 時間 +0.611 | perp が次の 1 時間で追う -0.026 | アジアが次の 1 時間で追う -0.027 | perp の前の 1 時間 -0.037

[D] MU の寄り値への増分寄与 — MU 自身の 00:00→08:00 の飛びを統制に入れる
   全変数がそろう 51 営業日
   D1 MU 自身(アフター+夜の飛び)+先物     R²=0.8680  A=+0.99(+4.6) X0=+0.94(+3.0) Nn=+1.04(+0.9) Nm=+3.78(+3.7)
   D2 +アジア現物                  R²=0.8840  A=+0.95(+6.4) X0=+0.76(+2.5) Nn=+0.75(+0.6) Nm=+4.35(+4.2) KO=+0.28(+2.1) JP=-0.13(-0.9)
   D3 +夜の perp                R²=0.8848  A=+0.99(+4.7) X0=+0.43(+1.2) Nn=+0.50(+0.4) Nm=+3.90(+3.8) Pn=+0.63(+2.2)
   D4 D1+米プレ                  R²=0.9960  A=+0.97(+47.3) X0=+1.02(+25.0) Nn=+0.00(+0.0) Nm=-0.21(-1.2) Pm=+1.03(+32.6)
   D5 D4+アジア+夜の perp          R²=0.9960  A=+0.97(+35.4) X0=+1.04(+19.8) Nn=-0.02(-0.2) Nm=-0.25(-1.4) Pm=+1.03(+34.1) KO=+0.01(+0.3) JP=+0.01(+0.5) Pn=-0.03(-0.7)
     アジア現物を足す              : ΔR² +0.0161 F(2,44)=  3.05 p=0.05742
     夜の perp を足す           : ΔR² +0.0168 F(1,45)=  6.56 p=0.01386
     米プレの上に両方を足す           : ΔR² +0.0001 F(3,42)=  0.23 p=0.8766
