[bbo] 値段として信じられない行を 19,239 除いた -> 35,169,333 行
  2026-05-04 使用格子 863,994 繰越 1,333 孤児 774/1,203,782 負 0 L1一致 79.9% 倍率 1.243 53.1s
  2026-05-05 使用格子 863,999 繰越 1,555 孤児 589/1,404,143 負 0 L1一致 84.7% 倍率 1.248 68.6s
  2026-05-06 使用格子 863,999 繰越 1,948 孤児 351/1,964,905 負 0 L1一致 75.9% 倍率 1.058 60.8s
  2026-05-07 使用格子 863,996 繰越 1,484 孤児 256/2,141,048 負 0 L1一致 84.6% 倍率 1.234 57.4s
  2026-05-08 使用格子 863,997 繰越 2,092 孤児 432/2,291,310 負 0 L1一致 84.7% 倍率 1.125 31.2s
  2026-05-09 使用格子 863,946 繰越 2,290 孤児 38/308,115 負 0 L1一致 67.1% 倍率 1.295 16.7s
  2026-05-10 使用格子 863,994 繰越 2,410 孤児 138/310,104 負 0 L1一致 62.7% 倍率 1.803 21.4s
  2026-05-11 使用格子 863,999 繰越 3,197 孤児 741/2,334,081 負 0 L1一致 76.7% 倍率 1.126 44.2s
  2026-05-12 使用格子 863,997 繰越 3,180 孤児 824/3,191,004 負 0 L1一致 81.9% 倍率 1.177 43.6s
  2026-05-13 使用格子 863,997 繰越 3,223 孤児 536/2,883,533 負 0 L1一致 82.1% 倍率 1.157 35.7s
  2026-05-14 使用格子 863,995 繰越 3,062 孤児 391/3,254,360 負 0 L1一致 83.3% 倍率 1.170 34.6s
  2026-05-15 使用格子 863,999 繰越 2,843 孤児 591/4,278,772 負 0 L1一致 85.0% 倍率 1.162 40.8s
  2026-05-16 使用格子 863,994 繰越 2,680 孤児 45/448,501 負 0 L1一致 68.9% 倍率 1.358 18.5s
  2026-05-17 使用格子 863,993 繰越 2,719 孤児 88/675,641 負 0 L1一致 74.6% 倍率 1.142 17.8s
  2026-05-18 使用格子 863,998 繰越 3,282 孤児 1,327/4,632,624 負 0 L1一致 85.6% 倍率 1.154 39.8s
  2026-05-19 使用格子 863,996 繰越 3,644 孤児 462/5,083,085 負 0 L1一致 86.0% 倍率 1.075 39.1s
  2026-05-20 使用格子 863,995 繰越 4,388 孤児 880/4,128,290 負 0 L1一致 85.0% 倍率 1.064 32.9s
  2026-05-21 使用格子 863,996 繰越 4,401 孤児 291/4,216,081 負 0 L1一致 77.0% 倍率 1.177 33.3s
  2026-05-22 使用格子 863,996 繰越 4,142 孤児 197/2,732,621 負 0 L1一致 75.3% 倍率 1.174 26.9s
  2026-05-23 使用格子 863,979 繰越 4,102 孤児 94/646,591 負 0 L1一致 64.9% 倍率 1.596 18.8s
  2026-05-24 使用格子 863,999 繰越 4,407 孤児 107/699,385 負 0 L1一致 72.3% 倍率 1.373 22.0s
  2026-05-25 使用格子 863,998 繰越 4,430 孤児 90/920,313 負 0 L1一致 72.9% 倍率 1.740 18.6s
  2026-05-26 使用格子 863,997 繰越 5,227 孤児 651/4,286,009 負 0 L1一致 80.6% 倍率 1.108 34.4s
  2026-05-27 使用格子 863,999 繰越 6,892 孤児 1,991/5,582,656 負 0 L1一致 79.6% 倍率 1.157 51.9s
  2026-05-28 使用格子 863,995 繰越 6,858 孤児 722/5,075,709 負 0 L1一致 80.5% 倍率 1.128 43.5s
  2026-05-29 使用格子 863,996 繰越 6,357 孤児 460/3,186,291 負 0 L1一致 79.7% 倍率 1.216 32.5s
  2026-05-30 使用格子 863,994 繰越 6,578 孤児 59/595,639 負 0 L1一致 75.0% 倍率 1.313 21.6s
  2026-05-31 使用格子 863,997 繰越 6,517 孤児 121/634,774 負 0 L1一致 60.8% 倍率 1.250 17.3s
  2026-06-01 使用格子 863,997 繰越 6,611 孤児 622/3,269,173 負 0 L1一致 76.0% 倍率 1.122 35.7s
  2026-06-02 使用格子 863,998 繰越 7,079 孤児 567/3,250,950 負 0 L1一致 72.7% 倍率 1.079 44.5s
  2026-06-03 使用格子 863,998 繰越 6,386 孤児 492/3,061,825 負 0 L1一致 73.3% 倍率 1.059 37.0s
  2026-06-04 使用格子 863,998 繰越 6,764 孤児 655/5,012,019 負 0 L1一致 73.5% 倍率 1.217 44.3s
  2026-06-05 使用格子 863,998 繰越 6,997 孤児 840/7,581,478 負 0 L1一致 81.2% 倍率 1.210 58.6s
  2026-06-06 使用格子 863,998 繰越 7,486 孤児 230/1,555,587 負 0 L1一致 72.1% 倍率 2.045 30.4s
  2026-06-07 使用格子 863,997 繰越 7,866 孤児 367/1,808,493 負 0 L1一致 68.3% 倍率 1.646 33.8s
  2026-06-08 使用格子 863,996 繰越 8,378 孤児 719/6,414,155 負 0 L1一致 78.2% 倍率 1.236 49.8s
  2026-06-09 使用格子 863,999 繰越 9,205 孤児 1,679/6,514,326 負 0 L1一致 78.9% 倍率 1.277 50.0s
  2026-06-10 使用格子 863,997 繰越 9,835 孤児 817/8,506,176 負 0 L1一致 81.1% 倍率 1.222 58.2s
  2026-06-11 使用格子 863,997 繰越 9,816 孤児 803/7,053,425 負 0 L1一致 80.4% 倍率 1.214 52.4s
  2026-06-12 使用格子 863,998 繰越 9,415 孤児 654/5,411,384 負 0 L1一致 76.2% 倍率 1.227 44.7s
  2026-06-13 使用格子 863,992 繰越 9,324 孤児 51/750,487 負 0 L1一致 65.2% 倍率 1.684 18.6s
  2026-06-14 使用格子 863,995 繰越 9,436 孤児 201/792,774 負 0 L1一致 58.5% 倍率 2.201 23.0s
  2026-06-15 使用格子 863,999 繰越 9,102 孤児 413/2,979,669 負 0 L1一致 63.0% 倍率 1.280 36.7s
  2026-06-16 使用格子 863,998 繰越 9,417 孤児 856/4,140,910 負 0 L1一致 69.4% 倍率 1.168 43.8s
  2026-06-17 使用格子 863,998 繰越 9,264 孤児 622/4,632,090 負 0 L1一致 65.9% 倍率 1.283 49.2s
  2026-06-18 使用格子 863,999 繰越 9,616 孤児 458/3,721,089 負 0 L1一致 71.4% 倍率 1.148 34.7s
  2026-06-19 使用格子 863,998 繰越 9,806 孤児 290/1,713,156 負 0 L1一致 63.2% 倍率 1.286 30.5s
  2026-06-20 使用格子 863,996 繰越 9,490 孤児 104/895,707 負 0 L1一致 63.0% 倍率 1.311 32.8s
  2026-06-21 使用格子 863,996 繰越 9,583 孤児 107/784,436 負 0 L1一致 71.9% 倍率 1.222 23.6s
  2026-06-22 使用格子 863,997 繰越 9,787 孤児 509/3,773,591 負 0 L1一致 78.8% 倍率 1.322 42.0s
  2026-06-23 使用格子 863,998 繰越 11,028 孤児 1,351/6,422,841 負 0 L1一致 69.8% 倍率 1.224 65.8s
  2026-06-24 使用格子 863,999 繰越 11,294 孤児 1,642/6,851,888 負 0 L1一致 63.1% 倍率 1.345 70.2s
  2026-06-25 使用格子 863,999 繰越 11,517 孤児 1,573/6,086,171 負 0 L1一致 73.5% 倍率 1.214 59.6s
  2026-06-26 使用格子 863,999 繰越 10,952 孤児 1,009/6,710,774 負 0 L1一致 76.2% 倍率 1.201 62.7s
  2026-06-27 使用格子 863,999 繰越 11,537 孤児 465/817,031 負 0 L1一致 41.1% 倍率 2.633 21.0s
  2026-06-28 使用格子 863,979 繰越 11,160 孤児 173/1,076,326 負 0 L1一致 49.9% 倍率 2.360 23.9s
  2026-06-29 使用格子 863,999 繰越 12,070 孤児 988/5,785,234 負 0 L1一致 53.5% 倍率 1.589 55.8s
  2026-06-30 使用格子 863,998 繰越 12,292 孤児 515/4,232,796 負 0 L1一致 59.5% 倍率 1.466 40.2s
  2026-07-01 使用格子 863,998 繰越 11,878 孤児 992/5,415,341 負 0 L1一致 57.0% 倍率 1.402 54.2s
  2026-07-02 使用格子 863,999 繰越 12,468 孤児 1,837/9,125,247 負 0 L1一致 72.3% 倍率 1.331 68.0s
  2026-07-03 使用格子 863,999 繰越 12,573 孤児 393/2,881,643 負 0 L1一致 59.6% 倍率 1.526 36.4s
  2026-07-04 使用格子 863,999 繰越 12,731 孤児 48/730,888 負 0 L1一致 56.1% 倍率 1.333 19.5s
  2026-07-05 使用格子 863,997 繰越 12,775 孤児 133/1,156,393 負 0 L1一致 47.6% 倍率 1.493 30.1s
  2026-07-06 使用格子 863,999 繰越 12,678 孤児 1,184/6,307,631 負 0 L1一致 68.0% 倍率 1.632 47.8s
  2026-07-07 使用格子 863,998 繰越 12,709 孤児 1,421/8,909,475 負 0 L1一致 76.3% 倍率 1.324 53.5s
  2026-07-08 使用格子 863,998 繰越 12,838 孤児 1,029/10,664,981 負 0 L1一致 78.3% 倍率 1.343 63.1s
  2026-07-09 使用格子 863,997 繰越 12,897 孤児 1,143/9,793,999 負 0 L1一致 72.0% 倍率 1.269 53.6s
  2026-07-10 使用格子 863,997 繰越 12,863 孤児 755/8,964,565 負 0 L1一致 82.0% 倍率 1.229 45.0s
  2026-07-11 使用格子 863,998 繰越 12,729 孤児 82/1,484,597 負 0 L1一致 75.3% 倍率 1.330 17.6s
  2026-07-12 使用格子 863,994 繰越 12,453 孤児 83/1,718,037 負 0 L1一致 78.9% 倍率 1.749 20.6s
  2026-07-13 使用格子 863,998 繰越 12,595 孤児 732/10,362,867 負 0 L1一致 81.1% 倍率 1.261 75.6s
  2026-07-14 使用格子 863,999 繰越 12,588 孤児 488/9,665,779 負 0 L1一致 79.9% 倍率 1.372 55.5s
  2026-07-15 使用格子 863,997 繰越 13,254 孤児 754/8,650,607 負 0 L1一致 80.2% 倍率 1.219 53.3s
  2026-07-16 使用格子 863,997 繰越 13,992 孤児 857/11,154,491 負 0 L1一致 83.9% 倍率 1.116 84.3s
  2026-07-17 使用格子 863,999 繰越 13,628 孤児 1,021/14,493,245 負 0 L1一致 85.6% 倍率 1.166 80.5s
  2026-07-18 使用格子 863,997 繰越 14,211 孤児 486/1,047,327 負 0 L1一致 79.2% 倍率 1.282 23.3s
  2026-07-19 使用格子 863,997 繰越 14,037 孤児 149/2,168,679 負 0 L1一致 76.1% 倍率 1.448 27.6s
  2026-07-20 使用格子 863,999 繰越 14,218 孤児 593/11,802,481 負 0 L1一致 84.0% 倍率 1.110 61.0s
  2026-07-21 使用格子 863,999 繰越 13,788 孤児 761/9,623,620 負 0 L1一致 78.3% 倍率 1.514 53.0s
  2026-07-22 使用格子 863,999 繰越 14,317 孤児 660/10,844,191 負 0 L1一致 77.8% 倍率 1.520 76.1s
  2026-07-23 使用格子 863,998 繰越 14,704 孤児 625/14,188,852 負 0 L1一致 80.6% 倍率 1.187 75.8s
  2026-07-24 使用格子 863,998 繰越 14,092 孤児 635/12,670,176 負 0 L1一致 78.1% 倍率 1.364 58.7s
  2026-07-25 使用格子 863,999 繰越 13,760 孤児 44/1,283,211 負 0 L1一致 67.2% 倍率 1.314 25.3s
  2026-07-26 使用格子 863,996 繰越 13,896 孤児 62/1,941,924 負 0 L1一致 68.5% 倍率 1.669 33.6s
  2026-07-27 使用格子 863,999 繰越 12,947 孤児 761/13,939,916 負 0 L1一致 75.2% 倍率 1.413 81.6s
  2026-07-28 使用格子 863,999 繰越 12,991 孤児 1,047/18,302,611 負 0 L1一致 82.4% 倍率 1.194 77.9s
  2026-07-29 使用格子 863,999 繰越 15,005 孤児 1,493/23,485,582 負 0 L1一致 79.8% 倍率 1.329 98.9s
  2026-07-30 使用格子 863,999 繰越 16,983 孤児 2,611/16,388,734 負 0 L1一致 75.1% 倍率 1.241 83.6s
  2026-07-31 使用格子 863,999 繰越 16,106 孤児 1,226/16,819,099 負 0 L1一致 71.1% 倍率 1.477 80.6s
  2026-08-01 使用格子 863,997 繰越 16,307 孤児 66/1,509,171 負 0 L1一致 63.9% 倍率 3.737 25.7s
  2026-08-02 使用格子 863,988 繰越 16,188 孤児 171/3,465,006 負 0 L1一致 66.1% 倍率 1.767 44.0s
  2026-08-03 使用格子 863,998 繰越 16,414 孤児 850/14,068,575 負 0 L1一致 71.6% 倍率 1.600 67.9s
  2026-08-04 使用格子 863,999 繰越 16,419 孤児 758/17,802,066 負 0 L1一致 74.3% 倍率 1.991 68.8s
  2026-08-05 使用格子 863,999 繰越 16,333 孤児 698/18,497,744 負 0 L1一致 76.5% 倍率 1.205 95.6s
  2026-08-06 使用格子 863,999 繰越 16,110 孤児 538/16,548,949 負 0 L1一致 79.1% 倍率 1.206 77.7s
  2026-08-07 使用格子 863,996 繰越 15,761 孤児 397/12,856,809 負 0 L1一致 76.0% 倍率 1.405 54.0s
  2026-08-08 使用格子 863,999 繰越 15,483 孤児 29/1,076,259 負 0 L1一致 72.4% 倍率 1.816 22.3s
  2026-08-09 使用格子 863,997 繰越 15,612 孤児 108/1,224,396 負 0 L1一致 68.1% 倍率 1.515 22.2s
  2026-08-10 bbo 無し。飛ばす
-> data/obi_levels_days/xyz_MU/
