[panel] 90 営業日 2026-05-04 〜 2026-09-10
[検算] 日足の寄り値 と 13:30 足の始値 の差: 中央 1.48bp / 90% 点 58.86bp / 20bp 超え 15 日 → 13:30 足の始値を採用
        食い違う日では、日足の寄り値は直前のプレマーケットと 3.1bp、13:30 足の始値とは 61.3bp 離れている
[検算] 公開足の 13:00 終値 vs 手元の 1 秒 mid: 67 日で 中央 1.15bp / 90% 点 4.39bp / 最大 8.3bp

[T1] 立会日 67 日 / 非立会日 31 日
   13:30 から  -300 秒: |Δmid| 中央 立会日  44.14bp / 非立会日   6.79bp / 比  6.50
   13:30 から   -60 秒: |Δmid| 中央 立会日  12.98bp / 非立会日   1.81bp / 比  7.16
   13:30 から    -5 秒: |Δmid| 中央 立会日   6.93bp / 非立会日   0.15bp / 比 45.54
   13:30 から    +1 秒: |Δmid| 中央 立会日  13.79bp / 非立会日   0.05bp / 比 270.86
   13:30 から    +5 秒: |Δmid| 中央 立会日  32.17bp / 非立会日   0.16bp / 比 198.45
   13:30 から   +60 秒: |Δmid| 中央 立会日  60.20bp / 非立会日   3.62bp / 比 16.64
   13:30 から  +300 秒: |Δmid| 中央 立会日  84.11bp / 非立会日   7.77bp / 比 10.83
   13:30 から  +900 秒: |Δmid| 中央 立会日 124.49bp / 非立会日  12.27bp / 比 10.15
   参考: 立会時間中の 1 秒の |Δmid| の中央値は 0.857bp。寄り付き直後 1 秒は 13.79bp で 16 倍

[T2] 寄り値の夜間リターンを説明する(全て 20:00 UTC → 13:00 UTC の窓)
shape: (6, 10)
┌───────────────────┬─────┬───────┬────────┬───┬────────┬────────┬────────┬────────┐
│ model             ┆ n   ┆ r2    ┆ adj_r2 ┆ … ┆ b_perp ┆ t_nq   ┆ t_pre  ┆ t_perp │
│ ---               ┆ --- ┆ ---   ┆ ---    ┆   ┆ ---    ┆ ---    ┆ ---    ┆ ---    │
│ str               ┆ i64 ┆ f64   ┆ f64    ┆   ┆ f64    ┆ f64    ┆ f64    ┆ f64    │
╞═══════════════════╪═════╪═══════╪════════╪═══╪════════╪════════╪════════╪════════╡
│ M1 指数先物のみ   ┆ 90  ┆ 0.650 ┆ 0.646  ┆ … ┆ null   ┆ 10.200 ┆ null   ┆ null   │
│ M2 先物+プレ      ┆ 90  ┆ 0.932 ┆ 0.930  ┆ … ┆ null   ┆ 0.818  ┆ 17.537 ┆ null   │
│ M3 先物+perp      ┆ 90  ┆ 0.963 ┆ 0.962  ┆ … ┆ 1.101  ┆ -1.276 ┆ null   ┆ 16.122 │
│ M4 先物+プレ+perp ┆ 90  ┆ 0.963 ┆ 0.962  ┆ … ┆ 1.006  ┆ -1.249 ┆ 0.802  ┆ 7.774  │
│ M5 perp のみ      ┆ 90  ┆ 0.961 ┆ 0.961  ┆ … ┆ 1.039  ┆ null   ┆ null   ┆ 29.713 │
│ M6 プレのみ       ┆ 90  ┆ 0.931 ┆ 0.930  ┆ … ┆ null   ┆ null   ┆ 27.196 ┆ null   │
└───────────────────┴─────┴───────┴────────┴───┴────────┴────────┴────────┴────────┘
   perp を足す              : ΔR² +0.0316  F(1,86)= 73.85  p=3.305e-13
   プレを足す                 : ΔR² +0.0003  F(1,86)=  0.74  p=0.3901
   プレを足す(perp 無し)        : ΔR² +0.2817  F(1,87)=358.28  p=1.341e-32
   前半(45 日): ΔR² +0.0270 / perp の係数 +0.961 (t=+5.44)
   後半(45 日): ΔR² +0.0409 / perp の係数 +1.060 (t=+4.51)
   プラセボ(perp を +1 営業日ずらす): ΔR² +0.0000 (t=+0.21)
   プラセボ(perp を -1 営業日ずらす): ΔR² +0.0001 (t=+0.37)
   プラセボ(perp を +5 営業日ずらす): ΔR² +0.0016 (t=-1.33)

[T2b] 13:29:59 でそろえた比較(66 日。perp は 1 秒 mid、プレは 13:00 足の終値)
   先物+プレ(13:29)             R²=0.9944  nq=-0.215(t=-1.78) pre=+1.045(t=+43.00)
   先物+perp(13:29)           R²=0.9929  nq=-0.243(t=-1.67) perp=+1.049(t=+36.70)
   先物+プレ+perp(13:29)        R²=0.9947  nq=-0.191(t=-1.71) pre=+1.655(t=+2.39) perp=-0.615(t=-0.90)
   perp を足す: ΔR² +0.0002 F=2.90 p=0.09372
   プレを足す: ΔR² +0.0018 F=21.24 p=2.069e-05

[T2c] 13:29:59 時点の値段は、寄り値をどれだけ言い当てているか(|現物の夜間リターン − 各市場の夜間リターン|)
   perp(1 秒 mid・13:29:59)     |誤差| 中央   11.6bp / RMSE   47.6bp
   プレマーケット(13:29:59)          |誤差| 中央    5.2bp / RMSE   41.7bp
   プレマーケット(13:00)             |誤差| 中央   87.2bp / RMSE  135.6bp
   perp(公開足・13:00)            |誤差| 中央   63.3bp / RMSE  100.5bp
   指数先物だけ(β 調整なし)             |誤差| 中央  326.8bp / RMSE  424.1bp
   何もしない(前日の引け)               |誤差| 中央  389.5bp / RMSE  506.8bp
   参考: 現物の夜間リターンそのものの散らばり 501.3bp(中央 |値| 389.5bp)

   [頑健性] gap → perp 13:30→13:31: 順位相関 +0.262 / 上下 5% を刈ると β=+0.393(t=+1.28, n=58)
   [プラセボ] gap を +1 営業日ずらす: β=+0.041 (t=+0.16)
   [プラセボ] gap を -1 営業日ずらす: β=-0.013 (t=-0.06)
   [T5] 寄り 5 分前までの perp の動き → 現物 寄り→1 時間後: β=+0.862 (t=+1.13, R²=0.022, n=67) / プラセボ β=+0.653(t=+0.75)
   [T5] 寄り 5 分前までの perp の動き → 現物 1 時間後→2 時間後: β=+0.089 (t=+0.28, R²=0.001, n=67) / プラセボ β=+0.321(t=+0.94)
   [同時点] perp 13:30→14:30 と 現物 寄り→1 時間後 の相関 0.9816 (n=67・予測ではない)

[T6] perp の 1 時間あたり実現ボラティリティ(bp)— 現物の営業とどう関係するか
shape: (24, 4)
┌──────┬────────┬──────────┬─────┐
│ hour ┆ 立会日 ┆ 非立会日 ┆ 比  │
│ ---  ┆ ---    ┆ ---      ┆ --- │
│ i64  ┆ f64    ┆ f64      ┆ f64 │
╞══════╪════════╪══════════╪═════╡
│ 0    ┆ 179.4  ┆ 70.7     ┆ 2.5 │
│ 1    ┆ 129.7  ┆ 52.6     ┆ 2.5 │
│ 2    ┆ 102.6  ┆ 62.7     ┆ 1.6 │
│ 3    ┆ 88.0   ┆ 44.6     ┆ 2.0 │
│ 4    ┆ 87.3   ┆ 42.2     ┆ 2.1 │
│ 5    ┆ 99.8   ┆ 47.0     ┆ 2.1 │
│ 6    ┆ 98.8   ┆ 43.2     ┆ 2.3 │
│ 7    ┆ 81.0   ┆ 40.8     ┆ 2.0 │
│ 8    ┆ 128.3  ┆ 40.0     ┆ 3.2 │
│ 9    ┆ 92.1   ┆ 43.2     ┆ 2.1 │
│ 10   ┆ 90.2   ┆ 41.9     ┆ 2.2 │
│ 11   ┆ 105.2  ┆ 40.5     ┆ 2.6 │
│ 12   ┆ 125.9  ┆ 50.4     ┆ 2.5 │
│ 13   ┆ 268.4  ┆ 49.0     ┆ 5.5 │
│ 14   ┆ 215.8  ┆ 42.6     ┆ 5.1 │
│ 15   ┆ 152.5  ┆ 39.5     ┆ 3.9 │
│ 16   ┆ 132.8  ┆ 32.4     ┆ 4.1 │
│ 17   ┆ 118.0  ┆ 37.9     ┆ 3.1 │
│ 18   ┆ 118.1  ┆ 34.6     ┆ 3.4 │
│ 19   ┆ 152.6  ┆ 30.9     ┆ 4.9 │
│ 20   ┆ 138.3  ┆ 33.8     ┆ 4.1 │
│ 21   ┆ 73.6   ┆ 53.3     ┆ 1.4 │
│ 22   ┆ 81.9   ┆ 66.6     ┆ 1.2 │
│ 23   ┆ 80.7   ┆ 72.0     ┆ 1.1 │
└──────┴────────┴──────────┴─────┘
   1 日の分散の内訳(立会日・時間の境は正時で近似):
     現物がどこでも動かない(00〜08)           RV   318bp  分散の 24.7%
     プレマーケット(08〜13)               RV   245bp  分散の 14.6%
     レギュラー(13〜20)                 RV   459bp  分散の 51.4%
     アフター(20〜24)                  RV   194bp  分散の  9.2%

[T7] 現物がどこでも動かない 00:00〜08:00 UTC の 8 時間に、perp が見つけた分は寄り値に残るか(全変数がそろう 55 日)
   S1 現物(アフター+夜の飛び)+先物          n=55 R²=0.8522  A=+0.90(+8.5) X0=+1.04(+3.4) Nn=+0.55(+0.5) Nm=+3.70(+3.7)
   S2 +夜の perp                  n=55 R²=0.8696  A=+0.90(+8.8) X0=+0.51(+1.4) Nn=+0.03(+0.0) Nm=+3.83(+3.9) Pn=+0.65(+2.1)
   S3 S1+プレ                     n=55 R²=0.9960  A=+0.98(+43.7) X0=+1.04(+24.1) Nn=-0.06(-0.5) Nm=-0.18(-1.2) Pm=+1.03(+37.6)
   S4 S3+夜の perp                n=55 R²=0.9960  A=+0.98(+43.8) X0=+1.05(+19.5) Nn=-0.05(-0.4) Nm=-0.19(-1.2) Pm=+1.03(+38.7) Pn=-0.01(-0.4)
   夜の perp を足す(プレ無しの状態から         ): ΔR² +0.0174 F=6.56 p=0.01357
   夜の perp を足す(プレを入れた状態から        ): ΔR² +0.0000 F=0.08 p=0.7762
   プラセボ(夜の perp を +1 営業日ずらす): ΔR² +0.0000 (t=-0.06)
   プラセボ(夜の perp を -1 営業日ずらす): ΔR² +0.0000 (t=+0.58)

[T3/T4] gap = 現物の夜間リターン − perp の夜間リターン(1 秒 mid・13:29:59 まで)を説明変数にする
   gap の散らばり: 標準偏差 44.9bp / |gap| の中央値 11.6bp
shape: (6, 7)
┌────────────────────────┬─────┬──────────┬────────┬────────┬───────┬───────┐
│ y                      ┆ n   ┆ beta_gap ┆ t      ┆ lo     ┆ hi    ┆ r2    │
│ ---                    ┆ --- ┆ ---      ┆ ---    ┆ ---    ┆ ---   ┆ ---   │
│ str                    ┆ i64 ┆ f64      ┆ f64    ┆ f64    ┆ f64   ┆ f64   │
╞════════════════════════╪═════╪══════════╪════════╪════════╪═══════╪═══════╡
│ 現物 寄り→1 時間後     ┆ 66  ┆ 1.767    ┆ 1.587  ┆ -0.392 ┆ 3.946 ┆ 0.049 │
│ 現物 1 時間後→2 時間後 ┆ 66  ┆ -0.002   ┆ -0.002 ┆ -0.956 ┆ 1.268 ┆ 0.000 │
│ 現物 寄り→引け         ┆ 66  ┆ 0.664    ┆ 0.434  ┆ -1.638 ┆ 3.769 ┆ 0.004 │
│ perp 13:30→13:31       ┆ 66  ┆ 0.704    ┆ 6.165  ┆ 0.509  ┆ 0.921 ┆ 0.155 │
│ perp 13:30→13:35       ┆ 66  ┆ 0.674    ┆ 2.402  ┆ 0.103  ┆ 1.325 ┆ 0.063 │
│ perp 13:30→14:30       ┆ 66  ┆ 2.597    ┆ 2.434  ┆ 0.446  ┆ 4.673 ┆ 0.110 │
└────────────────────────┴─────┴──────────┴────────┴────────┴───────┴───────┘
