[bbo] 除いた行 19,239 -> 35,169,333
  1/99 2026-05-04 置 1,204,325 消 1,202,992 標本 30,078 生存 1,333 30.8s
  2/99 2026-05-05 置 1,403,760 消 1,403,538 標本 35,089 生存 1,555 35.5s
  3/99 2026-05-06 置 1,964,935 消 1,964,542 標本 49,110 生存 1,948 53.2s
  4/99 2026-05-07 置 2,140,320 消 2,140,784 標本 53,526 生存 1,484 55.0s
  5/99 2026-05-08 置 2,291,465 消 2,290,857 標本 57,264 生存 2,092 55.5s
  6/99 2026-05-09 置 308,265 消 308,067 標本 7,708 生存 2,290 6.9s
  7/99 2026-05-10 置 310,071 消 309,951 標本 7,743 生存 2,410 9.3s
  8/99 2026-05-11 置 2,334,087 消 2,333,300 標本 58,336 生存 3,197 68.5s
  9/99 2026-05-12 置 3,190,145 消 3,190,162 標本 79,754 生存 3,180 82.6s
  10/99 2026-05-13 置 2,883,015 消 2,882,972 標本 72,076 生存 3,223 88.8s
  11/99 2026-05-14 置 3,253,778 消 3,253,939 標本 81,349 生存 3,062 93.5s
  12/99 2026-05-15 置 4,277,876 消 4,278,096 標本 106,947 生存 2,842 98.1s
  13/99 2026-05-16 置 448,258 消 448,421 標本 11,208 生存 2,679 14.6s
  14/99 2026-05-17 置 675,578 消 675,540 標本 16,886 生存 2,717 11.1s
  15/99 2026-05-18 置 4,631,806 消 4,631,258 標本 115,792 生存 3,265 103.6s
  16/99 2026-05-19 置 5,082,866 消 5,082,534 標本 127,066 生存 3,597 82.2s
  17/99 2026-05-20 置 4,128,074 消 4,127,342 標本 103,188 生存 4,329 55.7s
  18/99 2026-05-21 置 4,215,766 消 4,215,754 標本 105,386 生存 4,341 57.0s
  19/99 2026-05-22 置 2,732,113 消 2,732,381 標本 68,305 生存 4,073 42.0s
  20/99 2026-05-23 置 646,387 消 646,428 標本 16,162 生存 4,032 9.4s
  21/99 2026-05-24 置 699,515 消 699,210 標本 17,479 生存 4,337 10.0s
  22/99 2026-05-25 置 920,195 消 920,172 標本 23,003 生存 4,360 17.5s
  23/99 2026-05-26 置 4,286,050 消 4,285,255 標本 107,143 生存 5,155 70.5s
  24/99 2026-05-27 置 5,582,254 消 5,580,596 標本 139,511 生存 6,813 120.5s
  25/99 2026-05-28 置 5,074,908 消 5,074,942 標本 126,878 生存 6,779 108.7s
  26/99 2026-05-29 置 3,185,290 消 3,185,794 標本 79,639 生存 6,275 66.5s
  27/99 2026-05-30 置 595,790 消 595,569 標本 14,895 生存 6,496 13.3s
  28/99 2026-05-31 置 634,573 消 634,635 標本 15,858 生存 6,434 15.3s
  29/99 2026-06-01 置 3,268,592 消 3,268,498 標本 81,712 生存 6,528 66.8s
  30/99 2026-06-02 置 3,250,777 消 3,250,322 標本 81,256 生存 6,983 75.8s
  31/99 2026-06-03 置 3,060,542 消 3,061,242 標本 76,530 生存 6,283 85.8s
  32/99 2026-06-04 置 5,011,612 消 5,011,243 標本 125,282 生存 6,652 190.4s
  33/99 2026-06-05 置 7,580,584 消 7,580,362 標本 189,510 生存 6,874 335.3s
  34/99 2026-06-06 置 1,555,697 消 1,555,208 標本 38,873 生存 7,363 56.0s
  35/99 2026-06-07 置 1,808,352 消 1,807,972 標本 45,199 生存 7,743 122.5s
  36/99 2026-06-08 置 6,413,805 消 6,413,304 標本 160,339 生存 8,244 168.8s
  37/99 2026-06-09 置 6,513,328 消 6,512,508 標本 162,813 生存 9,064 189.4s
  38/99 2026-06-10 置 8,505,889 消 8,505,263 標本 212,639 生存 9,690 277.0s
  39/99 2026-06-11 置 7,052,469 消 7,052,509 標本 176,300 生存 9,650 173.3s
  40/99 2026-06-12 置 5,410,248 消 5,410,662 標本 135,263 生存 9,236 134.1s
  41/99 2026-06-13 置 750,328 消 750,419 標本 18,766 生存 9,145 28.5s
  42/99 2026-06-14 置 792,669 消 792,561 標本 19,809 生存 9,253 24.9s
  43/99 2026-06-15 置 2,978,868 消 2,979,219 標本 74,488 生存 8,902 81.7s
  44/99 2026-06-16 置 4,140,289 消 4,140,002 標本 103,496 生存 9,189 162.3s
  45/99 2026-06-17 置 4,631,287 消 4,631,445 標本 115,780 生存 9,031 172.3s
  46/99 2026-06-18 置 3,720,954 消 3,720,610 標本 93,027 生存 9,375 114.4s
  47/99 2026-06-19 置 1,713,034 消 1,712,844 標本 42,819 生存 9,565 45.2s
  48/99 2026-06-20 置 895,284 消 895,600 標本 22,387 生存 9,249 26.2s
  49/99 2026-06-21 置 784,400 消 784,307 標本 19,613 生存 9,342 24.1s
  50/99 2026-06-22 置 3,773,251 消 3,773,047 標本 94,331 生存 9,546 111.3s
  51/99 2026-06-23 置 6,422,615 消 6,421,388 標本 160,530 生存 10,773 108.2s
  52/99 2026-06-24 置 6,850,410 消 6,850,155 標本 171,253 生存 11,028 158.5s
  53/99 2026-06-25 置 6,084,761 消 6,084,540 標本 152,107 生存 11,249 180.9s
  54/99 2026-06-26 置 6,709,182 消 6,709,747 標本 167,751 生存 10,684 189.1s
  55/99 2026-06-27 置 817,142 消 816,557 標本 20,407 生存 11,269 27.0s
  56/99 2026-06-28 置 1,075,764 消 1,076,141 標本 26,908 生存 10,892 30.6s
  57/99 2026-06-29 置 5,785,100 消 5,784,190 標本 144,600 生存 11,802 188.9s
  58/99 2026-06-30 置 4,232,491 消 4,232,269 標本 105,803 生存 12,024 121.0s
  59/99 2026-07-01 置 5,413,909 消 5,414,323 標本 135,364 生存 11,610 161.1s
  60/99 2026-07-02 置 9,123,957 消 9,123,367 標本 228,075 生存 12,200 311.1s
  61/99 2026-07-03 置 2,881,335 消 2,881,231 標本 72,036 生存 12,304 82.6s
  62/99 2026-07-04 置 730,991 消 730,833 標本 18,271 生存 12,462 20.3s
  63/99 2026-07-05 置 1,156,287 消 1,156,243 標本 28,908 生存 12,506 23.4s
  64/99 2026-07-06 置 6,306,332 消 6,306,430 標本 157,659 生存 12,408 106.0s
  65/99 2026-07-07 置 8,908,058 消 8,908,027 標本 222,684 生存 12,439 152.9s
  66/99 2026-07-08 置 10,664,063 消 10,663,934 標本 266,610 生存 12,568 291.0s
  67/99 2026-07-09 置 9,792,898 消 9,792,839 標本 244,818 生存 12,627 252.2s
  68/99 2026-07-10 置 8,963,763 消 8,963,797 標本 224,102 生存 12,593 265.6s
  69/99 2026-07-11 置 1,484,375 消 1,484,509 標本 37,115 生存 12,459 42.4s
  70/99 2026-07-12 置 1,717,674 消 1,717,950 標本 42,936 生存 12,183 48.5s
  71/99 2026-07-13 置 10,362,264 消 10,362,122 標本 259,057 生存 12,325 305.8s
  72/99 2026-07-14 置 9,665,270 消 9,665,278 標本 241,633 生存 12,317 160.5s
  73/99 2026-07-15 置 8,650,502 消 8,649,836 標本 216,248 生存 12,983 137.7s
  74/99 2026-07-16 置 11,154,352 消 11,153,616 標本 278,857 生存 13,719 172.3s
  75/99 2026-07-17 置 14,491,837 消 14,492,201 標本 362,308 生存 13,355 224.2s
  76/99 2026-07-18 置 1,047,422 消 1,046,839 標本 26,154 生存 13,938 16.4s
  77/99 2026-07-19 置 2,168,351 消 2,168,525 標本 54,220 生存 13,764 33.2s
  78/99 2026-07-20 置 11,802,049 消 11,801,868 標本 295,051 生存 13,945 176.7s
  79/99 2026-07-21 置 9,622,390 消 9,622,820 標本 240,577 生存 13,515 144.6s
  80/99 2026-07-22 置 10,844,036 消 10,843,507 標本 271,072 生存 14,044 160.3s
  81/99 2026-07-23 置 14,188,584 消 14,188,197 標本 354,721 生存 14,431 216.1s
  82/99 2026-07-24 置 12,668,907 消 12,669,519 標本 316,727 生存 13,819 189.0s
  83/99 2026-07-25 置 1,282,834 消 1,283,166 標本 32,083 生存 13,487 20.7s
  84/99 2026-07-26 置 1,941,995 消 1,941,859 標本 48,558 生存 13,623 29.8s
  85/99 2026-07-27 置 13,938,191 消 13,939,140 標本 348,464 生存 12,674 210.8s
  86/99 2026-07-28 置 18,301,571 消 18,301,527 標本 457,544 生存 12,718 297.3s
  87/99 2026-07-29 置 23,485,986 消 23,483,972 標本 587,090 生存 14,732 400.2s
  88/99 2026-07-30 置 16,388,059 消 16,386,081 標本 409,669 生存 16,710 280.0s
  89/99 2026-07-31 置 16,816,960 消 16,817,837 標本 420,432 生存 15,833 301.5s
  90/99 2026-08-01 置 1,509,297 消 1,509,096 標本 37,736 生存 16,034 27.3s
  91/99 2026-08-02 置 3,464,709 消 3,464,828 標本 86,621 生存 15,915 59.9s
  92/99 2026-08-03 置 14,067,917 消 14,067,691 標本 351,689 生存 16,141 240.9s
  93/99 2026-08-04 置 17,801,285 消 17,801,280 標本 445,032 生存 16,146 302.8s
  94/99 2026-08-05 置 18,496,929 消 18,497,016 標本 462,436 生存 16,059 326.4s
  95/99 2026-08-06 置 16,548,167 消 16,548,390 標本 413,699 生存 15,836 292.2s
  96/99 2026-08-07 置 12,856,029 消 12,856,378 標本 321,421 生存 15,487 219.6s
  97/99 2026-08-08 置 1,075,946 消 1,076,224 標本 26,893 生存 15,209 18.3s
  98/99 2026-08-09 置 1,224,414 消 1,224,285 標本 30,610 生存 15,338 20.2s
  2026-08-10 bbo 無し。飛ばす
-> data/queue_place_xyz_MU.parquet / queue_term_xyz_MU.parquet / C:\Users\ii562\Downloads\Memory\data\queue_dyn_xyz_MU/
