標本 76 日 (訓練 46 / 評価 30)  検定数 7  帰無対照は各 56 通りのずらし
placebo_p = ずらした追加項で |t| が観測以上になった割合 (これが経験的な p 値。名目の t は信用しない)
shape: (12, 12)
┌───────────────────┬────────────────┬───────────┬───────────┬───┬──────────────────────┬───────────────┬───────────┬──────────────┐
│ model             ┆ term           ┆ coef      ┆ t         ┆ … ┆ oos_r2_vs_best_const ┆ oos_r2_vs_har ┆ placebo_p ┆ placebo_t_hi │
│ ---               ┆ ---            ┆ ---       ┆ ---       ┆   ┆ ---                  ┆ ---           ┆ ---       ┆ ---          │
│ str               ┆ str            ┆ f64       ┆ f64       ┆   ┆ f64                  ┆ f64           ┆ f64       ┆ f64          │
╞═══════════════════╪════════════════╪═══════════╪═══════════╪═══╪══════════════════════╪═══════════════╪═══════════╪══════════════╡
│ HAR               ┆ 定数           ┆ 9.086489  ┆ 2.351495  ┆ … ┆ NaN                  ┆ NaN           ┆ NaN       ┆ NaN          │
│ HAR               ┆ RVol(t)        ┆ 0.381139  ┆ 4.41163   ┆ … ┆ NaN                  ┆ NaN           ┆ NaN       ┆ NaN          │
│ HAR               ┆ RVol(5日平均)  ┆ -1.360267 ┆ -4.168941 ┆ … ┆ NaN                  ┆ NaN           ┆ NaN       ┆ NaN          │
│ HAR               ┆ RVol(22日平均) ┆ 0.53115   ┆ 0.937065  ┆ … ┆ NaN                  ┆ NaN           ┆ NaN       ┆ NaN          │
│ HAR               ┆ (標本外)       ┆ NaN       ┆ NaN       ┆ … ┆ 0.129521             ┆ 0.0           ┆ NaN       ┆ NaN          │
│ 跳び成分 √(RV−BV) ┆ 追加項         ┆ -0.00248  ┆ -0.555149 ┆ … ┆ 0.129874             ┆ 0.000406      ┆ 0.714286  ┆ 4.244581     │
│ 下向き半分散 √RS− ┆ 追加項         ┆ -0.486436 ┆ -0.468287 ┆ … ┆ -0.081256            ┆ -0.242138     ┆ 0.839286  ┆ 4.433259     │
│ 上向き半分散 √RS+ ┆ 追加項         ┆ 0.265229  ┆ 0.311973  ┆ … ┆ -0.021566            ┆ -0.173567     ┆ 0.910714  ┆ 5.084686     │
│ microprice のボラ ┆ 追加項         ┆ -1.162937 ┆ -0.323957 ┆ … ┆ 0.117518             ┆ -0.013788     ┆ 0.928571  ┆ 4.556384     │
│ スプレッドのボラ  ┆ 追加項         ┆ 0.076286  ┆ 0.358594  ┆ … ┆ 0.066719             ┆ -0.072146     ┆ 0.75      ┆ 3.071915     │
│ 板圧力のボラ      ┆ 追加項         ┆ -0.29592  ┆ -0.669761 ┆ … ┆ 0.088649             ┆ -0.046953     ┆ 0.607143  ┆ 3.009026     │
│ OFI のボラ        ┆ 追加項         ┆ 0.048003  ┆ 0.69114   ┆ … ┆ 0.097955             ┆ -0.036262     ┆ 0.535714  ┆ 2.828494     │
└───────────────────┴────────────────┴───────────┴───────────┴───┴──────────────────────┴───────────────┴───────────┴──────────────┘
