[V3] 建玉の飛び 66,806 / 24,053,970 遷移 = 0.2777%  Σ|飛び| = 130,797 枚
[V4] 窓開始 OI: long 17,730 / short 8,458 / ネット +9,273 (= 未観測ユーザーの建玉。0 に近いほど良い)
[out] 99 日 -> C:\Users\ii562\Downloads\Memory\data\daily_oi_volume_xyz_SKHX.parquet
[out] 建玉の時系列 7,821,280 点 -> data/oi_series_xyz_SKHX.parquet
shape: (99, 8)
┌────────────┬───────────────┬─────────────┬─────────────┬────────────┬────────────┬──────────┬─────────────┐
│ d          ┆ oi_mean       ┆ oi_halfgap  ┆ oi_mean_usd ┆ volume     ┆ volume_usd ┆ n_trades ┆ vwap        │
│ ---        ┆ ---           ┆ ---         ┆ ---         ┆ ---        ┆ ---        ┆ ---      ┆ ---         │
│ date       ┆ f64           ┆ f64         ┆ f64         ┆ f64        ┆ f64        ┆ u32      ┆ f64         │
╞════════════╪═══════════════╪═════════════╪═════════════╪════════════╪════════════╪══════════╪═════════════╡
│ 2026-05-04 ┆ 13212.073365  ┆ 4630.902448 ┆ 1.2816e7    ┆ 3783.18    ┆ 3.6696e6   ┆ 7410     ┆ 969.987323  │
│ 2026-05-05 ┆ 13514.791333  ┆ 4647.855827 ┆ 1.4390e7    ┆ 6375.884   ┆ 6.7887e6   ┆ 9060     ┆ 1064.747877 │
│ 2026-05-06 ┆ 15026.685152  ┆ 4652.281054 ┆ 1.6924e7    ┆ 10353.34   ┆ 1.1660e7   ┆ 21833    ┆ 1126.2382   │
│ 2026-05-07 ┆ 15526.753846  ┆ 4650.2825   ┆ 1.6985e7    ┆ 11038.47   ┆ 1.2075e7   ┆ 16433    ┆ 1093.909615 │
│ …          ┆ …             ┆ …           ┆ …           ┆ …          ┆ …          ┆ …        ┆ …           │
│ 2026-08-07 ┆ 201629.913596 ┆ 2998.691072 ┆ 2.0654e8    ┆ 647872.446 ┆ 6.6365e8   ┆ 349362   ┆ 1024.350059 │
│ 2026-08-08 ┆ 197914.05355  ┆ 3171.926136 ┆ 2.0187e8    ┆ 23919.08   ┆ 2.4397e7   ┆ 30240    ┆ 1019.973511 │
│ 2026-08-09 ┆ 198696.393149 ┆ 3172.83254  ┆ 2.0399e8    ┆ 64888.459  ┆ 6.6618e7   ┆ 52978    ┆ 1026.646874 │
│ 2026-08-10 ┆ 214400.459893 ┆ 3175.285565 ┆ 2.1644e8    ┆ 418417.812 ┆ 4.2240e8   ┆ 250771   ┆ 1009.515245 │
└────────────┴───────────────┴─────────────┴─────────────┴────────────┴────────────┴──────────┴─────────────┘
