標本 75 日 (訓練 45 / 評価 30)  検定数 7  帰無対照は各 56 通りのずらし
placebo_p = ずらした追加項で |t| が観測以上になった割合 (これが経験的な p 値。名目の t は信用しない)
shape: (12, 12)
┌───────────────────┬────────────────┬───────────┬───────────┬───┬──────────────────────┬───────────────┬───────────┬──────────────┐
│ model             ┆ term           ┆ coef      ┆ t         ┆ … ┆ oos_r2_vs_best_const ┆ oos_r2_vs_har ┆ placebo_p ┆ placebo_t_hi │
│ ---               ┆ ---            ┆ ---       ┆ ---       ┆   ┆ ---                  ┆ ---           ┆ ---       ┆ ---          │
│ str               ┆ str            ┆ f64       ┆ f64       ┆   ┆ f64                  ┆ f64           ┆ f64       ┆ f64          │
╞═══════════════════╪════════════════╪═══════════╪═══════════╪═══╪══════════════════════╪═══════════════╪═══════════╪══════════════╡
│ HAR               ┆ 定数           ┆ 8.933821  ┆ 3.260684  ┆ … ┆ NaN                  ┆ NaN           ┆ NaN       ┆ NaN          │
│ HAR               ┆ RVol(t)        ┆ 0.448288  ┆ 3.749504  ┆ … ┆ NaN                  ┆ NaN           ┆ NaN       ┆ NaN          │
│ HAR               ┆ RVol(5日平均)  ┆ -1.089712 ┆ -4.194329 ┆ … ┆ NaN                  ┆ NaN           ┆ NaN       ┆ NaN          │
│ HAR               ┆ RVol(22日平均) ┆ 0.182542  ┆ 0.631466  ┆ … ┆ NaN                  ┆ NaN           ┆ NaN       ┆ NaN          │
│ HAR               ┆ (標本外)       ┆ NaN       ┆ NaN       ┆ … ┆ 0.168261             ┆ 0.0           ┆ NaN       ┆ NaN          │
│ 跳び成分 √(RV−BV) ┆ 追加項         ┆ -0.013175 ┆ -3.026299 ┆ … ┆ -2.155077            ┆ -2.793352     ┆ 0.25      ┆ 6.208056     │
│ 下向き半分散 √RS− ┆ 追加項         ┆ 1.318949  ┆ 2.005256  ┆ … ┆ 0.209385             ┆ 0.049443      ┆ 0.375     ┆ 4.710866     │
│ 上向き半分散 √RS+ ┆ 追加項         ┆ -1.411503 ┆ -2.398877 ┆ … ┆ 0.213317             ┆ 0.05417       ┆ 0.303571  ┆ 4.496948     │
│ microprice のボラ ┆ 追加項         ┆ -0.178952 ┆ -0.276965 ┆ … ┆ 0.168887             ┆ 0.000752      ┆ 0.857143  ┆ 4.310987     │
│ スプレッドのボラ  ┆ 追加項         ┆ -0.653492 ┆ -1.747661 ┆ … ┆ 0.186465             ┆ 0.021887      ┆ 0.428571  ┆ 5.464338     │
│ 板圧力のボラ      ┆ 追加項         ┆ -0.163129 ┆ -0.387769 ┆ … ┆ 0.165201             ┆ -0.003679     ┆ 0.821429  ┆ 3.971021     │
│ OFI のボラ        ┆ 追加項         ┆ 0.157813  ┆ 1.891506  ┆ … ┆ 0.253278             ┆ 0.102215      ┆ 0.428571  ┆ 3.880205     │
└───────────────────┴────────────────┴───────────┴───────────┴───┴──────────────────────┴───────────────┴───────────┴──────────────┘
