標本 76 日 (訓練 46 / 評価 30)  検定数 7  帰無対照は各 56 通りのずらし
placebo_p = ずらした追加項で |t| が観測以上になった割合 (これが経験的な p 値。名目の t は信用しない)
shape: (12, 12)
┌───────────────────┬────────────────┬───────────┬───────────┬───┬──────────────────────┬───────────────┬───────────┬──────────────┐
│ model             ┆ term           ┆ coef      ┆ t         ┆ … ┆ oos_r2_vs_best_const ┆ oos_r2_vs_har ┆ placebo_p ┆ placebo_t_hi │
│ ---               ┆ ---            ┆ ---       ┆ ---       ┆   ┆ ---                  ┆ ---           ┆ ---       ┆ ---          │
│ str               ┆ str            ┆ f64       ┆ f64       ┆   ┆ f64                  ┆ f64           ┆ f64       ┆ f64          │
╞═══════════════════╪════════════════╪═══════════╪═══════════╪═══╪══════════════════════╪═══════════════╪═══════════╪══════════════╡
│ HAR               ┆ 定数           ┆ 8.033144  ┆ 2.02243   ┆ … ┆ NaN                  ┆ NaN           ┆ NaN       ┆ NaN          │
│ HAR               ┆ RVol(t)        ┆ 0.460732  ┆ 6.539025  ┆ … ┆ NaN                  ┆ NaN           ┆ NaN       ┆ NaN          │
│ HAR               ┆ RVol(5日平均)  ┆ -1.231185 ┆ -4.065308 ┆ … ┆ NaN                  ┆ NaN           ┆ NaN       ┆ NaN          │
│ HAR               ┆ RVol(22日平均) ┆ 0.3788    ┆ 0.515484  ┆ … ┆ NaN                  ┆ NaN           ┆ NaN       ┆ NaN          │
│ HAR               ┆ (標本外)       ┆ NaN       ┆ NaN       ┆ … ┆ 0.377065             ┆ 0.0           ┆ NaN       ┆ NaN          │
│ 跳び成分 √(RV−BV) ┆ 追加項         ┆ -0.176711 ┆ -1.140431 ┆ … ┆ 0.347513             ┆ -0.04744      ┆ 0.75      ┆ 6.233834     │
│ 下向き半分散 √RS− ┆ 追加項         ┆ -1.436314 ┆ -1.991835 ┆ … ┆ 0.401467             ┆ 0.039173      ┆ 0.535714  ┆ 4.836536     │
│ 上向き半分散 √RS+ ┆ 追加項         ┆ 1.030643  ┆ 1.529535  ┆ … ┆ 0.390154             ┆ 0.021012      ┆ 0.660714  ┆ 5.484066     │
│ microprice のボラ ┆ 追加項         ┆ -1.904381 ┆ -0.772351 ┆ … ┆ 0.374782             ┆ -0.003665     ┆ 0.910714  ┆ 5.206609     │
│ スプレッドのボラ  ┆ 追加項         ┆ 0.282951  ┆ 0.803537  ┆ … ┆ 0.38017              ┆ 0.004985      ┆ 0.785714  ┆ 4.817525     │
│ 板圧力のボラ      ┆ 追加項         ┆ -0.769768 ┆ -1.127394 ┆ … ┆ 0.385109             ┆ 0.012914      ┆ 0.696429  ┆ 5.737857     │
│ OFI のボラ        ┆ 追加項         ┆ -0.232583 ┆ -1.849189 ┆ … ┆ 0.368587             ┆ -0.013609     ┆ 0.482143  ┆ 5.999282     │
└───────────────────┴────────────────┴───────────┴───────────┴───┴──────────────────────┴───────────────┴───────────┴──────────────┘
