[日] 99 日 = 立会日 68 / 閉場日 31
  2026-05-13  (10/99 日)
  2026-05-23  (20/99 日)
  2026-06-02  (30/99 日)
  2026-06-12  (40/99 日)
  2026-06-22  (50/99 日)
  2026-07-02  (60/99 日)
  2026-07-12  (70/99 日)
  2026-07-22  (80/99 日)
  2026-08-01  (90/99 日)
  2026-08-10  (99/99 日)
[格子] 空の格子点の割合 中央値 52.8% / 最小 4.0% / 最大 94.3%
[除去] クロス・数量 0 の行 22,568

=== 200ms 格子の自己相関(日をまたいだ平均)===
  OBI 立会日(68 日)  0.2s +0.710  1s +0.406  5s +0.207  10s +0.149  30s +0.086  60s +0.061  300s +0.032   帰無 -0.0000
  OBI 閉場日(31 日)  0.2s +0.922  1s +0.789  5s +0.557  10s +0.435  30s +0.280  60s +0.215  300s +0.112   帰無 +0.0003
  OFI 立会日(68 日)  0.2s +0.025  1s +0.013  5s +0.008  10s +0.002  30s +0.002  60s +0.002  300s +0.001   帰無 -0.0000
  OFI 閉場日(31 日)  0.2s +0.010  1s +0.026  5s +0.002  10s +0.002  30s +0.002  60s +0.003  300s +0.002   帰無 -0.0000

-> data/acf_200ms_xyz_SNDK.parquet / .csv
-> data/acf_200ms_daily_xyz_SNDK.parquet
-> C:\Users\ii562\Downloads\Memory\data\feat200_xyz_SNDK/dt=*.parquet (99 日 × 432,000 格子点)
