標本 24 日 (訓練 14 / 評価 10)  検定数 7  帰無対照は各 56 通りのずらし
placebo_p = ずらした追加項で |t| が観測以上になった割合 (これが経験的な p 値。名目の t は信用しない)
shape: (12, 12)
┌───────────────────┬────────────────┬───────────┬───────────┬───┬──────────────────────┬───────────────┬───────────┬──────────────┐
│ model             ┆ term           ┆ coef      ┆ t         ┆ … ┆ oos_r2_vs_best_const ┆ oos_r2_vs_har ┆ placebo_p ┆ placebo_t_hi │
│ ---               ┆ ---            ┆ ---       ┆ ---       ┆   ┆ ---                  ┆ ---           ┆ ---       ┆ ---          │
│ str               ┆ str            ┆ f64       ┆ f64       ┆   ┆ f64                  ┆ f64           ┆ f64       ┆ f64          │
╞═══════════════════╪════════════════╪═══════════╪═══════════╪═══╪══════════════════════╪═══════════════╪═══════════╪══════════════╡
│ HAR               ┆ 定数           ┆ 22.494489 ┆ 2.153243  ┆ … ┆ NaN                  ┆ NaN           ┆ NaN       ┆ NaN          │
│ HAR               ┆ RVol(t)        ┆ 0.478511  ┆ 3.304428  ┆ … ┆ NaN                  ┆ NaN           ┆ NaN       ┆ NaN          │
│ HAR               ┆ RVol(5日平均)  ┆ -0.643898 ┆ -2.133052 ┆ … ┆ NaN                  ┆ NaN           ┆ NaN       ┆ NaN          │
│ HAR               ┆ RVol(22日平均) ┆ -2.364774 ┆ -1.359274 ┆ … ┆ NaN                  ┆ NaN           ┆ NaN       ┆ NaN          │
│ HAR               ┆ (標本外)       ┆ NaN       ┆ NaN       ┆ … ┆ -0.751099            ┆ 0.0           ┆ NaN       ┆ NaN          │
│ 跳び成分 √(RV−BV) ┆ 追加項         ┆ 0.791112  ┆ 1.102478  ┆ … ┆ -1.143507            ┆ -0.224092     ┆ 0.625     ┆ 5.542661     │
│ 下向き半分散 √RS− ┆ 追加項         ┆ -3.158728 ┆ -2.278287 ┆ … ┆ -0.771608            ┆ -0.011712     ┆ 0.392857  ┆ 8.328573     │
│ 上向き半分散 √RS+ ┆ 追加項         ┆ 2.8178    ┆ 2.449209  ┆ … ┆ -0.61722             ┆ 0.076454      ┆ 0.267857  ┆ 7.922514     │
│ microprice のボラ ┆ 追加項         ┆ -0.973924 ┆ -0.938358 ┆ … ┆ -0.442145            ┆ 0.176434      ┆ 0.821429  ┆ 9.289198     │
│ スプレッドのボラ  ┆ 追加項         ┆ -0.199221 ┆ -0.18093  ┆ … ┆ -0.582298            ┆ 0.096397      ┆ 0.964286  ┆ 5.625956     │
│ 板圧力のボラ      ┆ 追加項         ┆ -0.55457  ┆ -0.302285 ┆ … ┆ -2.914305            ┆ -1.235342     ┆ 0.857143  ┆ 6.656076     │
│ OFI のボラ        ┆ 追加項         ┆ 0.112296  ┆ 0.553223  ┆ … ┆ -0.90432             ┆ -0.0875       ┆ 0.714286  ┆ 5.896672     │
└───────────────────┴────────────────┴───────────┴───────────┴───┴──────────────────────┴───────────────┴───────────┴──────────────┘
