[16:04:23] skhx_oi ... ok
[16:05:33] skhx_var ... ok
[16:05:43] skhx_oi_plot ... ok
[16:05:46] skhx_var_ch ... ok
[16:05:48] kiox_var ... ok
[16:05:52] kiox_var_ch ... ok
[16:05:54] intc_markout ... ok
[16:06:17] intc_mkplot ... ok
[16:06:20] AMD_volsig ... ok
[16:06:21] AMD_volplot ... ok
[16:06:34] AMD_resan ... ok
[16:08:38] AMD_resplot ... ok
[16:08:45] AMD_acf ... ok
[16:09:10] AMD_acfplot ... ok
[16:09:13] KIOXIA_volsig ... ok
[16:09:14] KIOXIA_volplot ... ok
[16:09:22] KIOXIA_resan ... ok
[16:09:36] KIOXIA_resplot ... ok
[16:09:41] KIOXIA_acf ... ok
[16:09:54] KIOXIA_acfplot ... NG
[16:09:56] SKHX_volsig ... ok
[16:09:57] SKHX_volplot ... ok
[16:10:10] SKHX_resan ... ok
[16:13:07] SKHX_resplot ... ok
[16:13:15] SKHX_acf ... ok
[16:13:42] SKHX_acfplot ... ok
[16:13:45] SMSN_volsig ... ok
[16:13:46] SMSN_volplot ... ok
[16:13:59] SMSN_resan ... ok
[16:16:23] SMSN_resplot ... NG
[16:16:29] SMSN_acf ... ok
[16:16:55] SMSN_acfplot ... ok
[16:16:58] SNDK_volsig ... ok
[16:16:59] SNDK_volplot ... ok
[16:17:11] SNDK_resan ... ok
[16:20:46] SNDK_resplot ... ok
[16:20:54] SNDK_acf ... ok
[16:21:22] SNDK_acfplot ... ok
[16:21:25] INTC_volsig ... ok
[16:21:26] INTC_volplot ... ok
[16:21:38] INTC_resan ... ok
[16:24:39] INTC_resplot ... ok
[16:24:46] INTC_acf ... ok
[16:25:12] INTC_acfplot ... ok
REPAIR DONE 16:25:15
