標本 76 日 (訓練 46 / 評価 30)  検定数 7  帰無対照は各 56 通りのずらし
placebo_p = ずらした追加項で |t| が観測以上になった割合 (これが経験的な p 値。名目の t は信用しない)
shape: (12, 12)
┌───────────────────┬────────────────┬───────────┬───────────┬───┬──────────────────────┬───────────────┬───────────┬──────────────┐
│ model             ┆ term           ┆ coef      ┆ t         ┆ … ┆ oos_r2_vs_best_const ┆ oos_r2_vs_har ┆ placebo_p ┆ placebo_t_hi │
│ ---               ┆ ---            ┆ ---       ┆ ---       ┆   ┆ ---                  ┆ ---           ┆ ---       ┆ ---          │
│ str               ┆ str            ┆ f64       ┆ f64       ┆   ┆ f64                  ┆ f64           ┆ f64       ┆ f64          │
╞═══════════════════╪════════════════╪═══════════╪═══════════╪═══╪══════════════════════╪═══════════════╪═══════════╪══════════════╡
│ HAR               ┆ 定数           ┆ 7.186087  ┆ 1.731098  ┆ … ┆ NaN                  ┆ NaN           ┆ NaN       ┆ NaN          │
│ HAR               ┆ RVol(t)        ┆ 0.392346  ┆ 4.703471  ┆ … ┆ NaN                  ┆ NaN           ┆ NaN       ┆ NaN          │
│ HAR               ┆ RVol(5日平均)  ┆ -1.366459 ┆ -5.502124 ┆ … ┆ NaN                  ┆ NaN           ┆ NaN       ┆ NaN          │
│ HAR               ┆ RVol(22日平均) ┆ 0.777763  ┆ 0.992407  ┆ … ┆ NaN                  ┆ NaN           ┆ NaN       ┆ NaN          │
│ HAR               ┆ (標本外)       ┆ NaN       ┆ NaN       ┆ … ┆ 0.409181             ┆ 0.0           ┆ NaN       ┆ NaN          │
│ 跳び成分 √(RV−BV) ┆ 追加項         ┆ -0.016255 ┆ -3.312095 ┆ … ┆ -0.033278            ┆ -0.74889      ┆ 0.142857  ┆ 5.132949     │
│ 下向き半分散 √RS− ┆ 追加項         ┆ -2.383481 ┆ -3.373494 ┆ … ┆ 0.371593             ┆ -0.063621     ┆ 0.232143  ┆ 5.582764     │
│ 上向き半分散 √RS+ ┆ 追加項         ┆ 2.228332  ┆ 3.673691  ┆ … ┆ 0.395923             ┆ -0.02244      ┆ 0.214286  ┆ 5.584995     │
│ microprice のボラ ┆ 追加項         ┆ 1.047389  ┆ 1.282215  ┆ … ┆ 0.363072             ┆ -0.078043     ┆ 0.821429  ┆ 5.452441     │
│ スプレッドのボラ  ┆ 追加項         ┆ 0.769747  ┆ 1.529777  ┆ … ┆ 0.338843             ┆ -0.119051     ┆ 0.428571  ┆ 3.16552      │
│ 板圧力のボラ      ┆ 追加項         ┆ 1.287151  ┆ 1.230208  ┆ … ┆ 0.426381             ┆ 0.029112      ┆ 0.75      ┆ 6.443126     │
│ OFI のボラ        ┆ 追加項         ┆ -0.053979 ┆ -0.608482 ┆ … ┆ 0.175151             ┆ -0.396111     ┆ 0.785714  ┆ 4.75505      │
└───────────────────┴────────────────┴───────────┴───────────┴───┴──────────────────────┴───────────────┴───────────┴──────────────┘
