標本 76 日 (訓練 46 / 評価 30)  検定数 7  帰無対照は各 56 通りのずらし
placebo_p = ずらした追加項で |t| が観測以上になった割合 (これが経験的な p 値。名目の t は信用しない)
shape: (12, 12)
┌───────────────────┬────────────────┬───────────┬───────────┬───┬──────────────────────┬───────────────┬───────────┬──────────────┐
│ model             ┆ term           ┆ coef      ┆ t         ┆ … ┆ oos_r2_vs_best_const ┆ oos_r2_vs_har ┆ placebo_p ┆ placebo_t_hi │
│ ---               ┆ ---            ┆ ---       ┆ ---       ┆   ┆ ---                  ┆ ---           ┆ ---       ┆ ---          │
│ str               ┆ str            ┆ f64       ┆ f64       ┆   ┆ f64                  ┆ f64           ┆ f64       ┆ f64          │
╞═══════════════════╪════════════════╪═══════════╪═══════════╪═══╪══════════════════════╪═══════════════╪═══════════╪══════════════╡
│ HAR               ┆ 定数           ┆ 0.266733  ┆ 0.087136  ┆ … ┆ NaN                  ┆ NaN           ┆ NaN       ┆ NaN          │
│ HAR               ┆ RVol(t)        ┆ 0.431318  ┆ 5.382922  ┆ … ┆ NaN                  ┆ NaN           ┆ NaN       ┆ NaN          │
│ HAR               ┆ RVol(5日平均)  ┆ -1.283107 ┆ -5.466279 ┆ … ┆ NaN                  ┆ NaN           ┆ NaN       ┆ NaN          │
│ HAR               ┆ RVol(22日平均) ┆ 1.822287  ┆ 3.200642  ┆ … ┆ NaN                  ┆ NaN           ┆ NaN       ┆ NaN          │
│ HAR               ┆ (標本外)       ┆ NaN       ┆ NaN       ┆ … ┆ -0.484616            ┆ 0.0           ┆ NaN       ┆ NaN          │
│ 跳び成分 √(RV−BV) ┆ 追加項         ┆ -0.012178 ┆ -1.926399 ┆ … ┆ -0.295724            ┆ 0.127233      ┆ 0.214286  ┆ 4.089681     │
│ 下向き半分散 √RS− ┆ 追加項         ┆ -0.426699 ┆ -0.612239 ┆ … ┆ -0.455312            ┆ 0.019739      ┆ 0.892857  ┆ 6.308427     │
│ 上向き半分散 √RS+ ┆ 追加項         ┆ 0.489115  ┆ 0.577181  ┆ … ┆ -0.47123             ┆ 0.009016      ┆ 0.857143  ┆ 6.443452     │
│ microprice のボラ ┆ 追加項         ┆ -0.478045 ┆ -0.046935 ┆ … ┆ -0.514732            ┆ -0.020286     ┆ 1.0       ┆ 6.38248      │
│ スプレッドのボラ  ┆ 追加項         ┆ -0.052231 ┆ -0.120196 ┆ … ┆ -0.215874            ┆ 0.181018      ┆ 0.946429  ┆ 4.18437      │
│ 板圧力のボラ      ┆ 追加項         ┆ -0.46035  ┆ -0.592788 ┆ … ┆ -0.895734            ┆ -0.276919     ┆ 0.803571  ┆ 5.208056     │
│ OFI のボラ        ┆ 追加項         ┆ -0.05641  ┆ -0.42575  ┆ … ┆ -1.393263            ┆ -0.612041     ┆ 0.928571  ┆ 5.161641     │
└───────────────────┴────────────────┴───────────┴───────────┴───┴──────────────────────┴───────────────┴───────────┴──────────────┘
