[日] 99 日 = 立会日 68 / 閉場日 31
  2026-05-13  (10/99 日)
  2026-05-23  (20/99 日)
  2026-06-02  (30/99 日)
  2026-06-12  (40/99 日)
  2026-06-22  (50/99 日)
  2026-07-02  (60/99 日)
  2026-07-12  (70/99 日)
  2026-07-22  (80/99 日)
  2026-08-01  (90/99 日)
  2026-08-10  (99/99 日)
[格子] 空の格子点の割合 中央値 62.4% / 最小 21.7% / 最大 96.5%
[除去] クロス・数量 0 の行 0

=== 200ms 格子の自己相関(日をまたいだ平均)===
  OBI 立会日(68 日)  0.2s +0.780  1s +0.530  5s +0.304  10s +0.224  30s +0.132  60s +0.091  300s +0.040   帰無 +0.0002
  OBI 閉場日(31 日)  0.2s +0.954  1s +0.875  5s +0.709  10s +0.594  30s +0.395  60s +0.287  300s +0.120   帰無 -0.0002
  OFI 立会日(68 日)  0.2s -0.022  1s +0.008  5s +0.003  10s +0.002  30s +0.001  60s +0.002  300s +0.001   帰無 +0.0003
  OFI 閉場日(31 日)  0.2s -0.069  1s +0.013  5s +0.002  10s +0.002  30s -0.000  60s +0.002  300s +0.001   帰無 -0.0002

-> data/acf_200ms_xyz_INTC.parquet / .csv
-> data/acf_200ms_daily_xyz_INTC.parquet
-> C:\Users\ii562\Downloads\Memory\data\feat200_xyz_INTC/dt=*.parquet (99 日 × 432,000 格子点)
