[検算] 同一 ns・同一ユーザーで向きが混在するグループ: 3,084 / 2,582,690
[約定単位] 4,957,784 イベント / 99 日 / 買いの割合 50.52%
[成行注文単位] 2,582,690 イベント / 99 日 / 買いの割合 51.47%

=== 約定単位: 次数 k を 1 つ増やすと情報が増えるか(入れ替え検定 R = 20)===
 k        実データ G       帰無の平均      帰無の 95%点      倍率      効果量  判定
 1     2,330,438          38            55 60685.5   0.3320  有意
 2        58,327          48            68  1206.8   0.0991  有意
 3        27,114          50            83   546.4   0.0716  有意
 4        15,304          49            67   312.8   0.0589  有意
 5        10,382          56            77   184.7   0.0517  有意
 6         7,288          71           106   102.6   0.0710  有意
 7         5,558         103           141    54.2   0.0609  有意
 8         4,120         169           201    24.4   0.1130  有意
 9         3,585         289           327    12.4   0.1198  有意
10         3,218         562           641     5.7   0.1841  有意
11         3,393       1,095         1,179     3.1   0.1067  有意
12         3,981       2,087         2,199     1.9   0.1093  有意
13         6,221       4,137         4,291     1.5   0.1340  有意
14        10,680       8,314         8,466     1.3   0.1215  有意
  → 帰無分布を超える最大の次数: k = 14

=== 成行注文単位: 次数 k を 1 つ増やすと情報が増えるか(入れ替え検定 R = 20)===
 k        実データ G       帰無の平均      帰無の 95%点      倍率      効果量  判定
 1       314,520         197           227  1598.5   0.1778  有意
 2        83,085         183           205   453.1   0.1256  有意
 3        31,348         198           243   158.2   0.0919  有意
 4        16,392         173           225    94.7   0.0715  有意
 5         9,592         193           223    49.7   0.0623  有意
 6         7,057         206           248    34.2   0.0553  有意
 7         4,941         232           277    21.3   0.0507  有意
 8         3,925         295           332    13.3   0.0753  有意
 9         3,679         424           467     8.7   0.0798  有意
10         3,149         683           756     4.6   0.1485  有意
11         3,279       1,175         1,259     2.8   0.1442  有意
12         4,267       2,210         2,318     1.9   0.1784  有意
13         6,152       4,274         4,416     1.4   0.2334  有意
14         9,975       8,362         8,565     1.2   0.1434  有意
  → 帰無分布を超える最大の次数: k = 14

=== 約定単位 の 1 次推移確率(次が買いになる確率)===
  直前 売 → 買い  17.32%  売り  82.68%  (n =  2,452,967, 標準誤差 0.024%)
  直前 買 → 買い  83.04%  売り  16.96%  (n =  2,504,718, 標準誤差 0.024%)

=== 約定単位 の 2 次推移確率(次が買いになる確率)===
  直前 売売 → 買い  15.46%  売り  84.54%  (n =  2,028,089, 標準誤差 0.025%)
  直前 売買 → 買い  73.12%  売り  26.88%  (n =    424,820, 標準誤差 0.068%)
  直前 買売 → 買い  26.20%  売り  73.80%  (n =    424,824, 標準誤差 0.067%)
  直前 買買 → 買い  85.06%  売り  14.94%  (n =  2,079,853, 標準誤差 0.025%)

=== 約定単位 の 3 次推移確率(次が買いになる確率)===
  直前 売売売 → 買い  14.16%  売り  85.84%  (n =  1,714,535, 標準誤差 0.027%)
  直前 売売買 → 買い  72.47%  売り  27.53%  (n =    313,507, 標準誤差 0.080%)
  直前 売買売 → 買い  24.83%  売り  75.17%  (n =    114,174, 標準誤差 0.128%)
  直前 売買買 → 買い  77.90%  売り  22.10%  (n =    310,640, 標準誤差 0.074%)
  直前 買売売 → 買い  22.59%  売り  77.41%  (n =    313,506, 標準誤差 0.075%)
  直前 買売買 → 買い  74.98%  売り  25.02%  (n =    111,307, 標準誤差 0.130%)
  直前 買買売 → 買い  26.70%  売り  73.30%  (n =    310,643, 標準誤差 0.079%)
  直前 買買買 → 買い  86.32%  売り  13.68%  (n =  1,769,175, 標準誤差 0.026%)

=== 成行注文単位 の 1 次推移確率(次が買いになる確率)===
  直前 売 → 買い  33.69%  売り  66.31%  (n =  1,253,367, 標準誤差 0.042%)
  直前 買 → 買い  68.23%  売り  31.77%  (n =  1,329,224, 標準誤差 0.040%)

=== 成行注文単位 の 2 次推移確率(次が買いになる確率)===
  直前 売売 → 買い  27.68%  売り  72.32%  (n =    831,074, 標準誤差 0.049%)
  直前 売買 → 買い  55.68%  売り  44.32%  (n =    422,242, 標準誤差 0.076%)
  直前 買売 → 買い  45.52%  売り  54.48%  (n =    422,239, 標準誤差 0.077%)
  直前 買買 → 買い  74.08%  売り  25.92%  (n =    906,937, 標準誤差 0.046%)

=== 成行注文単位 の 3 次推移確率(次が買いになる確率)===
  直前 売売売 → 買い  24.43%  売り  75.57%  (n =    601,023, 標準誤差 0.055%)
  直前 売売買 → 買い  51.53%  売り  48.47%  (n =    230,016, 標準誤差 0.104%)
  直前 売買売 → 買い  40.57%  売り  59.43%  (n =    187,146, 標準誤差 0.114%)
  直前 売買買 → 買い  64.89%  売り  35.11%  (n =    235,080, 標準誤差 0.098%)
  直前 買売売 → 買い  36.16%  売り  63.84%  (n =    230,015, 標準誤差 0.100%)
  直前 買売買 → 買い  60.64%  売り  39.36%  (n =    192,208, 標準誤差 0.111%)
  直前 買買売 → 買い  49.47%  売り  50.53%  (n =    235,075, 標準誤差 0.103%)
  直前 買買買 → 買い  77.29%  売り  22.71%  (n =    671,830, 標準誤差 0.051%)

=== 同じ向きが n 回続いた直後に、また同じ向きが来る割合 ===
  n                   約定単位                 成行注文単位
  1   73.46% (n=  849,743)   55.08% (n=  844,580)
  2   77.66% (n=  624,232)   64.37% (n=  465,158)
  3   80.37% (n=  484,755)   69.39% (n=  299,430)
  4   82.00% (n=  389,575)   72.56% (n=  207,758)
  5   83.40% (n=  319,431)   75.24% (n=  150,736)
  6   84.52% (n=  266,387)   76.89% (n=  113,417)
  7   85.57% (n=  225,152)   78.45% (n=   87,195)
  8   86.20% (n=  192,654)   79.45% (n=   68,401)
  9   86.92% (n=  166,059)   80.40% (n=   54,342)
 10   87.41% (n=  144,330)   81.19% (n=   43,690)

[chart] C:\Users\ii562\Downloads\Memory\charts\xyz_SMSN_sign_chain_continuation.png
[chart] C:\Users\ii562\Downloads\Memory\charts\xyz_SMSN_sign_chain_matrix.png

=== 同一 ns の並べ方への感度(10 通りの無作為な並べ方)===
  買→買: 68.26% 〜 68.27%(幅 0.01 ポイント)
  売→売: 66.34% 〜 66.35%(幅 0.02 ポイント)
  買買→買: 74.08% 〜 74.10%(幅 0.02 ポイント)
  売売→売: 72.33% 〜 72.35%(幅 0.02 ポイント)
