[件数] 約定 4,957,784 件 → 成行注文 2,582,690 本(1 本あたり 1.92 件)

時間帯                   区分                本数       中央値        平均     第1四分位     第3四分位      99%点         最大
開場後 2 時間              全曜日          327,726     1.816     7.957     0.571     5.975     97.63     4650.0
開場後 2 時間              立会日          308,281     1.940     8.233     0.590     6.146    100.00     4650.0
開場後 2 時間              休場日           19,445     0.861     3.585     0.200     2.410     49.51     1602.7
昼 11 時から 2 時間         全曜日          141,860     1.319     5.935     0.500     4.557     70.87     8000.0
昼 11 時から 2 時間         立会日          123,074     1.396     6.192     0.530     4.820     75.00     8000.0
昼 11 時から 2 時間         休場日           18,786     0.960     4.257     0.220     3.004     50.00     1730.2
閉場前 2 時間              全曜日          126,659     1.224     5.734     0.512     3.973     66.52     5079.9
閉場前 2 時間              立会日          113,674     1.281     5.987     0.547     4.221     69.31     5079.9
閉場前 2 時間              休場日           12,985     0.892     3.518     0.250     2.572     35.01     1000.0
深夜 11 時から 2 時間        全曜日          428,217     2.326    10.560     0.678     7.133    125.63    11557.5
深夜 11 時から 2 時間        立会日          364,517     2.480    11.003     0.709     7.541    131.53    11557.5
深夜 11 時から 2 時間        休場日           63,700     1.835     8.030     0.540     5.357    100.00     2000.0

=== 全曜日での窓どうしの比較(成行注文 1 本)===
  開場後 2 時間               中央値  1.816 枚(開場後比 1.00 倍) / 平均  7.957(同 1.00 倍) / 10 枚以上の割合 16.90%
  昼 11 時から 2 時間          中央値  1.319 枚(開場後比 0.73 倍) / 平均  5.935(同 0.75 倍) / 10 枚以上の割合 12.82%
  閉場前 2 時間               中央値  1.224 枚(開場後比 0.67 倍) / 平均  5.734(同 0.72 倍) / 10 枚以上の割合 10.83%
  深夜 11 時から 2 時間         中央値  2.326 枚(開場後比 1.28 倍) / 平均 10.560(同 1.33 倍) / 10 枚以上の割合 20.29%

=== 分布の裾: 上位 1% が担う数量の割合(全曜日)===
  開場後 2 時間               上位 1%(3,277 本)が全数量の 25.23%
  昼 11 時から 2 時間          上位 1%(1,418 本)が全数量の 26.33%
  閉場前 2 時間               上位 1%(1,266 本)が全数量の 33.05%
  深夜 11 時から 2 時間         上位 1%(4,282 本)が全数量の 28.26%

[out] data/order_size_stats_xyz_SMSN.csv, data/order_size_hist_xyz_SMSN.csv
