[load] 5,036,243 行 -> 5,034,608 行(クロス・数量 0 を除去 1,635)
[検算] micro-mid = (I-1/2)*spread の最大誤差 2.519e-13(相対 5.320e-17)
[日] 47 日 = 立会日 32 / 閉場日 15
[集計] 日×帯×ホライズン 2,961 行

=== 立会日 — P(mid が k イベント後に上昇)[%] ===
差(bp)             k=1      k=5     k=10     k=20     k=30     k=50    k=100           n
< -20            27.3     37.8     41.4     42.9     43.8     44.4     46.2      81,218
-20〜-10          29.1     36.9     39.5     41.2     42.1     43.0     44.4     302,247
-10〜-5           34.0     40.6     42.7     44.2     44.9     45.4     46.2     430,485
-5〜-1            36.2     42.0     43.6     45.1     45.8     46.7     47.4     736,055
-1〜+1            39.9     44.5     46.2     47.9     48.7     49.2     49.6     952,000
+1〜+5            42.5     48.8     50.2     51.7     52.2     52.4     52.4     742,234
+5〜+10           41.8     51.1     53.1     54.3     54.2     54.0     53.2     365,930
+10〜+20          41.2     53.0     55.6     56.5     56.6     56.1     54.8     265,277
> +20            41.2     51.9     54.1     55.0     55.0     54.3     53.7      74,497
無条件              38.3     45.0     46.9     48.4     49.0     49.4     49.7
変化なし率            23.3     10.1      6.4      3.4      2.3      1.4      0.8
動いた中で上昇         49.9     50.1     50.1     50.1     50.1     50.1     50.1

=== 閉場日 — P(mid が k イベント後に上昇)[%] ===
差(bp)             k=1      k=5     k=10     k=20     k=30     k=50    k=100           n
< -20            24.6     31.9     35.2     37.9     39.7     43.6     46.3       9,145
-20〜-10          32.0     34.3     35.8     39.5     41.4     42.8     45.5      53,535
-10〜-5           39.5     41.4     40.3     42.0     43.1     44.7     45.7     122,197
-5〜-1            41.1     42.7     40.7     42.9     44.1     45.9     47.1     227,514
-1〜+1            41.7     45.0     44.4     46.7     47.8     48.9     50.2     285,448
+1〜+5            40.7     47.2     47.6     50.4     51.3     52.1     53.2     220,531
+5〜+10           42.1     48.7     49.6     53.0     53.9     54.2     54.8     112,387
+10〜+20          44.6     55.8     58.0     59.9     60.1     59.9     58.8      43,618
> +20            48.5     60.0     62.2     63.5     63.2     62.2     61.9      10,243
無条件              40.7     44.9     44.6     47.0     48.1     49.2     50.3
変化なし率            18.1     10.7     12.4      8.4      6.8      5.2      3.4
動いた中で上昇         49.7     50.3     50.9     51.4     51.6     51.9     52.1

-> data/microprice_cells_xyz_KIOXIA.parquet
