[load] 16,523,671 行 -> 16,516,605 行(クロス・数量 0 を除去 7,066)
[日] 99 日 = 立会日 68 / 閉場日 31
[OFI] 正規化できた行 16,514,006 / 16,516,605(残りは尺度の助走 5,000 イベント分と日の初回)
[OFI_z] 中央値 +0.0004 / |z|>2 の割合 6.08%
[OBI]   中央値 +0.0000 / |OBI|>0.75 の割合 40.35%
[費用] スプレッド中央値 2.710 bp / 片道の半スプレッド 1.355 bp
[集計] 日×説明変数×帯×ホライズン 12,474 行

=== OBI / 立会日 — P(mid が k イベント後に上昇 | 変化あり)[%] ===
帯                     k=1      k=5     k=10     k=20     k=30     k=50    k=100             n
−1.00〜−0.75          46.7     45.9     46.1     46.5     46.8     47.3     47.8     3,040,947
−0.75〜−0.50          48.0     48.2     48.2     48.4     48.5     48.7     49.0     1,521,535
−0.50〜−0.25          47.7     48.5     48.8     49.0     49.2     49.2     49.3     1,306,469
−0.25〜0              48.4     49.4     49.6     49.8     49.8     49.8     49.9     1,302,310
ちょうど 0               50.1     50.3     50.4     50.3     50.3     50.3     50.2       504,604
0〜+0.25              51.7     51.1     50.9     50.7     50.6     50.5     50.3     1,406,760
+0.25〜+0.50          52.7     52.0     51.6     51.3     51.2     50.9     50.6     1,290,354
+0.50〜+0.75          52.7     52.3     52.1     51.8     51.6     51.3     50.8     1,525,521
+0.75〜+1.00          53.4     54.3     54.1     53.7     53.4     52.8     52.1     3,064,188
無条件                  50.2     50.2     50.2     50.2     50.1     50.1     50.0
変化なし率                24.4      7.3      3.8      2.0      1.4      0.9      0.6

=== OBI / 閉場日 — P(mid が k イベント後に上昇 | 変化あり)[%] ===
帯                     k=1      k=5     k=10     k=20     k=30     k=50    k=100             n
−1.00〜−0.75          47.9     47.6     47.1     46.4     46.6     46.9     47.5       273,476
−0.75〜−0.50          51.3     51.2     50.5     49.7     49.5     49.8     50.4       179,495
−0.50〜−0.25          50.3     50.1     50.1     49.9     50.0     50.2     50.5       123,899
−0.25〜0              49.4     48.9     49.0     49.0     49.3     50.0     50.6       166,746
ちょうど 0               50.5     50.9     50.7     50.4     50.3     50.4     50.8        43,765
0〜+0.25              52.4     52.2     51.7     51.3     51.2     51.0     51.1       176,407
+0.25〜+0.50          54.0     52.7     52.8     52.5     52.5     52.4     52.5       126,071
+0.50〜+0.75          53.0     51.6     52.1     52.0     52.0     52.1     52.2       177,273
+0.75〜+1.00          55.0     55.1     55.6     55.7     55.8     55.5     55.2       286,686
無条件                  51.6     51.2     51.1     50.9     50.9     51.0     51.3
変化なし率                31.0     13.2      9.0      5.3      4.0      2.5      1.4

=== OFI_z / 立会日 — P(mid が k イベント後に上昇 | 変化あり)[%] ===
帯                     k=1      k=5     k=10     k=20     k=30     k=50    k=100             n
< −2σ                48.1     48.7     48.5     48.7     48.9     49.0     49.2       464,543
−2〜−1σ               46.3     47.2     47.0     47.3     47.6     47.9     48.4       757,555
−1〜−0.5σ             46.1     46.7     46.7     47.2     47.5     48.0     48.4     1,152,287
−0.5〜0σ              48.0     46.9     47.0     47.6     47.9     48.3     48.7     5,011,327
ちょうど 0               49.6     50.1     50.4     50.4     50.4     50.3     50.2        69,810
0〜+0.5σ              52.4     53.5     53.3     52.7     52.3     51.9     51.2     5,120,707
+0.5〜+1σ             54.1     53.5     53.3     52.8     52.6     52.1     51.4     1,164,840
+1〜+2σ               53.7     52.9     53.0     52.8     52.5     52.1     51.5       759,015
> +2σ                51.8     51.6     51.7     51.6     51.4     51.1     50.8       460,036
無条件                  50.2     50.2     50.2     50.2     50.1     50.1     50.0
変化なし率                28.6      8.5      4.5      2.3      1.5      1.0      0.6

=== OFI_z / 閉場日 — P(mid が k イベント後に上昇 | 変化あり)[%] ===
帯                     k=1      k=5     k=10     k=20     k=30     k=50    k=100             n
< −2σ                51.4     48.0     47.2     47.3     48.0     48.6     48.7        39,474
−2〜−1σ               45.7     48.0     46.1     47.7     47.9     49.3     50.8        66,356
−1〜−0.5σ             58.7     52.4     50.0     49.5     49.3     49.7     50.0       116,713
−0.5〜0σ              49.5     46.8     46.5     47.6     48.4     49.2     50.0       523,342
ちょうど 0               49.1     50.4     50.3     49.9     50.1     50.1     51.9         5,901
0〜+0.5σ              53.1     55.6     55.4     54.0     53.4     52.8     52.5       557,940
+0.5〜+1σ             46.4     49.9     51.8     51.5     51.5     51.2     51.1       128,045
+1〜+2σ               58.6     52.6     56.1     53.7     53.7     53.6     53.8        75,090
> +2σ                51.9     55.2     56.1     55.6     54.7     54.0     53.0        40,926
無条件                  51.6     51.2     51.1     50.9     50.9     51.0     51.3
変化なし率                34.0     15.5     10.4      6.2      4.6      2.8      1.5

=== OBI × OFI_z の同時分布 — P(上昇|変化あり)[%] / 立会日 k=10 ===
  片方で層別してももう一方が効くなら、2 つは別の情報を持っている
OBI \ OFI_z           < −2σ     −2〜−1σ   −1〜−0.5σ    −0.5〜0σ     ちょうど 0    0〜+0.5σ   +0.5〜+1σ     +1〜+2σ      > +2σ
−1.00〜−0.75            44.3       43.9       43.5       43.2       45.6       51.1       48.9       47.0       45.1
−0.75〜−0.50            48.1       46.9       45.9       45.5       47.0       51.9       49.6       48.6       47.4
−0.50〜−0.25            49.6       48.1       46.8       46.4       48.0       51.6       49.4       49.6       47.7
−0.25〜0                51.6       49.6       48.8       47.4       45.8       52.0       49.6       49.3       48.1
ちょうど 0                 50.4       47.2       46.8       48.3       50.8       52.5       53.2       52.9       49.6
0〜+0.25                52.0       50.2       50.5       48.6       52.5       52.9       50.9       51.2       48.9
+0.25〜+0.50            52.7       51.1       51.2       48.8       53.2       54.0       53.2       51.8       50.3
+0.50〜+0.75            53.4       51.6       50.4       48.6       54.1       54.8       54.5       52.5       51.0
+0.75〜+1.00            55.3       53.5       51.0       49.1       53.1       57.1       56.5       55.9       55.7
  OBI を固定したときの OFI_z 方向の振れ幅: 中央 6.3pp / 最大 8.0pp
  OFI_z を固定したときの OBI 方向の振れ幅: 中央 8.5pp / 最大 11.0pp

=== 期待される符号つき値動き(bp)/ 立会日。片道の半スプレッド = 1.355 bp ===
  確率が 65% でも、動く幅がこれを超えなければ板を取りに行っては捕まえられない
  --- OBI ---
帯                      k=1       k=5      k=10      k=20      k=30      k=50     k=100
−1.00〜−0.75         -0.046    -0.188    -0.256    -0.315    -0.347    -0.377    -0.414
−0.75〜−0.50         -0.019    -0.082    -0.116    -0.147    -0.164    -0.175    -0.163
−0.50〜−0.25         -0.024    -0.060    -0.076    -0.094    -0.097    -0.108    -0.116
−0.25〜0             -0.005    -0.017    -0.021    -0.023    -0.025    -0.024    -0.018
ちょうど 0               0.002     0.011     0.018     0.017     0.021     0.033     0.078
0〜+0.25              0.012     0.025     0.029     0.034     0.036     0.042     0.059
+0.25〜+0.50          0.025     0.063     0.080     0.095     0.109     0.120     0.115
+0.50〜+0.75          0.023     0.087     0.118     0.146     0.157     0.170     0.186
+0.75〜+1.00          0.041     0.180     0.249     0.314     0.349     0.384     0.425
  --- OFI_z ---
帯                      k=1       k=5      k=10      k=20      k=30      k=50     k=100
< −2σ               -0.039    -0.128    -0.176    -0.211    -0.225    -0.235    -0.255
−2〜−1σ              -0.061    -0.192    -0.262    -0.318    -0.347    -0.375    -0.387
−1〜−0.5σ            -0.060    -0.211    -0.286    -0.344    -0.368    -0.387    -0.393
−0.5〜0σ             -0.048    -0.165    -0.228    -0.281    -0.301    -0.314    -0.320
ちょうど 0              -0.004     0.002     0.008     0.003     0.011     0.015     0.107
0〜+0.5σ              0.049     0.166     0.231     0.284     0.306     0.322     0.337
+0.5〜+1σ             0.062     0.206     0.276     0.336     0.364     0.392     0.421
+1〜+2σ               0.056     0.182     0.249     0.306     0.332     0.360     0.384
> +2σ                0.035     0.124     0.171     0.213     0.232     0.255     0.280
  最大の |期待値動き| = 0.425 bp(半スプレッド 1.355 bp の 0.31 倍)

=== 帰無対照(帯を日内で巡回シフト)===
  OBI/立会日: 帰無 中央 0.054pt 最大 0.369pt  /  実測 中央 1.41pt 最大 4.27pt  (最大の比 12 倍)
  OBI/閉場日: 帰無 中央 0.223pt 最大 0.518pt  /  実測 中央 1.11pt 最大 4.86pt  (最大の比 9 倍)
  OFI_z/立会日: 帰無 中央 0.058pt 最大 0.606pt  /  実測 中央 2.12pt 最大 4.09pt  (最大の比 7 倍)
  OFI_z/閉場日: 帰無 中央 0.403pt 最大 1.653pt  /  実測 中央 2.46pt 最大 7.12pt  (最大の比 4 倍)

[多重比較] セル数 252。Bonferroni の閾値は 0.05/252 = 1.98e-04(|z| > 3.86)
  95% 区間が 0 をまたがないセル 188 / 252
  Bonferroni を超えるセル       125 / 252
-> data/obi_ofi_cells_xyz_AMD.parquet / obi_ofi_joint_xyz_AMD.parquet
