[load] 5,036,243 行 -> 5,034,608 行(クロス・数量 0 を除去 1,635)
[日] 47 日 = 立会日 32 / 閉場日 15
[OFI] 正規化できた行 5,032,061 / 5,034,608(残りは尺度の助走 5,000 イベント分と日の初回)
[OFI_z] 中央値 +0.0000 / |z|>2 の割合 2.72%
[OBI]   中央値 +0.0000 / |OBI|>0.75 の割合 36.89%
[費用] スプレッド中央値 13.652 bp / 片道の半スプレッド 6.826 bp
[集計] 日×説明変数×帯×ホライズン 5,922 行

=== OBI / 立会日 — P(mid が k イベント後に上昇 | 変化あり)[%] ===
帯                     k=1      k=5     k=10     k=20     k=30     k=50    k=100             n
−1.00〜−0.75          41.7     42.5     43.0     43.3     43.6     44.0     44.9       795,903
−0.75〜−0.50          46.0     45.4     45.6     46.0     46.5     47.0     47.8       402,408
−0.50〜−0.25          48.2     48.1     48.4     48.6     48.9     49.2     49.5       327,721
−0.25〜0              48.2     48.5     49.0     49.3     49.5     49.5     49.5       394,632
ちょうど 0               50.3     49.6     49.8     49.7     49.9     50.0     50.0       183,953
0〜+0.25              51.4     51.1     50.9     50.8     50.9     50.9     50.7       414,546
+0.25〜+0.50          52.1     52.3     52.2     52.1     52.1     51.8     51.4       328,222
+0.50〜+0.75          53.3     54.8     54.9     54.5     54.1     53.6     52.8       400,795
+0.75〜+1.00          59.0     58.7     58.0     57.3     56.8     56.0     55.2       701,763
無条件                  49.9     50.1     50.1     50.1     50.1     50.1     50.1
変化なし率                22.1      9.7      6.2      3.3      2.2      1.4      0.8

=== OBI / 閉場日 — P(mid が k イベント後に上昇 | 変化あり)[%] ===
帯                     k=1      k=5     k=10     k=20     k=30     k=50    k=100             n
−1.00〜−0.75          45.2     43.8     42.8     43.6     44.1     45.1     45.8       186,183
−0.75〜−0.50          48.3     46.3     45.8     45.8     46.3     47.4     48.0       127,478
−0.50〜−0.25          48.7     47.7     47.9     48.1     48.7     49.4     50.1        96,831
−0.25〜0              47.0     48.5     49.6     49.7     50.1     51.0     51.6       115,601
ちょうど 0               52.2     51.3     51.6     51.4     51.6     51.5     51.8        59,117
0〜+0.25              51.1     51.9     52.5     53.0     53.0     53.3     53.5       118,609
+0.25〜+0.50          51.7     53.6     54.4     55.0     54.9     54.8     55.4        93,422
+0.50〜+0.75          49.1     53.2     55.8     56.5     56.4     55.7     55.3       113,366
+0.75〜+1.00          55.9     57.6     59.1     60.2     60.3     59.5     58.4       174,011
無条件                  49.7     50.3     50.9     51.4     51.6     51.9     52.1
変化なし率                17.7     10.7     12.2      8.2      6.6      5.0      3.3

=== OFI_z / 立会日 — P(mid が k イベント後に上昇 | 変化あり)[%] ===
帯                     k=1      k=5     k=10     k=20     k=30     k=50    k=100             n
< −2σ                39.1     34.2     34.5     35.6     36.4     37.7     39.5        49,187
−2〜−1σ               45.0     38.8     38.2     39.5     40.6     42.2     43.4        48,154
−1〜−0.5σ             53.2     45.4     43.6     43.3     43.5     44.2     45.4        77,540
−0.5〜0σ              54.1     49.0     47.2     46.8     46.9     47.1     47.8     1,778,881
ちょうど 0               51.4     49.5     49.1     48.8     48.7     48.7     48.8        23,561
0〜+0.5σ              45.8     51.1     53.1     53.5     53.4     53.1     52.4     1,799,025
+0.5〜+1σ             48.9     56.8     58.0     57.2     56.5     55.8     54.4        82,038
+1〜+2σ               49.4     57.0     58.4     57.9     57.4     56.6     55.0        43,580
> +2σ                58.4     65.1     65.1     64.3     63.6     62.2     60.0        45,445
無条件                  49.9     50.1     50.1     50.1     50.1     50.1     50.1
変化なし率                25.8     10.3      6.2      3.2      2.2      1.4      0.8

=== OFI_z / 閉場日 — P(mid が k イベント後に上昇 | 変化あり)[%] ===
帯                     k=1      k=5     k=10     k=20     k=30     k=50    k=100             n
< −2σ                38.1     34.3     37.2     42.6     44.9     48.1     48.7        24,471
−2〜−1σ               49.9     43.1     43.5     47.0     49.3     51.0     51.6        42,340
−1〜−0.5σ             57.2     49.6     47.8     50.4     51.8     53.1     52.9        71,459
−0.5〜0σ              61.7     55.7     53.0     53.2     53.6     53.3     53.0       401,199
ちょうど 0               51.8     48.0     47.3     47.8     47.6     48.6     50.3         7,457
0〜+0.5σ              39.8     46.9     50.4     50.7     50.6     50.9     51.5       415,609
+0.5〜+1σ             37.9     47.7     51.1     50.2     48.9     49.6     50.4        67,372
+1〜+2σ               42.9     51.6     53.8     52.7     51.5     51.4     52.4        36,828
> +2σ                54.1     58.3     59.1     57.3     55.6     55.0     54.8        17,868
無条件                  49.7     50.3     50.9     51.4     51.6     51.9     52.1
変化なし率                19.8     10.2     10.1      6.9      5.8      4.7      3.3

=== OBI × OFI_z の同時分布 — P(上昇|変化あり)[%] / 立会日 k=10 ===
  片方で層別してももう一方が効くなら、2 つは別の情報を持っている
OBI \ OFI_z           < −2σ     −2〜−1σ   −1〜−0.5σ    −0.5〜0σ     ちょうど 0    0〜+0.5σ   +0.5〜+1σ     +1〜+2σ      > +2σ
−1.00〜−0.75            29.7       31.7       35.6       40.1       34.5       47.6       49.2       47.7       50.2
−0.75〜−0.50            39.0       39.9       41.4       42.2       35.1       50.1       47.0       50.1       50.8
−0.50〜−0.25            40.7       43.2       46.3       45.1       38.7       52.1       51.1       54.2       54.3
−0.25〜0                39.1       46.8       48.7       47.0       50.6       51.0       52.0       48.9       52.3
ちょうど 0                   --         --       61.8       50.8       49.7       48.5       45.9         --         --
0〜+0.25                45.3       48.3       49.2       48.9       54.3       52.8       54.6       54.8       55.4
+0.25〜+0.50            48.8       45.4       52.2       48.8       56.4       55.1       56.9       54.8       57.7
+0.50〜+0.75            48.1       48.1       52.5       50.7         --       58.0       61.4       58.1       60.9
+0.75〜+1.00            54.1       51.5       52.9       53.4       63.9       61.1       64.8       64.8       70.6
  OBI を固定したときの OFI_z 方向の振れ幅: 中央 15.6pp / 最大 20.5pp
  OFI_z を固定したときの OBI 方向の振れ幅: 中央 19.8pp / 最大 29.4pp

=== 期待される符号つき値動き(bp)/ 立会日。片道の半スプレッド = 6.826 bp ===
  確率が 65% でも、動く幅がこれを超えなければ板を取りに行っては捕まえられない
  --- OBI ---
帯                      k=1       k=5      k=10      k=20      k=30      k=50     k=100
−1.00〜−0.75         -0.228    -0.540    -0.747    -1.045    -1.280    -1.623    -2.278
−0.75〜−0.50         -0.103    -0.235    -0.302    -0.415    -0.510    -0.684    -1.003
−0.50〜−0.25         -0.056    -0.114    -0.137    -0.157    -0.183    -0.249    -0.379
−0.25〜0             -0.029    -0.063    -0.092    -0.122    -0.168    -0.293    -0.488
ちょうど 0               0.016    -0.027    -0.072    -0.113    -0.120    -0.174    -0.211
0〜+0.25              0.034     0.027     0.024    -0.004    -0.002    -0.013    -0.047
+0.25〜+0.50          0.068     0.126     0.141     0.168     0.194     0.182     0.212
+0.50〜+0.75          0.085     0.186     0.259     0.298     0.306     0.400     0.416
+0.75〜+1.00          0.230     0.577     0.768     1.031     1.224     1.491     1.907
  --- OFI_z ---
帯                      k=1       k=5      k=10      k=20      k=30      k=50     k=100
< −2σ               -0.011    -0.558    -1.139    -2.061    -2.700    -3.628    -5.454
−2〜−1σ              -0.103    -0.445    -0.839    -1.489    -2.021    -2.774    -3.661
−1〜−0.5σ             0.004    -0.234    -0.560    -1.066    -1.465    -2.018    -2.906
−0.5〜0σ              0.013    -0.118    -0.327    -0.632    -0.858    -1.173    -1.591
ちょうど 0               0.006    -0.091    -0.180    -0.334    -0.364    -0.527    -0.581
0〜+0.5σ             -0.018     0.088     0.269     0.520     0.692     0.909     1.103
+0.5〜+1σ             0.001     0.227     0.473     0.880     1.129     1.381     1.590
+1〜+2σ               0.015     0.344     0.735     1.317     1.720     2.257     3.187
> +2σ                0.094     0.783     1.446     2.472     3.377     4.589     6.150
  最大の |期待値動き| = 6.150 bp(半スプレッド 6.826 bp の 0.90 倍)

=== 帰無対照(帯を日内で巡回シフト)===
  OBI/立会日: 帰無 中央 0.100pt 最大 0.328pt  /  実測 中央 2.02pt 最大 9.13pt  (最大の比 28 倍)
  OBI/閉場日: 帰無 中央 0.385pt 最大 1.013pt  /  実測 中央 2.97pt 最大 8.88pt  (最大の比 9 倍)
  OFI_z/立会日: 帰無 中央 0.196pt 最大 0.725pt  /  実測 中央 6.41pt 最大 15.90pt  (最大の比 22 倍)
  OFI_z/閉場日: 帰無 中央 0.620pt 最大 2.094pt  /  実測 中央 2.62pt 最大 15.94pt  (最大の比 8 倍)

[多重比較] セル数 252。Bonferroni の閾値は 0.05/252 = 1.98e-04(|z| > 3.86)
  95% 区間が 0 をまたがないセル 178 / 252
  Bonferroni を超えるセル       123 / 252
-> data/obi_ofi_cells_xyz_KIOXIA.parquet / obi_ofi_joint_xyz_KIOXIA.parquet
