===== xyz:SKHX のスイート開始 01:46:17 =====
  [01:46:18] oi_volume ... NG
  [01:47:06] volume_side ... ok
  [01:47:13] order_size ... ok
  [01:47:23] vol ... ok
  [01:50:20] variance ... NG
  [01:50:26] sign_chain ... ok
  [01:53:36] microprice ... ok
  [01:54:30] obi_ofi ... ok
  [01:56:26] book_slope ... ok
  [01:59:27] cancel_rate ... ok
  [02:01:53] depth ... ok
  [02:07:30] sign_persist ... ok
  [02:08:20] acf_200ms ... ok
  [02:09:03] var100 ... ok
  [02:22:10] spread_flow ... ok
  [02:22:27] markout ... ok
  [02:23:31] resilience ... ok
  [02:24:12] plot_oi_volume ... NG
  [02:24:16] plot_volume_side ... ok
  [02:24:20] plot_order_size ... ok
  [02:24:22] plot_vol ... NG
  [02:24:23] plot_microprice ... ok
  [02:24:26] plot_obi_ofi ... ok
  [02:24:29] plot_book_slope ... ok
  [02:24:32] plot_cancel_rate ... ok
  [02:24:37] plot_depth ... ok
  [02:24:40] plot_sign_persistence ... ok
  [02:24:43] plot_acf_200ms ... NG
  [02:24:45] plot_var100 ... ok
  [02:24:47] plot_spread_flow ... ok
  [02:24:50] plot_markout ... ok
  [02:24:53] plot_resilience ... NG
  [02:24:57] plot_price ... ok
  [02:25:00] variance_chart ... ok
===== xyz:SKHX 終了 02:25:02 =====
FAILED[xyz:SKHX]: oi_volume variance plot_oi_volume plot_vol plot_acf_200ms plot_resilience
