[load] 5,036,243 行 -> 5,034,608 行(クロス・数量 0 を除去 1,635)
[検算] BookSlope/(S_bid+S_ask) = OBI の最大誤差 2.220e-16
[日] 47 日 = 立会日 32 / 閉場日 15
[尺度] 半スプレッド 中央 6.826 bp / 両側の傾き 中央 0.1 枚/bp
[BookSlope] 生の中央 +0.00 枚/bp / z の |値|>2 が 2.61%
  BookSlope_z  立会日 k=1    n=  3,947,443  beta +0.0030  HAC t     +1.8  GLS +0.0052  非重複 +0.0030  R2 0.00002  rho -0.235
  BookSlope_z  立会日 k=2    n=  3,947,411  beta +0.0072  HAC t     +2.6  GLS +0.0022  非重複 +0.0041  R2 0.00006  rho +0.311
  BookSlope_z  立会日 k=3    n=  3,947,379  beta +0.0109  HAC t     +2.7  GLS +0.0022  非重複 +0.0165  R2 0.00011  rho +0.477
  BookSlope_z  立会日 k=5    n=  3,947,315  beta +0.0126  HAC t     +2.7  GLS -0.0008  非重複 +0.0285  R2 0.00011  rho +0.632
  BookSlope_z  立会日 k=10   n=  3,947,155  beta +0.0190  HAC t     +2.7  GLS -0.0018  非重複 +0.0360  R2 0.00015  rho +0.786
  BookSlope_z  立会日 k=20   n=  3,946,835  beta +0.0273  HAC t     +2.7  GLS -0.0019  非重複 +0.0399  R2 0.00016  rho +0.889
  BookSlope_z  立会日 k=30   n=  3,946,515  beta +0.0325  HAC t     +2.8  GLS -0.0030  非重複 +0.1440  R2 0.00014  rho +0.927
  BookSlope_z  立会日 k=50   n=  3,945,875  beta +0.0394  HAC t     +2.8  GLS -0.0026  非重複 +0.0872  R2 0.00012  rho +0.959
  BookSlope_z  立会日 k=100  n=  3,944,275  beta +0.0484  HAC t     +2.7  GLS -0.0025  非重複 +0.1419  R2 0.00008  rho +0.981
  BookSlope_z  立会日 k=300  n=  3,937,875  beta +0.0737  HAC t     +2.9  GLS -0.0023  非重複 +0.7502  R2 0.00006  rho +0.994
  BookSlope_z  立会日 k=500  n=  3,931,475  beta +0.0875  HAC t     +3.3  GLS -0.0011  非重複 +0.1871  R2 0.00005  rho +0.997
  BookSlope_z  閉場日 k=1    n=  1,084,618  beta +0.0099  HAC t     +3.5  GLS +0.0102  非重複 +0.0099  R2 0.00016  rho -0.262
  BookSlope_z  閉場日 k=2    n=  1,084,603  beta +0.0134  HAC t     +4.0  GLS +0.0096  非重複 +0.0150  R2 0.00020  rho +0.307
  BookSlope_z  閉場日 k=3    n=  1,084,588  beta +0.0152  HAC t     +4.0  GLS +0.0085  非重複 +0.0122  R2 0.00020  rho +0.440
  BookSlope_z  閉場日 k=5    n=  1,084,558  beta +0.0177  HAC t     +4.2  GLS +0.0062  非重複 +0.0077  R2 0.00020  rho +0.603
  BookSlope_z  閉場日 k=10   n=  1,084,483  beta +0.0248  HAC t     +4.7  GLS +0.0057  非重複 +0.0128  R2 0.00023  rho +0.781
  BookSlope_z  閉場日 k=20   n=  1,084,333  beta +0.0396  HAC t     +4.5  GLS +0.0047  非重複 +0.0485  R2 0.00032  rho +0.884
  BookSlope_z  閉場日 k=30   n=  1,084,183  beta +0.0468  HAC t     +4.4  GLS +0.0048  非重複 +0.0775  R2 0.00030  rho +0.921
  BookSlope_z  閉場日 k=50   n=  1,083,883  beta +0.0584  HAC t     +3.7  GLS +0.0042  非重複 +0.3127  R2 0.00029  rho +0.951
  BookSlope_z  閉場日 k=100  n=  1,083,133  beta +0.0839  HAC t     +3.9  GLS +0.0056  非重複 +0.4788  R2 0.00030  rho +0.975
  BookSlope_z  閉場日 k=300  n=  1,080,133  beta +0.1098  HAC t     +3.4  GLS +0.0040  非重複 +0.5674  R2 0.00017  rho +0.992
  BookSlope_z  閉場日 k=500  n=  1,077,133  beta +0.1368  HAC t     +3.2  GLS +0.0050  非重複 +1.1604  R2 0.00016  rho +0.995
  OBI          立会日 k=1    n=  3,949,943  beta +0.2243  HAC t    +17.1  GLS +0.2290  非重複 +0.2243  R2 0.00017  rho -0.027
  OBI          立会日 k=2    n=  3,949,911  beta +0.3616  HAC t    +26.9  GLS +0.3829  非重複 +0.3499  R2 0.00042  rho +0.052
  OBI          立会日 k=3    n=  3,949,879  beta +0.4455  HAC t    +32.3  GLS +0.4649  非重複 +0.4120  R2 0.00061  rho +0.095
  OBI          立会日 k=5    n=  3,949,815  beta +0.5474  HAC t    +37.0  GLS +0.5514  非重複 +0.4955  R2 0.00086  rho +0.161
  OBI          立会日 k=10   n=  3,949,655  beta +0.7406  HAC t    +43.7  GLS +0.6784  非重複 +0.6244  R2 0.00134  rho +0.278
  OBI          立会日 k=20   n=  3,949,335  beta +1.0047  HAC t    +41.4  GLS +0.7360  非重複 +0.7155  R2 0.00190  rho +0.451
  OBI          立会日 k=30   n=  3,949,015  beta +1.2078  HAC t    +37.1  GLS +0.7066  非重複 +0.8789  R2 0.00220  rho +0.573
  OBI          立会日 k=50   n=  3,948,375  beta +1.5136  HAC t    +30.1  GLS +0.6356  非重複 +0.7443  R2 0.00234  rho +0.703
  OBI          立会日 k=100  n=  3,946,775  beta +2.0297  HAC t    +22.3  GLS +0.5527  非重複 +0.7800  R2 0.00226  rho +0.843
  OBI          立会日 k=300  n=  3,940,375  beta +2.8849  HAC t    +12.5  GLS +0.4967  非重複 -0.7624  R2 0.00155  rho +0.946
  OBI          立会日 k=500  n=  3,933,975  beta +3.0304  HAC t     +8.6  GLS +0.4898  非重複 -3.7047  R2 0.00103  rho +0.968
  OBI          閉場日 k=1    n=  1,084,618  beta +0.2092  HAC t    +50.3  GLS +0.1468  非重複 +0.2092  R2 0.00274  rho -0.260
  OBI          閉場日 k=2    n=  1,084,603  beta +0.2939  HAC t    +47.7  GLS +0.3652  非重複 +0.2861  R2 0.00366  rho +0.309
  OBI          閉場日 k=3    n=  1,084,588  beta +0.3354  HAC t    +44.8  GLS +0.4151  非重複 +0.3405  R2 0.00369  rho +0.441
  OBI          閉場日 k=5    n=  1,084,558  beta +0.4025  HAC t    +39.2  GLS +0.4511  非重複 +0.4166  R2 0.00387  rho +0.604
  OBI          閉場日 k=10   n=  1,084,483  beta +0.5471  HAC t    +33.1  GLS +0.4481  非重複 +0.5878  R2 0.00419  rho +0.781
  OBI          閉場日 k=20   n=  1,084,333  beta +0.7271  HAC t    +25.6  GLS +0.4336  非重複 +0.8281  R2 0.00398  rho +0.885
  OBI          閉場日 k=30   n=  1,084,183  beta +0.8741  HAC t    +21.6  GLS +0.4408  非重複 +0.8469  R2 0.00392  rho +0.920
  OBI          閉場日 k=50   n=  1,083,883  beta +1.0675  HAC t    +17.1  GLS +0.4389  非重複 +1.1875  R2 0.00357  rho +0.951
  OBI          閉場日 k=100  n=  1,083,133  beta +1.5077  HAC t    +12.9  GLS +0.4411  非重複 +1.7333  R2 0.00360  rho +0.975
  OBI          閉場日 k=300  n=  1,080,133  beta +2.2379  HAC t     +7.6  GLS +0.4375  非重複 +2.9244  R2 0.00267  rho +0.991
  OBI          閉場日 k=500  n=  1,077,133  beta +2.5919  HAC t     +5.9  GLS +0.4481  非重複 +1.4960  R2 0.00215  rho +0.994

=== BookSlope_z / 立会日 ===
    k   beta(OLS)      t(古典)    t(HAC)   beta(GLS)     beta(非重複)        R2      DW      プラセボ
    1      0.0030        8.0       1.8      0.0052        0.0030   0.00002   2.470    0.0000
    2      0.0072       15.8       2.6      0.0022        0.0041   0.00006   1.378   -0.0002
    3      0.0109       21.2       2.7      0.0022        0.0165   0.00011   1.045    0.0005
    5      0.0126       20.8       2.7     -0.0008        0.0285   0.00011   0.737    0.0007
   10      0.0190       24.0       2.7     -0.0018        0.0360   0.00015   0.429    0.0002
   20      0.0273       24.8       2.7     -0.0019        0.0399   0.00016   0.222   -0.0002
   30      0.0325       23.8       2.8     -0.0030        0.1440   0.00014   0.145    0.0020
   50      0.0394       21.8       2.8     -0.0026        0.0872   0.00012   0.082   -0.0004
  100      0.0484       18.1       2.7     -0.0025        0.1419   0.00008   0.038    0.0060
  300      0.0737       15.2       2.9     -0.0023        0.7502   0.00006   0.012    0.0098
  500      0.0875       13.9       3.3     -0.0011        0.1871   0.00005   0.007    0.0016

-> data/book_slope_fits_xyz_KIOXIA.parquet / _bins_ / _meta_
