[検算] 同一 ns・同一ユーザーで向きが混在するグループ: 10,173 / 10,141,266
[約定単位] 19,012,423 イベント / 99 日 / 買いの割合 51.06%
[成行注文単位] 10,141,266 イベント / 99 日 / 買いの割合 52.09%

=== 約定単位: 次数 k を 1 つ増やすと情報が増えるか(入れ替え検定 R = 20)===
 k        実データ G       帰無の平均      帰無の 95%点      倍率      効果量  判定
 1     8,479,564         371           432 22884.8   0.3276  有意
 2       350,939         373           431   941.1   0.1214  有意
 3       151,981         381           436   398.9   0.0865  有意
 4        86,408         388           441   222.8   0.0704  有意
 5        59,367         379           405   156.6   0.0621  有意
 6        42,734         405           472   105.6   0.0557  有意
 7        32,908         436           503    75.5   0.0509  有意
 8        27,031         478           552    56.6   0.0628  有意
 9        22,158         627           701    35.4   0.0888  有意
10        18,568         891           998    20.9   0.1061  有意
11        16,966       1,402         1,498    12.1   0.1264  有意
12        15,680       2,418         2,523     6.5   0.1164  有意
13        17,014       4,446         4,546     3.8   0.1439  有意
14        18,581       8,541         8,718     2.2   0.1268  有意
  → 帰無分布を超える最大の次数: k = 14

=== 成行注文単位: 次数 k を 1 つ増やすと情報が増えるか(入れ替え検定 R = 20)===
 k        実データ G       帰無の平均      帰無の 95%点      倍率      効果量  判定
 1     1,130,750       1,789         1,931   632.0   0.1723  有意
 2       437,732       1,750         1,853   250.1   0.1419  有意
 3       215,335       1,724         1,842   124.9   0.1123  有意
 4       124,651       1,736         1,863    71.8   0.0915  有意
 5        77,672       1,690         1,759    46.0   0.0774  有意
 6        56,329       1,658         1,815    34.0   0.0683  有意
 7        41,563       1,669         1,828    24.9   0.0611  有意
 8        31,953       1,703         1,823    18.8   0.0556  有意
 9        26,051       1,844         1,931    14.1   0.0612  有意
10        21,913       2,010         2,080    10.9   0.0635  有意
11        18,828       2,493         2,673     7.6   0.0737  有意
12        17,725       3,530         3,721     5.0   0.1199  有意
13        17,390       5,519         5,724     3.2   0.1007  有意
14        19,664       9,635         9,944     2.0   0.1704  有意
  → 帰無分布を超える最大の次数: k = 14

=== 約定単位 の 1 次推移確率(次が買いになる確率)===
  直前 売 → 買い  18.29%  売り  81.71%  (n =  9,304,927, 標準誤差 0.013%)
  直前 買 → 買い  82.46%  売り  17.54%  (n =  9,707,397, 標準誤差 0.012%)

=== 約定単位 の 2 次推移確率(次が買いになる確率)===
  直前 売売 → 買い  15.76%  売り  84.24%  (n =  7,602,679, 標準誤差 0.013%)
  直前 売買 → 買い  70.32%  売り  29.68%  (n =  1,702,198, 標準誤差 0.035%)
  直前 買売 → 買い  29.61%  売り  70.39%  (n =  1,702,190, 標準誤差 0.035%)
  直前 買買 → 買い  85.05%  売り  14.95%  (n =  8,005,158, 標準誤差 0.013%)

=== 約定単位 の 3 次推移確率(次が買いになる確率)===
  直前 売売売 → 買い  14.14%  売り  85.86%  (n =  6,404,539, 標準誤差 0.014%)
  直前 売売買 → 買い  68.95%  売り  31.05%  (n =  1,198,105, 標準誤差 0.042%)
  直前 売買売 → 買い  26.61%  売り  73.39%  (n =    505,160, 標準誤差 0.062%)
  直前 売買買 → 買い  76.53%  売り  23.47%  (n =  1,197,028, 標準誤差 0.039%)
  直前 買売売 → 買い  24.41%  売り  75.59%  (n =  1,198,099, 標準誤差 0.039%)
  直前 買売買 → 買い  73.58%  売り  26.42%  (n =    504,076, 標準誤差 0.062%)
  直前 買買売 → 買い  30.88%  売り  69.12%  (n =  1,197,019, 標準誤差 0.042%)
  直前 買買買 → 買い  86.55%  売り  13.45%  (n =  6,808,100, 標準誤差 0.013%)

=== 成行注文単位 の 1 次推移確率(次が買いになる確率)===
  直前 売 → 買い  34.85%  売り  65.15%  (n =  4,858,943, 標準誤差 0.022%)
  直前 買 → 買い  67.94%  売り  32.06%  (n =  5,282,224, 標準誤差 0.020%)

=== 成行注文単位 の 2 次推移確率(次が買いになる確率)===
  直前 売売 → 買い  27.50%  売り  72.50%  (n =  3,165,428, 標準誤差 0.025%)
  直前 売買 → 買い  53.75%  売り  46.25%  (n =  1,693,470, 標準誤差 0.038%)
  直前 買売 → 買い  48.60%  売り  51.40%  (n =  1,693,457, 標準誤差 0.038%)
  直前 買買 → 買い  74.64%  売り  25.36%  (n =  3,588,713, 標準誤差 0.023%)

=== 成行注文単位 の 3 次推移確率(次が買いになる確率)===
  直前 売売売 → 買い  23.38%  売り  76.62%  (n =  2,294,969, 標準誤差 0.028%)
  直前 売売買 → 買い  46.80%  売り  53.20%  (n =    870,433, 標準誤差 0.053%)
  直前 売買売 → 買い  40.89%  売り  59.11%  (n =    783,289, 標準誤差 0.056%)
  直前 売買買 → 買い  63.41%  売り  36.59%  (n =    910,159, 標準誤差 0.050%)
  直前 買売売 → 買い  38.36%  売り  61.64%  (n =    870,429, 標準誤差 0.052%)
  直前 買売買 → 買い  61.10%  売り  38.90%  (n =    823,009, 標準誤差 0.054%)
  直前 買買売 → 買い  55.23%  売り  44.77%  (n =    910,153, 標準誤差 0.052%)
  直前 買買買 → 買い  78.45%  売り  21.55%  (n =  2,678,528, 標準誤差 0.025%)

=== 同じ向きが n 回続いた直後に、また同じ向きが来る割合 ===
  n                   約定単位                 成行注文単位
  1   70.35% (n=3,404,487)   52.57% (n=3,387,026)
  2   76.06% (n=2,395,198)   62.55% (n=1,780,644)
  3   79.27% (n=1,821,669)   68.54% (n=1,113,719)
  4   81.17% (n=1,443,986)   72.54% (n=  763,299)
  5   82.73% (n=1,172,044)   75.30% (n=  553,706)
  6   83.93% (n=  969,632)   77.47% (n=  416,930)
  7   84.89% (n=  813,850)   79.28% (n=  322,990)
  8   85.73% (n=  690,840)   80.66% (n=  256,066)
  9   86.58% (n=  592,280)   81.85% (n=  206,548)
 10   87.14% (n=  512,783)   82.80% (n=  169,067)

[chart] C:\Users\ii562\Downloads\Memory\charts\xyz_SKHX_sign_chain_continuation.png
[chart] C:\Users\ii562\Downloads\Memory\charts\xyz_SKHX_sign_chain_matrix.png

=== 同一 ns の並べ方への感度(10 通りの無作為な並べ方)===
  買→買: 67.98% 〜 67.99%(幅 0.01 ポイント)
  売→売: 65.19% 〜 65.20%(幅 0.01 ポイント)
  買買→買: 74.64% 〜 74.67%(幅 0.03 ポイント)
  売売→売: 72.49% 〜 72.51%(幅 0.02 ポイント)
