[件数] 約定 3,161,750 件 → 成行注文 2,031,988 本(1 本あたり 1.56 件)

時間帯                   区分                本数       中央値        平均     第1四分位     第3四分位      99%点         最大
開場後 2 時間              全曜日          394,363     4.640    36.255     1.040    21.570    501.01    17276.3
開場後 2 時間              立会日          373,333     5.000    37.844     1.180    23.210    517.31    17276.3
開場後 2 時間              休場日           21,030     1.455     8.041     0.300     4.300    118.74     3849.2
昼 11 時から 2 時間         全曜日          158,205     2.900    15.421     0.800    10.120    210.97     8112.9
昼 11 時から 2 時間         立会日          137,659     3.640    16.532     0.860    10.810    223.12     8112.9
昼 11 時から 2 時間         休場日           20,546     1.450     7.983     0.280     4.410     81.41     5000.0
閉場前 2 時間              全曜日          164,192     2.390    28.983     0.600    12.530    480.22    11284.6
閉場前 2 時間              立会日          147,612     2.810    31.511     0.730    14.450    500.46    11284.6
閉場前 2 時間              休場日           16,580     0.980     6.470     0.230     4.000     88.71     1950.4
深夜 11 時から 2 時間        全曜日          152,183     2.470    13.789     0.770     9.570    188.46    16154.0
深夜 11 時から 2 時間        立会日          123,471     2.860    14.928     0.800    10.300    200.00    16154.0
深夜 11 時から 2 時間        休場日           28,712     2.020     8.892     0.550     5.620    115.66     3818.9

=== 全曜日での窓どうしの比較(成行注文 1 本)===
  開場後 2 時間               中央値  4.640 枚(開場後比 1.00 倍) / 平均 36.255(同 1.00 倍) / 10 枚以上の割合 37.99%
  昼 11 時から 2 時間          中央値  2.900 枚(開場後比 0.62 倍) / 平均 15.421(同 0.43 倍) / 10 枚以上の割合 25.54%
  閉場前 2 時間               中央値  2.390 枚(開場後比 0.52 倍) / 平均 28.983(同 0.80 倍) / 10 枚以上の割合 29.25%
  深夜 11 時から 2 時間         中央値  2.470 枚(開場後比 0.53 倍) / 平均 13.789(同 0.38 倍) / 10 枚以上の割合 23.81%

=== 分布の裾: 上位 1% が担う数量の割合(全曜日)===
  開場後 2 時間               上位 1%(3,943 本)が全数量の 32.29%
  昼 11 時から 2 時間          上位 1%(1,582 本)が全数量の 35.12%
  閉場前 2 時間               上位 1%(1,641 本)が全数量の 41.55%
  深夜 11 時から 2 時間         上位 1%(1,521 本)が全数量の 33.65%

[out] data/order_size_stats_xyz_INTC.csv, data/order_size_hist_xyz_INTC.csv
