[bbo] 33,654,059 イベント / クロス除外 17,508(0.052%) → 33,636,551
[抜き取り] 相関・分位に使う 1,008,093 行(全 33,636,551 の 3.00%)

=== 抜き取りの妥当性(全イベントの帯別平均と突き合わせ)===
  OBI 帯の全イベント加重平均スプレッド 1.9110 bp
  OFI_z 帯の全イベント加重平均スプレッド 1.9040 bp
  抜き取りの平均スプレッド 1.9066 bp

=== 1 イベントあたりの分布(抜き取り)===
量                        中央値          平均       第1四分位       第3四分位        99%点
スプレッド幅(bp)            1.4349      1.9066      0.7701      2.4424      8.0092
スプレッド幅(ドル)            0.2000      0.3043      0.1000      0.4000      1.3000
注文量(枚)               10.5750     26.1649      3.2250     28.1900    200.1440
約定量(枚)                0.0000      0.3604      0.0000      0.0000      6.9130
  約定を伴ったイベントの割合 13.00%

=== スピアマン順位相関(抜き取り、同時点)===
                   スプレッド幅(b     注文量(枚)     約定量(枚)        OBI      |OBI|   OFI(正規化)      |OFI|
スプレッド幅(bp)            1.000     -0.125     -0.183     -0.001     -0.100      0.008     -0.005
注文量(枚)               -0.125      1.000      0.287      0.001      0.323     -0.011      0.248
約定量(枚)               -0.183      0.287      1.000     -0.003      0.073     -0.004     -0.087
OBI                  -0.001      0.001     -0.003      1.000     -0.017      0.315     -0.003
|OBI|                -0.100      0.323      0.073     -0.017      1.000     -0.008      0.093
OFI(正規化)              0.008     -0.011     -0.004      0.315     -0.008      1.000      0.021
|OFI|                -0.005      0.248     -0.087     -0.003      0.093      0.021      1.000

=== OBI の帯ごと(中央値。件数は全イベント)===
帯                          件数      スプレッド bp       注文量 枚       約定量 平均       約定の発生率
−1.00〜−0.75         7,840,554         1.281      15.796       0.3726       13.59%
−0.75〜−0.50         3,460,382         1.484       7.081       0.3554       12.84%
−0.50〜−0.25         2,741,385         1.550       6.629       0.3612       12.76%
−0.25〜0             2,817,211         1.609       6.077       0.3405       12.33%
ちょうど 0                208,540         2.384       1.060       0.1457        3.54%
0〜+0.25             2,801,985         1.617       6.169       0.3356       12.37%
+0.25〜+0.50         2,729,651         1.556       6.684       0.3715       12.77%
+0.50〜+0.75         3,452,912         1.470       7.342       0.3696       12.81%
+0.75〜+1.00         7,583,931         1.278      16.059       0.3879       13.67%

=== OFI_z の帯ごと(中央値。件数は全イベント)===
帯                          件数      スプレッド bp       注文量 枚       約定量 平均       約定の発生率
< −2σ                 944,120         1.416      31.647       0.9740        4.14%
−2〜−1σ              1,764,184         1.392      22.763       0.3918        4.10%
−1〜−0.5σ            2,404,087         1.470      14.491       0.3921        4.88%
−0.5〜0σ            11,464,731         1.427       7.803       0.3156       16.21%
ちょうど 0                 61,693         1.594       3.312       0.0524        1.84%
0〜+0.5σ            11,694,461         1.435       7.747       0.3039       17.36%
+0.5〜+1σ            2,389,981         1.481      14.270       0.3889        4.88%
+1〜+2σ              1,736,512         1.413      22.376       0.3986        4.14%
> +2σ                 929,282         1.415      30.691       0.9111        4.12%

[out] data/spread_flow_bins_xyz_SNDK.csv, data/spread_flow_corr_xyz_SNDK.csv
