[bbo] 22,318,813 イベント / クロス除外 0(0.000%) → 22,318,813
[抜き取り] 相関・分位に使う 668,983 行(全 22,318,813 の 3.00%)

=== 抜き取りの妥当性(全イベントの帯別平均と突き合わせ)===
  OBI 帯の全イベント加重平均スプレッド 2.7591 bp
  OFI_z 帯の全イベント加重平均スプレッド 2.7480 bp
  抜き取りの平均スプレッド 2.7851 bp

=== 1 イベントあたりの分布(抜き取り)===
量                        中央値          平均       第1四分位       第3四分位        99%点
スプレッド幅(bp)            2.1704      2.7851      1.1512      3.2144      9.2404
スプレッド幅(ドル)            0.0200      0.0334      0.0100      0.0400      0.1100
注文量(枚)              126.6700    312.8225     49.5700    306.1500   3345.5200
約定量(枚)                0.0000      1.9758      0.0000      0.0000     32.9100
  約定を伴ったイベントの割合 7.04%

=== スピアマン順位相関(抜き取り、同時点)===
                   スプレッド幅(b     注文量(枚)     約定量(枚)        OBI      |OBI|   OFI(正規化)      |OFI|
スプレッド幅(bp)            1.000     -0.032     -0.092      0.006     -0.079      0.014      0.003
注文量(枚)               -0.032      1.000      0.178      0.002      0.302     -0.017      0.305
約定量(枚)               -0.092      0.178      1.000     -0.008     -0.006     -0.004     -0.103
OBI                   0.006      0.002     -0.008      1.000     -0.024      0.302     -0.010
|OBI|                -0.079      0.302     -0.006     -0.024      1.000     -0.007      0.139
OFI(正規化)              0.014     -0.017     -0.004      0.302     -0.007      1.000      0.030
|OFI|                 0.003      0.305     -0.103     -0.010      0.139      0.030      1.000

=== OBI の帯ごと(中央値。件数は全イベント)===
帯                          件数      スプレッド bp       注文量 枚       約定量 平均       約定の発生率
−1.00〜−0.75         4,847,277         2.097     187.970       2.2153        7.33%
−0.75〜−0.50         2,430,142         2.216     102.690       1.8241        7.04%
−0.50〜−0.25         2,003,893         2.221      98.500       1.6478        6.79%
−0.25〜0             1,979,559         2.272      94.505       1.5775        6.61%
ちょうど 0                107,384         2.961      53.860       1.7633        7.06%
0〜+0.25             1,972,116         2.263      91.840       1.5801        6.66%
+0.25〜+0.50         1,972,009         2.217      97.460       1.7054        6.80%
+0.50〜+0.75         2,386,194         2.206     103.460       1.8744        7.00%
+0.75〜+1.00         4,620,239         2.102     199.250       2.4147        7.25%

=== OFI_z の帯ごと(中央値。件数は全イベント)===
帯                          件数      スプレッド bp       注文量 枚       約定量 平均       約定の発生率
< −2σ                 682,797         2.225     362.170       4.2933        6.69%
−2〜−1σ              1,162,514         2.192     278.270       2.2880        5.85%
−1〜−0.5σ            1,557,939         2.165     183.320       2.1964        6.09%
−0.5〜0σ             7,267,828         2.158      97.320       1.7196        7.40%
ちょうど 0                703,541         2.168      97.030       1.3649        5.17%
0〜+0.5σ             7,343,772         2.162      97.300       1.6252        7.44%
+0.5〜+1σ            1,549,150         2.239     180.425       2.0984        6.17%
+1〜+2σ              1,134,134         2.244     273.020       2.3223        6.12%
> +2σ                 669,638         2.238     347.340       4.6246        6.95%

[out] data/spread_flow_bins_xyz_INTC.csv, data/spread_flow_corr_xyz_INTC.csv
