[load] 33,654,059 行 -> 33,631,491 行(クロス・数量 0 を除去 22,568)
[日] 99 日 = 立会日 68 / 閉場日 31
[OFI] 正規化できた行 33,628,892 / 33,631,491(残りは尺度の助走 5,000 イベント分と日の初回)
[OFI_z] 中央値 +0.0003 / |z|>2 の割合 5.60%
[OBI]   中央値 -0.0024 / |OBI|>0.75 の割合 45.85%
[費用] スプレッド中央値 1.435 bp / 片道の半スプレッド 0.718 bp
[集計] 日×説明変数×帯×ホライズン 12,474 行

=== OBI / 立会日 — P(mid が k イベント後に上昇 | 変化あり)[%] ===
帯                     k=1      k=5     k=10     k=20     k=30     k=50    k=100             n
−1.00〜−0.75          31.3     34.7     37.8     40.8     42.4     44.1     45.8     7,175,277
−0.75〜−0.50          41.9     44.3     45.5     46.6     47.2     47.8     48.4     3,120,060
−0.50〜−0.25          44.6     46.6     47.4     48.0     48.3     48.7     48.9     2,446,333
−0.25〜0              47.4     48.6     49.0     49.3     49.3     49.4     49.5     2,485,980
ちょうど 0               50.2     50.0     50.2     49.9     49.7     49.7     49.5       189,551
0〜+0.25              52.9     51.7     51.2     50.8     50.5     50.3     50.1     2,474,393
+0.25〜+0.50          55.8     53.8     52.8     52.0     51.6     51.0     50.5     2,444,196
+0.50〜+0.75          58.6     56.0     54.6     53.3     52.6     51.9     51.2     3,123,962
+0.75〜+1.00          68.9     65.3     62.2     59.1     57.4     55.7     53.9     6,940,468
無条件                  50.1     50.0     50.0     49.9     49.9     49.8     49.8
変化なし率                47.3     18.8     11.1      6.2      4.5      3.0      1.9

=== OBI / 閉場日 — P(mid が k イベント後に上昇 | 変化あり)[%] ===
帯                     k=1      k=5     k=10     k=20     k=30     k=50    k=100             n
−1.00〜−0.75          28.0     31.3     34.3     38.0     40.2     42.7     45.1       662,949
−0.75〜−0.50          40.0     43.1     44.3     45.6     46.4     47.6     48.4       339,997
−0.50〜−0.25          42.3     45.2     46.2     47.1     47.6     48.4     49.3       294,839
−0.25〜0              47.1     48.3     48.6     48.9     49.2     49.6     49.9       331,083
ちょうど 0               51.6     50.9     50.9     49.9     50.4     50.4     49.8        18,978
0〜+0.25              54.2     52.9     52.0     51.3     50.9     50.9     50.9       327,427
+0.25〜+0.50          59.0     56.0     54.4     53.2     52.5     52.2     51.8       285,251
+0.50〜+0.75          62.1     58.3     56.4     54.6     53.9     52.9     52.4       328,666
+0.75〜+1.00          73.6     70.0     66.4     62.4     60.2     57.9     55.8       641,982
無条件                  50.4     50.3     50.1     50.0     50.0     50.2     50.4
変化なし率                54.3     25.1     16.0      9.5      7.1      4.9      3.2

=== OFI_z / 立会日 — P(mid が k イベント後に上昇 | 変化あり)[%] ===
帯                     k=1      k=5     k=10     k=20     k=30     k=50    k=100             n
< −2σ                32.5     34.3     37.1     40.2     41.9     43.5     45.2       873,248
−2〜−1σ               32.1     36.2     39.2     41.9     43.4     44.8     46.1     1,677,094
−1〜−0.5σ             36.9     40.0     42.1     44.0     45.1     46.1     47.1     2,280,804
−0.5〜0σ              43.2     44.0     45.1     46.2     46.8     47.4     48.0    10,272,587
ちょうど 0               47.2     48.5     48.6     48.7     49.1     48.8     49.2        55,529
0〜+0.5σ              57.0     56.1     54.9     53.7     53.0     52.3     51.6    10,464,394
+0.5〜+1σ             63.3     59.9     57.8     55.8     54.7     53.6     52.5     2,266,679
+1〜+2σ               67.7     63.4     60.5     57.6     56.1     54.6     53.1     1,649,379
> +2σ                66.8     64.7     61.9     58.8     57.3     55.5     53.8       857,938
無条件                  50.1     50.0     50.0     49.9     49.9     49.8     49.8
変化なし率                49.1     18.5     11.0      6.2      4.5      3.1      1.9

=== OFI_z / 閉場日 — P(mid が k イベント後に上昇 | 変化あり)[%] ===
帯                     k=1      k=5     k=10     k=20     k=30     k=50    k=100             n
< −2σ                30.5     26.4     29.6     34.3     37.6     41.1     44.1        76,528
−2〜−1σ               32.6     31.7     34.7     38.9     41.3     43.8     45.8        94,874
−1〜−0.5σ             36.6     36.7     38.8     41.7     43.3     45.3     47.2       135,324
−0.5〜0σ              43.3     42.2     43.4     45.2     46.2     47.5     48.6     1,284,808
ちょうど 0               46.8     47.4     48.4     48.2     47.3     47.4     48.9         6,481
0〜+0.5σ              57.3     58.2     56.5     54.6     53.7     52.8     52.1     1,325,891
+0.5〜+1σ             64.1     63.8     61.3     58.2     56.5     54.8     53.7       134,980
+1〜+2σ               68.3     69.2     66.0     61.4     58.9     56.3     54.1        94,940
> +2σ                68.6     73.5     70.6     65.6     63.0     59.8     56.8        77,315
無条件                  50.4     50.3     50.1     50.0     50.0     50.2     50.4
変化なし率                56.0     24.0     15.2      9.3      6.9      4.8      3.2

=== OBI × OFI_z の同時分布 — P(上昇|変化あり)[%] / 立会日 k=10 ===
  片方で層別してももう一方が効くなら、2 つは別の情報を持っている
OBI \ OFI_z           < −2σ     −2〜−1σ   −1〜−0.5σ    −0.5〜0σ     ちょうど 0    0〜+0.5σ   +0.5〜+1σ     +1〜+2σ      > +2σ
−1.00〜−0.75            28.6       32.4       35.2       35.3       43.4       45.6       44.6       41.6       39.7
−0.75〜−0.50            39.2       40.5       42.1       42.3       46.2       50.3       51.0       50.5       48.6
−0.50〜−0.25            41.1       42.6       43.9       44.1       49.5       51.5       52.2       53.0       51.6
−0.25〜0                43.2       44.1       45.2       46.0       49.7       52.5       52.5       54.4       53.6
ちょうど 0                 48.4       46.9       48.1       48.1       49.4       52.6       52.2       53.0       52.6
0〜+0.25                45.7       45.9       47.5       47.7       50.1       54.3       54.8       56.2       56.2
+0.25〜+0.50            48.1       46.9       47.8       48.8       53.7       56.0       56.4       57.3       58.1
+0.50〜+0.75            50.6       49.6       48.8       49.9       53.9       57.8       57.9       59.4       60.5
+0.75〜+1.00            59.3       57.9       55.2       54.5       54.7       64.6       64.7       67.6       71.1
  OBI を固定したときの OFI_z 方向の振れ幅: 中央 11.7pp / 最大 17.0pp
  OFI_z を固定したときの OBI 方向の振れ幅: 中央 20.0pp / 最大 31.4pp

=== 期待される符号つき値動き(bp)/ 立会日。片道の半スプレッド = 0.718 bp ===
  確率が 65% でも、動く幅がこれを超えなければ板を取りに行っては捕まえられない
  --- OBI ---
帯                      k=1       k=5      k=10      k=20      k=30      k=50     k=100
−1.00〜−0.75         -0.169    -0.499    -0.625    -0.716    -0.752    -0.788    -0.827
−0.75〜−0.50         -0.066    -0.166    -0.214    -0.249    -0.260    -0.275    -0.291
−0.50〜−0.25         -0.042    -0.099    -0.123    -0.143    -0.152    -0.159    -0.174
−0.25〜0             -0.021    -0.040    -0.046    -0.052    -0.059    -0.061    -0.063
ちょうど 0               0.005     0.004     0.007     0.013    -0.001     0.010    -0.013
0〜+0.25              0.023     0.046     0.054     0.061     0.060     0.062     0.052
+0.25〜+0.50          0.045     0.107     0.132     0.151     0.159     0.157     0.156
+0.50〜+0.75          0.068     0.174     0.222     0.254     0.267     0.279     0.294
+0.75〜+1.00          0.172     0.506     0.635     0.729     0.767     0.807     0.854
  --- OFI_z ---
帯                      k=1       k=5      k=10      k=20      k=30      k=50     k=100
< −2σ               -0.186    -0.605    -0.750    -0.843    -0.879    -0.916    -0.972
−2〜−1σ              -0.177    -0.502    -0.631    -0.721    -0.754    -0.791    -0.843
−1〜−0.5σ            -0.137    -0.376    -0.479    -0.549    -0.576    -0.603    -0.625
−0.5〜0σ             -0.073    -0.209    -0.278    -0.335    -0.359    -0.385    -0.414
ちょうど 0              -0.012    -0.032    -0.041    -0.057    -0.073    -0.108    -0.131
0〜+0.5σ              0.073     0.210     0.279     0.335     0.360     0.387     0.415
+0.5〜+1σ             0.140     0.378     0.484     0.563     0.588     0.616     0.657
+1〜+2σ               0.174     0.494     0.618     0.700     0.727     0.749     0.768
> +2σ                0.181     0.578     0.711     0.800     0.832     0.860     0.889
  最大の |期待値動き| = 0.972 bp(半スプレッド 0.718 bp の 1.35 倍)

=== 帰無対照(帯を日内で巡回シフト)===
  OBI/立会日: 帰無 中央 0.039pt 最大 0.280pt  /  実測 中央 2.52pt 最大 18.81pt  (最大の比 67 倍)
  OBI/閉場日: 帰無 中央 0.087pt 最大 0.761pt  /  実測 中央 3.26pt 最大 23.22pt  (最大の比 31 倍)
  OFI_z/立会日: 帰無 中央 0.036pt 最大 0.468pt  /  実測 中央 5.88pt 最大 18.00pt  (最大の比 38 倍)
  OFI_z/閉場日: 帰無 中央 0.195pt 最大 0.768pt  /  実測 中央 7.88pt 最大 23.88pt  (最大の比 31 倍)

[多重比較] セル数 252。Bonferroni の閾値は 0.05/252 = 1.98e-04(|z| > 3.86)
  95% 区間が 0 をまたがないセル 238 / 252
  Bonferroni を超えるセル       222 / 252
-> data/obi_ofi_cells_xyz_SNDK.parquet / obi_ofi_joint_xyz_SNDK.parquet
