[load] 5,034,608 イベント / 47 日
[taker] 508,919 成行注文 / 47 日 / 買いの割合 53.95%
  20/47 日
  40/47 日

=== 恒等式の検算(OBI と符号が一致するか)===
  OBI vs BookSlope           不一致 0 / 5,034,608 行  — 完全一致
  OBI vs _micro_naive        不一致    80,657 / 5,034,608 行   うち OBI がちょうど 0 の行 80,657 (100.0%)
  OBI vs micro_dev           不一致 0 / 5,034,608 行  — 完全一致

=== P(k イベント後も正 | 今が正)[%] — 全日 ===
特徴量         時計             無条件      k=1      k=2      k=3      k=4      k=5
OBI         BBO         46.57%   69.68%   67.89%   64.37%   65.13%   62.68%
OFI         BBO         49.84%   47.94%   54.56%   53.07%   57.10%   53.77%
BookSlope   BBO         46.57%   69.68%   67.89%   64.37%   65.13%   62.68%
micro_dev   BBO         46.57%   69.68%   67.89%   64.37%   65.13%   62.68%
d_spread    BBO         29.77%   22.67%   36.54%   31.56%   37.77%   32.68%
d_depth     BBO         46.14%   32.33%   46.92%   44.38%   49.65%   45.70%
ret         BBO         38.69%   34.05%   43.38%   41.45%   46.33%   42.05%
taker_sign  成行注文        53.95%   73.60%   72.07%   70.33%   69.14%   67.99%

=== 持続性 = 超過 − 帰無対照[pp]。括弧内は帰無対照 ===
特徴量                        k=1               k=2               k=3               k=4               k=5
OBI              +22.74 (+0.37)     +20.97 (+0.35)     +17.46 (+0.33)     +18.18 (+0.38)     +15.73 (+0.38)
OFI               -2.02 (+0.12)      +4.63 (+0.09)      +3.13 (+0.10)      +7.15 (+0.12)      +3.78 (+0.15)
BookSlope        +22.73 (+0.38)     +20.94 (+0.38)     +17.43 (+0.37)     +18.19 (+0.37)     +15.70 (+0.41)
micro_dev        +22.78 (+0.33)     +20.92 (+0.39)     +17.44 (+0.35)     +18.25 (+0.31)     +15.68 (+0.42)
d_spread          -9.14 (+2.05)      +4.76 (+2.01)      -0.22 (+2.01)      +5.96 (+2.04)      +0.94 (+1.97)
d_depth          -14.11 (+0.30)      +0.39 (+0.39)      -2.10 (+0.33)      +3.16 (+0.35)      -0.76 (+0.32)
ret               -5.10 (+0.45)      +4.23 (+0.45)      +2.30 (+0.46)      +7.21 (+0.43)      +2.92 (+0.43)
taker_sign       +18.68 (+0.96)     +17.07 (+1.05)     +15.29 (+1.08)     +14.13 (+1.06)     +13.03 (+1.01)

符号を持たず載せられない特徴量(常に正で退化): スプレッド幅 / 最良気配の合計数量 / 約定量 / 注文サイズ / 到着深さ

-> data/sign_persist_cells_xyz_KIOXIA.parquet ほか 2 本
