[日] 99 日 = 立会日 68 / 閉場日 31
  2026-05-13  (10/99 日)
  2026-05-23  (20/99 日)
  2026-06-02  (30/99 日)
  2026-06-12  (40/99 日)
  2026-06-22  (50/99 日)
  2026-07-02  (60/99 日)
  2026-07-12  (70/99 日)
  2026-07-22  (80/99 日)
  2026-08-01  (90/99 日)
  2026-08-10  (99/99 日)
[格子] 空の格子点の割合 中央値 64.7% / 最小 5.7% / 最大 99.1%
[除去] クロス・数量 0 の行 30,228

=== 200ms 格子の自己相関(日をまたいだ平均)===
  OBI 立会日(68 日)  0.2s +0.758  1s +0.484  5s +0.316  10s +0.260  30s +0.188  60s +0.148  300s +0.074   帰無 +0.0002
  OBI 閉場日(31 日)  0.2s +0.897  1s +0.734  5s +0.524  10s +0.428  30s +0.316  60s +0.265  300s +0.165   帰無 +0.0001
  OFI 立会日(68 日)  0.2s +0.005  1s +0.001  5s +0.009  10s +0.003  30s +0.002  60s +0.002  300s +0.001   帰無 +0.0002
  OFI 閉場日(31 日)  0.2s +0.003  1s +0.002  5s +0.001  10s +0.003  30s +0.008  60s +0.007  300s +0.003   帰無 -0.0003

-> data/acf_200ms_xyz_SKHX.parquet / .csv
-> data/acf_200ms_daily_xyz_SKHX.parquet
-> C:\Users\ii562\Downloads\Memory\data\feat200_xyz_SKHX/dt=*.parquet (99 日 × 432,000 格子点)
