Traceback (most recent call last):
  File "C:\Users\ii562\Downloads\Memory\scripts\plot_markout.py", line 200, in <module>
    main()
    ~~~~^^
  File "C:\Users\ii562\Downloads\Memory\scripts\plot_markout.py", line 50, in main
    C = pl.read_csv(D / f"markout_decomp_{tag}.csv").filter(
        ~~~~~~~~~~~^^^^^^^^^^^^^^^^^^^^^^^^^^^^^^^^^
  File "C:\Users\ii562\Downloads\Memory\.venv\Lib\site-packages\polars\_utils\deprecation.py", line 132, in wrapper
    return function(*args, **kwargs)
  File "C:\Users\ii562\Downloads\Memory\.venv\Lib\site-packages\polars\_utils\deprecation.py", line 132, in wrapper
    return function(*args, **kwargs)
  File "C:\Users\ii562\Downloads\Memory\.venv\Lib\site-packages\polars\_utils\deprecation.py", line 132, in wrapper
    return function(*args, **kwargs)
  [Previous line repeated 1 more time]
  File "C:\Users\ii562\Downloads\Memory\.venv\Lib\site-packages\polars\io\csv\functions.py", line 592, in read_csv
    df = _read_csv_impl(
        data,
    ...<27 lines>...
        glob=glob,
    )
  File "C:\Users\ii562\Downloads\Memory\.venv\Lib\site-packages\polars\io\csv\functions.py", line 743, in _read_csv_impl
    pydf = PyDataFrame.read_csv(
        source,
    ...<28 lines>...
        schema=schema,
    )
FileNotFoundError: 指定されたファイルが見つかりません。 (os error 2): C:\Users\ii562\Downloads\Memory\data\markout_decomp_xyz_INTC.csv
