[検算] crossed 行 1,173,168 件(= 取引数)

=== 全期間 47 日 ===
  買い(テイカー)   0.142B USD /      422,859 枚 /    605,684 件  = 金額の 48.60%
  売り(テイカー)   0.150B USD /      450,458 枚 /    567,484 件  = 金額の 51.40%
  合計             0.292B USD /      873,316 枚
  期間ネット     -8.2M USD(= 合計の -2.79%)

=== 日次の買い比率(金額ベース、%)===
  最小 16.76%(2026-07-12) / 中央値 49.22% / 平均 48.44% / 最大 62.76%(2026-08-08)
  50% を上回った日 21 / 47 日

=== 帰無対照(向きが独立なコイン投げなら net はどれだけ散らばるか)===
  iid       : |z| 中央値    1.62 / 最大     6.80 / |z| > 1.96 の日 19 / 47
  HAC(自己相関を考慮): |z| 中央値    0.88 / 最大     4.17 / |z| > 1.96 の日  8 / 47
  ※ iid の帰無は取引の向きの自己相関(注文分割)を無視するため分散を過小評価する。
     判定には HAC のほうを使うこと。

=== 売り越しが大きい日 ===
  2026-07-31  net     -3.6M  買い比率 44.79%  z_hac  -3.02  出来高   35.0M
  2026-06-29  net     -1.5M  買い比率 35.98%  z_hac  -3.36  出来高    5.4M
  2026-08-06  net     -1.4M  買い比率 43.04%  z_hac  -2.77  出来高    9.9M
  2026-08-07  net     -1.2M  買い比率 45.63%  z_hac  -1.53  出来高   13.5M
  2026-07-02  net     -1.1M  買い比率 37.05%  z_hac  -4.17  出来高    4.4M
=== 買い越しが大きい日 ===
  2026-08-05  net     +1.0M  買い比率 52.95%  z_hac  +1.55  出来高   17.5M
  2026-07-15  net     +0.9M  買い比率 58.45%  z_hac  +1.10  出来高    5.2M
  2026-08-03  net     +0.7M  買い比率 51.60%  z_hac  +0.72  出来高   23.0M
  2026-08-04  net     +0.7M  買い比率 52.37%  z_hac  +1.13  出来高   14.5M
  2026-06-25  net     +0.6M  買い比率 54.09%  z_hac  +0.90  出来高    7.7M

=== 同時点の関係(その日の売買差とその日の終値リターン)===
  相関 +0.266(n=46)
  ※ これは同時性であって予測力ではない。同じ日のうちに起きた 2 つの量を並べただけ。
  参考: net_share_t と r_(t+1) の相関 -0.147(こちらは時間契約を満たす予測の関係)

[out] 47 日 -> C:\Users\ii562\Downloads\Memory\data\daily_volume_side_xyz_KIOXIA.parquet
