[日] 99 日 = 立会日 68 / 閉場日 31
[再開] 未処理 99 日
  2026-05-10  (7/99 日)
  2026-05-17  (14/99 日)
  2026-05-24  (21/99 日)
  2026-05-31  (28/99 日)
  2026-06-07  (35/99 日)
  2026-06-14  (42/99 日)
  2026-06-21  (49/99 日)
  2026-06-28  (56/99 日)
  2026-07-05  (63/99 日)
  2026-07-12  (70/99 日)
  2026-07-19  (77/99 日)
  2026-07-26  (84/99 日)
  2026-08-02  (91/99 日)
  2026-08-09  (98/99 日)
  2026-08-10  (99/99 日)
-> C:\Users\ii562\Downloads\Memory\data\resil_path_xyz_SNDK.parquet
[除去] クロス・数量 0 の行 22,568
-> C:\Users\ii562\Downloads\Memory\data\resil_xyz_SNDK/dt=*.parquet
