[load] 17,592,312 行 -> 17,583,639 行(クロス・数量 0 を除去 8,673)
[検算] micro-mid = (I-1/2)*spread の最大誤差 1.060e-13(相対 1.926e-14)
[日] 99 日 = 立会日 68 / 閉場日 31
[集計] 日×帯×ホライズン 5,684 行

=== 立会日 — P(mid が k イベント後に上昇)[%] ===
差(bp)             k=1      k=5     k=10     k=20     k=30     k=50    k=100           n
< -20            39.9     44.4     47.3     48.2     48.7     47.8     50.1      47,873
-20〜-10          36.1     42.5     44.8     45.5     45.8     45.8     46.9      94,338
-10〜-5           32.9     41.4     42.7     43.7     44.1     44.8     46.1     199,217
-5〜-1            28.5     38.9     41.7     43.9     44.9     45.9     46.9   2,656,185
-1〜+1            29.5     43.0     46.2     47.9     48.4     48.8     49.1   9,054,407
+1〜+5            39.8     51.5     53.0     53.0     52.7     52.4     51.9   2,778,568
+5〜+10           40.8     51.1     53.2     55.0     55.2     55.2     54.6     181,481
+10〜+20          41.8     49.3     50.4     53.0     52.7     53.6     53.8      83,735
> +20            43.3     49.0     49.1     50.5     50.1     49.5     51.1      43,976
無条件              31.6     44.0     46.8     48.2     48.6     49.0     49.3
変化なし率            36.7     11.6      6.2      3.5      2.7      1.9      1.3
動いた中で上昇         49.9     49.8     49.9     50.0     50.0     50.0     49.9

=== 閉場日 — P(mid が k イベント後に上昇)[%] ===
差(bp)             k=1      k=5     k=10     k=20     k=30     k=50    k=100           n
< -20            33.1     41.8     42.6     44.5     46.3     47.8     46.1      11,968
-20〜-10          39.7     43.1     42.0     42.5     43.0     43.6     43.3      27,414
-10〜-5           38.8     42.8     42.8     44.3     44.9     45.3     45.9      48,075
-5〜-1            28.3     39.1     41.8     44.3     45.6     46.7     48.0     488,682
-1〜+1            28.2     40.7     43.8     46.1     47.0     47.8     48.5   1,322,103
+1〜+5            38.7     50.6     52.4     53.0     52.8     52.5     52.1     436,141
+5〜+10           39.4     44.8     45.3     47.0     47.7     47.7     48.1      62,188
+10〜+20          36.2     38.4     39.4     40.9     42.1     43.5     45.1      35,877
> +20            31.5     32.4     32.1     33.7     34.2     37.9     46.0      11,312
無条件              30.9     42.3     44.8     46.8     47.6     48.2     48.8
変化なし率            38.7     16.3     11.4      7.7      6.3      4.9      3.8
動いた中で上昇         50.4     50.5     50.6     50.7     50.7     50.7     50.8

-> data/microprice_cells_xyz_SMSN.parquet
