[load] 31,166,076 行 -> 31,135,848 行(クロス・数量 0 を除去 30,228)
[日] 99 日 = 立会日 68 / 閉場日 31
[OFI] 正規化できた行 31,133,249 / 31,135,848(残りは尺度の助走 5,000 イベント分と日の初回)
[OFI_z] 中央値 +0.0004 / |z|>2 の割合 4.69%
[OBI]   中央値 +0.0000 / |OBI|>0.75 の割合 51.02%
[費用] スプレッド中央値 1.701 bp / 片道の半スプレッド 0.850 bp
[集計] 日×説明変数×帯×ホライズン 12,474 行

=== OBI / 立会日 — P(mid が k イベント後に上昇 | 変化あり)[%] ===
帯                     k=1      k=5     k=10     k=20     k=30     k=50    k=100             n
−1.00〜−0.75          30.8     30.9     33.9     38.1     40.5     42.6     44.7     6,890,464
−0.75〜−0.50          39.9     40.0     41.7     44.0     45.3     46.5     47.6     2,463,808
−0.50〜−0.25          44.0     44.3     45.3     46.6     47.4     48.1     48.7     2,004,293
−0.25〜0              47.1     47.5     48.0     48.6     48.9     49.2     49.5     1,906,731
ちょうど 0               52.9     50.1     50.7     50.5     50.8     51.1     51.3       166,626
0〜+0.25              52.3     51.8     51.4     51.0     50.8     50.6     50.5     1,934,271
+0.25〜+0.50          55.5     55.1     54.1     52.8     52.2     51.7     51.1     2,023,871
+0.50〜+0.75          59.7     59.3     57.6     55.4     54.3     53.3     52.3     2,507,271
+0.75〜+1.00          69.2     68.6     65.5     61.4     59.2     57.2     55.2     6,888,827
無条件                  49.9     49.7     49.7     49.8     49.9     49.9     50.0
変化なし率                50.3     22.1     13.5      7.6      5.6      3.9      2.4

=== OBI / 閉場日 — P(mid が k イベント後に上昇 | 変化あり)[%] ===
帯                     k=1      k=5     k=10     k=20     k=30     k=50    k=100             n
−1.00〜−0.75          32.1     33.3     35.4     38.3     40.1     42.2     44.7     1,103,227
−0.75〜−0.50          41.2     42.4     43.8     45.2     46.2     47.4     48.7       421,602
−0.50〜−0.25          45.2     45.9     47.0     47.8     48.4     48.9     49.7       340,896
−0.25〜0              47.4     48.9     49.2     49.6     49.8     50.3     50.6       333,566
ちょうど 0               55.6     50.8     52.1     52.1     51.7     52.2     52.5        54,654
0〜+0.25              54.5     53.5     53.5     52.6     52.6     52.2     52.4       343,448
+0.25〜+0.50          56.4     55.8     55.0     54.0     53.6     53.0     52.6       337,575
+0.50〜+0.75          61.1     59.9     58.5     56.7     55.7     54.7     54.0       408,603
+0.75〜+1.00          70.0     69.3     66.8     63.4     61.5     59.4     57.5     1,006,016
無条件                  50.8     50.8     50.8     50.7     50.7     50.8     51.1
変化なし率                52.6     28.3     19.9     13.3     10.6      7.6      5.0

=== OFI_z / 立会日 — P(mid が k イベント後に上昇 | 変化あり)[%] ===
帯                     k=1      k=5     k=10     k=20     k=30     k=50    k=100             n
< −2σ                38.6     34.6     35.1     38.5     40.7     42.8     44.8       655,067
−2〜−1σ               38.2     35.4     36.3     39.8     41.9     43.9     45.5     1,049,215
−1〜−0.5σ             39.4     37.4     38.3     41.2     43.1     44.7     46.2     1,442,513
−0.5〜0σ              43.6     43.2     43.5     45.2     46.2     47.2     48.1    10,174,724
ちょうど 0               54.5     48.3     49.4     49.5     49.8     50.0     50.3        35,818
0〜+0.5σ              56.1     56.2     55.9     54.4     53.6     52.7     51.9    10,295,407
+0.5〜+1σ             60.3     61.8     61.0     58.0     56.3     54.8     53.3     1,436,559
+1〜+2σ               61.7     64.2     63.1     59.5     57.5     55.7     54.0     1,040,898
> +2σ                61.4     65.2     64.4     60.8     58.6     56.7     54.9       653,393
無条件                  49.9     49.7     49.7     49.8     49.9     49.9     50.0
変化なし率                51.3     20.4     12.4      7.0      5.2      3.7      2.4

=== OFI_z / 閉場日 — P(mid が k イベント後に上昇 | 変化あり)[%] ===
帯                     k=1      k=5     k=10     k=20     k=30     k=50    k=100             n
< −2σ                37.3     31.4     32.6     36.5     38.8     41.3     44.7        76,981
−2〜−1σ               39.5     35.3     36.4     39.7     41.9     44.1     46.8       119,105
−1〜−0.5σ             42.0     39.2     40.1     42.6     44.1     45.7     47.7       201,088
−0.5〜0σ              47.4     46.1     46.0     47.1     47.8     48.9     49.9     1,700,335
ちょうど 0               60.2     48.5     51.0     51.0     50.5     51.0     51.8         7,153
0〜+0.5σ              54.2     55.4     55.4     54.1     53.4     52.6     52.2     1,840,366
+0.5〜+1σ             58.1     61.5     61.2     58.7     57.2     55.6     54.2       209,088
+1〜+2σ               60.4     65.5     64.3     61.2     59.0     56.7     55.3       120,351
> +2σ                62.2     68.4     68.1     64.8     62.7     59.8     57.6        75,089
無条件                  50.8     50.8     50.8     50.7     50.7     50.8     51.1
変化なし率                55.7     26.9     18.1     11.9      9.4      6.9      4.7

=== OBI × OFI_z の同時分布 — P(上昇|変化あり)[%] / 立会日 k=10 ===
  片方で層別してももう一方が効くなら、2 つは別の情報を持っている
OBI \ OFI_z           < −2σ     −2〜−1σ   −1〜−0.5σ    −0.5〜0σ     ちょうど 0    0〜+0.5σ   +0.5〜+1σ     +1〜+2σ      > +2σ
−1.00〜−0.75            23.1       26.8       29.0       31.0       40.5       42.4       38.8       34.6       31.6
−0.75〜−0.50            35.2       35.6       36.1       37.6       40.1       48.4       46.4       43.4       39.9
−0.50〜−0.25            40.7       39.7       39.8       40.6       44.4       51.4       50.5       48.6       43.8
−0.25〜0                45.4       43.0       42.0       43.2       47.4       53.4       52.9       52.2       48.9
ちょうど 0                 55.5       48.8       47.3       50.0       51.3       51.3       53.6       50.6       44.8
0〜+0.25                50.8       46.8       45.8       46.0       52.7       56.1       56.6       56.3       52.7
+0.25〜+0.50            54.0       50.2       48.4       48.1       58.1       58.7       59.1       59.6       57.7
+0.50〜+0.75            59.2       56.0       52.1       50.8       58.1       61.8       63.0       63.2       64.0
+0.75〜+1.00            67.8       64.3       60.5       56.8       59.6       68.6       70.5       72.8       76.5
  OBI を固定したときの OFI_z 方向の振れ幅: 中央 11.7pp / 最大 19.7pp
  OFI_z を固定したときの OBI 方向の振れ幅: 中央 31.7pp / 最大 44.8pp

=== 期待される符号つき値動き(bp)/ 立会日。片道の半スプレッド = 0.850 bp ===
  確率が 65% でも、動く幅がこれを超えなければ板を取りに行っては捕まえられない
  --- OBI ---
帯                      k=1       k=5      k=10      k=20      k=30      k=50     k=100
−1.00〜−0.75         -0.179    -0.579    -0.775    -0.914    -0.955    -1.009    -1.072
−0.75〜−0.50         -0.083    -0.248    -0.344    -0.408    -0.428    -0.445    -0.477
−0.50〜−0.25         -0.043    -0.131    -0.179    -0.210    -0.220    -0.222    -0.231
−0.25〜0             -0.022    -0.057    -0.076    -0.086    -0.081    -0.087    -0.097
ちょうど 0               0.040     0.027     0.048     0.083     0.132     0.190     0.261
0〜+0.25              0.053     0.088     0.105     0.120     0.117     0.114     0.115
+0.25〜+0.50          0.044     0.132     0.181     0.210     0.212     0.216     0.223
+0.50〜+0.75          0.079     0.246     0.339     0.402     0.414     0.437     0.448
+0.75〜+1.00          0.178     0.575     0.771     0.909     0.953     1.005     1.079
  --- OFI_z ---
帯                      k=1       k=5      k=10      k=20      k=30      k=50     k=100
< −2σ               -0.008    -0.415    -0.698    -0.883    -0.933    -0.987    -1.066
−2〜−1σ              -0.108    -0.472    -0.730    -0.888    -0.928    -0.972    -1.048
−1〜−0.5σ            -0.091    -0.370    -0.576    -0.719    -0.760    -0.807    -0.859
−0.5〜0σ             -0.053    -0.168    -0.277    -0.366    -0.398    -0.427    -0.456
ちょうど 0               0.022    -0.048    -0.041    -0.113    -0.045    -0.057    -0.002
0〜+0.5σ              0.053     0.167     0.277     0.368     0.402     0.432     0.467
+0.5〜+1σ             0.090     0.362     0.562     0.696     0.727     0.759     0.794
+1〜+2σ               0.104     0.470     0.718     0.864     0.900     0.940     0.971
> +2σ                0.096     0.507     0.783     0.961     1.002     1.058     1.140
  最大の |期待値動き| = 1.140 bp(半スプレッド 0.850 bp の 1.34 倍)

=== 帰無対照(帯を日内で巡回シフト)===
  OBI/立会日: 帰無 中央 0.031pt 最大 0.703pt  /  実測 中央 3.39pt 最大 19.24pt  (最大の比 27 倍)
  OBI/閉場日: 帰無 中央 0.125pt 最大 1.862pt  /  実測 中央 3.83pt 最大 19.22pt  (最大の比 10 倍)
  OFI_z/立会日: 帰無 中央 0.036pt 最大 0.512pt  /  実測 中央 6.57pt 最大 15.51pt  (最大の比 30 倍)
  OFI_z/閉場日: 帰無 中央 0.153pt 最大 2.617pt  /  実測 中央 6.64pt 最大 19.36pt  (最大の比 7 倍)

[多重比較] セル数 252。Bonferroni の閾値は 0.05/252 = 1.98e-04(|z| > 3.86)
  95% 区間が 0 をまたがないセル 231 / 252
  Bonferroni を超えるセル       210 / 252
-> data/obi_ofi_cells_xyz_SKHX.parquet / obi_ofi_joint_xyz_SKHX.parquet
