[bbo] 31,166,076 イベント / クロス除外 24,486(0.079%) → 31,141,590
[抜き取り] 相関・分位に使う 933,702 行(全 31,141,590 の 3.00%)

=== 抜き取りの妥当性(全イベントの帯別平均と突き合わせ)===
  OBI 帯の全イベント加重平均スプレッド 3.2493 bp
  OFI_z 帯の全イベント加重平均スプレッド 3.1960 bp
  抜き取りの平均スプレッド 3.2486 bp

=== 1 イベントあたりの分布(抜き取り)===
量                        中央値          平均       第1四分位       第3四分位        99%点
スプレッド幅(bp)            1.7001      3.2486      0.8772      3.2010     29.4974
スプレッド幅(ドル)            0.2000      0.4476      0.1000      0.5000      3.9000
注文量(枚)               10.7160     31.0769      2.8600     27.4370    319.6570
約定量(枚)                0.0000      0.7741      0.0000      0.0010     14.6980
  約定を伴ったイベントの割合 25.01%

=== スピアマン順位相関(抜き取り、同時点)===
                   スプレッド幅(b     注文量(枚)     約定量(枚)        OBI      |OBI|   OFI(正規化)      |OFI|
スプレッド幅(bp)            1.000     -0.292     -0.144      0.001     -0.090      0.010     -0.098
注文量(枚)               -0.292      1.000      0.301      0.004      0.245     -0.006      0.278
約定量(枚)               -0.144      0.301      1.000      0.007     -0.003     -0.001     -0.110
OBI                   0.001      0.004      0.007      1.000     -0.007      0.277      0.003
|OBI|                -0.090      0.245     -0.003     -0.007      1.000     -0.002      0.076
OFI(正規化)              0.010     -0.006     -0.001      0.277     -0.002      1.000      0.023
|OFI|                -0.098      0.278     -0.110      0.003      0.076      0.023      1.000

=== OBI の帯ごと(中央値。件数は全イベント)===
帯                          件数      スプレッド bp       注文量 枚       約定量 平均       約定の発生率
−1.00〜−0.75         7,995,935         1.617      13.018       0.7724       25.39%
−0.75〜−0.50         2,885,767         1.716       9.274       0.8304       25.55%
−0.50〜−0.25         2,345,432         1.776       9.020       0.8036       25.11%
−0.25〜0             2,240,546         1.833       8.425       0.7615       24.56%
ちょうど 0                221,287        10.261       0.182       0.1323        4.71%
0〜+0.25             2,277,996         1.825       8.259       0.7447       24.33%
+0.25〜+0.50         2,361,699         1.749       8.963       0.7916       25.07%
+0.50〜+0.75         2,916,201         1.708       9.415       0.8149       25.49%
+0.75〜+1.00         7,896,727         1.625      13.489       0.7723       25.25%

=== OFI_z の帯ごと(中央値。件数は全イベント)===
帯                          件数      スプレッド bp       注文量 枚       約定量 平均       約定の発生率
< −2σ                 725,624         1.301      42.033       1.9311        8.27%
−2〜−1σ              1,160,643         1.393      27.216       1.0199        8.97%
−1〜−0.5σ            1,632,849         1.609      15.852       0.9876       10.45%
−0.5〜0σ            11,784,000         1.741       8.461       0.6631       28.82%
ちょうど 0                 42,256         3.571       0.910       0.1677        5.94%
0〜+0.5σ            12,038,411         1.738       8.356       0.6449       30.38%
+0.5〜+1σ            1,634,307         1.618      15.983       0.9605       10.39%
+1〜+2σ              1,153,485         1.402      27.351       0.9760        8.93%
> +2σ                 722,515         1.336      40.612       1.8941        8.21%

[out] data/spread_flow_bins_xyz_SKHX.csv, data/spread_flow_corr_xyz_SKHX.csv
