===== xyz:SNDK のスイート開始 02:46:32 =====
  [02:46:32] oi_volume ... ok
  [02:46:45] volume_side ... ok
  [02:46:48] order_size ... ok
  [02:46:53] vol ... ok
  [02:48:46] variance ... ok
  [02:48:51] sign_chain ... ok
  [02:50:05] microprice ... ok
  [02:50:54] obi_ofi ... ok
  [02:52:42] book_slope ... ok
  [02:54:48] cancel_rate ... ok
  [02:55:51] depth ... ok
  [02:59:51] sign_persist ... ok
  [03:00:32] acf_200ms ... ok
  [03:00:59] var100 ... ok
  [03:11:43] spread_flow ... ok
  [03:11:58] markout ... ok
  [03:12:36] resilience ... ok
  [03:13:09] plot_oi_volume ... ok
  [03:13:12] plot_volume_side ... ok
  [03:13:15] plot_order_size ... ok
  [03:13:17] plot_vol ... NG
  [03:13:18] plot_microprice ... ok
  [03:13:20] plot_obi_ofi ... ok
  [03:13:23] plot_book_slope ... ok
  [03:13:26] plot_cancel_rate ... ok
  [03:13:30] plot_depth ... ok
  [03:13:32] plot_sign_persistence ... ok
  [03:13:35] plot_acf_200ms ... NG
  [03:13:37] plot_var100 ... ok
  [03:13:39] plot_spread_flow ... ok
  [03:13:41] plot_markout ... ok
  [03:13:44] plot_resilience ... NG
  [03:13:47] plot_price ... ok
  [03:13:50] variance_chart ... ok
===== xyz:SNDK 終了 03:13:52 =====
FAILED[xyz:SNDK]: plot_vol plot_acf_200ms plot_resilience
