[V3] 建玉の飛び 3,505 / 2,510,649 遷移 = 0.1396%  Σ|飛び| = 38,054 枚
[V4] 窓開始 OI: long 23,882 / short 24,304 / ネット -422 (= 未観測ユーザーの建玉。0 に近いほど良い)
[out] 99 日 -> C:\Users\ii562\Downloads\Memory\data\daily_oi_volume_xyz_AMD.parquet
[out] 建玉の時系列 1,039,851 点 -> data/oi_series_xyz_AMD.parquet
shape: (99, 8)
┌────────────┬──────────────┬─────────────┬─────────────┬────────────┬────────────┬──────────┬────────────┐
│ d          ┆ oi_mean      ┆ oi_halfgap  ┆ oi_mean_usd ┆ volume     ┆ volume_usd ┆ n_trades ┆ vwap       │
│ ---        ┆ ---          ┆ ---         ┆ ---         ┆ ---        ┆ ---        ┆ ---      ┆ ---        │
│ date       ┆ f64          ┆ f64         ┆ f64         ┆ f64        ┆ f64        ┆ u32      ┆ f64        │
╞════════════╪══════════════╪═════════════╪═════════════╪════════════╪════════════╪══════════╪════════════╡
│ 2026-05-04 ┆ 24893.922955 ┆ 231.157923  ┆ 8.8025e6    ┆ 22097.343  ┆ 7.8137e6   ┆ 9163     ┆ 353.60167  │
│ 2026-05-05 ┆ 36883.133934 ┆ 207.060606  ┆ 1.3438e7    ┆ 122965.702 ┆ 4.4802e7   ┆ 20815    ┆ 364.34639  │
│ 2026-05-06 ┆ 54237.576777 ┆ 115.183343  ┆ 2.2580e7    ┆ 87229.255  ┆ 3.6315e7   ┆ 35924    ┆ 416.31183  │
│ 2026-05-07 ┆ 51199.704896 ┆ 114.951656  ┆ 2.1115e7    ┆ 42876.611  ┆ 1.7683e7   ┆ 18025    ┆ 412.404816 │
│ …          ┆ …            ┆ …           ┆ …           ┆ …          ┆ …          ┆ …        ┆ …          │
│ 2026-08-07 ┆ 16976.010799 ┆ 3189.285174 ┆ 8.2925e6    ┆ 35848.101  ┆ 1.7511e7   ┆ 19178    ┆ 488.486309 │
│ 2026-08-08 ┆ 16340.466217 ┆ 3189.0085   ┆ 7.8718e6    ┆ 2525.161   ┆ 1.2165e6   ┆ 2329     ┆ 481.734752 │
│ 2026-08-09 ┆ 16571.960916 ┆ 3189.0085   ┆ 8.0199e6    ┆ 2973.436   ┆ 1.4390e6   ┆ 2390     ┆ 483.944403 │
│ 2026-08-10 ┆ 16080.790171 ┆ 3188.972337 ┆ 7.6919e6    ┆ 22281.218  ┆ 1.0658e7   ┆ 10563    ┆ 478.32777  │
└────────────┴──────────────┴─────────────┴─────────────┴────────────┴────────────┴──────────┴────────────┘
