===== xyz:INTC のスイート開始 03:13:52 =====
  [03:13:52] oi_volume ... ok
  [03:13:56] volume_side ... ok
  [03:13:58] order_size ... ok
  [03:14:00] vol ... ok
  [03:15:41] variance ... ok
  [03:15:44] sign_chain ... ok
  [03:16:09] microprice ... ok
  [03:16:43] obi_ofi ... ok
  [03:17:54] book_slope ... ok
  [03:19:22] cancel_rate ... ok
  [03:20:18] depth ... ok
  [03:23:11] sign_persist ... ok
  [03:23:35] acf_200ms ... ok
  [03:24:01] var100 ... ok
  [03:34:22] spread_flow ... ok
  [03:34:31] markout ... NG
  [03:34:44] resilience ... ok
  [03:35:07] plot_oi_volume ... ok
  [03:35:10] plot_volume_side ... ok
  [03:35:12] plot_order_size ... ok
  [03:35:14] plot_vol ... NG
  [03:35:15] plot_microprice ... ok
  [03:35:18] plot_obi_ofi ... ok
  [03:35:21] plot_book_slope ... ok
  [03:35:23] plot_cancel_rate ... ok
  [03:35:26] plot_depth ... ok
  [03:35:29] plot_sign_persistence ... ok
  [03:35:32] plot_acf_200ms ... NG
  [03:35:33] plot_var100 ... ok
  [03:35:38] plot_spread_flow ... ok
  [03:35:40] plot_markout ... NG
  [03:35:41] plot_resilience ... NG
  [03:35:44] plot_price ... ok
  [03:35:47] variance_chart ... ok
===== xyz:INTC 終了 03:35:49 =====
FAILED[xyz:INTC]: markout plot_vol plot_acf_200ms plot_markout plot_resilience
