Traceback (most recent call last):
  File "C:\Users\ii562\Downloads\Memory\scripts\plot_oi_volume.py", line 147, in <module>
    main()
    ~~~~^^
  File "C:\Users\ii562\Downloads\Memory\scripts\plot_oi_volume.py", line 45, in main
    d = pl.read_parquet(ROOT / "data" / f"daily_oi_volume_{tag}.parquet").sort("d")
        ~~~~~~~~~~~~~~~^^^^^^^^^^^^^^^^^^^^^^^^^^^^^^^^^^^^^^^^^^^^^^^^^^
  File "C:\Users\ii562\Downloads\Memory\.venv\Lib\site-packages\polars\_utils\deprecation.py", line 132, in wrapper
    return function(*args, **kwargs)
  File "C:\Users\ii562\Downloads\Memory\.venv\Lib\site-packages\polars\_utils\deprecation.py", line 132, in wrapper
    return function(*args, **kwargs)
  File "C:\Users\ii562\Downloads\Memory\.venv\Lib\site-packages\polars\io\parquet\functions.py", line 303, in read_parquet
    ret = lf._collect_eager()
  File "C:\Users\ii562\Downloads\Memory\.venv\Lib\site-packages\polars\lazyframe\frame.py", line 2240, in _collect_eager
    return _eager_engine().collect(
           ~~~~~~~~~~~~~~~~~~~~~~~^
        self, optimizations=optimizations, background=False
        ^^^^^^^^^^^^^^^^^^^^^^^^^^^^^^^^^^^^^^^^^^^^^^^^^^^
    )
    ^
  File "C:\Users\ii562\Downloads\Memory\.venv\Lib\site-packages\polars\lazyframe\engine.py", line 435, in collect
    return wrap_df(ldf.collect(self.name, callback))
                   ~~~~~~~~~~~^^^^^^^^^^^^^^^^^^^^^
FileNotFoundError: 指定されたファイルが見つかりません。 (os error 2): C:/Users/ii562/Downloads/Memory/data/daily_oi_volume_xyz_SKHX.parquet
