[件数] 約定 1,173,168 件 → 成行注文 508,919 本(1 本あたり 2.31 件)

時間帯                   区分                本数       中央値        平均     第1四分位     第3四分位      99%点         最大
開場後 2 時間              全曜日           42,940     0.162     1.610     0.068     0.666     26.39      990.2
開場後 2 時間              立会日           38,829     0.170     1.703     0.068     0.732     28.43      990.2
開場後 2 時間              休場日            4,111     0.136     0.730     0.050     0.404      9.27      568.6
昼 11 時から 2 時間         全曜日           25,179     0.120     1.164     0.050     0.440     20.71      380.3
昼 11 時から 2 時間         立会日           21,828     0.112     1.219     0.050     0.390     21.61      380.3
昼 11 時から 2 時間         休場日            3,351     0.260     0.804     0.044     0.500     14.37      201.9
閉場前 2 時間              全曜日           23,716     0.108     0.974     0.050     0.500     15.00      395.6
閉場前 2 時間              立会日           20,719     0.105     1.021     0.050     0.500     15.00      395.6
閉場前 2 時間              休場日            2,997     0.141     0.644     0.051     0.467      7.29      100.0
深夜 11 時から 2 時間        全曜日          102,915     0.224     2.604     0.059     0.903     50.00     2256.0
深夜 11 時から 2 時間        立会日           93,574     0.230     2.637     0.060     0.990     50.00     2256.0
深夜 11 時から 2 時間        休場日            9,341     0.180     2.267     0.048     0.496     50.00      542.4

=== 全曜日での窓どうしの比較(成行注文 1 本)===
  開場後 2 時間               中央値  0.162 枚(開場後比 1.00 倍) / 平均  1.610(同 1.00 倍) / 10 枚以上の割合  3.16%
  昼 11 時から 2 時間          中央値  0.120 枚(開場後比 0.74 倍) / 平均  1.164(同 0.72 倍) / 10 枚以上の割合  2.05%
  閉場前 2 時間               中央値  0.108 枚(開場後比 0.67 倍) / 平均  0.974(同 0.60 倍) / 10 枚以上の割合  1.64%
  深夜 11 時から 2 時間         中央値  0.224 枚(開場後比 1.38 倍) / 平均  2.604(同 1.62 倍) / 10 枚以上の割合  5.19%

=== 分布の裾: 上位 1% が担う数量の割合(全曜日)===
  開場後 2 時間               上位 1%(429 本)が全数量の 39.40%
  昼 11 時から 2 時間          上位 1%(251 本)が全数量の 47.83%
  閉場前 2 時間               上位 1%(237 本)が全数量の 37.40%
  深夜 11 時から 2 時間         上位 1%(1,029 本)が全数量の 39.87%

[out] data/order_size_stats_xyz_KIOXIA.csv, data/order_size_hist_xyz_KIOXIA.csv
