[bbo] 17,592,312 イベント / クロス除外 7,016(0.040%) → 17,585,296
[抜き取り] 相関・分位に使う 527,177 行(全 17,585,296 の 3.00%)

=== 抜き取りの妥当性(全イベントの帯別平均と突き合わせ)===
  OBI 帯の全イベント加重平均スプレッド 5.4223 bp
  OFI_z 帯の全イベント加重平均スプレッド 5.3111 bp
  抜き取りの平均スプレッド 5.4142 bp

=== 1 イベントあたりの分布(抜き取り)===
量                        中央値          平均       第1四分位       第3四分位        99%点
スプレッド幅(bp)            3.0401      5.4142      1.7001      5.2699     53.7779
スプレッド幅(ドル)            0.0500      0.1054      0.0300      0.1000      1.0100
注文量(枚)               14.6110     54.1944      5.7050     40.4550    503.5090
約定量(枚)                0.0000      1.2723      0.0000      0.0000     25.0000
  約定を伴ったイベントの割合 13.02%

=== スピアマン順位相関(抜き取り、同時点)===
                   スプレッド幅(b     注文量(枚)     約定量(枚)        OBI      |OBI|   OFI(正規化)      |OFI|
スプレッド幅(bp)            1.000     -0.267     -0.364      0.012     -0.160      0.020     -0.052
注文量(枚)               -0.267      1.000      0.269     -0.002      0.399     -0.005      0.318
約定量(枚)               -0.364      0.269      1.000      0.012      0.053     -0.009     -0.061
OBI                   0.012     -0.002      0.012      1.000     -0.007      0.290      0.003
|OBI|                -0.160      0.399      0.053     -0.007      1.000      0.000      0.117
OFI(正規化)              0.020     -0.005     -0.009      0.290      0.000      1.000      0.038
|OFI|                -0.052      0.318     -0.061      0.003      0.117      0.038      1.000

=== OBI の帯ごと(中央値。件数は全イベント)===
帯                          件数      スプレッド bp       注文量 枚       約定量 平均       約定の発生率
−1.00〜−0.75         3,805,179         2.532      25.564       1.4319       14.10%
−0.75〜−0.50         1,851,400         3.272      10.546       1.2026       13.18%
−0.50〜−0.25         1,471,059         3.365      10.662       1.1678       12.92%
−0.25〜0             1,525,539         3.600      10.064       1.0264       11.80%
ちょうど 0                186,404         2.328       1.188       0.3372        3.81%
0〜+0.25             1,602,330         3.616       9.927       0.9696       11.48%
+0.25〜+0.50         1,507,092         3.422      10.374       1.1501       12.76%
+0.50〜+0.75         1,858,188         3.332      10.863       1.2250       13.04%
+0.75〜+1.00         3,778,105         2.625      25.547       1.3926       13.91%

=== OFI_z の帯ごと(中央値。件数は全イベント)===
帯                          件数      スプレッド bp       注文量 枚       約定量 平均       約定の発生率
< −2σ                 469,634         2.349      62.697       2.7068        4.14%
−2〜−1σ                741,968         2.729      42.448       1.5557        4.50%
−1〜−0.5σ            1,111,980         2.983      25.917       1.3351        5.60%
−0.5〜0σ             6,301,402         3.091      11.249       1.0826       15.53%
ちょうど 0                 30,304         2.161       1.330       0.2159        3.07%
0〜+0.5σ             6,367,843         3.124      11.141       1.0638       16.43%
+0.5〜+1σ            1,111,781         3.000      25.726       1.3056        5.61%
+1〜+2σ                733,306         2.774      42.189       1.5179        4.58%
> +2σ                 469,578         2.298      64.389       2.6938        4.20%

[out] data/spread_flow_bins_xyz_SMSN.csv, data/spread_flow_corr_xyz_SMSN.csv
