[日] 99 日 = 立会日 68 / 閉場日 31
  2026-05-13  (10/99 日)
  2026-05-23  (20/99 日)
  2026-06-02  (30/99 日)
  2026-06-12  (40/99 日)
  2026-06-22  (50/99 日)
  2026-07-02  (60/99 日)
  2026-07-12  (70/99 日)
  2026-07-22  (80/99 日)
  2026-08-01  (90/99 日)
  2026-08-10  (99/99 日)
[格子] 空の格子点の割合 中央値 75.6% / 最小 27.6% / 最大 96.7%
[除去] クロス・数量 0 の行 7,066

=== 200ms 格子の自己相関(日をまたいだ平均)===
  OBI 立会日(68 日)  0.2s +0.819  1s +0.620  5s +0.415  10s +0.322  30s +0.200  60s +0.142  300s +0.063   帰無 -0.0003
  OBI 閉場日(31 日)  0.2s +0.960  1s +0.891  5s +0.758  10s +0.659  30s +0.472  60s +0.360  300s +0.172   帰無 -0.0001
  OFI 立会日(68 日)  0.2s -0.069  1s +0.026  5s +0.003  10s +0.001  30s +0.000  60s +0.002  300s +0.001   帰無 -0.0001
  OFI 閉場日(31 日)  0.2s -0.062  1s +0.037  5s +0.011  10s +0.005  30s +0.004  60s +0.001  300s +0.001   帰無 -0.0001

-> data/acf_200ms_xyz_AMD.parquet / .csv
-> data/acf_200ms_daily_xyz_AMD.parquet
-> C:\Users\ii562\Downloads\Memory\data\feat200_xyz_AMD/dt=*.parquet (99 日 × 432,000 格子点)
