[load] 17,592,312 行 -> 17,583,639 行(クロス・数量 0 を除去 8,673)
[検算] BookSlope/(S_bid+S_ask) = OBI の最大誤差 2.220e-16
[日] 99 日 = 立会日 68 / 閉場日 31
[尺度] 半スプレッド 中央 1.518 bp / 両側の傾き 中央 10.4 枚/bp
[BookSlope] 生の中央 +0.00 枚/bp / z の |値|>2 が 4.30%
  BookSlope_z  立会日 k=1    n= 15,137,280  beta +0.0313  HAC t    +18.9  GLS +0.0351  非重複 +0.0313  R2 0.00052  rho -0.150
  BookSlope_z  立会日 k=2    n= 15,137,212  beta +0.0655  HAC t    +19.9  GLS +0.0381  非重複 +0.0606  R2 0.00135  rho +0.375
  BookSlope_z  立会日 k=3    n= 15,137,144  beta +0.0954  HAC t    +19.9  GLS +0.0347  非重複 +0.0914  R2 0.00214  rho +0.543
  BookSlope_z  立会日 k=5    n= 15,137,008  beta +0.1355  HAC t    +19.6  GLS +0.0218  非重複 +0.1375  R2 0.00300  rho +0.690
  BookSlope_z  立会日 k=10   n= 15,136,668  beta +0.1881  HAC t    +19.4  GLS +0.0081  非重複 +0.1966  R2 0.00333  rho +0.822
  BookSlope_z  立会日 k=20   n= 15,135,988  beta +0.2290  HAC t    +19.0  GLS +0.0035  非重複 +0.2623  R2 0.00261  rho +0.906
  BookSlope_z  立会日 k=30   n= 15,135,308  beta +0.2437  HAC t    +18.7  GLS +0.0013  非重複 +0.3133  R2 0.00198  rho +0.937
  BookSlope_z  立会日 k=50   n= 15,133,948  beta +0.2616  HAC t    +18.3  GLS +0.0013  非重複 +0.2656  R2 0.00136  rho +0.962
  BookSlope_z  立会日 k=100  n= 15,130,548  beta +0.2862  HAC t    +16.4  GLS -0.0004  非重複 +0.3329  R2 0.00080  rho +0.981
  BookSlope_z  立会日 k=300  n= 15,116,948  beta +0.3397  HAC t    +12.0  GLS -0.0018  非重複 +0.5144  R2 0.00037  rho +0.994
  BookSlope_z  立会日 k=500  n= 15,103,348  beta +0.3491  HAC t     +9.4  GLS -0.0014  非重複 +0.4503  R2 0.00024  rho +0.996
  BookSlope_z  閉場日 k=1    n=  2,443,760  beta +0.0032  HAC t     +2.0  GLS +0.0042  非重複 +0.0032  R2 0.00001  rho -0.411
  BookSlope_z  閉場日 k=2    n=  2,443,729  beta +0.0065  HAC t     +2.1  GLS +0.0054  非重複 +0.0134  R2 0.00003  rho +0.141
  BookSlope_z  閉場日 k=3    n=  2,443,698  beta +0.0091  HAC t     +2.0  GLS +0.0063  非重複 +0.0167  R2 0.00006  rho +0.231
  BookSlope_z  閉場日 k=5    n=  2,443,636  beta +0.0126  HAC t     +2.0  GLS +0.0062  非重複 +0.0307  R2 0.00010  rho +0.352
  BookSlope_z  閉場日 k=10   n=  2,443,481  beta +0.0205  HAC t     +2.7  GLS +0.0062  非重複 +0.0337  R2 0.00018  rho +0.537
  BookSlope_z  閉場日 k=20   n=  2,443,171  beta +0.0275  HAC t     +2.4  GLS +0.0028  非重複 +0.0408  R2 0.00020  rho +0.712
  BookSlope_z  閉場日 k=30   n=  2,442,861  beta +0.0325  HAC t     +2.3  GLS +0.0020  非重複 +0.0789  R2 0.00020  rho +0.798
  BookSlope_z  閉場日 k=50   n=  2,442,241  beta +0.0388  HAC t     +2.1  GLS +0.0006  非重複 +0.0469  R2 0.00017  rho +0.877
  BookSlope_z  閉場日 k=100  n=  2,440,691  beta +0.0443  HAC t     +2.1  GLS +0.0016  非重複 +0.1248  R2 0.00011  rho +0.939
  BookSlope_z  閉場日 k=300  n=  2,434,491  beta +0.0676  HAC t     +2.1  GLS +0.0002  非重複 +0.1844  R2 0.00008  rho +0.981
  BookSlope_z  閉場日 k=500  n=  2,428,291  beta +0.0866  HAC t     +1.9  GLS +0.0005  非重複 -0.0451  R2 0.00008  rho +0.988
  OBI          立会日 k=1    n= 15,139,780  beta +0.1632  HAC t   +218.4  GLS +0.1648  非重複 +0.1632  R2 0.00367  rho -0.153
  OBI          立会日 k=2    n= 15,139,712  beta +0.2963  HAC t   +262.4  GLS +0.2333  非重複 +0.2965  R2 0.00712  rho +0.371
  OBI          立会日 k=3    n= 15,139,644  beta +0.3988  HAC t   +273.3  GLS +0.2257  非重複 +0.3983  R2 0.00962  rho +0.539
  OBI          立会日 k=5    n= 15,139,508  beta +0.5408  HAC t   +265.8  GLS +0.1883  非重複 +0.5409  R2 0.01230  rho +0.685
  OBI          立会日 k=10   n= 15,139,168  beta +0.7367  HAC t   +224.0  GLS +0.1445  非重複 +0.7356  R2 0.01317  rho +0.818
  OBI          立会日 k=20   n= 15,138,488  beta +0.8984  HAC t   +162.1  GLS +0.1202  非重複 +0.8951  R2 0.01034  rho +0.903
  OBI          立会日 k=30   n= 15,137,808  beta +0.9695  HAC t   +127.7  GLS +0.1152  非重複 +0.9825  R2 0.00806  rho +0.935
  OBI          立会日 k=50   n= 15,136,448  beta +1.0549  HAC t    +92.8  GLS +0.1125  非重複 +1.0155  R2 0.00570  rho +0.961
  OBI          立会日 k=100  n= 15,133,048  beta +1.1579  HAC t    +59.4  GLS +0.1086  非重複 +1.0740  R2 0.00339  rho +0.981
  OBI          立会日 k=300  n= 15,119,448  beta +1.2489  HAC t    +27.6  GLS +0.1090  非重複 +1.0563  R2 0.00131  rho +0.993
  OBI          立会日 k=500  n= 15,105,848  beta +1.2346  HAC t    +18.4  GLS +0.1064  非重複 +1.2943  R2 0.00077  rho +0.996
  OBI          閉場日 k=1    n=  2,443,760  beta +0.0970  HAC t    +21.9  GLS +0.0916  非重複 +0.0970  R2 0.00027  rho -0.411
  OBI          閉場日 k=2    n=  2,443,729  beta +0.1971  HAC t    +32.3  GLS +0.1951  非重複 +0.2048  R2 0.00094  rho +0.141
  OBI          閉場日 k=3    n=  2,443,698  beta +0.2534  HAC t    +39.3  GLS +0.2256  非重複 +0.2423  R2 0.00137  rho +0.230
  OBI          閉場日 k=5    n=  2,443,636  beta +0.3365  HAC t    +44.9  GLS +0.2513  非重複 +0.3489  R2 0.00208  rho +0.351
  OBI          閉場日 k=10   n=  2,443,481  beta +0.4685  HAC t    +44.6  GLS +0.2428  非重複 +0.4928  R2 0.00290  rho +0.535
  OBI          閉場日 k=20   n=  2,443,171  beta +0.6134  HAC t    +36.7  GLS +0.1912  非重複 +0.6287  R2 0.00308  rho +0.711
  OBI          閉場日 k=30   n=  2,442,861  beta +0.6746  HAC t    +29.1  GLS +0.1580  非重複 +0.7130  R2 0.00263  rho +0.797
  OBI          閉場日 k=50   n=  2,442,241  beta +0.7681  HAC t    +21.3  GLS +0.1376  非重複 +0.9674  R2 0.00207  rho +0.876
  OBI          閉場日 k=100  n=  2,440,691  beta +0.8693  HAC t    +13.8  GLS +0.1345  非重複 +1.1306  R2 0.00131  rho +0.939
  OBI          閉場日 k=300  n=  2,434,491  beta +1.1229  HAC t     +8.1  GLS +0.1268  非重複 +1.6997  R2 0.00068  rho +0.981
  OBI          閉場日 k=500  n=  2,428,291  beta +1.1635  HAC t     +5.2  GLS +0.1247  非重複 +1.9392  R2 0.00045  rho +0.988

=== BookSlope_z / 立会日 ===
    k   beta(OLS)      t(古典)    t(HAC)   beta(GLS)     beta(非重複)        R2      DW      プラセボ
    1      0.0313       89.0      18.9      0.0351        0.0313   0.00052   2.301   -0.0002
    2      0.0655      143.1      19.9      0.0381        0.0606   0.00135   1.251    0.0005
    3      0.0954      180.2      19.9      0.0347        0.0914   0.00214   0.913   -0.0000
    5      0.1355      213.5      19.6      0.0218        0.1375   0.00300   0.621    0.0017
   10      0.1881      225.0      19.4      0.0081        0.1966   0.00333   0.355    0.0018
   20      0.2290      198.9      19.0      0.0035        0.2623   0.00261   0.188   -0.0035
   30      0.2437      173.2      18.7      0.0013        0.3133   0.00198   0.126   -0.0061
   50      0.2616      143.6      18.3      0.0013        0.2656   0.00136   0.075   -0.0045
  100      0.2862      110.3      16.4     -0.0004        0.3329   0.00080   0.037   -0.0171
  300      0.3397       75.2      12.0     -0.0018        0.5144   0.00037   0.012    0.0087
  500      0.3491       59.7       9.4     -0.0014        0.4503   0.00024   0.007   -0.0300

-> data/book_slope_fits_xyz_SMSN.parquet / _bins_ / _meta_
