[検算] 同一 ns・同一ユーザーで向きが混在するグループ: 574 / 1,150,273
[約定単位] 1,811,812 イベント / 99 日 / 買いの割合 51.35%
[成行注文単位] 1,150,273 イベント / 99 日 / 買いの割合 52.27%

=== 約定単位: 次数 k を 1 つ増やすと情報が増えるか(入れ替え検定 R = 20)===
 k        実データ G       帰無の平均      帰無の 95%点      倍率      効果量  判定
 1       653,331         118           157  5535.1   0.2987  有意
 2        30,063         113           150   266.0   0.1060  有意
 3        13,401         122           158   109.8   0.0839  有意
 4         7,080         114           141    62.2   0.0678  有意
 5         4,850         125           165    38.8   0.0587  有意
 6         3,085         134           162    23.0   0.0546  有意
 7         2,446         167           203    14.6   0.0524  有意
 8         1,960         244           275     8.0   0.0878  有意
 9         1,712         361           405     4.7   0.0925  有意
10         1,784         619           655     2.9   0.1003  有意
11         2,207       1,123         1,190     2.0   0.1424  有意
12         2,911       2,169         2,261     1.3   0.1109  有意
13         5,346       4,271         4,436     1.3   0.1500  有意
14        10,019       8,319         8,472     1.2   0.1141  有意
  → 帰無分布を超える最大の次数: k = 14

=== 成行注文単位: 次数 k を 1 つ増やすと情報が増えるか(入れ替え検定 R = 20)===
 k        実データ G       帰無の平均      帰無の 95%点      倍率      効果量  判定
 1       137,096         276           348   496.9   0.1787  有意
 2        26,954         261           311   103.4   0.1052  有意
 3        11,961         260           320    45.9   0.0870  有意
 4         6,941         258           290    26.9   0.0764  有意
 5         4,524         252           299    18.0   0.0701  有意
 6         3,390         261           303    13.0   0.0646  有意
 7         2,459         286           338     8.6   0.0600  有意
 8         2,397         363           415     6.6   0.0626  有意
 9         2,124         483           533     4.4   0.0624  有意
10         2,038         715           787     2.9   0.0830  有意
11         2,336       1,224         1,314     1.9   0.1585  有意
12         3,168       2,253         2,349     1.4   0.1257  有意
13         5,310       4,300         4,431     1.2   0.1188  有意
14         9,568       8,501         8,694     1.1   0.1178  有意
  → 帰無分布を超える最大の次数: k = 14

=== 約定単位 の 1 次推移確率(次が買いになる確率)===
  直前 売 → 買い  21.48%  売り  78.52%  (n =    881,405, 標準誤差 0.044%)
  直前 買 → 買い  79.65%  売り  20.35%  (n =    930,308, 標準誤差 0.042%)

=== 約定単位 の 2 次推移確率(次が買いになる確率)===
  直前 売売 → 買い  18.60%  売り  81.40%  (n =    692,086, 標準誤差 0.047%)
  直前 売買 → 買い  69.05%  売り  30.95%  (n =    189,271, 標準誤差 0.106%)
  直前 買売 → 買い  32.00%  売り  68.00%  (n =    189,268, 標準誤差 0.107%)
  直前 買買 → 買い  82.36%  売り  17.64%  (n =    740,989, 標準誤差 0.044%)

=== 約定単位 の 3 次推移確率(次が買いになる確率)===
  直前 売売売 → 買い  16.68%  売り  83.32%  (n =    563,348, 標準誤差 0.050%)
  直前 売売買 → 買い  68.54%  売り  31.46%  (n =    128,703, 標準誤差 0.129%)
  直前 売買売 → 買い  30.58%  売り  69.42%  (n =     58,577, 標準誤差 0.190%)
  直前 売買買 → 買い  74.38%  売り  25.62%  (n =    130,687, 標準誤差 0.121%)
  直前 買売売 → 買い  26.99%  売り  73.01%  (n =    128,698, 標準誤差 0.124%)
  直前 買売買 → 買い  70.13%  売り  29.87%  (n =     60,557, 標準誤差 0.186%)
  直前 買買売 → 買い  32.63%  売り  67.37%  (n =    130,685, 標準誤差 0.130%)
  直前 買買買 → 買い  84.07%  売り  15.93%  (n =    610,260, 標準誤差 0.047%)

=== 成行注文単位 の 1 次推移確率(次が買いになる確率)===
  直前 売 → 買い  34.40%  売り  65.60%  (n =    549,013, 標準誤差 0.064%)
  直前 買 → 買い  68.59%  売り  31.41%  (n =    601,161, 標準誤差 0.060%)

=== 成行注文単位 の 2 次推移確率(次が買いになる確率)===
  直前 売売 → 買い  29.03%  売り  70.97%  (n =    360,138, 標準誤差 0.076%)
  直前 売買 → 買い  58.07%  売り  41.93%  (n =    188,825, 標準誤差 0.114%)
  直前 買売 → 買い  44.63%  売り  55.37%  (n =    188,824, 標準誤差 0.114%)
  直前 買買 → 買い  73.40%  売り  26.60%  (n =    412,288, 標準誤差 0.069%)

=== 成行注文単位 の 3 次推移確率(次が買いになる確率)===
  直前 売売売 → 買い  25.54%  売り  74.46%  (n =    255,564, 標準誤差 0.086%)
  直前 売売買 → 買い  55.53%  売り  44.47%  (n =    104,544, 標準誤差 0.154%)
  直前 売買売 → 買い  41.12%  売り  58.88%  (n =     79,163, 標準誤差 0.175%)
  直前 売買買 → 買い  64.70%  売り  35.30%  (n =    109,648, 標準誤差 0.144%)
  直前 買売売 → 買い  37.57%  売り  62.43%  (n =    104,542, 標準誤差 0.150%)
  直前 買売買 → 買い  61.23%  売り  38.77%  (n =     84,262, 標準誤差 0.168%)
  直前 買買売 → 買い  47.17%  売り  52.83%  (n =    109,647, 標準誤差 0.151%)
  直前 買買買 → 買い  76.56%  売り  23.44%  (n =    302,606, 標準誤差 0.077%)

=== 同じ向きが n 回続いた直後に、また同じ向きが来る割合 ===
  n                   約定単位                 成行注文単位
  1   68.53% (n=  378,638)   56.72% (n=  377,748)
  2   73.70% (n=  259,467)   63.60% (n=  214,256)
  3   77.16% (n=  191,221)   68.00% (n=  136,253)
  4   79.14% (n=  147,524)   71.08% (n=   92,646)
  5   81.16% (n=  116,740)   73.54% (n=   65,846)
  6   82.22% (n=   94,744)   75.75% (n=   48,419)
  7   83.51% (n=   77,893)   76.70% (n=   36,677)
  8   84.43% (n=   65,041)   78.58% (n=   28,129)
  9   85.01% (n=   54,914)   80.44% (n=   22,101)
 10   85.72% (n=   46,678)   80.87% (n=   17,775)

[chart] C:\Users\ii562\Downloads\Memory\charts\xyz_AMD_sign_chain_continuation.png
[chart] C:\Users\ii562\Downloads\Memory\charts\xyz_AMD_sign_chain_matrix.png

=== 同一 ns の並べ方への感度(10 通りの無作為な並べ方)===
  買→買: 68.58% 〜 68.60%(幅 0.01 ポイント)
  売→売: 65.60% 〜 65.61%(幅 0.01 ポイント)
  買買→買: 73.39% 〜 73.41%(幅 0.02 ポイント)
  売売→売: 70.96% 〜 70.98%(幅 0.02 ポイント)
