[load] 33,631,491 イベント / 99 日
[taker] 5,451,464 成行注文 / 99 日 / 買いの割合 51.74%
  20/99 日
  40/99 日
  60/99 日
  80/99 日

=== 恒等式の検算(OBI と符号が一致するか)===
  OBI vs micro_dev           不一致 0 / 33,631,491 行  — 完全一致
  OBI vs BookSlope           不一致 0 / 33,631,491 行  — 完全一致
  OBI vs _micro_naive        不一致    76,912 / 33,631,491 行   うち OBI がちょうど 0 の行 76,912 (100.0%)

=== P(k イベント後も正 | 今が正)[%] — 全日 ===
特徴量         時計             無条件      k=1      k=2      k=3      k=4      k=5
OBI         BBO         49.26%   76.80%   69.65%   65.28%   62.71%   60.83%
OFI         BBO         50.17%   58.81%   56.61%   54.79%   53.98%   53.22%
BookSlope   BBO         49.26%   76.80%   69.65%   65.28%   62.71%   60.83%
micro_dev   BBO         49.26%   76.80%   69.65%   65.28%   62.71%   60.83%
d_spread    BBO         22.84%   17.00%   23.46%   24.31%   24.94%   25.06%
d_depth     BBO         50.65%   43.85%   48.81%   49.43%   50.41%   50.64%
ret         BBO         24.58%   33.61%   31.38%   30.02%   29.50%   28.91%
taker_sign  成行注文        51.74%   69.08%   65.47%   63.38%   62.07%   61.09%

=== 持続性 = 超過 − 帰無対照[pp]。括弧内は帰無対照 ===
特徴量                        k=1               k=2               k=3               k=4               k=5
OBI              +27.41 (+0.13)     +20.26 (+0.13)     +15.91 (+0.11)     +13.34 (+0.12)     +11.44 (+0.13)
OFI               +8.62 (+0.02)      +6.41 (+0.02)      +4.62 (+0.01)      +3.80 (+0.00)      +3.02 (+0.03)
BookSlope        +27.43 (+0.11)     +20.28 (+0.11)     +15.90 (+0.13)     +13.34 (+0.12)     +11.45 (+0.12)
micro_dev        +27.42 (+0.12)     +20.28 (+0.11)     +15.91 (+0.11)     +13.33 (+0.12)     +11.46 (+0.11)
d_spread          -6.82 (+0.98)      -0.36 (+0.98)      +0.47 (+0.99)      +1.10 (+0.99)      +1.25 (+0.98)
d_depth           -6.90 (+0.09)      -1.95 (+0.11)      -1.31 (+0.09)      -0.33 (+0.09)      -0.13 (+0.11)
ret               +7.95 (+1.08)      +5.71 (+1.09)      +4.35 (+1.09)      +3.86 (+1.05)      +3.24 (+1.08)
taker_sign       +16.92 (+0.42)     +13.27 (+0.46)     +11.18 (+0.46)      +9.88 (+0.45)      +8.95 (+0.40)

符号を持たず載せられない特徴量(常に正で退化): スプレッド幅 / 最良気配の合計数量 / 約定量 / 注文サイズ / 到着深さ

-> data/sign_persist_cells_xyz_SNDK.parquet ほか 2 本
