===== xyz:KIOXIA のスイート開始 23:58:26 =====
  [23:58:26] oi_volume ... ok
  [23:58:45] volume_side ... ok
  [23:58:53] order_size ... ok
  [23:59:05] vol ... ok
  [00:04:42] variance ... NG
  [00:05:03] sign_chain ... ok
  [00:06:00] microprice ... ok
  [00:06:41] obi_ofi ... ok
  [00:07:55] book_slope ... ok
  [00:09:42] cancel_rate ... ok
  [00:11:38] depth ... ok
  [00:16:06] sign_persist ... ok
  [00:16:36] acf_200ms ... ok
  [00:17:15] var100 ... ok
  [00:29:34] spread_flow ... ok
  [00:29:42] markout ... ok
  [00:30:19] resilience ... ok
  [00:30:42] plot_oi_volume ... ok
  [00:30:53] plot_volume_side ... ok
  [00:31:13] plot_order_size ... ok
  [00:31:22] plot_vol ... NG
  [00:31:26] plot_microprice ... ok
  [00:31:37] plot_obi_ofi ... ok
  [00:31:45] plot_book_slope ... ok
  [00:31:52] plot_cancel_rate ... ok
  [00:32:05] plot_depth ... ok
  [00:32:13] plot_sign_persistence ... ok
  [00:32:19] plot_acf_200ms ... NG
  [00:32:24] plot_var100 ... ok
  [00:32:30] plot_spread_flow ... ok
  [00:32:38] plot_markout ... ok
  [00:32:43] plot_resilience ... NG
  [00:32:50] plot_price ... ok
  [00:32:57] variance_chart ... ok
===== xyz:KIOXIA 終了 00:33:02 =====
FAILED[xyz:KIOXIA]: variance plot_vol plot_acf_200ms plot_resilience
