[load] 22,318,813 行 -> 22,318,813 行(クロス・数量 0 を除去 0)
[日] 99 日 = 立会日 68 / 閉場日 31
[OFI] 正規化できた行 22,316,214 / 22,318,813(残りは尺度の助走 5,000 イベント分と日の初回)
[OFI_z] 中央値 +0.0000 / |z|>2 の割合 6.10%
[OBI]   中央値 -0.0098 / |OBI|>0.75 の割合 42.42%
[費用] スプレッド中央値 2.170 bp / 片道の半スプレッド 1.085 bp
[集計] 日×説明変数×帯×ホライズン 12,474 行

=== OBI / 立会日 — P(mid が k イベント後に上昇 | 変化あり)[%] ===
帯                     k=1      k=5     k=10     k=20     k=30     k=50    k=100             n
−1.00〜−0.75          35.5     39.5     42.0     44.1     45.1     46.1     47.1     4,458,744
−0.75〜−0.50          43.0     45.6     46.7     47.6     48.0     48.4     48.7     2,191,838
−0.50〜−0.25          45.4     47.3     48.0     48.6     48.8     49.0     49.2     1,817,153
−0.25〜0              48.1     49.1     49.4     49.6     49.7     49.7     49.6     1,785,024
ちょうど 0               49.5     49.6     50.0     49.9     49.6     49.9     49.7        99,691
0〜+0.25              52.3     51.3     50.9     50.6     50.5     50.3     50.1     1,781,835
+0.25〜+0.50          55.0     52.9     52.1     51.5     51.2     50.9     50.5     1,798,338
+0.50〜+0.75          57.2     54.6     53.4     52.4     51.9     51.4     50.9     2,177,781
+0.75〜+1.00          64.5     60.4     57.7     55.6     54.6     53.5     52.4     4,288,818
無条件                  49.9     49.9     49.9     49.9     49.9     49.9     49.8
変化なし率                50.4     19.1     10.9      6.6      5.1      3.7      2.4

=== OBI / 閉場日 — P(mid が k イベント後に上昇 | 変化あり)[%] ===
帯                     k=1      k=5     k=10     k=20     k=30     k=50    k=100             n
−1.00〜−0.75          36.1     38.4     39.8     42.4     43.8     45.3     47.0       388,514
−0.75〜−0.50          43.3     44.9     45.8     47.4     48.2     48.9     49.4       238,289
−0.50〜−0.25          44.5     46.5     47.6     48.6     49.1     49.4     50.2       186,728
−0.25〜0              47.7     49.0     49.6     49.9     50.0     50.1     50.4       194,530
ちょうど 0               50.0     50.7     51.6     51.7     51.9     51.4     51.9         7,693
0〜+0.25              54.8     54.0     53.5     52.9     52.7     52.5     52.2       190,267
+0.25〜+0.50          57.6     56.2     55.3     54.3     53.7     53.2     52.8       173,663
+0.50〜+0.75          59.6     58.3     57.4     55.8     54.9     53.9     52.9       208,406
+0.75〜+1.00          64.2     62.9     61.7     59.4     58.1     56.4     54.8       331,402
無条件                  50.4     50.7     50.8     50.9     51.0     50.9     51.0
変化なし率                60.5     32.0     21.4     13.4     10.1      7.0      4.2

=== OFI_z / 立会日 — P(mid が k イベント後に上昇 | 変化あり)[%] ===
帯                     k=1      k=5     k=10     k=20     k=30     k=50    k=100             n
< −2σ                38.3     42.0     44.3     45.9     46.6     47.3     47.9       648,646
−2〜−1σ               36.5     41.5     43.9     45.7     46.5     47.2     47.8     1,095,927
−1〜−0.5σ             39.9     43.5     45.3     46.6     47.2     47.8     48.2     1,487,320
−0.5〜0σ              44.3     45.4     46.5     47.5     48.0     48.3     48.7     6,640,616
ちょうど 0               49.5     49.7     49.7     49.6     49.5     49.4     49.2       634,810
0〜+0.5σ              56.1     54.7     53.5     52.5     52.0     51.5     51.0     6,712,657
+0.5〜+1σ             59.5     56.0     54.3     53.1     52.5     51.9     51.2     1,477,959
+1〜+2σ               62.5     57.8     55.4     53.7     53.1     52.4     51.6     1,063,090
> +2σ                59.6     56.6     54.7     53.1     52.5     51.9     51.2       635,629
無条件                  49.9     49.9     49.9     49.9     49.9     49.9     49.8
変化なし率                53.2     20.3     11.7      7.1      5.4      3.9      2.5

=== OFI_z / 閉場日 — P(mid が k イベント後に上昇 | 変化あり)[%] ===
帯                     k=1      k=5     k=10     k=20     k=30     k=50    k=100             n
< −2σ                52.2     47.3     46.2     46.6     47.1     47.7     48.3        39,035
−2〜−1σ               48.6     44.9     44.9     46.4     47.6     48.5     49.7        73,809
−1〜−0.5σ             44.9     43.7     44.4     46.4     46.8     47.7     48.5        83,275
−0.5〜0σ              46.8     45.2     45.9     47.3     48.1     48.8     49.7       721,514
ちょうど 0               50.1     49.7     49.9     50.1     50.3     50.1     50.7        75,247
0〜+0.5σ              53.9     56.3     55.8     54.6     53.9     53.1     52.5       725,706
+0.5〜+1σ             55.4     57.1     57.2     55.8     54.8     53.8     52.4        83,836
+1〜+2σ               53.4     57.0     57.3     56.0     55.0     54.1     53.1        77,996
> +2σ                47.6     54.2     54.6     54.2     53.5     52.7     52.3        39,043
無条件                  50.4     50.7     50.8     50.9     51.0     50.9     51.0
変化なし率                63.6     35.2     23.6     14.7     11.1      7.6      4.4

=== OBI × OFI_z の同時分布 — P(上昇|変化あり)[%] / 立会日 k=10 ===
  片方で層別してももう一方が効くなら、2 つは別の情報を持っている
OBI \ OFI_z           < −2σ     −2〜−1σ   −1〜−0.5σ    −0.5〜0σ     ちょうど 0    0〜+0.5σ   +0.5〜+1σ     +1〜+2σ      > +2σ
−1.00〜−0.75            38.4       39.4       40.5       39.8       42.9       47.1       45.8       44.5       42.7
−0.75〜−0.50            44.3       44.2       45.1       44.2       46.3       50.2       50.5       48.5       47.6
−0.50〜−0.25            46.6       45.5       45.9       45.6       47.7       50.8       50.9       50.7       49.9
−0.25〜0                47.3       47.0       46.9       47.0       49.3       52.1       51.8       51.8       50.2
ちょうど 0                 50.9       49.9       47.0       48.1       48.6       52.2       52.3       51.8       48.8
0〜+0.25                49.3       48.0       48.3       48.4       50.7       53.3       52.8       53.1       51.7
+0.25〜+0.50            49.9       48.9       49.1       49.2       52.7       54.7       53.4       54.6       53.0
+0.50〜+0.75            52.4       50.5       49.7       50.2       53.1       56.1       54.4       54.8       54.9
+0.75〜+1.00            56.8       55.2       54.2       52.9       56.3       60.1       59.1       60.2       60.7
  OBI を固定したときの OFI_z 方向の振れ幅: 中央 5.9pp / 最大 8.7pp
  OFI_z を固定したときの OBI 方向の振れ幅: 中央 13.7pp / 最大 18.4pp

=== 期待される符号つき値動き(bp)/ 立会日。片道の半スプレッド = 1.085 bp ===
  確率が 65% でも、動く幅がこれを超えなければ板を取りに行っては捕まえられない
  --- OBI ---
帯                      k=1       k=5      k=10      k=20      k=30      k=50     k=100
−1.00〜−0.75         -0.110    -0.337    -0.377    -0.469    -0.487    -0.492    -0.550
−0.75〜−0.50         -0.011    -0.122    -0.144    -0.121    -0.077    -0.139    -0.087
−0.50〜−0.25         -0.009    -0.048    -0.041    -0.062     0.004    -0.079     0.020
−0.25〜0              0.076     0.042     0.010     0.122     0.018     0.087    -0.022
ちょうど 0               0.041     0.050     0.047     0.038     0.070     0.075     0.133
0〜+0.25              0.074     0.133     0.165     0.158     0.089     0.121     0.080
+0.25〜+0.50          0.064     0.073     0.113     0.114     0.143     0.090     0.106
+0.50〜+0.75          0.110     0.219     0.193     0.202     0.244     0.293     0.237
+0.75〜+1.00          0.147     0.355     0.411     0.452     0.454     0.488     0.552
  --- OFI_z ---
帯                      k=1       k=5      k=10      k=20      k=30      k=50     k=100
< −2σ                0.164    -0.031     0.040    -0.113    -0.152    -0.253    -0.346
−2〜−1σ              -0.127    -0.309    -0.203    -0.317    -0.315    -0.375    -0.335
−1〜−0.5σ            -0.032    -0.071    -0.175    -0.250    -0.291    -0.249    -0.326
−0.5〜0σ              0.051    -0.078    -0.133    -0.147    -0.161    -0.136    -0.193
ちょうど 0              -0.001    -0.002     0.039    -0.028    -0.026     0.040    -0.056
0〜+0.5σ              0.049     0.132     0.172     0.203     0.239     0.219     0.289
+0.5〜+1σ             0.069     0.226     0.259     0.310     0.313     0.316     0.375
+1〜+2σ               0.093     0.277     0.317     0.412     0.363     0.401     0.411
> +2σ               -0.024     0.170     0.186     0.302     0.248     0.226     0.151
  最大の |期待値動き| = 0.552 bp(半スプレッド 1.085 bp の 0.51 倍)

=== 帰無対照(帯を日内で巡回シフト)===
  OBI/立会日: 帰無 中央 0.042pt 最大 0.445pt  /  実測 中央 1.80pt 最大 14.55pt  (最大の比 33 倍)
  OBI/閉場日: 帰無 中央 0.135pt 最大 1.095pt  /  実測 中央 3.19pt 最大 14.29pt  (最大の比 13 倍)
  OFI_z/立会日: 帰無 中央 0.046pt 最大 0.241pt  /  実測 中央 3.19pt 最大 13.47pt  (最大の比 56 倍)
  OFI_z/閉場日: 帰無 中央 0.187pt 最大 0.998pt  /  実測 中央 3.37pt 最大 7.03pt  (最大の比 7 倍)

[多重比較] セル数 252。Bonferroni の閾値は 0.05/252 = 1.98e-04(|z| > 3.86)
  95% 区間が 0 をまたがないセル 234 / 252
  Bonferroni を超えるセル       192 / 252
-> data/obi_ofi_cells_xyz_INTC.parquet / obi_ofi_joint_xyz_INTC.parquet
