[件数] 約定 9,548,872 件 → 成行注文 5,451,464 本(1 本あたり 1.75 件)

時間帯                   区分                本数       中央値        平均     第1四分位     第3四分位      99%点         最大
開場後 2 時間              全曜日        1,079,376     0.430     3.421     0.099     1.979     50.00     2436.4
開場後 2 時間              立会日        1,043,560     0.462     3.515     0.100     2.006     50.00     2436.4
開場後 2 時間              休場日           35,816     0.129     0.655     0.032     0.344      8.26      676.4
昼 11 時から 2 時間         全曜日          389,257     0.274     1.708     0.074     1.000     24.05     1084.7
昼 11 時から 2 時間         立会日          354,744     0.288     1.800     0.080     1.057     25.00     1084.7
昼 11 時から 2 時間         休場日           34,513     0.143     0.771     0.040     0.408     10.13     1012.6
閉場前 2 時間              全曜日          486,162     0.302     2.575     0.077     1.322     40.00     1999.7
閉場前 2 時間              立会日          454,626     0.325     2.697     0.080     1.412     41.18     1999.7
閉場前 2 時間              休場日           31,536     0.145     0.816     0.036     0.461     10.07      300.0
深夜 11 時から 2 時間        全曜日          435,477     0.268     1.802     0.074     1.010     25.00     2089.2
深夜 11 時から 2 時間        立会日          383,503     0.292     1.941     0.075     1.109     26.19     2089.2
深夜 11 時から 2 時間        休場日           51,974     0.162     0.777     0.066     0.496     10.00     1025.6

=== 全曜日での窓どうしの比較(成行注文 1 本)===
  開場後 2 時間               中央値  0.430 枚(開場後比 1.00 倍) / 平均  3.421(同 1.00 倍) / 10 枚以上の割合  7.07%
  昼 11 時から 2 時間          中央値  0.274 枚(開場後比 0.64 倍) / 平均  1.708(同 0.50 倍) / 10 枚以上の割合  3.07%
  閉場前 2 時間               中央値  0.302 枚(開場後比 0.70 倍) / 平均  2.575(同 0.75 倍) / 10 枚以上の割合  4.79%
  深夜 11 時から 2 時間         中央値  0.268 枚(開場後比 0.62 倍) / 平均  1.802(同 0.53 倍) / 10 枚以上の割合  3.50%

=== 分布の裾: 上位 1% が担う数量の割合(全曜日)===
  開場後 2 時間               上位 1%(10,793 本)が全数量の 32.36%
  昼 11 時から 2 時間          上位 1%(3,892 本)が全数量の 33.69%
  閉場前 2 時間               上位 1%(4,861 本)が全数量の 37.45%
  深夜 11 時から 2 時間         上位 1%(4,354 本)が全数量の 33.92%

[out] data/order_size_stats_xyz_SNDK.csv, data/order_size_hist_xyz_SNDK.csv
