[V3] 建玉の飛び 11,322 / 6,297,539 遷移 = 0.1798%  Σ|飛び| = 103,719 枚
[V4] 窓開始 OI: long 9,341 / short 10,439 / ネット -1,098 (= 未観測ユーザーの建玉。0 に近いほど良い)
[out] 99 日 -> C:\Users\ii562\Downloads\Memory\data\daily_oi_volume_xyz_SMSN.parquet
[out] 建玉の時系列 2,307,278 点 -> data/oi_series_xyz_SMSN.parquet
shape: (99, 8)
┌────────────┬───────────────┬────────────┬─────────────┬────────────┬────────────┬──────────┬────────────┐
│ d          ┆ oi_mean       ┆ oi_halfgap ┆ oi_mean_usd ┆ volume     ┆ volume_usd ┆ n_trades ┆ vwap       │
│ ---        ┆ ---           ┆ ---        ┆ ---         ┆ ---        ┆ ---        ┆ ---      ┆ ---        │
│ date       ┆ f64           ┆ f64        ┆ f64         ┆ f64        ┆ f64        ┆ u32      ┆ f64        │
╞════════════╪═══════════════╪════════════╪═════════════╪════════════╪════════════╪══════════╪════════════╡
│ 2026-05-04 ┆ 10781.186563  ┆ 530.872    ┆ 1.6939e6    ┆ 7399.796   ┆ 1.1626e6   ┆ 1699     ┆ 157.11746  │
│ 2026-05-05 ┆ 10806.350291  ┆ 566.56297  ┆ 1.7617e6    ┆ 9438.468   ┆ 1.5387e6   ┆ 6697     ┆ 163.024985 │
│ 2026-05-06 ┆ 13421.607034  ┆ 591.332171 ┆ 2.4951e6    ┆ 21413.834  ┆ 3.9809e6   ┆ 4509     ┆ 185.90196  │
│ 2026-05-07 ┆ 15135.030838  ┆ 584.855222 ┆ 2.7809e6    ┆ 23124.841  ┆ 4.2490e6   ┆ 5196     ┆ 183.742535 │
│ …          ┆ …             ┆ …          ┆ …           ┆ …          ┆ …          ┆ …        ┆ …          │
│ 2026-08-07 ┆ 206677.051137 ┆ 101.297782 ┆ 3.3996e7    ┆ 451044.775 ┆ 7.4191e7   ┆ 75344    ┆ 164.48776  │
│ 2026-08-08 ┆ 210777.183417 ┆ 101.296998 ┆ 3.5316e7    ┆ 27658.27   ┆ 4.6342e6   ┆ 9406     ┆ 167.550787 │
│ 2026-08-09 ┆ 211596.71278  ┆ 101.296998 ┆ 3.5474e7    ┆ 66045.03   ┆ 1.1072e7   ┆ 15494    ┆ 167.649411 │
│ 2026-08-10 ┆ 210390.161582 ┆ 101.28348  ┆ 3.4265e7    ┆ 415077.427 ┆ 6.7601e7   ┆ 67812    ┆ 162.864211 │
└────────────┴───────────────┴────────────┴─────────────┴────────────┴────────────┴──────────┴────────────┘
