[検算] 同一 ns・同一ユーザーで向きが混在するグループ: 796 / 2,031,988
[約定単位] 3,161,750 イベント / 99 日 / 買いの割合 51.92%
[成行注文単位] 2,031,988 イベント / 99 日 / 買いの割合 53.57%

=== 約定単位: 次数 k を 1 つ増やすと情報が増えるか(入れ替え検定 R = 20)===
 k        実データ G       帰無の平均      帰無の 95%点      倍率      効果量  判定
 1     1,271,487         177           212  7175.0   0.3178  有意
 2        71,393         184           207   388.7   0.1282  有意
 3        30,200         184           208   163.8   0.0960  有意
 4        16,136         184           216    87.5   0.0772  有意
 5        11,033         202           241    54.6   0.0667  有意
 6         7,258         215           252    33.8   0.0595  有意
 7         5,675         239           279    23.7   0.0534  有意
 8         4,032         298           352    13.5   0.0702  有意
 9         3,647         424           486     8.6   0.0781  有意
10         3,171         682           730     4.6   0.1523  有意
11         3,455       1,194         1,264     2.9   0.1236  有意
12         3,908       2,197         2,367     1.8   0.1005  有意
13         5,964       4,296         4,442     1.4   0.1652  有意
14        10,274       8,389         8,580     1.2   0.1278  有意
  → 帰無分布を超える最大の次数: k = 14

=== 成行注文単位: 次数 k を 1 つ増やすと情報が増えるか(入れ替え検定 R = 20)===
 k        実データ G       帰無の平均      帰無の 95%点      倍率      効果量  判定
 1       326,128         580           647   561.9   0.2119  有意
 2        72,511         566           641   128.2   0.1375  有意
 3        30,682         555           657    55.3   0.1059  有意
 4        18,227         533           590    34.2   0.0941  有意
 5        12,129         538           591    22.5   0.0878  有意
 6         8,755         543           628    16.1   0.0815  有意
 7         6,424         576           657    11.2   0.0744  有意
 8         5,006         641           717     7.8   0.0631  有意
 9         4,350         756           829     5.8   0.0655  有意
10         3,984         971         1,048     4.1   0.0806  有意
11         4,008       1,494         1,592     2.7   0.1122  有意
12         4,628       2,500         2,591     1.9   0.1555  有意
13         6,541       4,577         4,709     1.4   0.1167  有意
14        10,243       8,633         8,832     1.2   0.1251  有意
  → 帰無分布を超える最大の次数: k = 14

=== 約定単位 の 1 次推移確率(次が買いになる確率)===
  直前 売 → 買い  20.14%  売り  79.86%  (n =  1,520,023, 標準誤差 0.033%)
  直前 買 → 買い  81.35%  売り  18.65%  (n =  1,641,628, 標準誤差 0.030%)

=== 約定単位 の 2 次推移確率(次が買いになる確率)===
  直前 売売 → 買い  16.97%  売り  83.03%  (n =  1,213,828, 標準誤差 0.034%)
  直前 売買 → 買い  68.53%  売り  31.47%  (n =    306,153, 標準誤差 0.084%)
  直前 買売 → 買い  32.73%  売り  67.27%  (n =    306,152, 標準誤差 0.085%)
  直前 買買 → 買い  84.29%  売り  15.71%  (n =  1,335,419, 標準誤差 0.031%)

=== 約定単位 の 3 次推移確率(次が買いになる確率)===
  直前 売売売 → 買い  15.01%  売り  84.99%  (n =  1,007,859, 標準誤差 0.036%)
  直前 売売買 → 買い  67.24%  売り  32.76%  (n =    205,935, 標準誤差 0.103%)
  直前 売買売 → 買い  29.92%  売り  70.08%  (n =     96,345, 標準誤差 0.148%)
  直前 売買買 → 買い  75.05%  売り  24.95%  (n =    209,797, 標準誤差 0.094%)
  直前 買売売 → 買い  26.56%  売り  73.44%  (n =    205,932, 標準誤差 0.097%)
  直前 買売買 → 買い  71.19%  売り  28.81%  (n =    100,212, 標準誤差 0.143%)
  直前 買買売 → 買い  34.03%  売り  65.97%  (n =    209,798, 標準誤差 0.103%)
  直前 買買買 → 買い  86.01%  売り  13.99%  (n =  1,125,575, 標準誤差 0.033%)

=== 成行注文単位 の 1 次推移確率(次が買いになる確率)===
  直前 売 → 買い  32.38%  売り  67.62%  (n =    943,363, 標準誤差 0.048%)
  直前 買 → 買い  71.94%  売り  28.06%  (n =  1,088,526, 標準誤差 0.043%)

=== 成行注文単位 の 2 次推移確率(次が買いになる確率)===
  直前 売売 → 買い  25.80%  売り  74.20%  (n =    637,855, 標準誤差 0.055%)
  直前 売買 → 買い  58.88%  売り  41.12%  (n =    305,462, 標準誤差 0.089%)
  直前 買売 → 買い  46.13%  売り  53.87%  (n =    305,465, 標準誤差 0.090%)
  直前 買買 → 買い  77.03%  売り  22.97%  (n =    783,008, 標準誤差 0.048%)

=== 成行注文単位 の 3 次推移確率(次が買いになる確率)===
  直前 売売売 → 買い  22.11%  売り  77.89%  (n =    473,296, 標準誤差 0.060%)
  直前 売売買 → 買い  54.81%  売り  45.19%  (n =    164,528, 標準誤差 0.123%)
  直前 売買売 → 買い  40.84%  売り  59.16%  (n =    125,604, 標準誤差 0.139%)
  直前 売買買 → 買い  66.65%  売り  33.35%  (n =    179,844, 標準誤差 0.111%)
  直前 買売売 → 買い  36.39%  売り  63.61%  (n =    164,531, 標準誤差 0.119%)
  直前 買売買 → 買い  63.63%  売り  36.37%  (n =    140,919, 標準誤差 0.128%)
  直前 買買売 → 買い  49.83%  売り  50.17%  (n =    179,841, 標準誤差 0.118%)
  直前 買買買 → 買い  80.13%  売り  19.87%  (n =    603,128, 標準誤差 0.051%)

=== 同じ向きが n 回続いた直後に、また同じ向きが来る割合 ===
  n                   約定単位                 成行注文単位
  1   67.90% (n=  612,404)   56.37% (n=  611,026)
  2   74.25% (n=  415,813)   65.20% (n=  344,439)
  3   78.08% (n=  308,740)   69.95% (n=  224,573)
  4   80.15% (n=  241,044)   73.06% (n=  157,074)
  5   82.14% (n=  193,191)   75.79% (n=  114,749)
  6   83.34% (n=  158,680)   77.81% (n=   86,958)
  7   84.82% (n=  132,245)   80.08% (n=   67,655)
  8   85.59% (n=  112,172)   80.98% (n=   54,172)
  9   86.46% (n=   96,006)   82.37% (n=   43,866)
 10   86.96% (n=   83,004)   83.09% (n=   36,128)

[chart] C:\Users\ii562\Downloads\Memory\charts\xyz_INTC_sign_chain_continuation.png
[chart] C:\Users\ii562\Downloads\Memory\charts\xyz_INTC_sign_chain_matrix.png

=== 同一 ns の並べ方への感度(10 通りの無作為な並べ方)===
  買→買: 71.95% 〜 71.96%(幅 0.01 ポイント)
  売→売: 67.63% 〜 67.64%(幅 0.02 ポイント)
  買買→買: 77.03% 〜 77.05%(幅 0.02 ポイント)
  売売→売: 74.19% 〜 74.21%(幅 0.01 ポイント)
