===== xyz:AMD のスイート開始 00:33:13 =====
  [00:33:13] oi_volume ... ok
  [00:33:26] volume_side ... ok
  [00:33:30] order_size ... ok
  [00:33:38] vol ... ok
  [00:38:31] variance ... ok
  [00:38:46] sign_chain ... ok
  [00:39:23] microprice ... ok
  [00:41:11] obi_ofi ... ok
  [00:44:57] book_slope ... ok
  [00:48:46] cancel_rate ... ok
  [00:52:05] depth ... ok
  [00:58:37] sign_persist ... ok
  [00:59:39] acf_200ms ... ok
  [01:00:34] var100 ... ok
  [01:34:15] spread_flow ... ok
  [01:34:50] markout ... ok
  [01:35:50] resilience ... ok
  [01:37:30] plot_oi_volume ... ok
  [01:38:02] plot_volume_side ... ok
  [01:38:32] plot_order_size ... ok
  [01:38:49] plot_vol ... NG
  [01:39:18] plot_microprice ... ok
  [01:39:59] plot_obi_ofi ... ok
  [01:40:34] plot_book_slope ... ok
  [01:40:53] plot_cancel_rate ... ok
  [01:41:28] plot_depth ... ok
  [01:41:49] plot_sign_persistence ... ok
  [01:42:22] plot_acf_200ms ... NG
  [01:42:51] plot_var100 ... ok
  [01:43:11] plot_spread_flow ... ok
  [01:43:49] plot_markout ... ok
  [01:44:15] plot_resilience ... NG
  [01:45:23] plot_price ... ok
  [01:45:56] variance_chart ... ok
===== xyz:AMD 終了 01:46:13 =====
FAILED[xyz:AMD]: plot_vol plot_acf_200ms plot_resilience
