[検算] 同一 ns・同一ユーザーで向きが混在するグループ: 20 / 508,919
[約定単位] 1,173,168 イベント / 47 日 / 買いの割合 51.63%
[成行注文単位] 508,919 イベント / 47 日 / 買いの割合 53.95%

=== 約定単位: 次数 k を 1 つ増やすと情報が増えるか(入れ替え検定 R = 20)===
 k        実データ G       帰無の平均      帰無の 95%点      倍率      効果量  判定
 1       747,589          41            59 18335.6   0.3885  有意
 2        14,994          41            58   365.3   0.1127  有意
 3         7,790          46            63   169.0   0.0857  有意
 4         4,303          45            65    94.9   0.0979  有意
 5         3,026          57            76    53.1   0.0940  有意
 6         2,399          65            81    36.7   0.1324  有意
 7         1,876         103           129    18.3   0.1076  有意
 8         1,614         167           191     9.7   0.1350  有意
 9         1,638         298           338     5.5   0.1839  有意
10         1,611         557           588     2.9   0.0842  有意
11         2,107       1,073         1,153     2.0   0.1064  有意
12         3,250       2,072         2,155     1.6   0.1006  有意
13         5,489       4,156         4,325     1.3   0.0803  有意
14         8,212       8,322         8,500     1.0   0.1113  有意でない
  → 帰無分布を超える最大の次数: k = 13

=== 成行注文単位: 次数 k を 1 つ増やすと情報が増えるか(入れ替え検定 R = 20)===
 k        実データ G       帰無の平均      帰無の 95%点      倍率      効果量  判定
 1        95,450         272           310   350.6   0.2302  有意
 2        32,344         260           289   124.2   0.1896  有意
 3        12,048         265           321    45.5   0.1269  有意
 4         6,235         265           331    23.6   0.1027  有意
 5         3,435         253           302    13.6   0.0809  有意
 6         2,389         274           308     8.7   0.0833  有意
 7         1,786         307           349     5.8   0.0801  有意
 8         1,361         349           400     3.9   0.1120  有意
 9         1,383         490           555     2.8   0.1359  有意
10         1,356         721           810     1.9   0.1348  有意
11         1,984       1,234         1,312     1.6   0.1109  有意
12         2,740       2,269         2,373     1.2   0.1521  有意
13         4,781       4,344         4,512     1.1   0.1424  有意
14         9,930       8,594         8,788     1.2   0.1024  有意
  → 帰無分布を超える最大の次数: k = 14

=== 約定単位 の 1 次推移確率(次が買いになる確率)===
  直前 売 → 買い  12.78%  売り  87.22%  (n =    567,463, 標準誤差 0.044%)
  直前 買 → 買い  88.03%  売り  11.97%  (n =    605,658, 標準誤差 0.042%)

=== 約定単位 の 2 次推移確率(次が買いになる確率)===
  直前 売売 → 買い  11.29%  売り  88.71%  (n =    494,937, 標準誤差 0.045%)
  直前 売買 → 買い  76.76%  売り  23.24%  (n =     72,504, 標準誤差 0.157%)
  直前 買売 → 買い  22.95%  売り  77.05%  (n =     72,498, 標準誤差 0.156%)
  直前 買買 → 買い  89.56%  売り  10.44%  (n =    533,135, 標準誤差 0.042%)

=== 約定単位 の 3 次推移確率(次が買いになる確率)===
  直前 売売売 → 買い  10.20%  売り  89.80%  (n =    439,054, 標準誤差 0.046%)
  直前 売売買 → 買い  76.57%  売り  23.43%  (n =     55,865, 標準誤差 0.179%)
  直前 売買売 → 買い  22.70%  売り  77.30%  (n =     16,849, 標準誤差 0.323%)
  直前 売買買 → 買い  81.36%  売り  18.64%  (n =     55,654, 標準誤差 0.165%)
  直前 買売売 → 買い  19.86%  売り  80.14%  (n =     55,859, 標準誤差 0.169%)
  直前 買売買 → 買い  77.39%  売り  22.61%  (n =     16,635, 標準誤差 0.324%)
  直前 買買売 → 買い  23.02%  売り  76.98%  (n =     55,645, 標準誤差 0.178%)
  直前 買買買 → 買い  90.52%  売り   9.48%  (n =    477,466, 標準誤差 0.042%)

=== 成行注文単位 の 1 次推移確率(次が買いになる確率)===
  直前 売 → 買い  30.93%  売り  69.07%  (n =    234,328, 標準誤差 0.095%)
  直前 買 → 買い  73.60%  売り  26.40%  (n =    274,544, 標準誤差 0.084%)

=== 成行注文単位 の 2 次推移確率(次が買いになる確率)===
  直前 売売 → 買い  22.91%  売り  77.09%  (n =    161,833, 標準誤差 0.104%)
  直前 売買 → 買い  54.64%  売り  45.36%  (n =     72,471, 標準誤差 0.185%)
  直前 買売 → 買い  48.84%  売り  51.16%  (n =     72,467, 標準誤差 0.186%)
  直前 買買 → 買い  80.40%  売り  19.60%  (n =    202,054, 標準誤差 0.088%)

=== 成行注文単位 の 3 次推移確率(次が買いになる確率)===
  直前 売売売 → 買い  19.27%  売り  80.73%  (n =    124,738, 標準誤差 0.112%)
  直前 売売買 → 買い  47.09%  売り  52.91%  (n =     37,077, 標準誤差 0.259%)
  直前 売買売 → 買い  40.03%  売り  59.97%  (n =     32,869, 標準誤差 0.270%)
  直前 売買買 → 買い  67.71%  売り  32.29%  (n =     39,597, 標準誤差 0.235%)
  直前 買売売 → 買い  35.17%  売り  64.83%  (n =     37,076, 標準誤差 0.248%)
  直前 買売買 → 買い  62.56%  売り  37.44%  (n =     35,385, 標準誤差 0.257%)
  直前 買買売 → 買い  56.14%  売り  43.86%  (n =     39,593, 標準誤差 0.249%)
  直前 買買買 → 買い  83.50%  売り  16.50%  (n =    162,443, 標準誤差 0.092%)

=== 同じ向きが n 回続いた直後に、また同じ向きが来る割合 ===
  n                   約定単位                 成行注文単位
  1   76.91% (n=  145,049)   52.91% (n=  144,985)
  2   80.75% (n=  111,552)   66.32% (n=   76,706)
  3   83.91% (n=   90,075)   73.11% (n=   50,860)
  4   85.56% (n=   75,582)   76.82% (n=   37,182)
  5   86.73% (n=   64,664)   79.58% (n=   28,562)
  6   87.88% (n=   56,078)   80.99% (n=   22,729)
  7   88.47% (n=   49,279)   83.25% (n=   18,407)
  8   89.18% (n=   43,595)   83.64% (n=   15,322)
  9   89.63% (n=   38,874)   85.06% (n=   12,814)
 10   90.02% (n=   34,839)   85.27% (n=   10,899)

[chart] C:\Users\ii562\Downloads\Memory\charts\xyz_KIOXIA_sign_chain_continuation.png
[chart] C:\Users\ii562\Downloads\Memory\charts\xyz_KIOXIA_sign_chain_matrix.png

=== 同一 ns の並べ方への感度(10 通りの無作為な並べ方)===
  買→買: 73.62% 〜 73.63%(幅 0.02 ポイント)
  売→売: 69.09% 〜 69.11%(幅 0.02 ポイント)
  買買→買: 80.38% 〜 80.42%(幅 0.03 ポイント)
  売売→売: 77.06% 〜 77.10%(幅 0.04 ポイント)
