[load] 33,654,059 行 -> 33,631,491 行(クロス・数量 0 を除去 22,568)
[検算] BookSlope/(S_bid+S_ask) = OBI の最大誤差 2.220e-16
[日] 99 日 = 立会日 68 / 閉場日 31
[尺度] 半スプレッド 中央 0.718 bp / 両側の傾き 中央 14.1 枚/bp
[BookSlope] 生の中央 -0.00 枚/bp / z の |値|>2 が 5.47%
  BookSlope_z  立会日 k=1    n= 30,397,720  beta +0.0574  HAC t    +23.8  GLS +0.0564  非重複 +0.0574  R2 0.00625  rho -0.047
  BookSlope_z  立会日 k=2    n= 30,397,652  beta +0.1085  HAC t    +23.8  GLS +0.1042  非重複 +0.1142  R2 0.01167  rho +0.495
  BookSlope_z  立会日 k=3    n= 30,397,584  beta +0.1530  HAC t    +23.7  GLS +0.1194  非重複 +0.1569  R2 0.01528  rho +0.663
  BookSlope_z  立会日 k=5    n= 30,397,448  beta +0.2101  HAC t    +23.6  GLS +0.1105  非重複 +0.2169  R2 0.01650  rho +0.804
  BookSlope_z  立会日 k=10   n= 30,397,108  beta +0.2594  HAC t    +23.5  GLS +0.0915  非重複 +0.2589  R2 0.01146  rho +0.909
  BookSlope_z  立会日 k=20   n= 30,396,428  beta +0.2924  HAC t    +23.3  GLS +0.0884  非重複 +0.3129  R2 0.00660  rho +0.958
  BookSlope_z  立会日 k=30   n= 30,395,748  beta +0.3070  HAC t    +23.3  GLS +0.0872  非重複 +0.3220  R2 0.00461  rho +0.974
  BookSlope_z  立会日 k=50   n= 30,394,388  beta +0.3204  HAC t    +23.0  GLS +0.0874  非重複 +0.2613  R2 0.00286  rho +0.985
  BookSlope_z  立会日 k=100  n= 30,390,988  beta +0.3356  HAC t    +20.4  GLS +0.0874  非重複 +0.3015  R2 0.00149  rho +0.993
  BookSlope_z  立会日 k=300  n= 30,377,388  beta +0.3592  HAC t    +16.4  GLS +0.0874  非重複 +0.3582  R2 0.00053  rho +0.998
  BookSlope_z  立会日 k=500  n= 30,363,788  beta +0.3571  HAC t    +13.5  GLS +0.0873  非重複 +0.4932  R2 0.00031  rho +0.999
  BookSlope_z  閉場日 k=1    n=  3,231,172  beta +0.0338  HAC t    +29.4  GLS +0.0334  非重複 +0.0338  R2 0.00659  rho -0.018
  BookSlope_z  閉場日 k=2    n=  3,231,141  beta +0.0616  HAC t    +28.6  GLS +0.0721  非重複 +0.0584  R2 0.01114  rho +0.511
  BookSlope_z  閉場日 k=3    n=  3,231,110  beta +0.0854  HAC t    +28.2  GLS +0.0848  非重複 +0.0883  R2 0.01399  rho +0.681
  BookSlope_z  閉場日 k=5    n=  3,231,048  beta +0.1196  HAC t    +28.1  GLS +0.0837  非重複 +0.1173  R2 0.01538  rho +0.820
  BookSlope_z  閉場日 k=10   n=  3,230,893  beta +0.1648  HAC t    +26.0  GLS +0.0757  非重複 +0.1520  R2 0.01262  rho +0.919
  BookSlope_z  閉場日 k=20   n=  3,230,583  beta +0.2067  HAC t    +24.7  GLS +0.0757  非重複 +0.1777  R2 0.00863  rho +0.964
  BookSlope_z  閉場日 k=30   n=  3,230,273  beta +0.2281  HAC t    +24.3  GLS +0.0746  非重複 +0.2359  R2 0.00662  rho +0.977
  BookSlope_z  閉場日 k=50   n=  3,229,653  beta +0.2486  HAC t    +21.7  GLS +0.0741  非重複 +0.2248  R2 0.00455  rho +0.987
  BookSlope_z  閉場日 k=100  n=  3,228,103  beta +0.2872  HAC t    +17.5  GLS +0.0743  非重複 +0.3297  R2 0.00301  rho +0.993
  BookSlope_z  閉場日 k=300  n=  3,221,903  beta +0.3182  HAC t    +10.2  GLS +0.0746  非重複 +0.4409  R2 0.00123  rho +0.998
  BookSlope_z  閉場日 k=500  n=  3,215,703  beta +0.3332  HAC t     +6.9  GLS +0.0737  非重複 +0.4968  R2 0.00081  rho +0.999
  OBI          立会日 k=1    n= 30,400,220  beta +0.1730  HAC t   +663.7  GLS +0.1730  非重複 +0.1730  R2 0.01923  rho -0.059
  OBI          立会日 k=2    n= 30,400,152  beta +0.2907  HAC t   +743.9  GLS +0.2035  非重複 +0.2907  R2 0.02842  rho +0.482
  OBI          立会日 k=3    n= 30,400,084  beta +0.3815  HAC t   +716.2  GLS +0.1796  非重複 +0.3813  R2 0.03223  rho +0.651
  OBI          立会日 k=5    n= 30,399,948  beta +0.5021  HAC t   +618.4  GLS +0.1388  非重複 +0.5011  R2 0.03198  rho +0.794
  OBI          立会日 k=10   n= 30,399,608  beta +0.6301  HAC t   +433.1  GLS +0.1015  非重複 +0.6315  R2 0.02296  rho +0.903
  OBI          立会日 k=20   n= 30,398,928  beta +0.7235  HAC t   +280.3  GLS +0.0929  非重複 +0.7230  R2 0.01371  rho +0.955
  OBI          立会日 k=30   n= 30,398,248  beta +0.7602  HAC t   +212.5  GLS +0.0911  非重複 +0.7558  R2 0.00961  rho +0.971
  OBI          立会日 k=50   n= 30,396,888  beta +0.7978  HAC t   +150.4  GLS +0.0902  非重複 +0.7796  R2 0.00603  rho +0.984
  OBI          立会日 k=100  n= 30,393,488  beta +0.8409  HAC t    +92.8  GLS +0.0908  非重複 +0.8175  R2 0.00317  rho +0.992
  OBI          立会日 k=300  n= 30,379,888  beta +0.8657  HAC t    +40.6  GLS +0.0903  非重複 +0.9670  R2 0.00104  rho +0.998
  OBI          立会日 k=500  n= 30,366,288  beta +0.8580  HAC t    +26.8  GLS +0.0911  非重複 +0.8863  R2 0.00060  rho +0.999
  OBI          閉場日 k=1    n=  3,231,172  beta +0.1213  HAC t   +256.4  GLS +0.1199  非重複 +0.1213  R2 0.02150  rho -0.016
  OBI          閉場日 k=2    n=  3,231,141  beta +0.2028  HAC t   +260.2  GLS +0.2171  非重複 +0.2029  R2 0.03058  rho +0.510
  OBI          閉場日 k=3    n=  3,231,110  beta +0.2687  HAC t   +247.4  GLS +0.2345  非重複 +0.2680  R2 0.03500  rho +0.679
  OBI          閉場日 k=5    n=  3,231,048  beta +0.3609  HAC t   +212.3  GLS +0.2248  非重複 +0.3591  R2 0.03546  rho +0.817
  OBI          閉場日 k=10   n=  3,230,893  beta +0.4790  HAC t   +149.6  GLS +0.2095  非重複 +0.4752  R2 0.02697  rho +0.917
  OBI          閉場日 k=20   n=  3,230,583  beta +0.5673  HAC t    +97.0  GLS +0.2038  非重複 +0.5655  R2 0.01645  rho +0.963
  OBI          閉場日 k=30   n=  3,230,273  beta +0.6049  HAC t    +72.3  GLS +0.2041  非重複 +0.5927  R2 0.01178  rho +0.976
  OBI          閉場日 k=50   n=  3,229,653  beta +0.6333  HAC t    +49.4  GLS +0.2042  非重複 +0.6548  R2 0.00747  rho +0.986
  OBI          閉場日 k=100  n=  3,228,103  beta +0.6840  HAC t    +29.6  GLS +0.2039  非重複 +0.7546  R2 0.00432  rho +0.993
  OBI          閉場日 k=300  n=  3,221,903  beta +0.7293  HAC t    +13.0  GLS +0.2041  非重複 +0.7685  R2 0.00164  rho +0.998
  OBI          閉場日 k=500  n=  3,215,703  beta +0.7523  HAC t     +8.5  GLS +0.2025  非重複 +0.6910  R2 0.00105  rho +0.999

=== BookSlope_z / 立会日 ===
    k   beta(OLS)      t(古典)    t(HAC)   beta(GLS)     beta(非重複)        R2      DW      プラセボ
    1      0.0574      437.1      23.8      0.0564        0.0574   0.00625   2.094    0.0002
    2      0.1085      599.2      23.8      0.1042        0.1142   0.01167   1.011   -0.0003
    3      0.1530      686.8      23.7      0.1194        0.1569   0.01528   0.674    0.0003
    5      0.2101      714.2      23.6      0.1105        0.2169   0.01650   0.393   -0.0000
   10      0.2594      593.6      23.5      0.0915        0.2589   0.01146   0.182    0.0004
   20      0.2924      449.2      23.3      0.0884        0.3129   0.00660   0.083    0.0034
   30      0.3070      375.4      23.3      0.0872        0.3220   0.00461   0.053    0.0000
   50      0.3204      295.5      23.0      0.0874        0.2613   0.00286   0.030   -0.0027
  100      0.3356      212.7      20.4      0.0874        0.3015   0.00149   0.014   -0.0088
  300      0.3592      126.9      16.4      0.0874        0.3582   0.00053   0.004    0.0134
  500      0.3571       96.8      13.5      0.0873        0.4932   0.00031   0.003    0.0092

-> data/book_slope_fits_xyz_SNDK.parquet / _bins_ / _meta_
