[検算] 同一 ns・同一ユーザーで向きが混在するグループ: 4,589 / 5,451,464
[約定単位] 9,548,872 イベント / 99 日 / 買いの割合 50.73%
[成行注文単位] 5,451,464 イベント / 99 日 / 買いの割合 51.74%

=== 約定単位: 次数 k を 1 つ増やすと情報が増えるか(入れ替え検定 R = 20)===
 k        実データ G       帰無の平均      帰無の 95%点      倍率      効果量  判定
 1     4,131,581         132           171 31342.5   0.3210  有意
 2       238,733         128           163  1858.7   0.1378  有意
 3        90,051         139           172   647.3   0.0950  有意
 4        45,926         132           189   348.6   0.0739  有意
 5        30,133         145           183   207.3   0.0647  有意
 6        19,318         150           169   128.4   0.0551  有意
 7        15,320         189           223    80.9   0.0511  有意
 8        10,388         265           319    39.2   0.0550  有意
 9         9,119         383           441    23.8   0.0761  有意
10         7,010         651           711    10.8   0.0912  有意
11         6,836       1,176         1,244     5.8   0.1300  有意
12         6,406       2,184         2,274     2.9   0.1495  有意
13         8,124       4,232         4,345     1.9   0.1222  有意
14        12,089       8,390         8,635     1.4   0.1390  有意
  → 帰無分布を超える最大の次数: k = 14

=== 成行注文単位: 次数 k を 1 つ増やすと情報が増えるか(入れ替え検定 R = 20)===
 k        実データ G       帰無の平均      帰無の 95%点      倍率      効果量  判定
 1       719,420         438           508  1641.4   0.1859  有意
 2       169,582         446           506   380.2   0.1219  有意
 3        67,443         446           493   151.2   0.0904  有意
 4        36,834         418           480    88.1   0.0752  有意
 5        22,733         436           482    52.1   0.0655  有意
 6        15,620         437           476    35.8   0.0606  有意
 7        11,721         465           529    25.2   0.0564  有意
 8         9,094         554           623    16.4   0.0526  有意
 9         7,752         664           710    11.7   0.0559  有意
10         6,620         901           965     7.4   0.0712  有意
11         6,414       1,416         1,505     4.5   0.0825  有意
12         6,764       2,418         2,526     2.8   0.1602  有意
13         8,067       4,482         4,615     1.8   0.2116  有意
14        11,624       8,559         8,782     1.4   0.2249  有意
  → 帰無分布を超える最大の次数: k = 14

=== 約定単位 の 1 次推移確率(次が買いになる確率)===
  直前 売 → 買い  18.62%  売り  81.38%  (n =  4,705,034, 標準誤差 0.018%)
  直前 買 → 買い  81.91%  売り  18.09%  (n =  4,843,739, 標準誤差 0.017%)

=== 約定単位 の 2 次推移確率(次が買いになる確率)===
  直前 売売 → 買い  15.53%  売り  84.47%  (n =  3,828,687, 標準誤差 0.019%)
  直前 売買 → 買い  68.13%  売り  31.87%  (n =    876,296, 標準誤差 0.050%)
  直前 買売 → 買い  32.13%  売り  67.87%  (n =    876,295, 標準誤差 0.050%)
  直前 買買 → 買い  84.95%  売り  15.05%  (n =  3,967,396, 標準誤差 0.018%)

=== 約定単位 の 3 次推移確率(次が買いになる確率)===
  直前 売売売 → 買い  13.79%  売り  86.21%  (n =  3,233,891, 標準誤差 0.019%)
  直前 売売買 → 買い  66.67%  売り  33.33%  (n =    594,757, 標準誤差 0.061%)
  直前 売買売 → 買い  29.09%  売り  70.91%  (n =    279,260, 標準誤差 0.086%)
  直前 売買買 → 買い  75.60%  売り  24.40%  (n =    597,024, 標準誤差 0.056%)
  直前 買売売 → 買い  25.03%  売り  74.97%  (n =    594,751, 標準誤差 0.056%)
  直前 買売買 → 買い  71.21%  売り  28.79%  (n =    281,532, 標準誤差 0.085%)
  直前 買買売 → 買い  33.55%  売り  66.45%  (n =    597,024, 標準誤差 0.061%)
  直前 買買買 → 買い  86.61%  売り  13.39%  (n =  3,370,336, 標準誤差 0.019%)

=== 成行注文単位 の 1 次推移確率(次が買いになる確率)===
  直前 売 → 買い  33.15%  売り  66.85%  (n =  2,630,753, 標準誤差 0.029%)
  直前 買 → 買い  69.08%  売り  30.92%  (n =  2,820,612, 標準誤差 0.028%)

=== 成行注文単位 の 2 次推移確率(次が買いになる確率)===
  直前 売売 → 買い  27.11%  売り  72.89%  (n =  1,758,603, 標準誤差 0.034%)
  直前 売買 → 買い  57.00%  売り  43.00%  (n =    872,101, 標準誤差 0.053%)
  直前 買売 → 買い  45.34%  売り  54.66%  (n =    872,098, 標準誤差 0.053%)
  直前 買買 → 買い  74.49%  売り  25.51%  (n =  1,948,464, 標準誤差 0.031%)

=== 成行注文単位 の 3 次推移確率(次が買いになる確率)===
  直前 売売売 → 買い  23.75%  売り  76.25%  (n =  1,281,889, 標準誤差 0.038%)
  直前 売売買 → 買い  52.85%  売り  47.15%  (n =    476,678, 標準誤差 0.072%)
  直前 売買売 → 買い  40.10%  売り  59.90%  (n =    374,967, 標準誤差 0.080%)
  直前 売買買 → 買い  65.60%  売り  34.40%  (n =    497,118, 標準誤差 0.067%)
  直前 買売売 → 買い  36.14%  売り  63.86%  (n =    476,675, 標準誤差 0.070%)
  直前 買売買 → 買い  62.01%  売り  37.99%  (n =    395,410, 標準誤差 0.077%)
  直前 買買売 → 買い  49.29%  売り  50.71%  (n =    497,116, 標準誤差 0.071%)
  直前 買買買 → 買い  77.53%  売り  22.47%  (n =  1,451,314, 標準誤差 0.035%)

=== 同じ向きが n 回続いた直後に、また同じ向きが来る割合 ===
  n                   約定単位                 成行注文単位
  1   68.00% (n=1,752,690)   55.83% (n=1,744,298)
  2   75.28% (n=1,191,856)   64.75% (n=  973,864)
  3   79.18% (n=  897,270)   69.48% (n=  630,544)
  4   81.23% (n=  710,491)   72.71% (n=  438,093)
  5   83.12% (n=  577,130)   74.87% (n=  318,519)
  6   84.17% (n=  479,712)   76.82% (n=  238,468)
  7   85.61% (n=  403,759)   78.35% (n=  183,184)
  8   86.22% (n=  345,665)   79.57% (n=  143,513)
  9   87.16% (n=  298,039)   80.73% (n=  114,193)
 10   87.70% (n=  259,771)   81.61% (n=   92,187)

[chart] C:\Users\ii562\Downloads\Memory\charts\xyz_SNDK_sign_chain_continuation.png
[chart] C:\Users\ii562\Downloads\Memory\charts\xyz_SNDK_sign_chain_matrix.png

=== 同一 ns の並べ方への感度(10 通りの無作為な並べ方)===
  買→買: 69.09% 〜 69.10%(幅 0.02 ポイント)
  売→売: 66.86% 〜 66.87%(幅 0.02 ポイント)
  買買→買: 74.48% 〜 74.49%(幅 0.01 ポイント)
  売売→売: 72.88% 〜 72.89%(幅 0.02 ポイント)
