[load] 17,583,639 イベント / 99 日
[taker] 2,582,690 成行注文 / 99 日 / 買いの割合 51.47%
  20/99 日
  40/99 日
  60/99 日
  80/99 日

=== 恒等式の検算(OBI と符号が一致するか)===
  OBI vs BookSlope           不一致 0 / 17,583,639 行  — 完全一致
  OBI vs _micro_naive        不一致    73,622 / 17,583,639 行   うち OBI がちょうど 0 の行 73,622 (100.0%)
  OBI vs micro_dev           不一致 0 / 17,583,639 行  — 完全一致

=== P(k イベント後も正 | 今が正)[%] — 全日 ===
特徴量         時計             無条件      k=1      k=2      k=3      k=4      k=5
OBI         BBO         49.73%   72.82%   67.47%   63.33%   61.63%   59.99%
OFI         BBO         50.08%   54.55%   55.88%   54.79%   55.20%   54.32%
BookSlope   BBO         49.73%   72.82%   67.47%   63.33%   61.63%   59.99%
micro_dev   BBO         49.73%   72.82%   67.47%   63.33%   61.63%   59.99%
d_spread    BBO         26.85%   19.92%   27.70%   27.87%   29.28%   28.59%
d_depth     BBO         50.01%   40.44%   48.28%   48.31%   50.06%   49.73%
ret         BBO         31.38%   32.94%   36.13%   35.69%   36.46%   35.60%
taker_sign  成行注文        51.47%   68.23%   65.01%   62.85%   61.45%   60.36%

=== 持続性 = 超過 − 帰無対照[pp]。括弧内は帰無対照 ===
特徴量                        k=1               k=2               k=3               k=4               k=5
OBI              +22.89 (+0.19)     +17.55 (+0.19)     +13.39 (+0.20)     +11.72 (+0.18)     +10.08 (+0.18)
OFI               +4.45 (+0.02)      +5.76 (+0.03)      +4.69 (+0.02)      +5.10 (+0.02)      +4.23 (+0.01)
BookSlope        +22.88 (+0.21)     +17.54 (+0.20)     +13.41 (+0.18)     +11.73 (+0.16)     +10.07 (+0.19)
micro_dev        +22.91 (+0.18)     +17.53 (+0.21)     +13.42 (+0.18)     +11.72 (+0.17)     +10.08 (+0.17)
d_spread          -7.54 (+0.60)      +0.22 (+0.64)      +0.38 (+0.63)      +1.79 (+0.64)      +1.11 (+0.63)
d_depth           -9.62 (+0.05)      -1.81 (+0.08)      -1.74 (+0.05)      -0.01 (+0.06)      -0.35 (+0.07)
ret               +1.27 (+0.29)      +4.50 (+0.25)      +4.03 (+0.28)      +4.82 (+0.27)      +3.94 (+0.28)
taker_sign       +16.38 (+0.39)     +13.15 (+0.39)     +10.95 (+0.43)      +9.54 (+0.43)      +8.46 (+0.43)

符号を持たず載せられない特徴量(常に正で退化): スプレッド幅 / 最良気配の合計数量 / 約定量 / 注文サイズ / 到着深さ

-> data/sign_persist_cells_xyz_SMSN.parquet ほか 2 本
