[load] 31,135,848 イベント / 99 日
[taker] 10,141,266 成行注文 / 99 日 / 買いの割合 52.09%
  20/99 日
  40/99 日
  60/99 日
  80/99 日

=== 恒等式の検算(OBI と符号が一致するか)===
  OBI vs _micro_naive        不一致    75,021 / 31,135,848 行   うち OBI がちょうど 0 の行 75,021 (100.0%)
  OBI vs micro_dev           不一致 0 / 31,135,848 行  — 完全一致
  OBI vs BookSlope           不一致 0 / 31,135,848 行  — 完全一致

=== P(k イベント後も正 | 今が正)[%] — 全日 ===
特徴量         時計             無条件      k=1      k=2      k=3      k=4      k=5
OBI         BBO         49.62%   78.28%   70.69%   66.36%   63.76%   61.92%
OFI         BBO         50.34%   56.85%   56.08%   55.37%   55.28%   54.91%
BookSlope   BBO         49.62%   78.28%   70.69%   66.36%   63.76%   61.92%
micro_dev   BBO         49.62%   78.28%   70.69%   66.36%   63.76%   61.92%
d_spread    BBO         21.42%   17.53%   21.81%   23.17%   24.13%   24.23%
d_depth     BBO         47.81%   41.48%   46.10%   46.82%   47.79%   48.00%
ret         BBO         23.38%   30.36%   30.12%   29.90%   30.11%   29.95%
taker_sign  成行注文        52.09%   67.94%   66.29%   65.14%   64.31%   63.61%

=== 持続性 = 超過 − 帰無対照[pp]。括弧内は帰無対照 ===
特徴量                        k=1               k=2               k=3               k=4               k=5
OBI              +28.51 (+0.15)     +20.90 (+0.16)     +16.58 (+0.16)     +13.97 (+0.17)     +12.15 (+0.15)
OFI               +6.49 (+0.03)      +5.69 (+0.05)      +4.98 (+0.05)      +4.91 (+0.03)      +4.53 (+0.04)
BookSlope        +28.51 (+0.15)     +20.91 (+0.16)     +16.58 (+0.16)     +13.98 (+0.16)     +12.13 (+0.17)
micro_dev        +28.50 (+0.16)     +20.90 (+0.17)     +16.57 (+0.17)     +13.98 (+0.16)     +12.15 (+0.15)
d_spread          -4.94 (+1.05)      -0.64 (+1.02)      +0.69 (+1.07)      +1.66 (+1.05)      +1.77 (+1.04)
d_depth           -6.49 (+0.16)      -1.87 (+0.16)      -1.14 (+0.14)      -0.17 (+0.15)      +0.03 (+0.16)
ret               +5.25 (+1.73)      +5.02 (+1.73)      +4.77 (+1.75)      +4.98 (+1.74)      +4.82 (+1.75)
taker_sign       +15.24 (+0.62)     +13.56 (+0.64)     +12.41 (+0.65)     +11.58 (+0.65)     +10.90 (+0.63)

符号を持たず載せられない特徴量(常に正で退化): スプレッド幅 / 最良気配の合計数量 / 約定量 / 注文サイズ / 到着深さ

-> data/sign_persist_cells_xyz_SKHX.parquet ほか 2 本
