[検算] crossed 行 4,957,784 件(= 取引数)

=== 全期間 99 日 ===
  買い(テイカー)   1.923B USD /   10,824,370 枚 /  2,504,762 件  = 金額の 49.57%
  売り(テイカー)   1.956B USD /   11,021,867 枚 /  2,453,022 件  = 金額の 50.43%
  合計             3.878B USD /   21,846,237 枚
  期間ネット     -33.3M USD(= 合計の -0.86%)

=== 日次の買い比率(金額ベース、%)===
  最小 28.48%(2026-05-10) / 中央値 49.58% / 平均 49.14% / 最大 66.01%(2026-06-06)
  50% を上回った日 47 / 99 日

=== 帰無対照(向きが独立なコイン投げなら net はどれだけ散らばるか)===
  iid       : |z| 中央値    1.91 / 最大    18.13 / |z| > 1.96 の日 49 / 99
  HAC(自己相関を考慮): |z| 中央値    0.99 / 最大     7.97 / |z| > 1.96 の日 20 / 99
  ※ iid の帰無は取引の向きの自己相関(注文分割)を無視するため分散を過小評価する。
     判定には HAC のほうを使うこと。

=== 売り越しが大きい日 ===
  2026-07-29  net     -6.0M  買い比率 48.93%  z_hac  -1.45  出来高  283.1M
  2026-07-27  net     -5.6M  買い比率 46.63%  z_hac  -3.15  出来高   83.7M
  2026-07-15  net     -5.2M  買い比率 46.54%  z_hac  -3.18  出来高   74.8M
  2026-06-04  net     -4.5M  買い比率 38.90%  z_hac  -7.97  出来高   20.1M
  2026-07-03  net     -3.7M  買い比率 46.12%  z_hac  -3.27  出来高   47.6M
=== 買い越しが大きい日 ===
  2026-07-28  net     +8.8M  買い比率 53.55%  z_hac  +4.02  出来高  124.4M
  2026-07-16  net     +2.7M  買い比率 51.70%  z_hac  +1.50  出来高   80.2M
  2026-07-24  net     +2.6M  買い比率 52.07%  z_hac  +2.10  出来高   63.7M
  2026-07-13  net     +2.6M  買い比率 51.13%  z_hac  +1.35  出来高  113.0M
  2026-07-20  net     +2.5M  買い比率 51.97%  z_hac  +2.38  出来高   62.9M

=== 同時点の関係(その日の売買差とその日の終値リターン)===
  相関 +0.272(n=98)
  ※ これは同時性であって予測力ではない。同じ日のうちに起きた 2 つの量を並べただけ。
  参考: net_share_t と r_(t+1) の相関 -0.129(こちらは時間契約を満たす予測の関係)

[out] 99 日 -> C:\Users\ii562\Downloads\Memory\data\daily_volume_side_xyz_SMSN.parquet
