[検算] crossed 行 9,548,872 件(= 取引数)

=== 全期間 99 日 ===
  買い(テイカー)   8.889B USD /    6,089,620 枚 /  4,843,786 件  = 金額の 49.57%
  売り(テイカー)   9.045B USD /    6,213,195 枚 /  4,705,086 件  = 金額の 50.43%
  合計            17.934B USD /   12,302,815 枚
  期間ネット     -155.6M USD(= 合計の -0.87%)

=== 日次の買い比率(金額ベース、%)===
  最小 37.03%(2026-05-24) / 中央値 49.32% / 平均 50.29% / 最大 61.40%(2026-05-16)
  50% を上回った日 45 / 99 日

=== 帰無対照(向きが独立なコイン投げなら net はどれだけ散らばるか)===
  iid       : |z| 中央値    3.20 / 最大    13.18 / |z| > 1.96 の日 67 / 99
  HAC(自己相関を考慮): |z| 中央値    1.32 / 最大     5.50 / |z| > 1.96 の日 30 / 99
  ※ iid の帰無は取引の向きの自己相関(注文分割)を無視するため分散を過小評価する。
     判定には HAC のほうを使うこと。

=== 売り越しが大きい日 ===
  2026-07-22  net    -56.8M  買い比率 45.29%  z_hac  -5.09  出来高  602.1M
  2026-07-28  net    -49.6M  買い比率 47.05%  z_hac  -5.50  出来高  841.0M
  2026-07-17  net    -21.3M  買い比率 48.22%  z_hac  -2.28  出来高  598.3M
  2026-07-15  net    -20.3M  買い比率 47.23%  z_hac  -2.50  出来高  366.4M
  2026-07-27  net    -20.0M  買い比率 48.32%  z_hac  -2.06  出来高  595.3M
=== 買い越しが大きい日 ===
  2026-07-21  net    +39.6M  買い比率 55.16%  z_hac  +4.14  出来高  383.5M
  2026-05-11  net    +22.5M  買い比率 58.82%  z_hac  +3.80  出来高  127.5M
  2026-06-25  net    +18.7M  買い比率 53.75%  z_hac  +2.86  出来高  248.9M
  2026-06-30  net    +18.0M  買い比率 55.56%  z_hac  +4.74  出来高  162.2M
  2026-07-30  net    +15.8M  買い比率 51.22%  z_hac  +1.69  出来高  647.2M

=== 同時点の関係(その日の売買差とその日の終値リターン)===
  相関 +0.296(n=98)
  ※ これは同時性であって予測力ではない。同じ日のうちに起きた 2 つの量を並べただけ。
  参考: net_share_t と r_(t+1) の相関 -0.118(こちらは時間契約を満たす予測の関係)

[out] 99 日 -> C:\Users\ii562\Downloads\Memory\data\daily_volume_side_xyz_SNDK.parquet
