[V3] 建玉の飛び 2,366 / 1,380,111 遷移 = 0.1714%  Σ|飛び| = 5,657 枚
[V4] 窓開始 OI: long 147 / short 406 / ネット -259 (= 未観測ユーザーの建玉。0 に近いほど良い)
[out] 47 日 -> C:\Users\ii562\Downloads\Memory\data\daily_oi_volume_xyz_KIOXIA.parquet
[out] 建玉の時系列 463,475 点 -> data/oi_series_xyz_KIOXIA.parquet
shape: (47, 8)
┌────────────┬──────────────┬────────────┬─────────────┬───────────┬──────────────┬──────────┬────────────┐
│ d          ┆ oi_mean      ┆ oi_halfgap ┆ oi_mean_usd ┆ volume    ┆ volume_usd   ┆ n_trades ┆ vwap       │
│ ---        ┆ ---          ┆ ---        ┆ ---         ┆ ---       ┆ ---          ┆ ---      ┆ ---        │
│ date       ┆ f64          ┆ f64        ┆ f64         ┆ f64       ┆ f64          ┆ u32      ┆ f64        │
╞════════════╪══════════════╪════════════╪═════════════╪═══════════╪══════════════╪══════════╪════════════╡
│ 2026-06-25 ┆ 2367.530304  ┆ 129.644912 ┆ 1.5075e6    ┆ 12143.973 ┆ 7.7326e6     ┆ 13703    ┆ 636.743281 │
│ 2026-06-26 ┆ 2645.073543  ┆ 129.64405  ┆ 1.5467e6    ┆ 8752.068  ┆ 5.1178e6     ┆ 16400    ┆ 584.753349 │
│ 2026-06-27 ┆ 2734.196934  ┆ 130.065479 ┆ 1.5462e6    ┆ 420.652   ┆ 237887.00724 ┆ 2186     ┆ 565.519734 │
│ 2026-06-28 ┆ 2732.657594  ┆ 130.178882 ┆ 1.5579e6    ┆ 1006.39   ┆ 573763.76668 ┆ 2944     ┆ 570.120695 │
│ …          ┆ …            ┆ …          ┆ …           ┆ …         ┆ …            ┆ …        ┆ …          │
│ 2026-08-07 ┆ 19569.252035 ┆ 111.852767 ┆ 5.8276e6    ┆ 45347.453 ┆ 1.3504e7     ┆ 50247    ┆ 297.79212  │
│ 2026-08-08 ┆ 18260.470951 ┆ 111.862008 ┆ 5.4311e6    ┆ 1792.222  ┆ 533046.98704 ┆ 6643     ┆ 297.42241  │
│ 2026-08-09 ┆ 18428.79557  ┆ 111.862613 ┆ 5.5286e6    ┆ 6249.257  ┆ 1.8748e6     ┆ 7029     ┆ 300.000551 │
│ 2026-08-10 ┆ 18018.887782 ┆ 111.861756 ┆ 5.4350e6    ┆ 23628.047 ┆ 7.1269e6     ┆ 39669    ┆ 301.628988 │
└────────────┴──────────────┴────────────┴─────────────┴───────────┴──────────────┴──────────┴────────────┘
