[load] 31,166,076 行 -> 31,135,848 行(クロス・数量 0 を除去 30,228)
[検算] BookSlope/(S_bid+S_ask) = OBI の最大誤差 2.220e-16
[日] 99 日 = 立会日 68 / 閉場日 31
[尺度] 半スプレッド 中央 0.850 bp / 両側の傾き 中央 13.2 枚/bp
[BookSlope] 生の中央 +0.00 枚/bp / z の |値|>2 が 4.72%
  BookSlope_z  立会日 k=1    n= 26,783,662  beta +0.0452  HAC t    +12.4  GLS +0.0444  非重複 +0.0452  R2 0.00011  rho -0.479
  BookSlope_z  立会日 k=2    n= 26,783,594  beta +0.0871  HAC t    +13.6  GLS +0.0862  非重複 +0.0785  R2 0.00039  rho +0.038
  BookSlope_z  立会日 k=3    n= 26,783,526  beta +0.1246  HAC t    +13.9  GLS +0.1213  非重複 +0.1238  R2 0.00078  rho +0.071
  BookSlope_z  立会日 k=5    n= 26,783,390  beta +0.1811  HAC t    +14.3  GLS +0.1694  非重複 +0.2029  R2 0.00155  rho +0.127
  BookSlope_z  立会日 k=10   n= 26,783,050  beta +0.2501  HAC t    +14.8  GLS +0.2079  非重複 +0.2748  R2 0.00255  rho +0.246
  BookSlope_z  立会日 k=20   n= 26,782,370  beta +0.2971  HAC t    +14.6  GLS +0.1874  非重複 +0.3280  R2 0.00275  rho +0.424
  BookSlope_z  立会日 k=30   n= 26,781,690  beta +0.3127  HAC t    +14.5  GLS +0.1495  非重複 +0.3549  R2 0.00243  rho +0.540
  BookSlope_z  立会日 k=50   n= 26,780,330  beta +0.3323  HAC t    +14.2  GLS +0.1038  非重複 +0.3964  R2 0.00194  rho +0.676
  BookSlope_z  立会日 k=100  n= 26,776,930  beta +0.3486  HAC t    +11.4  GLS +0.0635  非重複 +0.4276  R2 0.00120  rho +0.818
  BookSlope_z  立会日 k=300  n= 26,763,330  beta +0.3690  HAC t     +5.8  GLS +0.0476  非重複 +0.4723  R2 0.00048  rho +0.935
  BookSlope_z  立会日 k=500  n= 26,749,730  beta +0.3743  HAC t     +5.4  GLS +0.0456  非重複 +0.3771  R2 0.00030  rho +0.960
  BookSlope_z  閉場日 k=1    n=  4,349,587  beta +0.0138  HAC t    +21.6  GLS +0.0110  非重複 +0.0138  R2 0.00014  rho -0.383
  BookSlope_z  閉場日 k=2    n=  4,349,556  beta +0.0254  HAC t    +30.2  GLS +0.0281  非重複 +0.0260  R2 0.00039  rho +0.179
  BookSlope_z  閉場日 k=3    n=  4,349,525  beta +0.0349  HAC t    +31.9  GLS +0.0396  非重複 +0.0359  R2 0.00063  rho +0.296
  BookSlope_z  閉場日 k=5    n=  4,349,463  beta +0.0489  HAC t    +31.2  GLS +0.0550  非重複 +0.0512  R2 0.00099  rho +0.439
  BookSlope_z  閉場日 k=10   n=  4,349,308  beta +0.0683  HAC t    +25.5  GLS +0.0687  非重複 +0.0733  R2 0.00133  rho +0.615
  BookSlope_z  閉場日 k=20   n=  4,348,998  beta +0.0850  HAC t    +19.0  GLS +0.0727  非重複 +0.0884  R2 0.00125  rho +0.765
  BookSlope_z  閉場日 k=30   n=  4,348,688  beta +0.0933  HAC t    +15.9  GLS +0.0727  非重複 +0.0955  R2 0.00108  rho +0.832
  BookSlope_z  閉場日 k=50   n=  4,348,068  beta +0.1029  HAC t    +12.5  GLS +0.0716  非重複 +0.1142  R2 0.00083  rho +0.893
  BookSlope_z  閉場日 k=100  n=  4,346,518  beta +0.1144  HAC t     +8.8  GLS +0.0697  非重複 +0.1007  R2 0.00055  rho +0.943
  BookSlope_z  閉場日 k=300  n=  4,340,318  beta +0.1364  HAC t     +5.2  GLS +0.0665  非重複 +0.0810  R2 0.00028  rho +0.979
  BookSlope_z  閉場日 k=500  n=  4,334,118  beta +0.1461  HAC t     +4.1  GLS +0.0688  非重複 +0.0837  R2 0.00019  rho +0.987
  OBI          立会日 k=1    n= 26,786,162  beta +0.1847  HAC t   +158.9  GLS +0.1695  非重複 +0.1847  R2 0.00058  rho -0.480
  OBI          立会日 k=2    n= 26,786,094  beta +0.3208  HAC t   +400.9  GLS +0.3188  非重複 +0.3205  R2 0.00168  rho +0.037
  OBI          立会日 k=3    n= 26,786,026  beta +0.4303  HAC t   +286.6  GLS +0.4203  非重複 +0.4315  R2 0.00292  rho +0.069
  OBI          立会日 k=5    n= 26,785,890  beta +0.5909  HAC t   +398.8  GLS +0.5556  非重複 +0.5884  R2 0.00518  rho +0.124
  OBI          立会日 k=10   n= 26,785,550  beta +0.7945  HAC t   +430.6  GLS +0.6681  非重複 +0.7989  R2 0.00808  rho +0.241
  OBI          立会日 k=20   n= 26,784,870  beta +0.9362  HAC t   +290.6  GLS +0.6064  非重複 +0.9409  R2 0.00857  rho +0.420
  OBI          立会日 k=30   n= 26,784,190  beta +0.9778  HAC t   +205.1  GLS +0.4944  非重複 +0.9824  R2 0.00746  rho +0.537
  OBI          立会日 k=50   n= 26,782,830  beta +1.0321  HAC t   +141.1  GLS +0.3641  非重複 +1.0480  R2 0.00586  rho +0.674
  OBI          立会日 k=100  n= 26,779,430  beta +1.0987  HAC t    +81.3  GLS +0.2530  非重複 +1.1207  R2 0.00372  rho +0.817
  OBI          立会日 k=300  n= 26,765,830  beta +1.1627  HAC t    +34.6  GLS +0.2047  非重複 +1.2080  R2 0.00149  rho +0.935
  OBI          立会日 k=500  n= 26,752,230  beta +1.1574  HAC t    +24.8  GLS +0.2017  非重複 +1.3555  R2 0.00090  rho +0.960
  OBI          閉場日 k=1    n=  4,349,587  beta +0.1493  HAC t    +78.6  GLS +0.1137  非重複 +0.1493  R2 0.00182  rho -0.383
  OBI          閉場日 k=2    n=  4,349,556  beta +0.2513  HAC t   +115.8  GLS +0.2656  非重複 +0.2527  R2 0.00417  rho +0.178
  OBI          閉場日 k=3    n=  4,349,525  beta +0.3280  HAC t   +134.1  GLS +0.3310  非重複 +0.3325  R2 0.00608  rho +0.294
  OBI          閉場日 k=5    n=  4,349,463  beta +0.4309  HAC t   +139.8  GLS +0.3790  非重複 +0.4305  R2 0.00848  rho +0.435
  OBI          閉場日 k=10   n=  4,349,308  beta +0.5717  HAC t   +120.2  GLS +0.3817  非重複 +0.5776  R2 0.01025  rho +0.612
  OBI          閉場日 k=20   n=  4,348,998  beta +0.6972  HAC t    +90.1  GLS +0.3462  非重複 +0.6999  R2 0.00930  rho +0.763
  OBI          閉場日 k=30   n=  4,348,688  beta +0.7530  HAC t    +69.8  GLS +0.3308  非重複 +0.7506  R2 0.00775  rho +0.831
  OBI          閉場日 k=50   n=  4,348,068  beta +0.8245  HAC t    +50.4  GLS +0.3168  非重複 +0.8535  R2 0.00590  rho +0.892
  OBI          閉場日 k=100  n=  4,346,518  beta +0.9423  HAC t    +33.3  GLS +0.3172  非重複 +0.8836  R2 0.00412  rho +0.942
  OBI          閉場日 k=300  n=  4,340,318  beta +1.0996  HAC t    +17.6  GLS +0.3058  非重複 +0.9971  R2 0.00210  rho +0.978
  OBI          閉場日 k=500  n=  4,334,118  beta +1.0864  HAC t    +12.3  GLS +0.3098  非重複 +0.9322  R2 0.00127  rho +0.987

=== BookSlope_z / 立会日 ===
    k   beta(OLS)      t(古典)    t(HAC)   beta(GLS)     beta(非重複)        R2      DW      プラセボ
    1      0.0452       54.5      12.4      0.0444        0.0452   0.00011   2.958   -0.0001
    2      0.0871      102.9      13.6      0.0862        0.0785   0.00039   1.925    0.0001
    3      0.1246      144.7      13.9      0.1213        0.1238   0.00078   1.858    0.0001
    5      0.1811      204.0      14.3      0.1694        0.2029   0.00155   1.747   -0.0004
   10      0.2501      261.8      14.8      0.2079        0.2748   0.00255   1.508    0.0009
   20      0.2971      271.8      14.6      0.1874        0.3280   0.00275   1.153   -0.0007
   30      0.3127      255.6      14.5      0.1495        0.3549   0.00243   0.920    0.0029
   50      0.3323      228.0      14.2      0.1038        0.3964   0.00194   0.649   -0.0097
  100      0.3486      179.1      11.4      0.0635        0.4276   0.00120   0.363    0.0008
  300      0.3690      113.2       5.8      0.0476        0.4723   0.00048   0.130   -0.0042
  500      0.3743       89.8       5.4      0.0456        0.3771   0.00030   0.080    0.0082

-> data/book_slope_fits_xyz_SKHX.parquet / _bins_ / _meta_
