[bbo] 16,523,671 イベント / クロス除外 5,943(0.036%) → 16,517,728
[抜き取り] 相関・分位に使う 495,233 行(全 16,517,728 の 3.00%)

=== 抜き取りの妥当性(全イベントの帯別平均と突き合わせ)===
  OBI 帯の全イベント加重平均スプレッド 3.1464 bp
  OFI_z 帯の全イベント加重平均スプレッド 3.1294 bp
  抜き取りの平均スプレッド 3.1441 bp

=== 1 イベントあたりの分布(抜き取り)===
量                        中央値          平均       第1四分位       第3四分位        99%点
スプレッド幅(bp)            2.7101      3.1441      1.6504      4.1496     11.1648
スプレッド幅(ドル)            0.1300      0.1551      0.0800      0.2100      0.5100
注文量(枚)               11.0380     26.6614      4.4810     26.1430    226.4020
約定量(枚)                0.0000      0.3142      0.0000      0.0000      4.6070
  約定を伴ったイベントの割合 6.28%

=== スピアマン順位相関(抜き取り、同時点)===
                   スプレッド幅(b     注文量(枚)     約定量(枚)        OBI      |OBI|   OFI(正規化)      |OFI|
スプレッド幅(bp)            1.000     -0.016     -0.254      0.007     -0.024      0.010     -0.064
注文量(枚)               -0.016      1.000      0.016      0.005      0.346      0.001      0.356
約定量(枚)               -0.254      0.016      1.000     -0.007     -0.109     -0.006      0.031
OBI                   0.007      0.005     -0.007      1.000      0.009      0.284      0.008
|OBI|                -0.024      0.346     -0.109      0.009      1.000      0.006      0.094
OFI(正規化)              0.010      0.001     -0.006      0.284      0.006      1.000      0.053
|OFI|                -0.064      0.356      0.031      0.008      0.094      0.053      1.000

=== OBI の帯ごと(中央値。件数は全イベント)===
帯                          件数      スプレッド bp       注文量 枚       約定量 平均       約定の発生率
−1.00〜−0.75         3,314,930         2.717      16.646       0.3377        7.36%
−0.75〜−0.50         1,701,119         2.664      10.414       0.2658        6.16%
−0.50〜−0.25         1,430,430         2.629       8.031       0.2481        5.77%
−0.25〜0             1,469,149         2.628       6.655       0.2222        5.72%
ちょうど 0                548,374         3.454       5.550       0.0858        1.58%
0〜+0.25             1,583,239         2.681       6.061       0.2107        5.60%
+0.25〜+0.50         1,416,486         2.651       7.814       0.2446        5.76%
+0.50〜+0.75         1,702,859         2.674      10.586       0.2682        6.01%
+0.75〜+1.00         3,351,142         2.768      15.705       0.3651        7.18%

=== OFI_z の帯ごと(中央値。件数は全イベント)===
帯                          件数      スプレッド bp       注文量 枚       約定量 平均       約定の発生率
< −2σ                 496,699         2.729      33.144       0.8104        1.41%
−2〜−1σ                818,246         2.662      29.884       0.2717        1.40%
−1〜−0.5σ            1,257,194         2.612      15.508       0.2553        1.82%
−0.5〜0σ             5,439,581         2.723       8.117       0.2544        8.09%
ちょうど 0                 75,274         2.939       2.797       0.0290        0.53%
0〜+0.5σ             5,581,328         2.721       7.964       0.2442        8.76%
+0.5〜+1σ            1,279,622         2.620      15.555       0.2218        1.76%
+1〜+2σ                829,043         2.692      29.547       0.2425        1.36%
> +2σ                 493,241         2.745      37.288       0.7852        1.38%

[out] data/spread_flow_bins_xyz_AMD.csv, data/spread_flow_corr_xyz_AMD.csv
