[load] 22,318,813 行 -> 22,318,813 行(クロス・数量 0 を除去 0)
[検算] micro-mid = (I-1/2)*spread の最大誤差 2.842e-13(相対 5.695e-16)
[日] 99 日 = 立会日 68 / 閉場日 31
[集計] 日×帯×ホライズン 6,195 行

=== 立会日 — P(mid が k イベント後に上昇)[%] ===
差(bp)             k=1      k=5     k=10     k=20     k=30     k=50    k=100           n
< -20            13.4     15.2     16.5     16.2     16.0     15.5     15.7       5,459
-20〜-10          25.6     28.1     29.5     29.5     30.0     30.8     33.0       3,611
-10〜-5           28.1     33.7     35.6     37.7     39.7     41.4     42.8      25,424
-5〜-1            21.3     36.1     40.6     43.6     44.8     45.9     47.0   2,738,297
-1〜+1            22.0     39.2     43.8     46.2     47.1     47.8     48.4  14,923,163
+1〜+5            33.8     48.4     50.4     50.9     51.0     50.9     50.6   2,670,086
+5〜+10           47.5     58.9     58.9     58.2     57.8     56.4     54.8      26,234
+10〜+20          47.3     54.5     54.8     53.4     53.7     53.2     51.1       3,230
> +20            37.0     39.0     40.3     40.3     40.6     40.2     39.6       3,718
無条件              23.5     40.0     44.2     46.5     47.3     48.0     48.5
変化なし率            53.0     19.9     11.4      6.8      5.2      3.8      2.5
動いた中で上昇         49.9     49.9     49.9     49.9     49.9     49.9     49.8

=== 閉場日 — P(mid が k イベント後に上昇)[%] ===
差(bp)             k=1      k=5     k=10     k=20     k=30     k=50    k=100           n
< -20            16.9     19.5     21.3     21.1     21.3     21.3     20.1       1,642
-20〜-10          25.4     29.6     33.5     33.4     34.7     36.0     35.6         689
-10〜-5           27.8     36.1     37.3     38.1     38.3     38.3     41.3       2,079
-5〜-1            18.2     32.2     36.8     41.2     43.5     45.7     47.8     234,240
-1〜+1            17.6     33.0     39.0     43.6     45.4     47.1     48.6   1,464,295
+1〜+5            28.4     44.0     48.5     50.3     50.8     51.3     51.8     212,078
+5〜+10           46.7     56.1     58.1     58.8     58.7     57.7     58.8       2,384
+10〜+20          47.2     51.3     53.5     54.2     53.8     56.6     59.4         714
> +20            54.5     64.3     66.4     67.7     67.8     68.3     69.1       1,371
無条件              18.9     34.1     39.8     44.1     45.8     47.4     48.9
変化なし率            62.4     32.7     21.6     13.5     10.2      7.0      4.2
動いた中で上昇         50.4     50.7     50.8     50.9     51.0     50.9     51.0

-> data/microprice_cells_xyz_INTC.parquet
