[V3] 建玉の飛び 32,418 / 11,927,537 遷移 = 0.2718%  Σ|飛び| = 160,223 枚
[V4] 窓開始 OI: long 21,409 / short 18,805 / ネット +2,604 (= 未観測ユーザーの建玉。0 に近いほど良い)
[out] 99 日 -> C:\Users\ii562\Downloads\Memory\data\daily_oi_volume_xyz_SNDK.parquet
[out] 建玉の時系列 4,398,940 点 -> data/oi_series_xyz_SNDK.parquet
shape: (99, 8)
┌────────────┬──────────────┬─────────────┬─────────────┬────────────┬────────────┬──────────┬─────────────┐
│ d          ┆ oi_mean      ┆ oi_halfgap  ┆ oi_mean_usd ┆ volume     ┆ volume_usd ┆ n_trades ┆ vwap        │
│ ---        ┆ ---          ┆ ---         ┆ ---         ┆ ---        ┆ ---        ┆ ---      ┆ ---         │
│ date       ┆ f64          ┆ f64         ┆ f64         ┆ f64        ┆ f64        ┆ u32      ┆ f64         │
╞════════════╪══════════════╪═════════════╪═════════════╪════════════╪════════════╪══════════╪═════════════╡
│ 2026-05-04 ┆ 19637.243881 ┆ 946.838687  ┆ 2.4221e7    ┆ 47156.348  ┆ 5.8164e7   ┆ 40625    ┆ 1233.42155  │
│ 2026-05-05 ┆ 20434.201215 ┆ 197.6265    ┆ 2.8209e7    ┆ 65578.784  ┆ 9.0530e7   ┆ 35514    ┆ 1380.48104  │
│ 2026-05-06 ┆ 21552.74211  ┆ 99.48375    ┆ 3.0591e7    ┆ 69111.987  ┆ 9.8096e7   ┆ 61366    ┆ 1419.377442 │
│ 2026-05-07 ┆ 18358.533927 ┆ 112.136521  ┆ 2.4743e7    ┆ 65649.163  ┆ 8.8478e7   ┆ 40675    ┆ 1347.745426 │
│ …          ┆ …            ┆ …           ┆ …           ┆ …          ┆ …          ┆ …        ┆ …           │
│ 2026-08-07 ┆ 58371.79581  ┆ 1616.397    ┆ 7.2864e7    ┆ 215083.807 ┆ 2.6849e8   ┆ 137986   ┆ 1248.281495 │
│ 2026-08-08 ┆ 55840.018713 ┆ 1608.080977 ┆ 6.7934e7    ┆ 9559.345   ┆ 1.1630e7   ┆ 14835    ┆ 1216.574153 │
│ 2026-08-09 ┆ 55051.398234 ┆ 1607.911289 ┆ 6.7439e7    ┆ 10390.409  ┆ 1.2728e7   ┆ 23707    ┆ 1225.016329 │
│ 2026-08-10 ┆ 56351.196378 ┆ 1658.406266 ┆ 6.9637e7    ┆ 173035.814 ┆ 2.1383e8   ┆ 118510   ┆ 1235.759757 │
└────────────┴──────────────┴─────────────┴─────────────┴────────────┴────────────┴──────────┴─────────────┘
