[検算] crossed 行 1,811,812 件(= 取引数)

=== 全期間 99 日 ===
  買い(テイカー)   1.128B USD /    2,275,657 枚 /    930,364 件  = 金額の 48.85%
  売り(テイカー)   1.181B USD /    2,384,926 枚 /    881,448 件  = 金額の 51.15%
  合計             2.309B USD /    4,660,582 枚
  期間ネット     -53.1M USD(= 合計の -2.30%)

=== 日次の買い比率(金額ベース、%)===
  最小 32.58%(2026-06-16) / 中央値 49.35% / 平均 48.77% / 最大 60.28%(2026-07-23)
  50% を上回った日 44 / 99 日

=== 帰無対照(向きが独立なコイン投げなら net はどれだけ散らばるか)===
  iid       : |z| 中央値    2.04 / 最大    10.69 / |z| > 1.96 の日 51 / 99
  HAC(自己相関を考慮): |z| 中央値    0.99 / 最大     4.94 / |z| > 1.96 の日 20 / 99
  ※ iid の帰無は取引の向きの自己相関(注文分割)を無視するため分散を過小評価する。
     判定には HAC のほうを使うこと。

=== 売り越しが大きい日 ===
  2026-07-24  net    -19.0M  買い比率 42.20%  z_hac  -3.49  出来高  121.6M
  2026-08-04  net    -13.7M  買い比率 45.10%  z_hac  -2.96  出来高  140.2M
  2026-06-16  net    -10.9M  買い比率 32.58%  z_hac  -4.12  出来高   31.4M
  2026-05-08  net     -5.5M  買い比率 40.32%  z_hac  -2.13  出来高   28.4M
  2026-06-18  net     -5.4M  買い比率 39.78%  z_hac  -1.31  出来高   26.5M
=== 買い越しが大きい日 ===
  2026-07-23  net    +19.7M  買い比率 60.28%  z_hac  +4.94  出来高   95.7M
  2026-05-05  net     +7.8M  買い比率 58.73%  z_hac  +3.19  出来高   44.8M
  2026-07-22  net     +5.6M  買い比率 53.60%  z_hac  +1.13  出来高   78.4M
  2026-06-15  net     +4.9M  買い比率 56.54%  z_hac  +1.22  出来高   37.6M
  2026-06-17  net     +4.0M  買い比率 60.16%  z_hac  +1.57  出来高   19.5M

=== 同時点の関係(その日の売買差とその日の終値リターン)===
  相関 +0.263(n=98)
  ※ これは同時性であって予測力ではない。同じ日のうちに起きた 2 つの量を並べただけ。
  参考: net_share_t と r_(t+1) の相関 -0.115(こちらは時間契約を満たす予測の関係)

[out] 99 日 -> C:\Users\ii562\Downloads\Memory\data\daily_volume_side_xyz_AMD.parquet
