[load] 16,523,671 行 -> 16,516,605 行(クロス・数量 0 を除去 7,066)
[検算] micro-mid = (I-1/2)*spread の最大誤差 2.733e-13(相対 3.932e-14)
[日] 99 日 = 立会日 68 / 閉場日 31
[集計] 日×帯×ホライズン 4,977 行

=== 立会日 — P(mid が k イベント後に上昇)[%] ===
差(bp)             k=1      k=5     k=10     k=20     k=30     k=50    k=100           n
< -20            35.2     32.5     29.8     31.1     33.1     35.8     38.0         366
-20〜-10          29.1     33.5     34.2     35.9     35.9     38.5     42.4       4,190
-10〜-5           29.3     36.1     39.0     41.6     43.1     44.3     46.3      36,904
-5〜-1            36.2     44.1     45.7     46.8     47.3     47.7     48.3   2,517,846
-1〜+1            36.5     46.2     48.1     49.0     49.4     49.6     49.7   9,805,064
+1〜+5            38.9     48.9     50.7     51.5     51.6     51.4     51.1   2,553,162
+5〜+10           37.6     50.9     55.1     57.5     57.3     56.5     55.1      40,659
+10〜+20          42.5     53.0     55.2     55.5     56.4     55.8     54.3       4,095
> +20            53.5     66.2     65.4     65.7     63.7     58.2     60.0         402
無条件              36.9     46.3     48.1     49.1     49.4     49.6     49.7
変化なし率            26.5      7.8      4.1      2.1      1.5      1.0      0.6
動いた中で上昇         50.2     50.2     50.2     50.2     50.1     50.1     50.0

=== 閉場日 — P(mid が k イベント後に上昇)[%] ===
差(bp)             k=1      k=5     k=10     k=20     k=30     k=50    k=100           n
-20〜-10          39.1     44.0     51.6     47.8     44.0     36.4     34.8         184
-10〜-5           26.0     32.2     34.2     36.8     38.8     39.9     41.6       7,072
-5〜-1            32.3     42.8     44.9     46.1     47.0     47.9     48.7     259,401
-1〜+1            35.3     44.2     46.3     47.9     48.6     49.5     50.3   1,013,022
+1〜+5            34.7     45.9     48.9     51.3     52.0     52.7     53.6     267,232
+5〜+10           31.0     41.7     45.4     49.0     49.8     52.1     55.6       6,643
+10〜+20          41.0     51.1     45.9     39.7     43.7     46.7     57.6         229
無条件              34.7     44.2     46.4     48.1     48.9     49.8     50.6
変化なし率            32.8     13.7      9.2      5.4      4.0      2.5      1.4
動いた中で上昇         51.6     51.2     51.1     50.9     50.9     51.0     51.3

-> data/microprice_cells_xyz_AMD.parquet
