[load] 31,166,076 行 -> 31,135,848 行(クロス・数量 0 を除去 30,228)
[検算] micro-mid = (I-1/2)*spread の最大誤差 7.612e-13(相対 1.998e-14)
[日] 99 日 = 立会日 68 / 閉場日 31
[集計] 日×帯×ホライズン 5,705 行

=== 立会日 — P(mid が k イベント後に上昇)[%] ===
差(bp)             k=1      k=5     k=10     k=20     k=30     k=50    k=100           n
< -20            34.8     43.0     45.2     47.1     48.1     48.5     49.5      28,412
-20〜-10          34.7     43.0     45.0     46.5     46.7     47.9     48.4      91,612
-10〜-5           31.4     39.9     42.5     43.9     44.7     45.6     46.7     245,459
-5〜-1            23.3     34.6     38.1     41.4     43.0     44.5     46.0   3,101,910
-1〜+1            20.6     36.5     41.6     45.2     46.5     47.6     48.4  19,864,573
+1〜+5            40.6     55.0     55.6     54.7     54.0     53.4     52.8   3,110,245
+5〜+10           40.8     49.2     51.5     53.2     53.8     54.5     54.4     231,876
+10〜+20          38.7     45.8     48.5     50.0     51.2     52.4     53.4      81,333
> +20            38.1     45.5     47.0     48.4     49.5     50.7     51.9      30,742
無条件              23.7     38.6     42.9     45.9     47.0     47.9     48.7
変化なし率            52.6     22.4     13.6      7.7      5.7      4.0      2.5
動いた中で上昇         49.9     49.7     49.7     49.8     49.9     49.9     50.0

=== 閉場日 — P(mid が k イベント後に上昇)[%] ===
差(bp)             k=1      k=5     k=10     k=20     k=30     k=50    k=100           n
< -20            42.3     50.9     50.7     50.1     48.7     49.2     48.8       5,684
-20〜-10          38.5     45.7     47.0     48.0     48.0     47.4     48.1      18,339
-10〜-5           36.9     41.0     43.7     45.1     44.9     45.8     47.0      59,462
-5〜-1            23.2     35.6     39.2     42.0     43.6     44.9     46.6     539,386
-1〜+1            18.5     32.9     38.3     42.3     44.1     46.0     47.9   3,154,048
+1〜+5            40.3     52.9     54.3     54.1     53.8     53.6     53.5     505,274
+5〜+10           41.9     49.9     51.4     52.8     53.3     53.8     55.4      45,414
+10〜+20          38.2     45.2     46.3     48.0     48.7     50.0     51.3      18,049
> +20            45.8     48.5     51.2     52.3     52.4     54.6     52.1       3,931
無条件              22.4     36.0     40.5     43.9     45.3     46.8     48.5
変化なし率            56.0     29.2     20.2     13.4     10.6      7.8      5.2
動いた中で上昇         50.8     50.8     50.8     50.7     50.7     50.8     51.1

-> data/microprice_cells_xyz_SKHX.parquet
