===== xyz:SMSN のスイート開始 02:25:03 =====
  [02:25:03] oi_volume ... ok
  [02:25:11] volume_side ... ok
  [02:25:13] order_size ... ok
  [02:25:16] vol ... ok
  [02:26:50] variance ... ok
  [02:26:54] sign_chain ... ok
  [02:27:30] microprice ... ok
  [02:27:57] obi_ofi ... ok
  [02:28:54] book_slope ... ok
  [02:30:05] cancel_rate ... ok
  [02:30:57] depth ... ok
  [02:34:00] sign_persist ... ok
  [02:34:21] acf_200ms ... ok
  [02:34:46] var100 ... ok
  [02:44:58] spread_flow ... ok
  [02:45:06] markout ... ok
  [02:45:31] resilience ... ok
  [02:45:51] plot_oi_volume ... ok
  [02:45:54] plot_volume_side ... ok
  [02:45:56] plot_order_size ... ok
  [02:45:58] plot_vol ... NG
  [02:45:59] plot_microprice ... ok
  [02:46:02] plot_obi_ofi ... ok
  [02:46:05] plot_book_slope ... ok
  [02:46:07] plot_cancel_rate ... ok
  [02:46:10] plot_depth ... ok
  [02:46:13] plot_sign_persistence ... ok
  [02:46:16] plot_acf_200ms ... NG
  [02:46:17] plot_var100 ... ok
  [02:46:20] plot_spread_flow ... ok
  [02:46:22] plot_markout ... ok
  [02:46:25] plot_resilience ... NG
  [02:46:27] plot_price ... ok
  [02:46:30] variance_chart ... ok
===== xyz:SMSN 終了 02:46:32 =====
FAILED[xyz:SMSN]: plot_vol plot_acf_200ms plot_resilience
