[load] 33,654,059 行 -> 33,631,491 行(クロス・数量 0 を除去 22,568)
[検算] micro-mid = (I-1/2)*spread の最大誤差 1.093e-12(相対 6.741e-14)
[日] 99 日 = 立会日 68 / 閉場日 31
[集計] 日×帯×ホライズン 5,187 行

=== 立会日 — P(mid が k イベント後に上昇)[%] ===
差(bp)             k=1      k=5     k=10     k=20     k=30     k=50    k=100           n
< -20            31.0     43.3     44.5     49.7     49.7     44.2     42.9         326
-20〜-10          28.4     36.1     37.4     39.6     38.9     39.1     40.6       2,076
-10〜-5           27.8     35.0     36.7     38.5     39.5     41.0     43.3      28,381
-5〜-1            25.0     37.3     40.6     42.9     44.1     45.3     46.6   2,573,601
-1〜+1            23.2     38.9     43.4     46.3     47.3     48.0     48.7  25,266,609
+1〜+5            43.1     54.5     54.5     53.9     53.4     52.8     52.1   2,500,784
+5〜+10           51.1     63.3     63.2     62.6     61.5     59.4     57.2      25,977
+10〜+20          52.8     65.3     65.3     65.7     65.2     64.4     61.1       2,193
> +20            53.8     65.2     61.9     64.1     57.5     52.7     51.3         273
無条件              25.0     40.1     44.1     46.6     47.5     48.2     48.8
変化なし率            50.0     19.8     11.8      6.6      4.7      3.2      2.0
動いた中で上昇         50.1     50.0     50.0     49.9     49.9     49.8     49.8

=== 閉場日 — P(mid が k イベント後に上昇)[%] ===
差(bp)             k=1      k=5     k=10     k=20     k=30     k=50    k=100           n
-20〜-10          31.8     48.6     52.5     54.7     61.5     54.7     43.6         179
-10〜-5           33.8     42.1     40.7     46.9     45.4     43.4     43.5       1,035
-5〜-1            21.1     33.0     36.5     40.1     42.0     44.0     46.1     168,545
-1〜+1            20.6     35.8     40.8     44.4     45.9     47.3     48.5   2,906,670
+1〜+5            40.8     57.2     57.9     56.4     55.4     54.4     53.7     153,477
+5〜+10           48.0     57.1     57.9     58.2     56.8     56.5     57.6       1,056
+10〜+20          65.8     71.0     69.7     61.9     67.1     59.4     60.0         155
無条件              21.6     36.7     41.4     44.7     46.1     47.5     48.6
変化なし率            57.2     27.0     17.3     10.5      7.8      5.4      3.5
動いた中で上昇         50.4     50.3     50.1     50.0     50.0     50.2     50.4

-> data/microprice_cells_xyz_SNDK.parquet
