[V3] 建玉の飛び 8,140 / 4,436,951 遷移 = 0.1835%  Σ|飛び| = 406,161 枚
[V4] 窓開始 OI: long 119,081 / short 95,602 / ネット +23,480 (= 未観測ユーザーの建玉。0 に近いほど良い)
[out] 99 日 -> C:\Users\ii562\Downloads\Memory\data\daily_oi_volume_xyz_INTC.parquet
[out] 建玉の時系列 1,785,124 点 -> data/oi_series_xyz_INTC.parquet
shape: (99, 8)
┌────────────┬───────────────┬─────────────┬─────────────┬───────────┬────────────┬──────────┬────────────┐
│ d          ┆ oi_mean       ┆ oi_halfgap  ┆ oi_mean_usd ┆ volume    ┆ volume_usd ┆ n_trades ┆ vwap       │
│ ---        ┆ ---           ┆ ---         ┆ ---         ┆ ---       ┆ ---        ┆ ---      ┆ ---        │
│ date       ┆ f64           ┆ f64         ┆ f64         ┆ f64       ┆ f64        ┆ u32      ┆ f64        │
╞════════════╪═══════════════╪═════════════╪═════════════╪═══════════╪════════════╪══════════╪════════════╡
│ 2026-05-04 ┆ 110402.271603 ┆ 9730.13151  ┆ 1.0880e7    ┆ 288591.02 ┆ 2.8440e7   ┆ 29188    ┆ 98.548021  │
│ 2026-05-05 ┆ 123249.046024 ┆ 4859.40614  ┆ 1.3265e7    ┆ 491975.55 ┆ 5.2951e7   ┆ 32053    ┆ 107.628875 │
│ 2026-05-06 ┆ 146256.369026 ┆ 4322.549158 ┆ 1.6410e7    ┆ 323163.26 ┆ 3.6259e7   ┆ 34544    ┆ 112.200276 │
│ 2026-05-07 ┆ 141521.726998 ┆ 4208.721962 ┆ 1.5721e7    ┆ 253022.44 ┆ 2.8106e7   ┆ 23619    ┆ 111.082488 │
│ …          ┆ …             ┆ …           ┆ …           ┆ …         ┆ …          ┆ …        ┆ …          │
│ 2026-08-07 ┆ 295328.871729 ┆ 667.484789  ┆ 2.9733e7    ┆ 839371.72 ┆ 8.4506e7   ┆ 37414    ┆ 100.677906 │
│ 2026-08-08 ┆ 275278.377536 ┆ 665.745062  ┆ 2.7971e7    ┆ 18560.96  ┆ 1.8860e6   ┆ 2692     ┆ 101.609641 │
│ 2026-08-09 ┆ 275684.060469 ┆ 665.559918  ┆ 2.8224e7    ┆ 48328.23  ┆ 4.9478e6   ┆ 5875     ┆ 102.37894  │
│ 2026-08-10 ┆ 235726.366322 ┆ 666.014772  ┆ 2.3494e7    ┆ 640051.53 ┆ 6.3791e7   ┆ 39426    ┆ 99.666093  │
└────────────┴───────────────┴─────────────┴─────────────┴───────────┴────────────┴──────────┴────────────┘
