[件数] 約定 1,811,812 件 → 成行注文 1,150,273 本(1 本あたり 1.58 件)

時間帯                   区分                本数       中央値        平均     第1四分位     第3四分位      99%点         最大
開場後 2 時間              全曜日          236,777     1.000     5.552     0.248     3.568     76.08     2000.0
開場後 2 時間              立会日          224,371     1.029     5.771     0.272     3.771     79.51     2000.0
開場後 2 時間              休場日           12,406     0.321     1.587     0.100     0.960     20.52      612.1
昼 11 時から 2 時間         全曜日           77,893     0.579     3.103     0.155     2.111     41.74     1055.0
昼 11 時から 2 時間         立会日           68,442     0.652     3.319     0.182     2.265     44.78     1055.0
昼 11 時から 2 時間         休場日            9,451     0.380     1.538     0.095     1.041     19.21      640.8
閉場前 2 時間              全曜日          100,542     0.551     4.619     0.150     2.355     56.86     3032.8
閉場前 2 時間              立会日           90,783     0.603     4.959     0.160     2.628     62.01     3032.8
閉場前 2 時間              休場日            9,759     0.398     1.455     0.110     0.999     17.94      267.5
深夜 11 時から 2 時間        全曜日           88,673     0.568     3.276     0.187     2.131     44.05     1637.2
深夜 11 時から 2 時間        立会日           74,280     0.670     3.565     0.197     2.351     47.57     1637.2
深夜 11 時から 2 時間        休場日           14,393     0.394     1.784     0.125     1.110     23.43      500.0

=== 全曜日での窓どうしの比較(成行注文 1 本)===
  開場後 2 時間               中央値  1.000 枚(開場後比 1.00 倍) / 平均  5.552(同 1.00 倍) / 10 枚以上の割合 10.31%
  昼 11 時から 2 時間          中央値  0.579 枚(開場後比 0.58 倍) / 平均  3.103(同 0.56 倍) / 10 枚以上の割合  5.67%
  閉場前 2 時間               中央値  0.551 枚(開場後比 0.55 倍) / 平均  4.619(同 0.83 倍) / 10 枚以上の割合  7.64%
  深夜 11 時から 2 時間         中央値  0.568 枚(開場後比 0.57 倍) / 平均  3.276(同 0.59 倍) / 10 枚以上の割合  5.87%

=== 分布の裾: 上位 1% が担う数量の割合(全曜日)===
  開場後 2 時間               上位 1%(2,367 本)が全数量の 34.46%
  昼 11 時から 2 時間          上位 1%(778 本)が全数量の 32.52%
  閉場前 2 時間               上位 1%(1,005 本)が全数量の 43.72%
  深夜 11 時から 2 時間         上位 1%(886 本)が全数量の 32.45%

[out] data/order_size_stats_xyz_AMD.csv, data/order_size_hist_xyz_AMD.csv
