[load] 17,592,312 行 -> 17,583,639 行(クロス・数量 0 を除去 8,673)
[日] 99 日 = 立会日 68 / 閉場日 31
[OFI] 正規化できた行 17,581,040 / 17,583,639(残りは尺度の助走 5,000 イベント分と日の初回)
[OFI_z] 中央値 +0.0000 / |z|>2 の割合 5.41%
[OBI]   中央値 +0.0000 / |OBI|>0.75 の割合 43.12%
[費用] スプレッド中央値 3.035 bp / 片道の半スプレッド 1.518 bp
[集計] 日×説明変数×帯×ホライズン 12,474 行

=== OBI / 立会日 — P(mid が k イベント後に上昇 | 変化あり)[%] ===
帯                     k=1      k=5     k=10     k=20     k=30     k=50    k=100             n
−1.00〜−0.75          38.8     38.3     39.8     42.0     43.4     44.7     46.0     3,272,224
−0.75〜−0.50          44.5     44.7     45.4     46.5     47.1     47.7     48.2     1,578,010
−0.50〜−0.25          45.7     46.4     47.0     47.8     48.2     48.5     48.8     1,262,292
−0.25〜0              47.6     48.3     48.7     49.2     49.3     49.5     49.6     1,292,173
ちょうど 0               50.1     50.1     50.4     50.2     50.2     50.2     50.2       161,488
0〜+0.25              52.3     51.4     51.1     50.8     50.6     50.5     50.3     1,350,031
+0.25〜+0.50          53.7     53.2     52.7     52.2     51.8     51.4     51.0     1,293,946
+0.50〜+0.75          55.1     54.7     54.2     53.4     52.9     52.2     51.5     1,597,651
+0.75〜+1.00          60.7     60.8     59.6     57.6     56.4     55.1     53.7     3,331,965
無条件                  49.9     49.8     49.9     50.0     50.0     50.0     49.9
変化なし率                35.6     11.4      6.0      3.4      2.6      1.9      1.2

=== OBI / 閉場日 — P(mid が k イベント後に上昇 | 変化あり)[%] ===
帯                     k=1      k=5     k=10     k=20     k=30     k=50    k=100             n
−1.00〜−0.75          41.0     41.5     42.5     44.1     45.1     46.0     47.1       532,344
−0.75〜−0.50          44.9     46.6     47.2     48.0     48.6     49.0     49.4       273,268
−0.50〜−0.25          48.6     48.1     48.8     49.3     49.7     50.1     50.1       208,660
−0.25〜0              49.1     49.2     49.6     50.0     50.3     50.7     50.8       233,295
ちょうど 0               52.2     51.0     50.4     50.7     51.1     51.6     51.9        24,911
0〜+0.25              52.6     52.8     52.3     52.0     51.8     51.5     51.1       252,216
+0.25〜+0.50          54.1     53.1     53.0     52.8     52.8     52.5     52.4       213,022
+0.50〜+0.75          54.5     54.3     54.0     53.3     52.8     52.2     51.6       260,407
+0.75〜+1.00          60.0     60.1     59.3     57.6     56.5     55.3     54.5       445,637
無条件                  50.4     50.5     50.6     50.7     50.7     50.7     50.8
変化なし率                37.1     15.8     10.9      7.2      5.8      4.4      3.2

=== OFI_z / 立会日 — P(mid が k イベント後に上昇 | 変化あり)[%] ===
帯                     k=1      k=5     k=10     k=20     k=30     k=50    k=100             n
< −2σ                53.6     47.7     46.1     46.5     47.0     47.6     48.2       422,204
−2〜−1σ               47.3     43.0     42.7     44.3     45.4     46.5     47.5       625,290
−1〜−0.5σ             45.0     42.3     42.5     44.3     45.3     46.3     47.3       965,768
−0.5〜0σ              45.4     43.2     43.6     45.3     46.1     47.1     47.9     5,529,024
ちょうど 0               46.6     47.5     48.2     48.9     49.0     49.0     49.2        27,860
0〜+0.5σ              54.5     56.4     56.2     54.8     53.9     52.9     51.9     5,560,622
+0.5〜+1σ             54.4     57.0     57.0     55.4     54.4     53.3     52.2       963,658
+1〜+2σ               52.4     55.9     56.5     55.2     54.2     53.3     52.2       618,388
> +2σ                45.9     51.5     53.2     53.1     52.7     52.1     51.4       424,398
無条件                  49.9     49.8     49.9     50.0     50.0     50.0     49.9
変化なし率                36.1     11.2      6.0      3.5      2.6      1.9      1.3

=== OFI_z / 閉場日 — P(mid が k イベント後に上昇 | 変化あり)[%] ===
帯                     k=1      k=5     k=10     k=20     k=30     k=50    k=100             n
< −2σ                55.0     46.9     45.5     45.9     47.0     47.9     49.0        53,564
−2〜−1σ               58.1     48.7     48.2     50.0     50.9     52.1     53.3       125,409
−1〜−0.5σ             54.8     46.6     46.1     48.0     49.0     49.9     50.8       158,902
−0.5〜0σ              50.0     46.5     46.3     47.4     48.1     48.8     49.4       864,979
ちょうど 0               52.4     51.5     52.1     51.9     51.9     52.3     51.0         2,924
0〜+0.5σ              51.0     54.8     55.0     53.9     53.1     52.4     51.6       902,727
+0.5〜+1σ             45.8     53.7     54.4     53.4     52.8     51.9     51.0       160,788
+1〜+2σ               42.3     51.6     53.5     52.5     51.8     51.0     50.4       122,917
> +2σ                43.5     51.5     53.2     53.6     53.4     53.1     53.0        51,519
無条件                  50.4     50.5     50.6     50.7     50.7     50.7     50.8
変化なし率                36.8     14.9     10.4      7.2      6.0      4.7      3.6

=== OBI × OFI_z の同時分布 — P(上昇|変化あり)[%] / 立会日 k=10 ===
  片方で層別してももう一方が効くなら、2 つは別の情報を持っている
OBI \ OFI_z           < −2σ     −2〜−1σ   −1〜−0.5σ    −0.5〜0σ     ちょうど 0    0〜+0.5σ   +0.5〜+1σ     +1〜+2σ      > +2σ
−1.00〜−0.75            37.2       36.0       35.9       35.9       39.9       47.4       43.6       40.0       37.2
−0.75〜−0.50            47.6       43.7       41.4       39.9       44.7       52.6       48.8       44.9       40.6
−0.50〜−0.25            50.3       45.2       43.5       41.2       43.9       54.0       51.5       47.6       41.9
−0.25〜0                53.1       47.3       44.8       43.0       49.7       55.0       52.3       49.0       44.7
ちょうど 0                 60.8       52.7       50.6       47.5       49.7       54.0       47.5       45.9       40.9
0〜+0.25                55.5       50.0       47.3       45.0       52.8       56.5       54.7       51.5       46.3
+0.25〜+0.50            57.5       51.9       48.7       46.1       53.5       58.5       55.6       54.4       48.8
+0.50〜+0.75            58.4       54.2       50.2       47.2       52.0       59.9       57.9       55.7       52.2
+0.75〜+1.00            62.2       59.1       55.9       52.3       56.2       63.6       63.2       63.1       61.4
  OBI を固定したときの OFI_z 方向の振れ幅: 中央 12.4pp / 最大 20.0pp
  OFI_z を固定したときの OBI 方向の振れ幅: 中央 20.0pp / 最大 25.0pp

=== 期待される符号つき値動き(bp)/ 立会日。片道の半スプレッド = 1.518 bp ===
  確率が 65% でも、動く幅がこれを超えなければ板を取りに行っては捕まえられない
  --- OBI ---
帯                      k=1       k=5      k=10      k=20      k=30      k=50     k=100
−1.00〜−0.75         -0.159    -0.533    -0.724    -0.881    -0.950    -1.030    -1.125
−0.75〜−0.50         -0.063    -0.215    -0.300    -0.360    -0.387    -0.410    -0.454
−0.50〜−0.25         -0.045    -0.138    -0.190    -0.232    -0.246    -0.286    -0.312
−0.25〜0             -0.026    -0.060    -0.077    -0.095    -0.102    -0.103    -0.090
ちょうど 0               0.006     0.003     0.013     0.024     0.041     0.070     0.129
0〜+0.25              0.013     0.046     0.062     0.070     0.074     0.076     0.082
+0.25〜+0.50          0.042     0.134     0.180     0.224     0.238     0.264     0.306
+0.50〜+0.75          0.070     0.213     0.296     0.356     0.384     0.410     0.454
+0.75〜+1.00          0.158     0.529     0.719     0.879     0.949     1.037     1.138
  --- OFI_z ---
帯                      k=1       k=5      k=10      k=20      k=30      k=50     k=100
< −2σ                0.089    -0.104    -0.267    -0.394    -0.443    -0.493    -0.511
−2〜−1σ              -0.016    -0.289    -0.480    -0.631    -0.690    -0.731    -0.764
−1〜−0.5σ            -0.061    -0.293    -0.464    -0.595    -0.651    -0.703    -0.756
−0.5〜0σ             -0.055    -0.204    -0.338    -0.457    -0.507    -0.550    -0.577
ちょうど 0              -0.046    -0.103    -0.133    -0.142    -0.188    -0.221    -0.294
0〜+0.5σ              0.057     0.206     0.341     0.463     0.518     0.563     0.601
+0.5〜+1σ             0.061     0.296     0.464     0.594     0.637     0.686     0.727
+1〜+2σ               0.020     0.279     0.469     0.607     0.658     0.724     0.772
> +2σ               -0.111     0.103     0.260     0.393     0.452     0.505     0.590
  最大の |期待値動き| = 1.138 bp(半スプレッド 1.518 bp の 0.75 倍)

=== 帰無対照(帯を日内で巡回シフト)===
  OBI/立会日: 帰無 中央 0.038pt 最大 0.233pt  /  実測 中央 2.30pt 最大 11.49pt  (最大の比 49 倍)
  OBI/閉場日: 帰無 中央 0.203pt 最大 1.083pt  /  実測 中央 2.04pt 最大 9.63pt  (最大の比 9 倍)
  OFI_z/立会日: 帰無 中央 0.075pt 最大 0.656pt  /  実測 中央 3.64pt 最大 7.47pt  (最大の比 11 倍)
  OFI_z/閉場日: 帰無 中央 0.255pt 最大 2.519pt  /  実測 中央 2.38pt 最大 8.11pt  (最大の比 3 倍)

[多重比較] セル数 252。Bonferroni の閾値は 0.05/252 = 1.98e-04(|z| > 3.86)
  95% 区間が 0 をまたがないセル 187 / 252
  Bonferroni を超えるセル       147 / 252
-> data/obi_ofi_cells_xyz_SMSN.parquet / obi_ofi_joint_xyz_SMSN.parquet
