[検算] crossed 行 3,161,750 件(= 取引数)

=== 全期間 99 日 ===
  買い(テイカー)   2.382B USD /   21,518,545 枚 /  1,641,687 件  = 金額の 49.11%
  売り(テイカー)   2.468B USD /   22,375,180 枚 /  1,520,063 件  = 金額の 50.89%
  合計             4.850B USD /   43,893,724 枚
  期間ネット     -86.7M USD(= 合計の -1.79%)

=== 日次の買い比率(金額ベース、%)===
  最小 39.00%(2026-08-10) / 中央値 48.88% / 平均 49.64% / 最大 67.50%(2026-07-03)
  50% を上回った日 36 / 99 日

=== 帰無対照(向きが独立なコイン投げなら net はどれだけ散らばるか)===
  iid       : |z| 中央値    3.04 / 最大    15.69 / |z| > 1.96 の日 66 / 99
  HAC(自己相関を考慮): |z| 中央値    1.25 / 最大     5.82 / |z| > 1.96 の日 27 / 99
  ※ iid の帰無は取引の向きの自己相関(注文分割)を無視するため分散を過小評価する。
     判定には HAC のほうを使うこと。

=== 売り越しが大きい日 ===
  2026-08-05  net    -16.8M  買い比率 42.96%  z_hac  -2.52  出来高  119.0M
  2026-06-10  net    -16.5M  買い比率 39.22%  z_hac  -3.95  出来高   76.7M
  2026-08-10  net    -14.0M  買い比率 39.00%  z_hac  -5.82  出来高   63.8M
  2026-07-02  net    -11.3M  買い比率 42.57%  z_hac  -2.99  出来高   75.9M
  2026-05-28  net     -9.8M  買い比率 40.47%  z_hac  -2.95  出来高   51.5M
=== 買い越しが大きい日 ===
  2026-06-09  net    +23.7M  買い比率 60.48%  z_hac  +3.96  出来高  112.9M
  2026-08-07  net    +16.6M  買い比率 59.83%  z_hac  +3.61  出来高   84.5M
  2026-06-30  net    +10.8M  買い比率 61.41%  z_hac  +3.83  出来高   47.5M
  2026-05-26  net     +8.7M  買い比率 57.40%  z_hac  +3.11  出来高   58.4M
  2026-07-03  net     +6.2M  買い比率 67.50%  z_hac  +5.24  出来高   17.7M

=== 同時点の関係(その日の売買差とその日の終値リターン)===
  相関 +0.257(n=98)
  ※ これは同時性であって予測力ではない。同じ日のうちに起きた 2 つの量を並べただけ。
  参考: net_share_t と r_(t+1) の相関 -0.119(こちらは時間契約を満たす予測の関係)

[out] 99 日 -> C:\Users\ii562\Downloads\Memory\data\daily_volume_side_xyz_INTC.parquet
