[bbo] 5,036,243 イベント / クロス除外 1,449(0.029%) → 5,034,794
[抜き取り] 相関・分位に使う 150,629 行(全 5,034,794 の 2.99%)

=== 抜き取りの妥当性(全イベントの帯別平均と突き合わせ)===
  OBI 帯の全イベント加重平均スプレッド 19.1263 bp
  OFI_z 帯の全イベント加重平均スプレッド 18.8152 bp
  抜き取りの平均スプレッド 19.3055 bp

=== 1 イベントあたりの分布(抜き取り)===
量                        中央値          平均       第1四分位       第3四分位        99%点
スプレッド幅(bp)           13.6335     19.3055      8.3677     25.8628     75.9501
スプレッド幅(ドル)            0.4500      0.7508      0.2600      0.9600      3.8800
注文量(枚)                0.6080      7.2658      0.2430      2.0590    108.1450
約定量(枚)                0.0000      0.1720      0.0000      0.0000      2.2590
  約定を伴ったイベントの割合 9.40%

=== スピアマン順位相関(抜き取り、同時点)===
                   スプレッド幅(b     注文量(枚)     約定量(枚)        OBI      |OBI|   OFI(正規化)      |OFI|
スプレッド幅(bp)            1.000      0.233     -0.326     -0.025      0.052      0.022      0.064
注文量(枚)                0.233      1.000     -0.018     -0.056      0.641      0.017      0.166
約定量(枚)               -0.326     -0.018      1.000      0.011      0.010      0.003     -0.216
OBI                  -0.025     -0.056      0.011      1.000     -0.052      0.127     -0.001
|OBI|                 0.052      0.641      0.010     -0.052      1.000      0.012      0.059
OFI(正規化)              0.022      0.017      0.003      0.127      0.012      1.000      0.059
|OFI|                 0.064      0.166     -0.216     -0.001      0.059      0.059      1.000

=== OBI の帯ごと(中央値。件数は全イベント)===
帯                          件数      スプレッド bp       注文量 枚       約定量 平均       約定の発生率
−1.00〜−0.75           982,182        14.928       2.301       0.2753       12.59%
−0.75〜−0.50           529,906        15.676       0.565       0.1223        7.92%
−0.50〜−0.25           424,566        15.367       0.484       0.1098        7.66%
−0.25〜0               510,238        12.087       0.247       0.0997        6.75%
ちょうど 0                243,073        10.527       0.124       0.0384        2.74%
0〜+0.25               533,166        12.168       0.247       0.0945        6.77%
+0.25〜+0.50           421,652        14.313       0.423       0.1218        7.70%
+0.50〜+0.75           514,180        14.450       0.538       0.1258        7.92%
+0.75〜+1.00           875,831        13.649       1.962       0.3025       12.97%

=== OFI_z の帯ごと(中央値。件数は全イベント)===
帯                          件数      スプレッド bp       注文量 枚       約定量 平均       約定の発生率
< −2σ                  71,414        17.924      10.902       0.8018        3.30%
−2〜−1σ                 87,671        18.571       1.400       0.2810        2.85%
−1〜−0.5σ              145,335        16.551       0.904       0.2011        3.48%
−0.5〜0σ             2,131,433        12.878       0.567       0.1356        8.98%
ちょうど 0                 30,197        13.859       0.156       0.0443        1.69%
0〜+0.5σ             2,167,427        13.218       0.575       0.1299       10.49%
+0.5〜+1σ              145,510        17.007       1.012       0.2013        3.71%
+1〜+2σ                 77,593        17.003       1.247       0.3093        3.47%
> +2σ                  60,714        17.274       9.326       0.9676        4.24%

[out] data/spread_flow_bins_xyz_KIOXIA.csv, data/spread_flow_corr_xyz_KIOXIA.csv
