[load] 16,523,671 行 -> 16,516,605 行(クロス・数量 0 を除去 7,066)
[検算] BookSlope/(S_bid+S_ask) = OBI の最大誤差 2.220e-16
[日] 99 日 = 立会日 68 / 閉場日 31
[尺度] 半スプレッド 中央 1.355 bp / 両側の傾き 中央 8.5 枚/bp
[BookSlope] 生の中央 +0.00 枚/bp / z の |値|>2 が 3.31%
  BookSlope_z  立会日 k=1    n= 14,960,188  beta +0.0147  HAC t    +24.7  GLS +0.0162  非重複 +0.0147  R2 0.00006  rho -0.433
  BookSlope_z  立会日 k=2    n= 14,960,120  beta +0.0275  HAC t    +24.7  GLS +0.0251  非重複 +0.0287  R2 0.00019  rho +0.119
  BookSlope_z  立会日 k=3    n= 14,960,052  beta +0.0397  HAC t    +24.7  GLS +0.0329  非重複 +0.0396  R2 0.00036  rho +0.215
  BookSlope_z  立会日 k=5    n= 14,959,916  beta +0.0551  HAC t    +24.3  GLS +0.0352  非重複 +0.0530  R2 0.00056  rho +0.363
  BookSlope_z  立会日 k=10   n= 14,959,576  beta +0.0697  HAC t    +23.0  GLS +0.0229  非重複 +0.0721  R2 0.00059  rho +0.582
  BookSlope_z  立会日 k=20   n= 14,958,896  beta +0.0806  HAC t    +21.1  GLS +0.0117  非重複 +0.0918  R2 0.00045  rho +0.762
  BookSlope_z  立会日 k=30   n= 14,958,216  beta +0.0858  HAC t    +19.4  GLS +0.0087  非重複 +0.0765  R2 0.00035  rho +0.836
  BookSlope_z  立会日 k=50   n= 14,956,856  beta +0.0953  HAC t    +17.8  GLS +0.0066  非重複 +0.0768  R2 0.00026  rho +0.900
  BookSlope_z  立会日 k=100  n= 14,953,456  beta +0.1077  HAC t    +14.4  GLS +0.0063  非重複 +0.0857  R2 0.00017  rho +0.950
  BookSlope_z  立会日 k=300  n= 14,939,856  beta +0.1190  HAC t     +7.9  GLS +0.0056  非重複 +0.1808  R2 0.00007  rho +0.983
  BookSlope_z  立会日 k=500  n= 14,926,256  beta +0.1461  HAC t     +6.9  GLS +0.0058  非重複 +0.2820  R2 0.00006  rho +0.990
  BookSlope_z  閉場日 k=1    n=  1,553,818  beta +0.0049  HAC t     +2.9  GLS +0.0053  非重複 +0.0049  R2 0.00017  rho -0.121
  BookSlope_z  閉場日 k=2    n=  1,553,787  beta +0.0094  HAC t     +2.9  GLS +0.0041  非重複 +0.0154  R2 0.00036  rho +0.431
  BookSlope_z  閉場日 k=3    n=  1,553,756  beta +0.0148  HAC t     +2.9  GLS +0.0052  非重複 +0.0208  R2 0.00062  rho +0.608
  BookSlope_z  閉場日 k=5    n=  1,553,694  beta +0.0209  HAC t     +2.9  GLS +0.0030  非重複 +0.0382  R2 0.00076  rho +0.764
  BookSlope_z  閉場日 k=10   n=  1,553,539  beta +0.0310  HAC t     +2.9  GLS +0.0017  非重複 +0.0573  R2 0.00077  rho +0.890
  BookSlope_z  閉場日 k=20   n=  1,553,229  beta +0.0449  HAC t     +3.2  GLS +0.0019  非重複 +0.0852  R2 0.00073  rho +0.949
  BookSlope_z  閉場日 k=30   n=  1,552,919  beta +0.0582  HAC t     +3.3  GLS +0.0021  非重複 +0.1043  R2 0.00079  rho +0.967
  BookSlope_z  閉場日 k=50   n=  1,552,299  beta +0.0698  HAC t     +3.1  GLS +0.0016  非重複 +0.1446  R2 0.00067  rho +0.980
  BookSlope_z  閉場日 k=100  n=  1,550,749  beta +0.0959  HAC t     +3.1  GLS +0.0023  非重複 +0.2224  R2 0.00063  rho +0.990
  BookSlope_z  閉場日 k=300  n=  1,544,549  beta +0.1433  HAC t     +3.1  GLS +0.0029  非重複 -0.0362  R2 0.00047  rho +0.997
  BookSlope_z  閉場日 k=500  n=  1,538,349  beta +0.1620  HAC t     +2.8  GLS +0.0015  非重複 +0.4176  R2 0.00036  rho +0.998
  OBI          立会日 k=1    n= 14,962,688  beta +0.0479  HAC t    +51.7  GLS +0.0720  非重複 +0.0479  R2 0.00019  rho -0.434
  OBI          立会日 k=2    n= 14,962,620  beta +0.0966  HAC t    +96.6  GLS +0.0796  非重複 +0.0974  R2 0.00068  rho +0.118
  OBI          立会日 k=3    n= 14,962,552  beta +0.1371  HAC t   +120.5  GLS +0.0944  非重複 +0.1364  R2 0.00121  rho +0.214
  OBI          立会日 k=5    n= 14,962,416  beta +0.1926  HAC t   +132.7  GLS +0.0862  非重複 +0.1910  R2 0.00195  rho +0.361
  OBI          立会日 k=10   n= 14,962,076  beta +0.2637  HAC t   +114.4  GLS +0.0237  非重複 +0.2602  R2 0.00238  rho +0.581
  OBI          立会日 k=20   n= 14,961,396  beta +0.3282  HAC t    +83.9  GLS -0.0334  非重複 +0.3212  R2 0.00210  rho +0.761
  OBI          立会日 k=30   n= 14,960,716  beta +0.3620  HAC t    +66.8  GLS -0.0508  非重複 +0.3526  R2 0.00176  rho +0.835
  OBI          立会日 k=50   n= 14,959,356  beta +0.3955  HAC t    +48.0  GLS -0.0612  非重複 +0.3902  R2 0.00128  rho +0.899
  OBI          立会日 k=100  n= 14,955,956  beta +0.4295  HAC t    +29.2  GLS -0.0657  非重複 +0.4469  R2 0.00076  rho +0.949
  OBI          立会日 k=300  n= 14,942,356  beta +0.4245  HAC t    +11.7  GLS -0.0669  非重複 +0.2520  R2 0.00024  rho +0.983
  OBI          立会日 k=500  n= 14,928,756  beta +0.4657  HAC t     +8.4  GLS -0.0675  非重複 +0.4484  R2 0.00018  rho +0.990
  OBI          閉場日 k=1    n=  1,553,818  beta +0.0279  HAC t    +32.6  GLS +0.0271  非重複 +0.0279  R2 0.00069  rho -0.121
  OBI          閉場日 k=2    n=  1,553,787  beta +0.0540  HAC t    +40.6  GLS +0.0430  非重複 +0.0538  R2 0.00146  rho +0.431
  OBI          閉場日 k=3    n=  1,553,756  beta +0.0834  HAC t    +46.4  GLS +0.0545  非重複 +0.0833  R2 0.00243  rho +0.608
  OBI          閉場日 k=5    n=  1,553,694  beta +0.1254  HAC t    +45.9  GLS +0.0492  非重複 +0.1207  R2 0.00333  rho +0.763
  OBI          閉場日 k=10   n=  1,553,539  beta +0.1972  HAC t    +38.9  GLS +0.0398  非重複 +0.1833  R2 0.00380  rho +0.889
  OBI          閉場日 k=20   n=  1,553,229  beta +0.2907  HAC t    +30.1  GLS +0.0351  非重複 +0.2683  R2 0.00375  rho +0.949
  OBI          閉場日 k=30   n=  1,552,919  beta +0.3474  HAC t    +25.0  GLS +0.0358  非重複 +0.3273  R2 0.00344  rho +0.966
  OBI          閉場日 k=50   n=  1,552,299  beta +0.4216  HAC t    +19.6  GLS +0.0360  非重複 +0.4230  R2 0.00299  rho +0.980
  OBI          閉場日 k=100  n=  1,550,749  beta +0.5370  HAC t    +13.9  GLS +0.0358  非重複 +0.6115  R2 0.00241  rho +0.990
  OBI          閉場日 k=300  n=  1,544,549  beta +0.8047  HAC t     +8.5  GLS +0.0369  非重複 +0.6965  R2 0.00181  rho +0.996
  OBI          閉場日 k=500  n=  1,538,349  beta +0.8285  HAC t     +5.8  GLS +0.0349  非重複 +0.7786  R2 0.00114  rho +0.998

=== BookSlope_z / 立会日 ===
    k   beta(OLS)      t(古典)    t(HAC)   beta(GLS)     beta(非重複)        R2      DW      プラセボ
    1      0.0147       30.7      24.7      0.0162        0.0147   0.00006   2.867    0.0001
    2      0.0275       53.8      24.7      0.0251        0.0287   0.00019   1.761   -0.0001
    3      0.0397       73.4      24.7      0.0329        0.0396   0.00036   1.569   -0.0003
    5      0.0551       91.7      24.3      0.0352        0.0530   0.00056   1.273    0.0004
   10      0.0697       93.8      23.0      0.0229        0.0721   0.00059   0.835   -0.0002
   20      0.0806       81.8      21.1      0.0117        0.0918   0.00045   0.476    0.0031
   30      0.0858       72.3      19.4      0.0087        0.0765   0.00035   0.328    0.0082
   50      0.0953       62.7      17.8      0.0066        0.0768   0.00026   0.200    0.0015
  100      0.1077       50.2      14.4      0.0063        0.0857   0.00017   0.101   -0.0021
  300      0.1190       31.8       7.9      0.0056        0.1808   0.00007   0.033   -0.0130
  500      0.1461       30.1       6.9      0.0058        0.2820   0.00006   0.020   -0.0194

-> data/book_slope_fits_xyz_AMD.parquet / _bins_ / _meta_
