[件数] 約定 19,012,423 件 → 成行注文 10,141,266 本(1 本あたり 1.87 件)

時間帯                   区分                本数       中央値        平均     第1四分位     第3四分位      99%点         最大
開場後 2 時間              全曜日        1,155,899     0.320     2.352     0.084     1.297     32.88     1607.0
開場後 2 時間              立会日        1,071,682     0.352     2.463     0.093     1.428     34.27     1607.0
開場後 2 時間              休場日           84,217     0.100     0.947     0.030     0.432     12.62      500.0
昼 11 時から 2 時間         全曜日          565,719     0.216     1.661     0.065     0.895     24.08     1370.0
昼 11 時から 2 時間         立会日          493,843     0.250     1.748     0.073     0.991     25.00     1370.0
昼 11 時から 2 時間         休場日           71,876     0.106     1.066     0.027     0.455     16.78      522.4
閉場前 2 時間              全曜日          470,452     0.224     1.705     0.051     0.955     23.84     2147.3
閉場前 2 時間              立会日          412,054     0.257     1.806     0.059     1.000     25.00     2147.3
閉場前 2 時間              休場日           58,398     0.092     0.996     0.027     0.463     13.20      706.8
深夜 11 時から 2 時間        全曜日        1,530,615     0.370     3.231     0.091     1.441     50.00     9038.4
深夜 11 時から 2 時間        立会日        1,294,899     0.400     3.405     0.100     1.594     50.00     9038.4
深夜 11 時から 2 時間        休場日          235,716     0.240     2.275     0.061     1.000     40.00     1292.2

=== 全曜日での窓どうしの比較(成行注文 1 本)===
  開場後 2 時間               中央値  0.320 枚(開場後比 1.00 倍) / 平均  2.352(同 1.00 倍) / 10 枚以上の割合  4.97%
  昼 11 時から 2 時間          中央値  0.216 枚(開場後比 0.67 倍) / 平均  1.661(同 0.71 倍) / 10 枚以上の割合  3.24%
  閉場前 2 時間               中央値  0.224 枚(開場後比 0.70 倍) / 平均  1.705(同 0.73 倍) / 10 枚以上の割合  3.21%
  深夜 11 時から 2 時間         中央値  0.370 枚(開場後比 1.16 倍) / 平均  3.231(同 1.37 倍) / 10 枚以上の割合  7.41%

=== 分布の裾: 上位 1% が担う数量の割合(全曜日)===
  開場後 2 時間               上位 1%(11,558 本)が全数量の 31.75%
  昼 11 時から 2 時間          上位 1%(5,657 本)が全数量の 34.36%
  閉場前 2 時間               上位 1%(4,704 本)が全数量の 34.40%
  深夜 11 時から 2 時間         上位 1%(15,306 本)が全数量の 36.17%

[out] data/order_size_stats_xyz_SKHX.csv, data/order_size_hist_xyz_SKHX.csv
