[日] 99 日 = 立会日 68 / 閉場日 31
  2026-05-13  (10/99 日)
  2026-05-23  (20/99 日)
  2026-06-02  (30/99 日)
  2026-06-12  (40/99 日)
  2026-06-22  (50/99 日)
  2026-07-02  (60/99 日)
  2026-07-12  (70/99 日)
  2026-07-22  (80/99 日)
  2026-08-01  (90/99 日)
  2026-08-10  (99/99 日)
[格子] 空の格子点の割合 中央値 74.8% / 最小 18.3% / 最大 99.2%
[除去] クロス・数量 0 の行 8,673

=== 200ms 格子の自己相関(日をまたいだ平均)===
  OBI 立会日(68 日)  0.2s +0.822  1s +0.601  5s +0.409  10s +0.333  30s +0.230  60s +0.177  300s +0.091   帰無 +0.0001
  OBI 閉場日(31 日)  0.2s +0.932  1s +0.833  5s +0.679  10s +0.581  30s +0.421  60s +0.347  300s +0.222   帰無 +0.0000
  OFI 立会日(68 日)  0.2s -0.028  1s -0.003  5s +0.006  10s -0.000  30s +0.001  60s +0.001  300s +0.000   帰無 +0.0001
  OFI 閉場日(31 日)  0.2s -0.043  1s +0.008  5s -0.000  10s +0.003  30s +0.004  60s +0.003  300s +0.001   帰無 +0.0000

-> data/acf_200ms_xyz_SMSN.parquet / .csv
-> data/acf_200ms_daily_xyz_SMSN.parquet
-> C:\Users\ii562\Downloads\Memory\data\feat200_xyz_SMSN/dt=*.parquet (99 日 × 432,000 格子点)
