[load] 16,516,605 イベント / 99 日
[taker] 1,150,273 成行注文 / 99 日 / 買いの割合 52.27%
  20/99 日
  40/99 日
  60/99 日
  80/99 日

=== 恒等式の検算(OBI と符号が一致するか)===
  OBI vs BookSlope           不一致 0 / 16,516,605 行  — 完全一致
  OBI vs micro_dev           不一致 0 / 16,516,605 行  — 完全一致
  OBI vs _micro_naive        不一致   207,234 / 16,516,605 行   うち OBI がちょうど 0 の行 207,234 (100.0%)

=== P(k イベント後も正 | 今が正)[%] — 全日 ===
特徴量         時計             無条件      k=1      k=2      k=3      k=4      k=5
OBI         BBO         48.76%   71.70%   66.79%   63.19%   61.75%   60.36%
OFI         BBO         50.30%   54.10%   54.86%   53.42%   53.74%   52.85%
BookSlope   BBO         48.76%   71.70%   66.79%   63.19%   61.75%   60.36%
micro_dev   BBO         48.76%   71.70%   66.79%   63.19%   61.75%   60.36%
d_spread    BBO         31.22%   23.80%   31.26%   31.57%   32.92%   32.67%
d_depth     BBO         48.17%   38.15%   46.39%   46.87%   48.66%   48.29%
ret         BBO         36.61%   39.51%   41.33%   40.19%   40.41%   39.67%
taker_sign  成行注文        52.27%   68.59%   64.36%   62.26%   61.03%   60.13%

=== 持続性 = 超過 − 帰無対照[pp]。括弧内は帰無対照 ===
特徴量                        k=1               k=2               k=3               k=4               k=5
OBI              +22.72 (+0.22)     +17.80 (+0.24)     +14.21 (+0.22)     +12.76 (+0.23)     +11.35 (+0.25)
OFI               +3.76 (+0.04)      +4.57 (-0.02)      +3.11 (+0.01)      +3.43 (+0.00)      +2.54 (+0.00)
BookSlope        +22.72 (+0.22)     +17.81 (+0.23)     +14.20 (+0.23)     +12.77 (+0.22)     +11.37 (+0.23)
micro_dev        +22.70 (+0.24)     +17.83 (+0.21)     +14.20 (+0.23)     +12.77 (+0.22)     +11.36 (+0.24)
d_spread          -7.85 (+0.44)      -0.44 (+0.48)      -0.11 (+0.46)      +1.23 (+0.47)      +0.99 (+0.46)
d_depth          -10.18 (+0.17)      -1.94 (+0.16)      -1.47 (+0.18)      +0.34 (+0.15)      -0.04 (+0.17)
ret               +2.68 (+0.22)      +4.52 (+0.19)      +3.39 (+0.18)      +3.58 (+0.21)      +2.85 (+0.21)
taker_sign       +15.63 (+0.69)     +11.31 (+0.79)      +9.25 (+0.74)      +8.01 (+0.75)      +7.14 (+0.72)

符号を持たず載せられない特徴量(常に正で退化): スプレッド幅 / 最良気配の合計数量 / 約定量 / 注文サイズ / 到着深さ

-> data/sign_persist_cells_xyz_AMD.parquet ほか 2 本
