[検算] crossed 行 19,012,423 件(= 取引数)

=== 全期間 99 日 ===
  買い(テイカー)  15.051B USD /   12,051,846 枚 /  9,707,454 件  = 金額の 49.72%
  売り(テイカー)  15.221B USD /   12,181,711 枚 /  9,304,969 件  = 金額の 50.28%
  合計            30.272B USD /   24,233,557 枚
  期間ネット     -170.0M USD(= 合計の -0.56%)

=== 日次の買い比率(金額ベース、%)===
  最小 26.59%(2026-05-10) / 中央値 49.91% / 平均 49.96% / 最大 72.41%(2026-06-06)
  50% を上回った日 46 / 99 日

=== 帰無対照(向きが独立なコイン投げなら net はどれだけ散らばるか)===
  iid       : |z| 中央値    2.05 / 最大    14.31 / |z| > 1.96 の日 51 / 99
  HAC(自己相関を考慮): |z| 中央値    1.02 / 最大     8.39 / |z| > 1.96 の日 30 / 99
  ※ iid の帰無は取引の向きの自己相関(注文分割)を無視するため分散を過小評価する。
     判定には HAC のほうを使うこと。

=== 売り越しが大きい日 ===
  2026-07-08  net    -38.0M  買い比率 48.01%  z_hac  -3.93  出来高  952.2M
  2026-07-15  net    -35.0M  買い比率 48.34%  z_hac  -2.45  出来高 1052.9M
  2026-06-29  net    -29.2M  買い比率 45.61%  z_hac  -5.06  出来高  332.0M
  2026-07-03  net    -28.6M  買い比率 47.45%  z_hac  -3.64  出来高  559.3M
  2026-06-26  net    -23.6M  買い比率 46.50%  z_hac  -3.63  出来高  336.4M
=== 買い越しが大きい日 ===
  2026-07-21  net    +50.6M  買い比率 54.25%  z_hac  +6.38  出来高  594.3M
  2026-06-28  net    +27.8M  買い比率 63.98%  z_hac  +8.39  出来高   99.3M
  2026-07-12  net    +16.2M  買い比率 55.12%  z_hac  +3.42  出来高  158.2M
  2026-07-01  net    +14.5M  買い比率 51.31%  z_hac  +1.80  出来高  554.5M
  2026-06-21  net    +12.9M  買い比率 57.94%  z_hac  +5.47  出来高   80.9M

=== 同時点の関係(その日の売買差とその日の終値リターン)===
  相関 +0.223(n=98)
  ※ これは同時性であって予測力ではない。同じ日のうちに起きた 2 つの量を並べただけ。
  参考: net_share_t と r_(t+1) の相関 -0.067(こちらは時間契約を満たす予測の関係)

[out] 99 日 -> C:\Users\ii562\Downloads\Memory\data\daily_volume_side_xyz_SKHX.parquet
