[load] 22,318,813 行 -> 22,318,813 行(クロス・数量 0 を除去 0)
[検算] BookSlope/(S_bid+S_ask) = OBI の最大誤差 2.220e-16
[日] 99 日 = 立会日 68 / 閉場日 31
[尺度] 半スプレッド 中央 1.085 bp / 両側の傾き 中央 118.3 枚/bp
[BookSlope] 生の中央 -0.17 枚/bp / z の |値|>2 が 5.48%
  BookSlope_z  立会日 k=1    n= 20,396,722  beta +0.0603  HAC t    +32.8  GLS +0.0546  非重複 +0.0603  R2 0.00001  rho -0.519
  BookSlope_z  立会日 k=2    n= 20,396,654  beta +0.1066  HAC t    +52.1  GLS +0.1069  非重複 +0.1089  R2 0.00002  rho -0.118
  BookSlope_z  立会日 k=3    n= 20,396,586  beta +0.1351  HAC t    +48.2  GLS +0.1389  非重複 +0.1370  R2 0.00004  rho -0.135
  BookSlope_z  立会日 k=5    n= 20,396,450  beta +0.1708  HAC t    +57.0  GLS +0.1803  非重複 +0.1732  R2 0.00006  rho -0.224
  BookSlope_z  立会日 k=10   n= 20,396,110  beta +0.1890  HAC t    +33.7  GLS +0.1981  非重複 +0.2028  R2 0.00007  rho -0.140
  BookSlope_z  立会日 k=20   n= 20,395,430  beta +0.2094  HAC t    +50.4  GLS +0.2113  非重複 +0.2129  R2 0.00009  rho -0.024
  BookSlope_z  立会日 k=30   n= 20,394,750  beta +0.2174  HAC t    +43.5  GLS +0.2210  非重複 +0.2335  R2 0.00009  rho -0.043
  BookSlope_z  立会日 k=50   n= 20,393,390  beta +0.2263  HAC t    +38.2  GLS +0.2276  非重複 +0.2439  R2 0.00009  rho -0.014
  BookSlope_z  立会日 k=100  n= 20,389,990  beta +0.2497  HAC t    +31.3  GLS +0.2234  非重複 +0.2762  R2 0.00010  rho +0.185
  BookSlope_z  立会日 k=300  n= 20,376,390  beta +0.2877  HAC t    +15.3  GLS +0.2101  非重複 +0.2108  R2 0.00010  rho +0.367
  BookSlope_z  立会日 k=500  n= 20,362,790  beta +0.3175  HAC t    +12.0  GLS +0.1873  非重複 +0.3499  R2 0.00010  rho +0.483
  BookSlope_z  閉場日 k=1    n=  1,919,492  beta +0.0361  HAC t     +4.7  GLS +0.0260  非重複 +0.0361  R2 0.00000  rho -0.544
  BookSlope_z  閉場日 k=2    n=  1,919,461  beta +0.0559  HAC t     +6.6  GLS +0.0555  非重複 +0.0506  R2 0.00000  rho -0.079
  BookSlope_z  閉場日 k=3    n=  1,919,430  beta +0.0727  HAC t     +7.3  GLS +0.0732  非重複 +0.0680  R2 0.00000  rho -0.110
  BookSlope_z  閉場日 k=5    n=  1,919,368  beta +0.0969  HAC t     +8.3  GLS +0.0986  非重複 +0.0927  R2 0.00000  rho -0.093
  BookSlope_z  閉場日 k=10   n=  1,919,213  beta +0.1311  HAC t     +8.8  GLS +0.1367  非重複 +0.1604  R2 0.00001  rho -0.165
  BookSlope_z  閉場日 k=20   n=  1,918,903  beta +0.1723  HAC t     +8.9  GLS +0.1773  非重複 +0.2417  R2 0.00001  rho -0.063
  BookSlope_z  閉場日 k=30   n=  1,918,593  beta +0.1891  HAC t     +9.0  GLS +0.1887  非重複 +0.1869  R2 0.00001  rho +0.009
  BookSlope_z  閉場日 k=50   n=  1,917,973  beta +0.2131  HAC t     +9.1  GLS +0.1997  非重複 +0.2387  R2 0.00001  rho +0.116
  BookSlope_z  閉場日 k=100  n=  1,916,423  beta +0.2544  HAC t     +8.7  GLS +0.2169  非重複 +0.2267  R2 0.00002  rho +0.209
  BookSlope_z  閉場日 k=300  n=  1,910,223  beta +0.3295  HAC t     +6.6  GLS +0.2736  非重複 +0.0586  R2 0.00003  rho +0.225
  BookSlope_z  閉場日 k=500  n=  1,904,023  beta +0.3326  HAC t     +5.2  GLS +0.2697  非重複 +0.4462  R2 0.00003  rho +0.241
  OBI          立会日 k=1    n= 20,399,222  beta +0.1143  HAC t    +11.7  GLS +0.1379  非重複 +0.1143  R2 0.00001  rho -0.519
  OBI          立会日 k=2    n= 20,399,154  beta +0.2119  HAC t    +24.5  GLS +0.2212  非重複 +0.2064  R2 0.00003  rho -0.118
  OBI          立会日 k=3    n= 20,399,086  beta +0.2654  HAC t    +27.1  GLS +0.2848  非重複 +0.2797  R2 0.00007  rho -0.136
  OBI          立会日 k=5    n= 20,398,950  beta +0.3390  HAC t    +34.7  GLS +0.3791  非重複 +0.3614  R2 0.00010  rho -0.224
  OBI          立会日 k=10   n= 20,398,610  beta +0.3968  HAC t    +28.0  GLS +0.4290  非重複 +0.4357  R2 0.00012  rho -0.140
  OBI          立会日 k=20   n= 20,397,930  beta +0.4413  HAC t    +25.0  GLS +0.4439  非重複 +0.4755  R2 0.00015  rho -0.024
  OBI          立会日 k=30   n= 20,397,250  beta +0.4579  HAC t    +20.0  GLS +0.4676  非重複 +0.5280  R2 0.00016  rho -0.043
  OBI          立会日 k=50   n= 20,395,890  beta +0.4772  HAC t    +19.2  GLS +0.4773  非重複 +0.7155  R2 0.00015  rho -0.014
  OBI          立会日 k=100  n= 20,392,490  beta +0.5110  HAC t    +15.4  GLS +0.4112  非重複 +0.8630  R2 0.00016  rho +0.185
  OBI          立会日 k=300  n= 20,378,890  beta +0.5668  HAC t    +11.7  GLS +0.3225  非重複 +1.5498  R2 0.00015  rho +0.366
  OBI          立会日 k=500  n= 20,365,290  beta +0.5970  HAC t    +11.0  GLS +0.2323  非重複 +2.2145  R2 0.00013  rho +0.483
  OBI          閉場日 k=1    n=  1,919,492  beta -0.0592  HAC t     -0.7  GLS +0.0230  非重複 -0.0592  R2 0.00000  rho -0.544
  OBI          閉場日 k=2    n=  1,919,461  beta +0.0483  HAC t     +0.6  GLS +0.0365  非重複 +0.0369  R2 0.00000  rho -0.079
  OBI          閉場日 k=3    n=  1,919,430  beta +0.0595  HAC t     +0.6  GLS +0.0679  非重複 +0.2711  R2 0.00000  rho -0.110
  OBI          閉場日 k=5    n=  1,919,368  beta +0.0140  HAC t     +0.1  GLS +0.0271  非重複 -0.0555  R2 0.00000  rho -0.093
  OBI          閉場日 k=10   n=  1,919,213  beta +0.1478  HAC t     +1.2  GLS +0.1593  非重複 +0.6597  R2 0.00000  rho -0.165
  OBI          閉場日 k=20   n=  1,918,903  beta +0.1200  HAC t     +0.6  GLS +0.1208  非重複 +0.2778  R2 0.00000  rho -0.063
  OBI          閉場日 k=30   n=  1,918,593  beta +0.3002  HAC t     +1.7  GLS +0.2728  非重複 +1.1559  R2 0.00001  rho +0.009
  OBI          閉場日 k=50   n=  1,917,973  beta +0.1868  HAC t     +0.6  GLS +0.1297  非重複 +1.3803  R2 0.00000  rho +0.116
  OBI          閉場日 k=100  n=  1,916,423  beta +0.1691  HAC t     +0.5  GLS +0.0566  非重複 +0.1363  R2 0.00000  rho +0.209
  OBI          閉場日 k=300  n=  1,910,223  beta +0.1434  HAC t     +0.3  GLS +0.0334  非重複 +6.1345  R2 0.00000  rho +0.225
  OBI          閉場日 k=500  n=  1,904,023  beta +0.2600  HAC t     +0.6  GLS +0.0977  非重複 +13.2239  R2 0.00000  rho +0.241

=== BookSlope_z / 立会日 ===
    k   beta(OLS)      t(古典)    t(HAC)   beta(GLS)     beta(非重複)        R2      DW      プラセボ
    1      0.0603       11.8      32.8      0.0546        0.0603   0.00001   3.025    0.0021
    2      0.1066       21.5      52.1      0.1069        0.1089   0.00002   2.221    0.0001
    3      0.1351       30.2      48.2      0.1389        0.1370   0.00004   2.253    0.0024
    5      0.1708       36.3      57.0      0.1803        0.1732   0.00006   2.432    0.0095
   10      0.1890       38.6      33.7      0.1981        0.2028   0.00007   2.264   -0.0001
   20      0.2094       42.1      50.4      0.2113        0.2129   0.00009   2.033    0.0026
   30      0.2174       43.3      43.5      0.2210        0.2335   0.00009   2.072    0.0005
   50      0.2263       42.5      38.2      0.2276        0.2439   0.00009   2.015    0.0100
  100      0.2497       44.3      31.3      0.2234        0.2762   0.00010   1.618   -0.0092
  300      0.2877       45.0      15.3      0.2101        0.2108   0.00010   1.258    0.0052
  500      0.3175       44.8      12.0      0.1873        0.3499   0.00010   1.028   -0.0005

-> data/book_slope_fits_xyz_INTC.parquet / _bins_ / _meta_
