[load] 22,318,813 イベント / 99 日
[taker] 2,031,988 成行注文 / 99 日 / 買いの割合 53.57%
  20/99 日
  40/99 日
  60/99 日
  80/99 日

=== 恒等式の検算(OBI と符号が一致するか)===
  OBI vs micro_dev           不一致 0 / 22,318,813 行  — 完全一致
  OBI vs _micro_naive        不一致    40,760 / 22,318,813 行   うち OBI がちょうど 0 の行 40,760 (100.0%)
  OBI vs BookSlope           不一致 0 / 22,318,813 行  — 完全一致

=== P(k イベント後も正 | 今が正)[%] — 全日 ===
特徴量         時計             無条件      k=1      k=2      k=3      k=4      k=5
OBI         BBO         49.06%   75.26%   68.08%   63.56%   61.18%   59.48%
OFI         BBO         48.47%   55.22%   52.60%   50.23%   49.90%   49.44%
BookSlope   BBO         49.06%   75.26%   68.08%   63.56%   61.18%   59.48%
micro_dev   BBO         49.06%   75.26%   68.08%   63.56%   61.18%   59.48%
d_spread    BBO         21.52%   15.15%   21.28%   22.10%   23.00%   23.19%
d_depth     BBO         53.30%   46.94%   50.92%   51.45%   52.86%   53.14%
ret         BBO         23.04%   29.32%   27.77%   26.66%   26.58%   26.14%
taker_sign  成行注文        53.57%   71.94%   68.36%   66.37%   65.17%   64.27%

=== 持続性 = 超過 − 帰無対照[pp]。括弧内は帰無対照 ===
特徴量                        k=1               k=2               k=3               k=4               k=5
OBI              +26.00 (+0.20)     +18.81 (+0.21)     +14.29 (+0.20)     +11.91 (+0.20)     +10.21 (+0.21)
OFI               +6.75 (+0.00)      +4.12 (+0.02)      +1.75 (+0.01)      +1.41 (+0.01)      +0.94 (+0.03)
BookSlope        +26.00 (+0.20)     +18.83 (+0.19)     +14.28 (+0.22)     +11.92 (+0.20)     +10.21 (+0.20)
micro_dev        +26.00 (+0.19)     +18.81 (+0.21)     +14.30 (+0.20)     +11.90 (+0.21)     +10.22 (+0.19)
d_spread          -6.88 (+0.52)      -0.78 (+0.54)      +0.07 (+0.52)      +0.98 (+0.50)      +1.18 (+0.50)
d_depth           -6.41 (+0.04)      -2.44 (+0.06)      -1.91 (+0.06)      -0.49 (+0.05)      -0.20 (+0.04)
ret               +5.64 (+0.64)      +4.08 (+0.65)      +3.00 (+0.63)      +2.92 (+0.63)      +2.49 (+0.61)
taker_sign       +17.57 (+0.79)     +14.05 (+0.74)     +12.05 (+0.75)     +10.78 (+0.82)      +9.93 (+0.77)

符号を持たず載せられない特徴量(常に正で退化): スプレッド幅 / 最良気配の合計数量 / 約定量 / 注文サイズ / 到着深さ

-> data/sign_persist_cells_xyz_INTC.parquet ほか 2 本
