[wait] 15:00:29 l1u 34 / fetchers 2
[wait] 15:02:33 l1u 41 / fetchers 2
[wait] 15:04:39 l1u 52 / fetchers 2
[wait] 15:06:43 l1u 52 / fetchers 2
[wait] 15:08:45 l1u 60 / fetchers 2
[wait] 15:10:48 l1u 64 / fetchers 2
[wait] 15:12:49 l1u 69 / fetchers 2
[wait] 15:15:03 l1u 72 / fetchers 2
[wait] 15:17:05 l1u 73 / fetchers 2
[wait] 15:19:07 l1u 74 / fetchers 0
[wait] 15:21:08 l1u 74 / fetchers 0
[wait] 15:23:10 l1u 74 / fetchers 0
[wait] 15:25:11 l1u 74 / fetchers 0
[wait] 15:27:12 l1u 74 / fetchers 0
[wait] 15:29:15 l1u 74 / fetchers 0
[wait] 15:31:15 l1u 74 / fetchers 0
[wait] 15:33:16 l1u 74 / fetchers 0
[wait] 15:35:17 l1u 74 / fetchers 0
[wait] 15:37:17 l1u 74 / fetchers 0
[wait] 15:39:17 l1u 74 / fetchers 0
[wait] 15:41:19 l1u 74 / fetchers 0
[wait] 15:43:19 l1u 74 / fetchers 0
[wait] 15:45:20 l1u 74 / fetchers 0
[wait] 15:47:20 l1u 74 / fetchers 2
[wait] 15:49:23 l1u 74 / fetchers 2
[wait] 15:51:27 l1u 76 / fetchers 2
[wait] 15:53:32 l1u 76 / fetchers 2
[wait] 15:55:33 l1u 78 / fetchers 2
[wait] 15:57:40 l1u 78 / fetchers 2
[wait] 15:59:43 l1u 79 / fetchers 2
[wait] 16:01:44 l1u 79 / fetchers 2
[wait] 16:03:45 l1u 83 / fetchers 2
[wait] 16:05:46 l1u 84 / fetchers 2
[wait] 16:07:48 l1u 85 / fetchers 2
[wait] 16:09:49 l1u 85 / fetchers 2
[wait] 16:11:51 l1u 86 / fetchers 2
[wait] 16:13:52 l1u 88 / fetchers 2
[wait] 16:15:53 l1u 90 / fetchers 2
[wait] 16:17:53 l1u 91 / fetchers 2
[wait] 16:19:55 l1u 92 / fetchers 2
[wait] 16:21:57 l1u 93 / fetchers 2
[wait] 16:24:00 l1u 93 / fetchers 2
[wait] 16:26:01 l1u 97 / fetchers 2
[wait] 16:28:02 l1u 97 / fetchers 2
[wait] 16:30:03 l1u 99 / fetchers 0
[build] 16:30:03 start
[譌･] user 縺ｮ縺ゅｋ譌･ 99 / 譛ｪ蜃ｦ逅・97
  2026-05-06  繧ｦ繧ｩ繝ｬ繝・ヨ 527  荳贋ｽ阪・譚ｿ驥鷹｡・$1,900,900  (1/97)
  2026-05-07  繧ｦ繧ｩ繝ｬ繝・ヨ 468  荳贋ｽ阪・譚ｿ驥鷹｡・$1,814,204  (2/97)
  2026-05-08  繧ｦ繧ｩ繝ｬ繝・ヨ 583  荳贋ｽ阪・譚ｿ驥鷹｡・$36,826,658  (3/97)
  2026-05-09  繧ｦ繧ｩ繝ｬ繝・ヨ 385  荳贋ｽ阪・譚ｿ驥鷹｡・$1,030,707  (4/97)
  2026-05-10  繧ｦ繧ｩ繝ｬ繝・ヨ 486  荳贋ｽ阪・譚ｿ驥鷹｡・$1,053,896  (5/97)
  2026-05-11  繧ｦ繧ｩ繝ｬ繝・ヨ 899  荳贋ｽ阪・譚ｿ驥鷹｡・$1,790,871  (6/97)
  2026-05-12  繧ｦ繧ｩ繝ｬ繝・ヨ 821  荳贋ｽ阪・譚ｿ驥鷹｡・$3,972,797  (7/97)
  2026-05-13  繧ｦ繧ｩ繝ｬ繝・ヨ 808  荳贋ｽ阪・譚ｿ驥鷹｡・$1,433,827  (8/97)
  2026-05-14  繧ｦ繧ｩ繝ｬ繝・ヨ 598  荳贋ｽ阪・譚ｿ驥鷹｡・$1,508,414  (9/97)
  2026-05-15  繧ｦ繧ｩ繝ｬ繝・ヨ 735  荳贋ｽ阪・譚ｿ驥鷹｡・$1,346,939  (10/97)
  2026-05-16  繧ｦ繧ｩ繝ｬ繝・ヨ 507  荳贋ｽ阪・譚ｿ驥鷹｡・$1,218,658  (11/97)
  2026-05-17  繧ｦ繧ｩ繝ｬ繝・ヨ 490  荳贋ｽ阪・譚ｿ驥鷹｡・$416,345  (12/97)
  2026-05-18  繧ｦ繧ｩ繝ｬ繝・ヨ 818  荳贋ｽ阪・譚ｿ驥鷹｡・$1,967,735  (13/97)
  2026-05-19  繧ｦ繧ｩ繝ｬ繝・ヨ 782  荳贋ｽ阪・譚ｿ驥鷹｡・$1,480,433  (14/97)
  2026-05-20  繧ｦ繧ｩ繝ｬ繝・ヨ 643  荳贋ｽ阪・譚ｿ驥鷹｡・$2,366,841  (15/97)
  2026-05-21  繧ｦ繧ｩ繝ｬ繝・ヨ 608  荳贋ｽ阪・譚ｿ驥鷹｡・$2,054,435  (16/97)
  2026-05-22  繧ｦ繧ｩ繝ｬ繝・ヨ 538  荳贋ｽ阪・譚ｿ驥鷹｡・$2,123,450  (17/97)
  2026-05-23  繧ｦ繧ｩ繝ｬ繝・ヨ 330  荳贋ｽ阪・譚ｿ驥鷹｡・$743,640  (18/97)
  2026-05-24  繧ｦ繧ｩ繝ｬ繝・ヨ 424  荳贋ｽ阪・譚ｿ驥鷹｡・$716,971  (19/97)
  2026-05-25  繧ｦ繧ｩ繝ｬ繝・ヨ 550  荳贋ｽ阪・譚ｿ驥鷹｡・$736,582  (20/97)
  2026-05-26  繧ｦ繧ｩ繝ｬ繝・ヨ 1,148  荳贋ｽ阪・譚ｿ驥鷹｡・$2,017,443  (21/97)
  2026-05-27  繧ｦ繧ｩ繝ｬ繝・ヨ 1,402  荳贋ｽ阪・譚ｿ驥鷹｡・$6,395,180  (22/97)
  2026-05-28  繧ｦ繧ｩ繝ｬ繝・ヨ 985  荳贋ｽ阪・譚ｿ驥鷹｡・$2,751,631  (23/97)
  2026-05-29  繧ｦ繧ｩ繝ｬ繝・ヨ 821  荳贋ｽ阪・譚ｿ驥鷹｡・$2,504,013  (24/97)
  2026-05-30  繧ｦ繧ｩ繝ｬ繝・ヨ 420  荳贋ｽ阪・譚ｿ驥鷹｡・$993,067  (25/97)
  2026-05-31  繧ｦ繧ｩ繝ｬ繝・ヨ 492  荳贋ｽ阪・譚ｿ驥鷹｡・$906,291  (26/97)
  2026-06-01  繧ｦ繧ｩ繝ｬ繝・ヨ 918  荳贋ｽ阪・譚ｿ驥鷹｡・$2,623,519  (27/97)
  2026-06-02  繧ｦ繧ｩ繝ｬ繝・ヨ 812  荳贋ｽ阪・譚ｿ驥鷹｡・$2,970,649  (28/97)
  2026-06-03  繧ｦ繧ｩ繝ｬ繝・ヨ 749  荳贋ｽ阪・譚ｿ驥鷹｡・$2,020,523  (29/97)
Traceback (most recent call last):
  File "C:\Users\ii562\Downloads\Memory\scripts\build_wallet_metrics.py", line 351, in <module>
    main()
    ~~~~^^
  File "C:\Users\ii562\Downloads\Memory\scripts\build_wallet_metrics.py", line 342, in main
    R = run_day(day, d)
  File "C:\Users\ii562\Downloads\Memory\scripts\build_wallet_metrics.py", line 94, in run_day
    depb, depa = np.zeros(n_t), np.zeros(n_t)
                                ~~~~~~~~^^^^^
numpy._core._exceptions._ArrayMemoryError: Unable to allocate 21.9 GiB for an array with shape (2943096405,) and data type float64
[done] 16:58:11
