=== delay 0 ===

   十分位   side·d 中央         候補     約定率%         組      往復損益 bp
     1       -4.39  1,574,412    11.23    91,988       -3.312
     2       -2.33  1,540,017     7.06    54,008       -1.999
     3       -1.44  1,571,718     5.83    45,129       -1.638
     4       -0.81  1,592,852     5.14    40,384       -1.513
     5       -0.27  1,609,918     4.67    37,176       -1.446
     6        0.24  1,607,173     4.36    34,734       -1.364
     7        0.78  1,600,076     4.10    32,635       -1.205
     8        1.41  1,575,069     4.01    31,243       -1.149
     9        2.30  1,547,600     4.00    30,890       -1.029
    10        4.44  1,566,214     4.33    33,115       -0.632

D10 − D1 = +2.680 bp  (約定率 4.33% 対 11.23%)

書き出し C:\Users\ii562\Downloads\Memory\data/xv_{sig,dec}_xyz_MU_d0
=== delay 65 ===

   十分位   side·d 中央         候補     約定率%         組      往復損益 bp
     1       -4.28  1,571,985    11.16    91,437       -3.187
     2       -2.28  1,538,989     6.98    53,249       -1.979
     3       -1.42  1,571,027     5.77    44,602       -1.658
     4       -0.80  1,591,766     5.10    40,126       -1.503
     5       -0.27  1,614,890     4.64    37,027       -1.495
     6        0.23  1,611,967     4.35    34,748       -1.407
     7        0.76  1,601,075     4.11    32,706       -1.260
     8        1.38  1,574,916     4.04    31,631       -1.173
     9        2.25  1,546,482     4.08    31,475       -1.138
    10        4.32  1,561,833     4.49    34,287       -0.795

D10 − D1 = +2.392 bp  (約定率 4.49% 対 11.16%)

書き出し C:\Users\ii562\Downloads\Memory\data/xv_{sig,dec}_xyz_MU_d65
=== delay 250 ===

   十分位   side·d 中央         候補     約定率%         組      往復損益 bp
     1       -4.09  1,559,604     9.38    77,649       -2.711
     2       -2.23  1,534,913     6.22    47,566       -1.880
     3       -1.40  1,568,351     5.41    41,927       -1.680
     4       -0.80  1,588,662     4.98    38,735       -1.613
     5       -0.28  1,612,758     4.76    37,820       -1.546
     6        0.21  1,605,810     4.57    36,416       -1.555
     7        0.73  1,596,194     4.51    35,491       -1.536
     8        1.33  1,572,378     4.55    35,394       -1.504
     9        2.15  1,545,040     4.75    36,361       -1.589
    10        4.04  1,548,407     5.61    42,540       -1.421

D10 − D1 = +1.289 bp  (約定率 5.61% 対 9.38%)

書き出し C:\Users\ii562\Downloads\Memory\data/xv_{sig,dec}_xyz_MU_d250
=== delay 1000 ===

   十分位   side·d 中央         候補     約定率%         組      往復損益 bp
     1       -5.34  1,574,266     4.78    34,075       -1.711
     2       -2.93  1,534,213     4.45    32,244       -1.654
     3       -1.89  1,553,730     4.68    34,955       -1.643
     4       -1.13  1,566,427     4.91    37,891       -1.634
     5       -0.49  1,582,756     5.15    40,327       -1.601
     6        0.11  1,580,970     5.32    42,189       -1.658
     7        0.74  1,578,664     5.49    43,779       -1.717
     8        1.45  1,558,042     5.78    45,829       -1.780
     9        2.42  1,541,726     6.19    49,494       -1.938
    10        4.54  1,558,574     7.93    66,434       -2.274

D10 − D1 = -0.564 bp  (約定率 7.93% 対 4.78%)

書き出し C:\Users\ii562\Downloads\Memory\data/xv_{sig,dec}_xyz_MU_d1000
=== delay 2500 ===

   十分位   side·d 中央         候補     約定率%         組      往復損益 bp
     1       -7.82  1,591,101     4.96    29,563       -1.769
     2       -4.24  1,543,852     4.34    28,491       -1.586
     3       -2.77  1,536,095     4.48    31,069       -1.539
     4       -1.76  1,547,368     4.72    34,265       -1.531
     5       -0.92  1,563,892     5.02    38,378       -1.545
     6       -0.15  1,567,062     5.30    41,676       -1.623
     7        0.63  1,564,502     5.53    44,267       -1.739
     8        1.52  1,543,831     5.87    48,039       -1.812
     9        2.76  1,531,510     6.43    54,244       -1.969
    10        5.50  1,574,249     8.04    75,489       -2.259

D10 − D1 = -0.490 bp  (約定率 8.04% 対 4.96%)

書き出し C:\Users\ii562\Downloads\Memory\data/xv_{sig,dec}_xyz_MU_d2500
=== プラセボ(1 時間ずらし) ===

   十分位   side·d 中央         候補     約定率%         組      往復損益 bp
     1       -5.71  1,469,198     5.83    42,872       -1.928
     2       -3.16  1,422,893     5.49    39,155       -1.830
     3       -2.00  1,449,278     5.39    39,036       -1.821
     4       -1.12  1,483,728     5.33    39,442       -1.729
     5       -0.34  1,523,228     5.38    41,051       -1.790
     6        0.40  1,524,983     5.31    40,456       -1.751
     7        1.18  1,491,802     5.30    39,523       -1.717
     8        2.07  1,457,537     5.34    39,084       -1.784
     9        3.27  1,419,695     5.43    38,416       -1.806
    10        5.80  1,464,318     5.65    41,141       -1.894

D10 − D1 = +0.034 bp  (約定率 5.65% 対 5.83%)

書き出し C:\Users\ii562\Downloads\Memory\data/xv_{sig,dec}_xyz_MU_d130_shift3600s
### XV_SWEEP_DONE
