Lighter MU × Binance MUUSDT / 時計 = ローカル受信 / 28 日 / 格子 100ms
  2026-08-18 Lighter  824,718 / Binance 1,391,182 / 使える 40%
  2026-08-19 Lighter 1,508,587 / Binance 3,663,055 / 使える 94%
  2026-08-20 Lighter 1,716,633 / Binance 2,438,279 / 使える 88%
  2026-08-21 Lighter 1,262,710 / Binance 1,469,099 / 使える 82%
  2026-08-22 Lighter  265,118 / Binance   197,781 / 使える 37%
  2026-08-23 Lighter  351,978 / Binance   264,155 / 使える 45%
  2026-08-24 Lighter 1,394,345 / Binance 1,893,216 / 使える 85%
  2026-08-25 Lighter 1,275,326 / Binance 1,824,141 / 使える 84%
  2026-08-26 Lighter 1,188,998 / Binance 1,392,743 / 使える 84%
  2026-08-27 Lighter 1,360,926 / Binance 1,486,739 / 使える 83%
  2026-08-28 Lighter 1,413,613 / Binance 1,427,988 / 使える 74%
  2026-08-29 Lighter  124,779 / Binance   116,530 / 使える 28%
  2026-08-30 Lighter  270,676 / Binance   224,236 / 使える 37%
  2026-08-31 Lighter 1,254,679 / Binance   926,606 / 使える 71%
  2026-09-01 Lighter 1,397,488 / Binance 1,201,978 / 使える 81%
  2026-09-02 Lighter 1,169,509 / Binance 1,053,942 / 使える 77%
  2026-09-03 Lighter 1,148,036 / Binance 1,167,642 / 使える 71%
  2026-09-04 Lighter 1,065,704 / Binance 1,310,945 / 使える 72%
  2026-09-05 Lighter  148,364 / Binance   171,174 / 使える 31%
  2026-09-06 Lighter  232,333 / Binance   198,122 / 使える 41%
  2026-09-07 Lighter  524,984 / Binance   380,882 / 使える 54%
  2026-09-08 Lighter 1,457,157 / Binance 1,550,078 / 使える 84%
  2026-09-09 Lighter  277,952 / Binance   162,456 / 使える 20%
  2026-09-10 Lighter  863,889 / Binance   741,129 / 使える 46%
  2026-09-11 Lighter 1,474,943 / Binance 1,029,502 / 使える 72%
  2026-09-12 Lighter  182,625 / Binance   102,770 / 使える 20%
  2026-09-13 Lighter  572,110 / Binance   458,736 / 使える 48%
  2026-09-14 Lighter 1,258,353 / Binance   867,395 / 使える 53%

有効 28 日 / 使えるセル 60.9% (Lighter 鮮度 81.4% / Binance 63.3%)
セル内で動く割合: Lighter 41.9% / Binance 14.4%
打刻→手元の実測(中央): Lighter -61ms / Binance -60ms  ※取引所の時計のずれを含む生の差
gz の壊れたメンバー 合計 179

乖離 |d| 中央 0.48bp / 90% 点 1.29bp / 基差 +1.21bp
半減期 中央 949ms (四分位 678〜1942ms)

   ラグ(ms)            全体     00-08 夜  08-13.5 プレ  13.5-20 現物  20-24 アフター
  ★正のラグ = Binance が先、Lighter が後
    -2000        0.0021      0.0052      0.0042      0.0007      0.0061
    -1500        0.0019      0.0041      0.0029      0.0011      0.0045
    -1000        0.0072      0.0124      0.0087      0.0082      0.0079
     -900        0.0081      0.0155      0.0052      0.0063      0.0102
     -800        0.0092      0.0159      0.0115      0.0074      0.0100
     -700        0.0115      0.0185      0.0141      0.0104      0.0066
     -600        0.0146      0.0228      0.0127      0.0138      0.0121
     -500        0.0193      0.0283      0.0187      0.0170      0.0212
     -400        0.0226      0.0326      0.0225      0.0210      0.0267
     -300        0.0221      0.0355      0.0239      0.0164      0.0201
     -200        0.0405      0.0537      0.0397      0.0357      0.0307
     -100        0.0839      0.0948      0.0749      0.0816      0.0622
        0        0.5708      0.5124      0.5519      0.6050      0.5963
      100        0.1408      0.1236      0.1383      0.1619      0.1328
      200        0.0244      0.0129      0.0238      0.0388      0.0094
      300        0.0034      0.0007     -0.0012      0.0100     -0.0048
      400        0.0170      0.0129      0.0150      0.0192      0.0164
      500        0.0160      0.0098      0.0124      0.0229      0.0104
      600        0.0058      0.0052      0.0028      0.0063      0.0058
      700        0.0042      0.0043      0.0036      0.0042      0.0030
      800        0.0018      0.0027      0.0028      0.0018      0.0024
      900        0.0009      0.0031      0.0008      0.0009     -0.0007
     1000        0.0041      0.0056      0.0004      0.0067      0.0002
     1500       -0.0026     -0.0031     -0.0008     -0.0016      0.0004
     2000        0.0018      0.0018     -0.0002      0.0014      0.0025
