Lighter MU × Binance MUUSDT / 時計 = ローカル受信 / 28 日 / 格子 100ms
  2026-08-18 Lighter  824,718 / Binance 6,108,555 / 使える 44%
  2026-08-19 Lighter 1,508,587 / Binance 13,165,719 / 使える 99%
  2026-08-20 Lighter 1,716,633 / Binance 12,256,097 / 使える 98%
  2026-08-21 Lighter 1,262,710 / Binance 8,564,276 / 使える 96%
  2026-08-22 Lighter  265,118 / Binance 1,099,868 / 使える 68%
  2026-08-23 Lighter  351,978 / Binance 1,515,660 / 使える 77%
  2026-08-24 Lighter 1,394,345 / Binance 8,955,733 / 使える 97%
  2026-08-25 Lighter 1,275,326 / Binance 8,782,970 / 使える 97%
  2026-08-26 Lighter 1,188,998 / Binance 6,603,205 / 使える 99%
  2026-08-27 Lighter 1,360,926 / Binance 7,029,953 / 使える 97%
  2026-08-28 Lighter 1,413,613 / Binance 7,479,127 / 使える 92%
  2026-08-29 Lighter  124,779 / Binance   823,987 / 使える 56%
  2026-08-30 Lighter  270,676 / Binance 1,691,594 / 使える 69%
  2026-08-31 Lighter 1,254,679 / Binance 6,648,922 / 使える 89%
  2026-09-01 Lighter 1,397,488 / Binance 7,804,237 / 使える 98%
  2026-09-02 Lighter 1,169,509 / Binance 6,150,276 / 使える 98%
  2026-09-03 Lighter 1,148,036 / Binance 6,099,835 / 使える 93%
  2026-09-04 Lighter 1,065,704 / Binance 6,219,954 / 使える 90%
  2026-09-05 Lighter  148,364 / Binance   874,447 / 使える 50%
  2026-09-06 Lighter  232,333 / Binance 1,120,788 / 使える 62%
  2026-09-07 Lighter  524,984 / Binance 2,425,353 / 使える 82%
  2026-09-08 Lighter 1,457,157 / Binance 8,161,264 / 使える 97%
  2026-09-09 Lighter  277,952 / Binance   952,349 / 使える 27%
  2026-09-10 Lighter  863,889 / Binance 5,605,823 / 使える 54%
  2026-09-11 Lighter 1,474,943 / Binance 7,296,832 / 使える 94%
  2026-09-12 Lighter  182,625 / Binance   607,751 / 使える 55%
  2026-09-13 Lighter  572,110 / Binance 2,074,237 / 使える 73%
  2026-09-14 Lighter 1,258,353 / Binance 5,396,548 / 使える 63%

有効 28 日 / 使えるセル 79.1% (Lighter 鮮度 81.4% / Binance 87.7%)
セル内で動く割合: Lighter 37.4% / Binance 12.1%
打刻→手元の実測(中央): Lighter -61ms / Binance -62ms  ※取引所の時計のずれを含む生の差
gz の壊れたメンバー 合計 179

乖離 |d| 中央 0.35bp / 90% 点 0.94bp / 基差 +1.29bp
半減期 中央 1009ms (四分位 770〜2183ms)

   ラグ(ms)            全体     00-08 夜  08-13.5 プレ  13.5-20 現物  20-24 アフター
  ★正のラグ = Binance が先、Lighter が後
    -2000        0.0012      0.0020      0.0020      0.0004      0.0026
    -1500        0.0013      0.0020      0.0003      0.0015      0.0026
    -1000        0.0046      0.0082      0.0036      0.0049      0.0040
     -900        0.0041      0.0069      0.0025      0.0046      0.0067
     -800        0.0056      0.0090      0.0058      0.0049      0.0049
     -700        0.0076      0.0121      0.0071      0.0067      0.0028
     -600        0.0098      0.0147      0.0076      0.0090      0.0103
     -500        0.0163      0.0202      0.0144      0.0155      0.0159
     -400        0.0186      0.0239      0.0153      0.0183      0.0218
     -300        0.0142      0.0238      0.0163      0.0106      0.0138
     -200        0.0297      0.0415      0.0330      0.0273      0.0193
     -100        0.0721      0.0928      0.0702      0.0650      0.0568
        0        0.6266      0.5741      0.6126      0.6499      0.6494
      100        0.1557      0.1395      0.1471      0.1744      0.1414
      200        0.0296      0.0192      0.0255      0.0444      0.0133
      300        0.0041      0.0011      0.0017      0.0107     -0.0032
      400        0.0176      0.0133      0.0176      0.0206      0.0154
      500        0.0174      0.0109      0.0132      0.0214      0.0119
      600        0.0066      0.0048      0.0045      0.0069      0.0067
      700        0.0035      0.0031      0.0037      0.0043      0.0027
      800        0.0029      0.0047      0.0028      0.0024      0.0017
      900        0.0009      0.0026     -0.0002      0.0010      0.0011
     1000        0.0027      0.0023      0.0014      0.0066      0.0004
     1500       -0.0009     -0.0007     -0.0007     -0.0016     -0.0010
     2000        0.0019      0.0011      0.0001      0.0019      0.0021
