Lighter MU × Binance MUUSDT / 時計 = ローカル受信 / 28 日 / 格子 100ms
  2026-08-18 Lighter  824,718 / Binance 6,108,555 / 使える 20%
  2026-08-19 Lighter 1,508,587 / Binance 13,165,719 / 使える 51%
  2026-08-20 Lighter 1,716,633 / Binance 12,256,097 / 使える 50%
  2026-08-21 Lighter 1,262,710 / Binance 8,564,276 / 使える 41%
C:\Users\ii562\Downloads\Memory\scripts\xv_lighter.py:305: RuntimeWarning: All-NaN slice encountered
  "dev_abs_p50": float(np.nanmedian(np.abs(dd))),
C:\Users\ii562\Downloads\Memory\.venv\Lib\site-packages\numpy\lib\_nanfunctions_impl.py:1573: RuntimeWarning: All-NaN slice encountered
  return _nanquantile_unchecked(
  2026-08-22 Lighter  265,118 / Binance 1,099,868 / 使える 8%
  2026-08-23 Lighter  351,978 / Binance 1,515,660 / 使える 11%
  2026-08-24 Lighter 1,394,345 / Binance 8,955,733 / 使える 44%
  2026-08-25 Lighter 1,275,326 / Binance 8,782,970 / 使える 41%
  2026-08-26 Lighter 1,188,998 / Binance 6,603,205 / 使える 38%
  2026-08-27 Lighter 1,360,926 / Binance 7,029,953 / 使える 42%
  2026-08-28 Lighter 1,413,613 / Binance 7,479,127 / 使える 39%
  2026-08-29 Lighter  124,779 / Binance   823,987 / 使える 4%
  2026-08-30 Lighter  270,676 / Binance 1,691,594 / 使える 9%
  2026-08-31 Lighter 1,254,679 / Binance 6,648,922 / 使える 37%
  2026-09-01 Lighter 1,397,488 / Binance 7,804,237 / 使える 46%
  2026-09-02 Lighter 1,169,509 / Binance 6,150,276 / 使える 39%
  2026-09-03 Lighter 1,148,036 / Binance 6,099,835 / 使える 35%
  2026-09-04 Lighter 1,065,704 / Binance 6,219,954 / 使える 32%
  2026-09-05 Lighter  148,364 / Binance   874,447 / 使える 5%
  2026-09-06 Lighter  232,333 / Binance 1,120,788 / 使える 7%
  2026-09-07 Lighter  524,984 / Binance 2,425,353 / 使える 17%
  2026-09-08 Lighter 1,457,157 / Binance 8,161,264 / 使える 43%
  2026-09-09 Lighter  277,952 / Binance   952,349 / 使える 9%
  2026-09-10 Lighter  863,889 / Binance 5,605,823 / 使える 26%
  2026-09-11 Lighter 1,474,943 / Binance 7,296,832 / 使える 40%
  2026-09-12 Lighter  182,625 / Binance   607,751 / 使える 5%
  2026-09-13 Lighter  572,110 / Binance 2,074,237 / 使える 14%
  2026-09-14 Lighter 1,258,353 / Binance 5,396,548 / 使える 30%

有効 28 日 / 使えるセル 28.0% (Lighter 鮮度 81.4% / Binance 87.7%)
セル内で動く割合: Lighter 82.8% / Binance 30.7%
打刻→手元の実測(中央): Lighter -61ms / Binance -62ms  ※取引所の時計のずれを含む生の差
gz の壊れたメンバー 合計 179

乖離 |d| 中央 0.82bp / 90% 点 2.15bp / 基差 +1.18bp
半減期 中央 714ms (四分位 548〜864ms)

   ラグ(ms)            全体     00-08 夜  08-13.5 プレ  13.5-20 現物  20-24 アフター
  ★正のラグ = Binance が先、Lighter が後
    -2000        0.0025      0.0106      0.0047      0.0063      0.0088
    -1500        0.0023      0.0092      0.0045      0.0042      0.0036
    -1000        0.0087      0.0194      0.0138      0.0158      0.0113
     -900        0.0088      0.0204      0.0112      0.0116      0.0191
     -800        0.0122      0.0253      0.0164      0.0086      0.0115
     -700        0.0154      0.0306      0.0222      0.0140      0.0077
     -600        0.0165      0.0302      0.0185      0.0177      0.0265
     -500        0.0277      0.0412      0.0359      0.0275      0.0365
     -400        0.0316      0.0487      0.0346      0.0328      0.0510
     -300        0.0224      0.0426      0.0319      0.0184      0.0270
     -200        0.0424      0.0722      0.0512      0.0341      0.0364
     -100        0.0927      0.1294      0.1031      0.0813      0.0907
        0        0.6632      0.6268      0.6499      0.6806      0.6931
      100        0.1952      0.1969      0.1987      0.2155      0.1952
      200        0.0358      0.0256      0.0345      0.0545      0.0176
      300        0.0057      0.0038      0.0017      0.0119     -0.0040
      400        0.0297      0.0260      0.0327      0.0394      0.0322
      500        0.0288      0.0229      0.0253      0.0395      0.0295
      600        0.0132      0.0152      0.0122      0.0153      0.0186
      700        0.0066      0.0112      0.0116      0.0087      0.0055
      800        0.0061      0.0122      0.0067      0.0083      0.0046
      900        0.0012      0.0075      0.0050      0.0031      0.0021
     1000        0.0067      0.0098      0.0106      0.0204      0.0037
     1500       -0.0004     -0.0003     -0.0018      0.0013      0.0017
     2000        0.0049      0.0019      0.0006      0.0039      0.0122
