Lighter MU × Binance MUUSDT / 時計 = 取引所打刻 / 28 日 / 格子 100ms
  2026-08-18 Lighter  824,718 / Binance 6,108,555 / 使える 44%
  2026-08-19 Lighter 1,508,587 / Binance 13,165,719 / 使える 99%
  2026-08-20 Lighter 1,716,633 / Binance 12,256,097 / 使える 98%
  2026-08-21 Lighter 1,262,710 / Binance 8,564,276 / 使える 96%
  2026-08-22 Lighter  265,118 / Binance 1,099,868 / 使える 68%
  2026-08-23 Lighter  351,978 / Binance 1,515,660 / 使える 77%
  2026-08-24 Lighter 1,394,345 / Binance 8,955,733 / 使える 97%
  2026-08-25 Lighter 1,275,326 / Binance 8,782,970 / 使える 97%
  2026-08-26 Lighter 1,188,998 / Binance 6,603,205 / 使える 99%
  2026-08-27 Lighter 1,360,926 / Binance 7,029,953 / 使える 97%
  2026-08-28 Lighter 1,413,613 / Binance 7,479,127 / 使える 92%
  2026-08-29 Lighter  124,779 / Binance   823,987 / 使える 57%
  2026-08-30 Lighter  270,676 / Binance 1,691,594 / 使える 69%
  2026-08-31 Lighter 1,254,679 / Binance 6,648,922 / 使える 90%
  2026-09-01 Lighter 1,397,488 / Binance 7,804,237 / 使える 98%
  2026-09-02 Lighter 1,169,509 / Binance 6,150,276 / 使える 98%
  2026-09-03 Lighter 1,148,036 / Binance 6,099,835 / 使える 93%
  2026-09-04 Lighter 1,065,704 / Binance 6,219,954 / 使える 90%
  2026-09-05 Lighter  148,364 / Binance   874,447 / 使える 51%
  2026-09-06 Lighter  232,333 / Binance 1,120,788 / 使える 62%
  2026-09-07 Lighter  524,984 / Binance 2,425,353 / 使える 82%
  2026-09-08 Lighter 1,457,157 / Binance 8,161,264 / 使える 97%
  2026-09-09 Lighter  277,952 / Binance   952,349 / 使える 27%
  2026-09-10 Lighter  863,889 / Binance 5,605,823 / 使える 54%
  2026-09-12 Lighter  182,625 / Binance   607,751 / 使える 55%
  2026-09-13 Lighter  572,110 / Binance 2,074,237 / 使える 74%

有効 26 日 / 使えるセル 79.4% (Lighter 鮮度 81.9% / Binance 88.5%)
セル内で動く割合: Lighter 36.7% / Binance 12.0%
打刻→手元の実測(中央): Lighter -62ms / Binance -62ms  ※取引所の時計のずれを含む生の差
gz の壊れたメンバー 合計 156

乖離 |d| 中央 0.36bp / 90% 点 0.95bp / 基差 +1.29bp
半減期 中央 1076ms (四分位 740〜2755ms)

   ラグ(ms)            全体     00-08 夜  08-13.5 プレ  13.5-20 現物  20-24 アフター
  ★正のラグ = Binance が先、Lighter が後
    -2000        0.0037      0.0039      0.0026      0.0023      0.0020
    -1500        0.0006      0.0014     -0.0016      0.0002      0.0041
    -1000        0.0045      0.0080      0.0031      0.0063      0.0054
     -900        0.0032      0.0059      0.0019      0.0029      0.0046
     -800        0.0045      0.0094      0.0067      0.0007      0.0061
     -700        0.0065      0.0112      0.0065      0.0035      0.0097
     -600        0.0073      0.0125      0.0073      0.0064      0.0082
     -500        0.0135      0.0165      0.0101      0.0139      0.0129
     -400        0.0162      0.0216      0.0124      0.0161      0.0169
     -300        0.0082      0.0206      0.0079      0.0056      0.0099
     -200        0.0212      0.0387      0.0240      0.0152      0.0172
     -100        0.0487      0.0747      0.0432      0.0407      0.0420
        0        0.6488      0.5810      0.6288      0.6787      0.6585
      100        0.1770      0.1558      0.1714      0.1957      0.1512
      200        0.0351      0.0243      0.0317      0.0508      0.0148
      300        0.0035     -0.0001      0.0039      0.0085      0.0021
      400        0.0170      0.0156      0.0140      0.0203      0.0130
      500        0.0167      0.0095      0.0129      0.0218      0.0123
      600        0.0040      0.0021      0.0034      0.0072      0.0029
      700        0.0036      0.0033      0.0014      0.0051      0.0028
      800        0.0035      0.0046      0.0066      0.0019      0.0038
      900        0.0031      0.0032      0.0000      0.0027      0.0003
     1000        0.0019      0.0024      0.0009      0.0077      0.0018
     1500       -0.0000     -0.0001      0.0008     -0.0007     -0.0015
     2000       -0.0002     -0.0020      0.0009      0.0024      0.0036
